#
# There is insufficient memory for the Java Runtime Environment to continue.
# Native memory allocation (mmap) failed to map 125829120 bytes. Error detail: G1 virtual space
# Possible reasons:
#   The system is out of physical RAM or swap space
#   This process is running with CompressedOops enabled, and the Java Heap may be blocking the growth of the native heap
# Possible solutions:
#   Reduce memory load on the system
#   Increase physical memory or swap space
#   Check if swap backing store is full
#   Decrease Java heap size (-Xmx/-Xms)
#   Decrease number of Java threads
#   Decrease Java thread stack sizes (-Xss)
#   Set larger code cache with -XX:ReservedCodeCacheSize=
#   JVM is running with Zero Based Compressed Oops mode in which the Java heap is
#     placed in the first 32GB address space. The Java Heap base address is the
#     maximum limit for the native heap growth. Please use -XX:HeapBaseMinAddress
#     to set the Java Heap base and to place the Java Heap above 32GB virtual address.
# This output file may be truncated or incomplete.
#
#  Out of Memory Error (os_windows.cpp:3679), pid=15868, tid=14384
#
# JRE version: OpenJDK Runtime Environment Microsoft-10376486 (17.0.13+11) (build 17.0.13+11-LTS)
# Java VM: OpenJDK 64-Bit Server VM Microsoft-10376486 (17.0.13+11-LTS, mixed mode, sharing, tiered, compressed oops, compressed class ptrs, g1 gc, windows-amd64)
# No core dump will be written. Minidumps are not enabled by default on client versions of Windows
#

---------------  S U M M A R Y ------------

Command Line: --add-opens=java.base/java.lang=ALL-UNNAMED --add-opens=java.base/java.lang.invoke=ALL-UNNAMED --add-opens=java.base/java.util=ALL-UNNAMED --add-opens=java.prefs/java.util.prefs=ALL-UNNAMED --add-exports=jdk.compiler/com.sun.tools.javac.api=ALL-UNNAMED --add-exports=jdk.compiler/com.sun.tools.javac.util=ALL-UNNAMED --add-opens=java.base/java.util=ALL-UNNAMED --add-opens=java.prefs/java.util.prefs=ALL-UNNAMED --add-opens=java.base/java.nio.charset=ALL-UNNAMED --add-opens=java.base/java.net=ALL-UNNAMED --add-opens=java.base/java.util.concurrent.atomic=ALL-UNNAMED --add-opens=java.xml/javax.xml.namespace=ALL-UNNAMED -XX:MaxMetaspaceSize=512m -Xmx4g -Dfile.encoding=windows-1252 -Duser.country=US -Duser.language=en -Duser.variant -javaagent:C:\Users\aliah\.gradle\wrapper\dists\gradle-8.11.1-bin\bpt9gzteqjrbo1mjrsomdt32c\gradle-8.11.1\lib\agents\gradle-instrumentation-agent-8.11.1.jar org.gradle.launcher.daemon.bootstrap.GradleDaemon 8.11.1

Host: Intel(R) Core(TM) i7-7500U CPU @ 2.70GHz, 4 cores, 7G,  Windows 10 , 64 bit Build 19041 (10.0.19041.5438)
Time: Fri Mar  7 15:43:48 2025 Pakistan Standard Time elapsed time: 146.554534 seconds (0d 0h 2m 26s)

---------------  T H R E A D  ---------------

Current thread (0x00000193fbc06130):  VMThread "VM Thread" [stack: 0x0000001258b00000,0x0000001258c00000] [id=14384]

Stack: [0x0000001258b00000,0x0000001258c00000]
Native frames: (J=compiled Java code, j=interpreted, Vv=VM code, C=native code)
V  [jvm.dll+0x687fc9]
V  [jvm.dll+0x83eeb8]
V  [jvm.dll+0x840963]
V  [jvm.dll+0x840fd3]
V  [jvm.dll+0x24951f]
V  [jvm.dll+0x684f89]
V  [jvm.dll+0x6794aa]
V  [jvm.dll+0x30ad27]
V  [jvm.dll+0x312296]
V  [jvm.dll+0x362bde]
V  [jvm.dll+0x362e1d]
V  [jvm.dll+0x2e1fbc]
V  [jvm.dll+0x2e4fd6]
V  [jvm.dll+0x2ef70c]
V  [jvm.dll+0x3228ed]
V  [jvm.dll+0x84580d]
V  [jvm.dll+0x846543]
V  [jvm.dll+0x846a6f]
V  [jvm.dll+0x846e54]
V  [jvm.dll+0x846f1e]
V  [jvm.dll+0x7eea6c]
V  [jvm.dll+0x686ea7]
C  [ucrtbase.dll+0x21bb2]
C  [KERNEL32.DLL+0x17374]
C  [ntdll.dll+0x4cc91]

VM_Operation (0x00000012587ff930): G1PauseRemark, mode: safepoint, requested by thread 0x00000193d9481690


---------------  P R O C E S S  ---------------

Threads class SMR info:
_java_thread_list=0x00000193adf209a0, length=93, elements={
0x00000193d9400de0, 0x00000193fbc0ba40, 0x00000193fbc0c7d0, 0x00000193fbc25130,
0x00000193fbc28f80, 0x00000193fbc29850, 0x00000193fbc2a120, 0x00000193fbc2add0,
0x00000193fbc2b790, 0x00000193fbc79790, 0x000001939f0bbde0, 0x000001939f17d3b0,
0x000001939ff0ff70, 0x00000193a06ccad0, 0x00000193fbc76880, 0x000001939f027620,
0x000001939f0e7520, 0x00000193a05a9ae0, 0x00000193a05a90c0, 0x00000193a05aaa10,
0x00000193a05a95d0, 0x00000193a05ab430, 0x00000193a05abe50, 0x00000193a05a9ff0,
0x00000193a05ac360, 0x00000193a05ac870, 0x00000193a05aa500, 0x00000193a2917d80,
0x00000193a2918290, 0x00000193a29187a0, 0x00000193a29191c0, 0x00000193a2916430,
0x00000193a2918cb0, 0x00000193a2917360, 0x00000193a09879c0, 0x00000193a09874b0,
0x00000193a098a750, 0x00000193a098b170, 0x00000193a0989d30, 0x00000193a098c5b0,
0x00000193a098b680, 0x00000193a09888f0, 0x00000193a0987ed0, 0x00000193a098c0a0,
0x00000193a098cac0, 0x00000193a098cfd0, 0x00000193a09883e0, 0x00000193a098d4e0,
0x00000193a098d9f0, 0x00000193a0989310, 0x00000193a098df00, 0x00000193a098e920,
0x00000193a5308e60, 0x00000193a5309370, 0x00000193a5307510, 0x00000193a5307a20,
0x00000193a5309d90, 0x00000193a5306af0, 0x00000193a5309880, 0x00000193a5308440,
0x00000193a5307000, 0x00000193a5308950, 0x000001939f330230, 0x000001939f32e3d0,
0x000001939f331670, 0x000001939f331b80, 0x000001939f32d9b0, 0x000001939f332090,
0x000001939f332fc0, 0x000001939f32dec0, 0x000001939f32ca80, 0x000001939f3334d0,
0x000001939f3325a0, 0x000001939f32c060, 0x000001939f330740, 0x000001939f32cf90,
0x000001939f332ab0, 0x000001939f3339e0, 0x000001939f32e8e0, 0x000001939f32edf0,
0x000001939f330c50, 0x000001939f331160, 0x000001939f32c570, 0x000001939f32d4a0,
0x00000193a4fbcd20, 0x00000193a4fbb8e0, 0x00000193a4fbd740, 0x00000193a267da50,
0x00000193a267acc0, 0x00000193a267a7b0, 0x00000193a267ee90, 0x00000193a267f3a0,
0x00000193a2678950
}

Java Threads: ( => current thread )
  0x00000193d9400de0 JavaThread "main" [_thread_blocked, id=4308, stack(0x0000001258400000,0x0000001258500000)]
  0x00000193fbc0ba40 JavaThread "Reference Handler" daemon [_thread_blocked, id=5692, stack(0x0000001258c00000,0x0000001258d00000)]
  0x00000193fbc0c7d0 JavaThread "Finalizer" daemon [_thread_blocked, id=8420, stack(0x0000001258d00000,0x0000001258e00000)]
  0x00000193fbc25130 JavaThread "Signal Dispatcher" daemon [_thread_blocked, id=7592, stack(0x0000001258e00000,0x0000001258f00000)]
  0x00000193fbc28f80 JavaThread "Attach Listener" daemon [_thread_blocked, id=14228, stack(0x0000001258f00000,0x0000001259000000)]
  0x00000193fbc29850 JavaThread "Service Thread" daemon [_thread_blocked, id=16016, stack(0x0000001259000000,0x0000001259100000)]
  0x00000193fbc2a120 JavaThread "Monitor Deflation Thread" daemon [_thread_blocked, id=17600, stack(0x0000001259100000,0x0000001259200000)]
  0x00000193fbc2add0 JavaThread "C2 CompilerThread0" daemon [_thread_blocked, id=16388, stack(0x0000001259200000,0x0000001259300000)]
  0x00000193fbc2b790 JavaThread "C1 CompilerThread0" daemon [_thread_blocked, id=8044, stack(0x0000001259300000,0x0000001259400000)]
  0x00000193fbc79790 JavaThread "Sweeper thread" daemon [_thread_blocked, id=13456, stack(0x0000001259400000,0x0000001259500000)]
  0x000001939f0bbde0 JavaThread "Common-Cleaner" daemon [_thread_blocked, id=17200, stack(0x0000001259500000,0x0000001259600000)]
  0x000001939f17d3b0 JavaThread "Notification Thread" daemon [_thread_blocked, id=7580, stack(0x0000001259600000,0x0000001259700000)]
  0x000001939ff0ff70 JavaThread "Daemon health stats" [_thread_blocked, id=8584, stack(0x0000001259b00000,0x0000001259c00000)]
  0x00000193a06ccad0 JavaThread "Incoming local TCP Connector on port 61023" [_thread_in_native, id=17116, stack(0x0000001259c00000,0x0000001259d00000)]
  0x00000193fbc76880 JavaThread "Daemon periodic checks" [_thread_blocked, id=11764, stack(0x0000001259d00000,0x0000001259e00000)]
  0x000001939f027620 JavaThread "Daemon" [_thread_blocked, id=1612, stack(0x0000001259e00000,0x0000001259f00000)]
  0x000001939f0e7520 JavaThread "Handler for socket connection from /127.0.0.1:61023 to /127.0.0.1:61024" [_thread_in_native, id=7824, stack(0x0000001259f00000,0x000000125a000000)]
  0x00000193a05a9ae0 JavaThread "Cancel handler" [_thread_blocked, id=12728, stack(0x000000125a000000,0x000000125a100000)]
  0x00000193a05a90c0 JavaThread "Daemon worker" [_thread_blocked, id=8568, stack(0x000000125a100000,0x000000125a200000)]
  0x00000193a05aaa10 JavaThread "Asynchronous log dispatcher for DefaultDaemonConnection: socket connection from /127.0.0.1:61023 to /127.0.0.1:61024" [_thread_blocked, id=13584, stack(0x000000125a200000,0x000000125a300000)]
  0x00000193a05a95d0 JavaThread "Stdin handler" [_thread_blocked, id=9312, stack(0x000000125a300000,0x000000125a400000)]
  0x00000193a05ab430 JavaThread "Daemon client event forwarder" [_thread_blocked, id=12740, stack(0x000000125a400000,0x000000125a500000)]
  0x00000193a05abe50 JavaThread "Cache worker for journal cache (C:\Users\aliah\.gradle\caches\journal-1)" [_thread_blocked, id=2892, stack(0x000000125a600000,0x000000125a700000)]
  0x00000193a05a9ff0 JavaThread "File lock request listener" [_thread_in_native, id=7652, stack(0x000000125a700000,0x000000125a800000)]
  0x00000193a05ac360 JavaThread "Cache worker for file hash cache (C:\Users\aliah\.gradle\caches\8.11.1\fileHashes)" [_thread_blocked, id=6112, stack(0x000000125a800000,0x000000125a900000)]
  0x00000193a05ac870 JavaThread "Cache worker for file content cache (C:\Users\aliah\.gradle\caches\8.11.1\fileContent)" [_thread_blocked, id=4832, stack(0x000000125a900000,0x000000125aa00000)]
  0x00000193a05aa500 JavaThread "Cache worker for file hash cache (D:\React Native\MyProject\android\.gradle\8.11.1\fileHashes)" [_thread_blocked, id=15828, stack(0x000000125aa00000,0x000000125ab00000)]
  0x00000193a2917d80 JavaThread "Cache worker for Build Output Cleanup Cache (D:\React Native\MyProject\android\.gradle\buildOutputCleanup)" [_thread_blocked, id=1972, stack(0x000000125ab00000,0x000000125ac00000)]
  0x00000193a2918290 JavaThread "File watcher server" daemon [_thread_in_native, id=2956, stack(0x000000125ac00000,0x000000125ad00000)]
  0x00000193a29187a0 JavaThread "File watcher consumer" daemon [_thread_blocked, id=17272, stack(0x000000125ad00000,0x000000125ae00000)]
  0x00000193a29191c0 JavaThread "Cache worker for checksums cache (D:\React Native\MyProject\android\.gradle\8.11.1\checksums)" [_thread_blocked, id=15400, stack(0x000000125ae00000,0x000000125af00000)]
  0x00000193a2916430 JavaThread "Cache worker for cache directory md-rule (C:\Users\aliah\.gradle\caches\8.11.1\md-rule)" [_thread_blocked, id=2924, stack(0x000000125af00000,0x000000125b000000)]
  0x00000193a2918cb0 JavaThread "Cache worker for cache directory md-supplier (C:\Users\aliah\.gradle\caches\8.11.1\md-supplier)" [_thread_blocked, id=5048, stack(0x000000125b000000,0x000000125b100000)]
  0x00000193a2917360 JavaThread "jar transforms" [_thread_blocked, id=7568, stack(0x000000125b100000,0x000000125b200000)]
  0x00000193a09879c0 JavaThread "Cache worker for Build Output Cleanup Cache (D:\React Native\MyProject\node_modules\@react-native\gradle-plugin\.gradle\buildOutputCleanup)" [_thread_blocked, id=14032, stack(0x000000125b200000,0x000000125b300000)]
  0x00000193a09874b0 JavaThread "Unconstrained build operations" [_thread_blocked, id=2468, stack(0x000000125b400000,0x000000125b500000)]
  0x00000193a098a750 JavaThread "Unconstrained build operations Thread 2" [_thread_blocked, id=17920, stack(0x000000125b500000,0x000000125b600000)]
  0x00000193a098b170 JavaThread "Unconstrained build operations Thread 3" [_thread_blocked, id=1444, stack(0x000000125b600000,0x000000125b700000)]
  0x00000193a0989d30 JavaThread "Unconstrained build operations Thread 4" [_thread_blocked, id=8060, stack(0x000000125b700000,0x000000125b800000)]
  0x00000193a098c5b0 JavaThread "Unconstrained build operations Thread 5" [_thread_blocked, id=13668, stack(0x000000125b800000,0x000000125b900000)]
  0x00000193a098b680 JavaThread "Unconstrained build operations Thread 6" [_thread_blocked, id=10124, stack(0x000000125b900000,0x000000125ba00000)]
  0x00000193a09888f0 JavaThread "Unconstrained build operations Thread 7" [_thread_blocked, id=8904, stack(0x000000125ba00000,0x000000125bb00000)]
  0x00000193a0987ed0 JavaThread "Unconstrained build operations Thread 8" [_thread_blocked, id=12924, stack(0x000000125bb00000,0x000000125bc00000)]
  0x00000193a098c0a0 JavaThread "Unconstrained build operations Thread 9" [_thread_blocked, id=12200, stack(0x000000125bc00000,0x000000125bd00000)]
  0x00000193a098cac0 JavaThread "Unconstrained build operations Thread 10" [_thread_blocked, id=740, stack(0x000000125bd00000,0x000000125be00000)]
  0x00000193a098cfd0 JavaThread "Unconstrained build operations Thread 11" [_thread_blocked, id=1732, stack(0x000000125be00000,0x000000125bf00000)]
  0x00000193a09883e0 JavaThread "Unconstrained build operations Thread 12" [_thread_blocked, id=16520, stack(0x000000125bf00000,0x000000125c000000)]
  0x00000193a098d4e0 JavaThread "Unconstrained build operations Thread 13" [_thread_blocked, id=14344, stack(0x000000125c000000,0x000000125c100000)]
  0x00000193a098d9f0 JavaThread "Unconstrained build operations Thread 14" [_thread_blocked, id=14936, stack(0x000000125c100000,0x000000125c200000)]
  0x00000193a0989310 JavaThread "Unconstrained build operations Thread 15" [_thread_blocked, id=1364, stack(0x000000125c200000,0x000000125c300000)]
  0x00000193a098df00 JavaThread "Memory manager" [_thread_blocked, id=12064, stack(0x000000125a500000,0x000000125a600000)]
  0x00000193a098e920 JavaThread "build event listener" [_thread_blocked, id=17012, stack(0x000000125c300000,0x000000125c400000)]
  0x00000193a5308e60 JavaThread "ForkJoinPool.commonPool-worker-2" daemon [_thread_blocked, id=10512, stack(0x000000125c600000,0x000000125c700000)]
  0x00000193a5309370 JavaThread "ForkJoinPool.commonPool-worker-3" daemon [_thread_blocked, id=15880, stack(0x000000125c700000,0x000000125c800000)]
  0x00000193a5307510 JavaThread "Execution worker" [_thread_blocked, id=1816, stack(0x000000125c900000,0x000000125ca00000)]
  0x00000193a5307a20 JavaThread "Execution worker Thread 2" [_thread_blocked, id=5088, stack(0x000000125ca00000,0x000000125cb00000)]
  0x00000193a5309d90 JavaThread "Execution worker Thread 3" [_thread_blocked, id=13992, stack(0x000000125cb00000,0x000000125cc00000)]
  0x00000193a5306af0 JavaThread "Cache worker for execution history cache (D:\React Native\MyProject\node_modules\@react-native\gradle-plugin\.gradle\8.11.1\executionHistory)" [_thread_blocked, id=8480, stack(0x000000125cc00000,0x000000125cd00000)]
  0x00000193a5309880 JavaThread "Unconstrained build operations Thread 16" [_thread_blocked, id=17748, stack(0x000000125cd00000,0x000000125ce00000)]
  0x00000193a5308440 JavaThread "Unconstrained build operations Thread 17" [_thread_blocked, id=13092, stack(0x000000125ce00000,0x000000125cf00000)]
  0x00000193a5307000 JavaThread "Unconstrained build operations Thread 18" [_thread_blocked, id=900, stack(0x000000125cf00000,0x000000125d000000)]
  0x00000193a5308950 JavaThread "Unconstrained build operations Thread 19" [_thread_blocked, id=5800, stack(0x000000125d000000,0x000000125d100000)]
  0x000001939f330230 JavaThread "Unconstrained build operations Thread 20" [_thread_blocked, id=4144, stack(0x000000125d100000,0x000000125d200000)]
  0x000001939f32e3d0 JavaThread "Unconstrained build operations Thread 21" [_thread_blocked, id=17500, stack(0x000000125d200000,0x000000125d300000)]
  0x000001939f331670 JavaThread "Unconstrained build operations Thread 22" [_thread_blocked, id=1336, stack(0x000000125d300000,0x000000125d400000)]
  0x000001939f331b80 JavaThread "Unconstrained build operations Thread 23" [_thread_blocked, id=9676, stack(0x000000125d400000,0x000000125d500000)]
  0x000001939f32d9b0 JavaThread "Unconstrained build operations Thread 24" [_thread_blocked, id=13128, stack(0x000000125c400000,0x000000125c500000)]
  0x000001939f332090 JavaThread "Unconstrained build operations Thread 25" [_thread_blocked, id=11592, stack(0x000000125d500000,0x000000125d600000)]
  0x000001939f332fc0 JavaThread "Unconstrained build operations Thread 26" [_thread_blocked, id=1320, stack(0x000000125d600000,0x000000125d700000)]
  0x000001939f32dec0 JavaThread "Unconstrained build operations Thread 27" [_thread_blocked, id=3500, stack(0x000000125d700000,0x000000125d800000)]
  0x000001939f32ca80 JavaThread "Unconstrained build operations Thread 28" [_thread_blocked, id=17300, stack(0x000000125d900000,0x000000125da00000)]
  0x000001939f3334d0 JavaThread "Unconstrained build operations Thread 29" [_thread_blocked, id=15788, stack(0x000000125da00000,0x000000125db00000)]
  0x000001939f3325a0 JavaThread "Unconstrained build operations Thread 30" [_thread_blocked, id=15572, stack(0x000000125db00000,0x000000125dc00000)]
  0x000001939f32c060 JavaThread "Unconstrained build operations Thread 31" [_thread_blocked, id=5772, stack(0x000000125dc00000,0x000000125dd00000)]
  0x000001939f330740 JavaThread "Unconstrained build operations Thread 32" [_thread_blocked, id=11552, stack(0x000000125dd00000,0x000000125de00000)]
  0x000001939f32cf90 JavaThread "Unconstrained build operations Thread 33" [_thread_blocked, id=11452, stack(0x000000125de00000,0x000000125df00000)]
  0x000001939f332ab0 JavaThread "Unconstrained build operations Thread 34" [_thread_blocked, id=11988, stack(0x000000125df00000,0x000000125e000000)]
  0x000001939f3339e0 JavaThread "Unconstrained build operations Thread 35" [_thread_blocked, id=12464, stack(0x000000125e000000,0x000000125e100000)]
  0x000001939f32e8e0 JavaThread "Unconstrained build operations Thread 36" [_thread_blocked, id=11892, stack(0x000000125e100000,0x000000125e200000)]
  0x000001939f32edf0 JavaThread "jar transforms Thread 2" [_thread_blocked, id=16080, stack(0x000000125e200000,0x000000125e300000)]
  0x000001939f330c50 JavaThread "jar transforms Thread 3" [_thread_blocked, id=16232, stack(0x000000125e300000,0x000000125e400000)]
  0x000001939f331160 JavaThread "Unconstrained build operations Thread 37" [_thread_blocked, id=16672, stack(0x000000125e400000,0x000000125e500000)]
  0x000001939f32c570 JavaThread "Unconstrained build operations Thread 38" [_thread_blocked, id=6256, stack(0x000000125e500000,0x000000125e600000)]
  0x000001939f32d4a0 JavaThread "Unconstrained build operations Thread 39" [_thread_blocked, id=8516, stack(0x000000125e600000,0x000000125e700000)]
  0x00000193a4fbcd20 JavaThread "Unconstrained build operations Thread 40" [_thread_blocked, id=6488, stack(0x000000125e700000,0x000000125e800000)]
  0x00000193a4fbb8e0 JavaThread "jar transforms Thread 4" [_thread_blocked, id=2504, stack(0x000000125e800000,0x000000125e900000)]
  0x00000193a4fbd740 JavaThread "build event listener" [_thread_blocked, id=15276, stack(0x000000125d800000,0x000000125d900000)]
  0x00000193a267da50 JavaThread "ForkJoinPool.commonPool-worker-4" daemon [_thread_blocked, id=14840, stack(0x0000001258300000,0x0000001258400000)]
  0x00000193a267acc0 JavaThread "included builds Thread 2" [_thread_blocked, id=8940, stack(0x000000125b300000,0x000000125b400000)]
  0x00000193a267a7b0 JavaThread "Cache worker for execution history cache (D:\React Native\MyProject\android\.gradle\8.11.1\executionHistory)" [_thread_blocked, id=10040, stack(0x000000125c500000,0x000000125c600000)]
  0x00000193a267ee90 JavaThread "Exec process" [_thread_in_native, id=232, stack(0x0000001258500000,0x0000001258600000)]
  0x00000193a267f3a0 JavaThread "Exec process Thread 2" [_thread_in_native, id=3156, stack(0x000000125c800000,0x000000125c900000)]
  0x00000193a2678950 JavaThread "Exec process Thread 3" [_thread_in_native, id=13424, stack(0x000000125e900000,0x000000125ea00000)]

Other Threads:
=>0x00000193fbc06130 VMThread "VM Thread" [stack: 0x0000001258b00000,0x0000001258c00000] [id=14384]
  0x00000193d9402cc0 WatcherThread [stack: 0x0000001259700000,0x0000001259800000] [id=7712]
  0x00000193d9470830 GCTaskThread "GC Thread#0" [stack: 0x0000001258600000,0x0000001258700000] [id=17688]
  0x000001939f264a00 GCTaskThread "GC Thread#1" [stack: 0x0000001259800000,0x0000001259900000] [id=3092]
  0x000001939f264cc0 GCTaskThread "GC Thread#2" [stack: 0x0000001259900000,0x0000001259a00000] [id=1608]
  0x000001939f6a58a0 GCTaskThread "GC Thread#3" [stack: 0x0000001259a00000,0x0000001259b00000] [id=8908]
  0x00000193d9481690 ConcurrentGCThread "G1 Main Marker" [stack: 0x0000001258700000,0x0000001258800000] [id=3712]
  0x00000193d9481fc0 ConcurrentGCThread "G1 Conc#0" [stack: 0x0000001258800000,0x0000001258900000] [id=7744]
  0x00000193fbac04a0 ConcurrentGCThread "G1 Refine#0" [stack: 0x0000001258900000,0x0000001258a00000] [id=11872]
  0x00000193fbac13f0 ConcurrentGCThread "G1 Service" [stack: 0x0000001258a00000,0x0000001258b00000] [id=13248]

Threads with active compile tasks:

VM state: at safepoint (normal execution)

VM Mutex/Monitor currently owned by a thread:  ([mutex/lock_event])
[0x00000193d93fe340] Threads_lock - owner thread: 0x00000193fbc06130
[0x00000193d93fd020] Heap_lock - owner thread: 0x00000193d9481690

Heap address: 0x0000000700000000, size: 4096 MB, Compressed Oops mode: Zero based, Oop shift amount: 3

CDS archive(s) mapped at: [0x0000019380000000-0x0000019380bb0000-0x0000019380bb0000), size 12255232, SharedBaseAddress: 0x0000019380000000, ArchiveRelocationMode: 1.
Compressed class space mapped at: 0x0000019381000000-0x000001939b000000, reserved size: 436207616
Narrow klass base: 0x0000019380000000, Narrow klass shift: 0, Narrow klass range: 0x100000000

GC Precious Log:
 CPUs: 4 total, 4 available
 Memory: 8042M
 Large Page Support: Disabled
 NUMA Support: Disabled
 Compressed Oops: Enabled (Zero based)
 Heap Region Size: 2M
 Heap Min Capacity: 8M
 Heap Initial Capacity: 126M
 Heap Max Capacity: 4G
 Pre-touch: Disabled
 Parallel Workers: 4
 Concurrent Workers: 1
 Concurrent Refinement Workers: 4
 Periodic GC: Disabled

Heap:
 garbage-first heap   total 407552K, used 312400K [0x0000000700000000, 0x0000000800000000)
  region size 2048K, 4 young (8192K), 3 survivors (6144K)
 Metaspace       used 119235K, committed 121088K, reserved 557056K
  class space    used 16452K, committed 17344K, reserved 425984K

Heap Regions: E=young(eden), S=young(survivor), O=old, HS=humongous(starts), HC=humongous(continues), CS=collection set, F=free, OA=open archive, CA=closed archive, TAMS=top-at-mark-start (previous, next)
|   0|0x0000000700000000, 0x0000000700200000, 0x0000000700200000|100%|HS|  |TAMS 0x0000000700200000, 0x0000000700000000| Complete 
|   1|0x0000000700200000, 0x0000000700400000, 0x0000000700400000|100%|HC|  |TAMS 0x0000000700400000, 0x0000000700200000| Complete 
|   2|0x0000000700400000, 0x0000000700600000, 0x0000000700600000|100%| O|  |TAMS 0x0000000700600000, 0x0000000700400000| Untracked 
|   3|0x0000000700600000, 0x0000000700800000, 0x0000000700800000|100%| O|  |TAMS 0x0000000700800000, 0x0000000700600000| Untracked 
|   4|0x0000000700800000, 0x0000000700a00000, 0x0000000700a00000|100%| O|  |TAMS 0x0000000700a00000, 0x0000000700800000| Untracked 
|   5|0x0000000700a00000, 0x0000000700c00000, 0x0000000700c00000|100%| O|  |TAMS 0x0000000700c00000, 0x0000000700a00000| Untracked 
|   6|0x0000000700c00000, 0x0000000700e00000, 0x0000000700e00000|100%| O|  |TAMS 0x0000000700e00000, 0x0000000700c00000| Untracked 
|   7|0x0000000700e00000, 0x0000000701000000, 0x0000000701000000|100%| O|  |TAMS 0x0000000701000000, 0x0000000700e00000| Updating 
|   8|0x0000000701000000, 0x0000000701200000, 0x0000000701200000|100%| O|  |TAMS 0x0000000701200000, 0x0000000701000000| Untracked 
|   9|0x0000000701200000, 0x0000000701400000, 0x0000000701400000|100%| O|  |TAMS 0x0000000701400000, 0x0000000701200000| Untracked 
|  10|0x0000000701400000, 0x0000000701600000, 0x0000000701600000|100%| O|  |TAMS 0x0000000701600000, 0x0000000701400000| Untracked 
|  11|0x0000000701600000, 0x0000000701800000, 0x0000000701800000|100%| O|  |TAMS 0x0000000701800000, 0x0000000701600000| Untracked 
|  12|0x0000000701800000, 0x0000000701a00000, 0x0000000701a00000|100%| O|  |TAMS 0x0000000701a00000, 0x0000000701800000| Untracked 
|  13|0x0000000701a00000, 0x0000000701c00000, 0x0000000701c00000|100%| O|  |TAMS 0x0000000701c00000, 0x0000000701a00000| Untracked 
|  14|0x0000000701c00000, 0x0000000701e00000, 0x0000000701e00000|100%| O|  |TAMS 0x0000000701e00000, 0x0000000701c00000| Updating 
|  15|0x0000000701e00000, 0x0000000702000000, 0x0000000702000000|100%| O|  |TAMS 0x0000000702000000, 0x0000000701e00000| Untracked 
|  16|0x0000000702000000, 0x0000000702200000, 0x0000000702200000|100%| O|  |TAMS 0x0000000702200000, 0x0000000702000000| Updating 
|  17|0x0000000702200000, 0x0000000702400000, 0x0000000702400000|100%| O|  |TAMS 0x0000000702400000, 0x0000000702200000| Updating 
|  18|0x0000000702400000, 0x0000000702600000, 0x0000000702600000|100%| O|  |TAMS 0x0000000702600000, 0x0000000702400000| Untracked 
|  19|0x0000000702600000, 0x0000000702800000, 0x0000000702800000|100%| O|  |TAMS 0x0000000702800000, 0x0000000702600000| Updating 
|  20|0x0000000702800000, 0x0000000702a00000, 0x0000000702a00000|100%|HS|  |TAMS 0x0000000702a00000, 0x0000000702800000| Complete 
|  21|0x0000000702a00000, 0x0000000702c00000, 0x0000000702c00000|100%|HS|  |TAMS 0x0000000702c00000, 0x0000000702a00000| Complete 
|  22|0x0000000702c00000, 0x0000000702e00000, 0x0000000702e00000|100%|HS|  |TAMS 0x0000000702e00000, 0x0000000702c00000| Complete 
|  23|0x0000000702e00000, 0x0000000703000000, 0x0000000703000000|100%|HC|  |TAMS 0x0000000703000000, 0x0000000702e00000| Complete 
|  24|0x0000000703000000, 0x0000000703200000, 0x0000000703200000|100%| O|  |TAMS 0x0000000703200000, 0x0000000703000000| Untracked 
|  25|0x0000000703200000, 0x0000000703400000, 0x0000000703400000|100%| O|  |TAMS 0x0000000703400000, 0x0000000703200000| Untracked 
|  26|0x0000000703400000, 0x0000000703600000, 0x0000000703600000|100%|HS|  |TAMS 0x0000000703600000, 0x0000000703400000| Complete 
|  27|0x0000000703600000, 0x0000000703800000, 0x0000000703800000|100%|HC|  |TAMS 0x0000000703800000, 0x0000000703600000| Complete 
|  28|0x0000000703800000, 0x0000000703a00000, 0x0000000703a00000|100%| O|  |TAMS 0x0000000703a00000, 0x0000000703800000| Updating 
|  29|0x0000000703a00000, 0x0000000703c00000, 0x0000000703c00000|100%| O|  |TAMS 0x0000000703c00000, 0x0000000703a00000| Untracked 
|  30|0x0000000703c00000, 0x0000000703e00000, 0x0000000703e00000|100%| O|  |TAMS 0x0000000703e00000, 0x0000000703c00000| Updating 
|  31|0x0000000703e00000, 0x0000000704000000, 0x0000000704000000|100%| O|  |TAMS 0x0000000704000000, 0x0000000703e00000| Untracked 
|  32|0x0000000704000000, 0x0000000704200000, 0x0000000704200000|100%| O|  |TAMS 0x0000000704200000, 0x0000000704000000| Updating 
|  33|0x0000000704200000, 0x0000000704400000, 0x0000000704400000|100%| O|  |TAMS 0x0000000704400000, 0x0000000704200000| Untracked 
|  34|0x0000000704400000, 0x0000000704600000, 0x0000000704600000|100%| O|  |TAMS 0x0000000704600000, 0x0000000704400000| Updating 
|  35|0x0000000704600000, 0x0000000704800000, 0x0000000704800000|100%| O|  |TAMS 0x0000000704800000, 0x0000000704600000| Updating 
|  36|0x0000000704800000, 0x0000000704a00000, 0x0000000704a00000|100%| O|  |TAMS 0x0000000704a00000, 0x0000000704800000| Updating 
|  37|0x0000000704a00000, 0x0000000704c00000, 0x0000000704c00000|100%| O|  |TAMS 0x0000000704c00000, 0x0000000704a00000| Updating 
|  38|0x0000000704c00000, 0x0000000704e00000, 0x0000000704e00000|100%| O|  |TAMS 0x0000000704e00000, 0x0000000704c00000| Updating 
|  39|0x0000000704e00000, 0x0000000705000000, 0x0000000705000000|100%| O|  |TAMS 0x0000000705000000, 0x0000000704e00000| Updating 
|  40|0x0000000705000000, 0x0000000705200000, 0x0000000705200000|100%| O|  |TAMS 0x0000000705200000, 0x0000000705000000| Updating 
|  41|0x0000000705200000, 0x0000000705400000, 0x0000000705400000|100%| O|  |TAMS 0x0000000705400000, 0x0000000705200000| Updating 
|  42|0x0000000705400000, 0x0000000705600000, 0x0000000705600000|100%|HS|  |TAMS 0x0000000705600000, 0x0000000705400000| Complete 
|  43|0x0000000705600000, 0x0000000705800000, 0x0000000705800000|100%| O|  |TAMS 0x0000000705800000, 0x0000000705600000| Updating 
|  44|0x0000000705800000, 0x0000000705a00000, 0x0000000705a00000|100%| O|  |TAMS 0x0000000705a00000, 0x0000000705800000| Updating 
|  45|0x0000000705a00000, 0x0000000705c00000, 0x0000000705c00000|100%| O|  |TAMS 0x0000000705c00000, 0x0000000705a00000| Updating 
|  46|0x0000000705c00000, 0x0000000705e00000, 0x0000000705e00000|100%| O|  |TAMS 0x0000000705e00000, 0x0000000705c00000| Updating 
|  47|0x0000000705e00000, 0x0000000706000000, 0x0000000706000000|100%| O|  |TAMS 0x0000000706000000, 0x0000000705e00000| Updating 
|  48|0x0000000706000000, 0x0000000706200000, 0x0000000706200000|100%| O|  |TAMS 0x0000000706200000, 0x0000000706000000| Updating 
|  49|0x0000000706200000, 0x0000000706400000, 0x0000000706400000|100%| O|  |TAMS 0x0000000706400000, 0x0000000706200000| Updating 
|  50|0x0000000706400000, 0x0000000706600000, 0x0000000706600000|100%| O|  |TAMS 0x0000000706600000, 0x0000000706400000| Untracked 
|  51|0x0000000706600000, 0x0000000706800000, 0x0000000706800000|100%| O|  |TAMS 0x0000000706800000, 0x0000000706600000| Untracked 
|  52|0x0000000706800000, 0x0000000706a00000, 0x0000000706a00000|100%| O|  |TAMS 0x0000000706a00000, 0x0000000706800000| Untracked 
|  53|0x0000000706a00000, 0x0000000706c00000, 0x0000000706c00000|100%| O|  |TAMS 0x0000000706c00000, 0x0000000706a00000| Untracked 
|  54|0x0000000706c00000, 0x0000000706e00000, 0x0000000706e00000|100%| O|  |TAMS 0x0000000706e00000, 0x0000000706c00000| Untracked 
|  55|0x0000000706e00000, 0x0000000707000000, 0x0000000707000000|100%| O|  |TAMS 0x0000000707000000, 0x0000000706e00000| Untracked 
|  56|0x0000000707000000, 0x0000000707200000, 0x0000000707200000|100%| O|  |TAMS 0x0000000707200000, 0x0000000707000000| Untracked 
|  57|0x0000000707200000, 0x0000000707400000, 0x0000000707400000|100%| O|  |TAMS 0x0000000707400000, 0x0000000707200000| Untracked 
|  58|0x0000000707400000, 0x0000000707600000, 0x0000000707600000|100%| O|  |TAMS 0x0000000707600000, 0x0000000707400000| Untracked 
|  59|0x0000000707600000, 0x0000000707800000, 0x0000000707800000|100%| O|  |TAMS 0x0000000707800000, 0x0000000707600000| Untracked 
|  60|0x0000000707800000, 0x0000000707a00000, 0x0000000707a00000|100%| O|  |TAMS 0x0000000707a00000, 0x0000000707800000| Untracked 
|  61|0x0000000707a00000, 0x0000000707c00000, 0x0000000707c00000|100%| O|  |TAMS 0x0000000707c00000, 0x0000000707a00000| Updating 
|  62|0x0000000707c00000, 0x0000000707e00000, 0x0000000707e00000|100%|HS|  |TAMS 0x0000000707e00000, 0x0000000707c00000| Complete 
|  63|0x0000000707e00000, 0x0000000708000000, 0x0000000708000000|100%| O|  |TAMS 0x0000000708000000, 0x0000000707e00000| Untracked 
|  64|0x0000000708000000, 0x0000000708200000, 0x0000000708200000|100%| O|  |TAMS 0x0000000708200000, 0x0000000708000000| Untracked 
|  65|0x0000000708200000, 0x0000000708400000, 0x0000000708400000|100%| O|  |TAMS 0x0000000708400000, 0x0000000708200000| Updating 
|  66|0x0000000708400000, 0x0000000708600000, 0x0000000708600000|100%| O|  |TAMS 0x0000000708600000, 0x0000000708400000| Updating 
|  67|0x0000000708600000, 0x0000000708800000, 0x0000000708800000|100%| O|  |TAMS 0x0000000708800000, 0x0000000708600000| Untracked 
|  68|0x0000000708800000, 0x0000000708a00000, 0x0000000708a00000|100%| O|  |TAMS 0x0000000708a00000, 0x0000000708800000| Untracked 
|  69|0x0000000708a00000, 0x0000000708c00000, 0x0000000708c00000|100%| O|  |TAMS 0x0000000708c00000, 0x0000000708a00000| Untracked 
|  70|0x0000000708c00000, 0x0000000708e00000, 0x0000000708e00000|100%| O|  |TAMS 0x0000000708e00000, 0x0000000708c00000| Untracked 
|  71|0x0000000708e00000, 0x0000000709000000, 0x0000000709000000|100%| O|  |TAMS 0x0000000709000000, 0x0000000708e00000| Untracked 
|  72|0x0000000709000000, 0x0000000709200000, 0x0000000709200000|100%| O|  |TAMS 0x0000000709200000, 0x0000000709000000| Untracked 
|  73|0x0000000709200000, 0x0000000709400000, 0x0000000709400000|100%| O|  |TAMS 0x0000000709400000, 0x0000000709200000| Untracked 
|  74|0x0000000709400000, 0x0000000709600000, 0x0000000709600000|100%| O|  |TAMS 0x0000000709600000, 0x0000000709400000| Updating 
|  75|0x0000000709600000, 0x0000000709800000, 0x0000000709800000|100%| O|  |TAMS 0x0000000709800000, 0x0000000709600000| Updating 
|  76|0x0000000709800000, 0x0000000709a00000, 0x0000000709a00000|100%|HS|  |TAMS 0x0000000709a00000, 0x0000000709800000| Complete 
|  77|0x0000000709a00000, 0x0000000709c00000, 0x0000000709c00000|100%| O|  |TAMS 0x0000000709c00000, 0x0000000709a00000| Updating 
|  78|0x0000000709c00000, 0x0000000709e00000, 0x0000000709e00000|100%| O|  |TAMS 0x0000000709e00000, 0x0000000709c00000| Updating 
|  79|0x0000000709e00000, 0x000000070a000000, 0x000000070a000000|100%| O|  |TAMS 0x000000070a000000, 0x0000000709e00000| Untracked 
|  80|0x000000070a000000, 0x000000070a200000, 0x000000070a200000|100%| O|  |TAMS 0x000000070a200000, 0x000000070a000000| Updating 
|  81|0x000000070a200000, 0x000000070a400000, 0x000000070a400000|100%| O|  |TAMS 0x000000070a400000, 0x000000070a200000| Updating 
|  82|0x000000070a400000, 0x000000070a600000, 0x000000070a600000|100%| O|  |TAMS 0x000000070a600000, 0x000000070a400000| Untracked 
|  83|0x000000070a600000, 0x000000070a800000, 0x000000070a800000|100%| O|  |TAMS 0x000000070a800000, 0x000000070a600000| Untracked 
|  84|0x000000070a800000, 0x000000070aa00000, 0x000000070aa00000|100%| O|  |TAMS 0x000000070aa00000, 0x000000070a800000| Untracked 
|  85|0x000000070aa00000, 0x000000070ac00000, 0x000000070ac00000|100%| O|  |TAMS 0x000000070ac00000, 0x000000070aa00000| Untracked 
|  86|0x000000070ac00000, 0x000000070ae00000, 0x000000070ae00000|100%| O|  |TAMS 0x000000070ae00000, 0x000000070ac00000| Untracked 
|  87|0x000000070ae00000, 0x000000070b000000, 0x000000070b000000|100%| O|  |TAMS 0x000000070b000000, 0x000000070ae00000| Updating 
|  88|0x000000070b000000, 0x000000070b200000, 0x000000070b200000|100%| O|  |TAMS 0x000000070b200000, 0x000000070b000000| Updating 
|  89|0x000000070b200000, 0x000000070b400000, 0x000000070b400000|100%| O|  |TAMS 0x000000070b400000, 0x000000070b200000| Updating 
|  90|0x000000070b400000, 0x000000070b600000, 0x000000070b600000|100%| O|  |TAMS 0x000000070b600000, 0x000000070b400000| Updating 
|  91|0x000000070b600000, 0x000000070b800000, 0x000000070b800000|100%| O|  |TAMS 0x000000070b800000, 0x000000070b600000| Updating 
|  92|0x000000070b800000, 0x000000070ba00000, 0x000000070ba00000|100%| O|  |TAMS 0x000000070ba00000, 0x000000070b800000| Untracked 
|  93|0x000000070ba00000, 0x000000070bc00000, 0x000000070bc00000|100%| O|  |TAMS 0x000000070bc00000, 0x000000070ba00000| Untracked 
|  94|0x000000070bc00000, 0x000000070be00000, 0x000000070be00000|100%| O|  |TAMS 0x000000070be00000, 0x000000070bc00000| Updating 
|  95|0x000000070be00000, 0x000000070c000000, 0x000000070c000000|100%| O|  |TAMS 0x000000070c000000, 0x000000070be00000| Untracked 
|  96|0x000000070c000000, 0x000000070c200000, 0x000000070c200000|100%| O|  |TAMS 0x000000070c200000, 0x000000070c000000| Updating 
|  97|0x000000070c200000, 0x000000070c400000, 0x000000070c400000|100%| O|  |TAMS 0x000000070c400000, 0x000000070c200000| Updating 
|  98|0x000000070c400000, 0x000000070c600000, 0x000000070c600000|100%| O|  |TAMS 0x000000070c600000, 0x000000070c400000| Untracked 
|  99|0x000000070c600000, 0x000000070c800000, 0x000000070c800000|100%| O|  |TAMS 0x000000070c800000, 0x000000070c600000| Untracked 
| 100|0x000000070c800000, 0x000000070ca00000, 0x000000070ca00000|100%| O|  |TAMS 0x000000070ca00000, 0x000000070c800000| Untracked 
| 101|0x000000070ca00000, 0x000000070cc00000, 0x000000070cc00000|100%| O|  |TAMS 0x000000070cc00000, 0x000000070ca00000| Updating 
| 102|0x000000070cc00000, 0x000000070ce00000, 0x000000070ce00000|100%| O|  |TAMS 0x000000070ce00000, 0x000000070cc00000| Untracked 
| 103|0x000000070ce00000, 0x000000070d000000, 0x000000070d000000|100%| O|  |TAMS 0x000000070d000000, 0x000000070ce00000| Untracked 
| 104|0x000000070d000000, 0x000000070d200000, 0x000000070d200000|100%| O|  |TAMS 0x000000070d200000, 0x000000070d000000| Untracked 
| 105|0x000000070d200000, 0x000000070d400000, 0x000000070d400000|100%| O|  |TAMS 0x000000070d400000, 0x000000070d200000| Untracked 
| 106|0x000000070d400000, 0x000000070d600000, 0x000000070d600000|100%| O|  |TAMS 0x000000070d600000, 0x000000070d400000| Untracked 
| 107|0x000000070d600000, 0x000000070d800000, 0x000000070d800000|100%| O|  |TAMS 0x000000070d800000, 0x000000070d600000| Updating 
| 108|0x000000070d800000, 0x000000070da00000, 0x000000070da00000|100%| O|  |TAMS 0x000000070da00000, 0x000000070d800000| Updating 
| 109|0x000000070da00000, 0x000000070dc00000, 0x000000070dc00000|100%| O|  |TAMS 0x000000070dc00000, 0x000000070da00000| Untracked 
| 110|0x000000070dc00000, 0x000000070de00000, 0x000000070de00000|100%| O|  |TAMS 0x000000070de00000, 0x000000070dc00000| Untracked 
| 111|0x000000070de00000, 0x000000070e000000, 0x000000070e000000|100%| O|  |TAMS 0x000000070e000000, 0x000000070de00000| Updating 
| 112|0x000000070e000000, 0x000000070e200000, 0x000000070e200000|100%| O|  |TAMS 0x000000070e200000, 0x000000070e000000| Untracked 
| 113|0x000000070e200000, 0x000000070e400000, 0x000000070e400000|100%| O|  |TAMS 0x000000070e400000, 0x000000070e200000| Untracked 
| 114|0x000000070e400000, 0x000000070e600000, 0x000000070e600000|100%| O|  |TAMS 0x000000070e600000, 0x000000070e400000| Untracked 
| 115|0x000000070e600000, 0x000000070e800000, 0x000000070e800000|100%| O|  |TAMS 0x000000070e800000, 0x000000070e600000| Untracked 
| 116|0x000000070e800000, 0x000000070ea00000, 0x000000070ea00000|100%| O|  |TAMS 0x000000070ea00000, 0x000000070e800000| Untracked 
| 117|0x000000070ea00000, 0x000000070ec00000, 0x000000070ec00000|100%| O|  |TAMS 0x000000070ec00000, 0x000000070ea00000| Untracked 
| 118|0x000000070ec00000, 0x000000070ee00000, 0x000000070ee00000|100%| O|  |TAMS 0x000000070ee00000, 0x000000070ec00000| Untracked 
| 119|0x000000070ee00000, 0x000000070f000000, 0x000000070f000000|100%| O|  |TAMS 0x000000070f000000, 0x000000070ee00000| Untracked 
| 120|0x000000070f000000, 0x000000070f200000, 0x000000070f200000|100%| O|  |TAMS 0x000000070f200000, 0x000000070f000000| Updating 
| 121|0x000000070f200000, 0x000000070f400000, 0x000000070f400000|100%| O|  |TAMS 0x000000070f400000, 0x000000070f200000| Updating 
| 122|0x000000070f400000, 0x000000070f600000, 0x000000070f600000|100%| O|  |TAMS 0x000000070f600000, 0x000000070f400000| Updating 
| 123|0x000000070f600000, 0x000000070f800000, 0x000000070f800000|100%| O|  |TAMS 0x000000070f800000, 0x000000070f600000| Updating 
| 124|0x000000070f800000, 0x000000070fa00000, 0x000000070fa00000|100%| O|  |TAMS 0x000000070fa00000, 0x000000070f800000| Untracked 
| 125|0x000000070fa00000, 0x000000070fc00000, 0x000000070fc00000|100%| O|  |TAMS 0x000000070fc00000, 0x000000070fa00000| Untracked 
| 126|0x000000070fc00000, 0x000000070fe00000, 0x000000070fe00000|100%| O|  |TAMS 0x000000070fe00000, 0x000000070fc00000| Untracked 
| 127|0x000000070fe00000, 0x0000000710000000, 0x0000000710000000|100%| O|  |TAMS 0x0000000710000000, 0x000000070fe00000| Untracked 
| 128|0x0000000710000000, 0x0000000710200000, 0x0000000710200000|100%| O|  |TAMS 0x0000000710200000, 0x0000000710000000| Untracked 
| 129|0x0000000710200000, 0x0000000710400000, 0x0000000710400000|100%| O|  |TAMS 0x0000000710400000, 0x0000000710200000| Updating 
| 130|0x0000000710400000, 0x0000000710600000, 0x0000000710600000|100%| O|  |TAMS 0x0000000710600000, 0x0000000710400000| Updating 
| 131|0x0000000710600000, 0x0000000710800000, 0x0000000710800000|100%| O|  |TAMS 0x0000000710800000, 0x0000000710600000| Untracked 
| 132|0x0000000710800000, 0x0000000710a00000, 0x0000000710a00000|100%| O|  |TAMS 0x0000000710a00000, 0x0000000710800000| Untracked 
| 133|0x0000000710a00000, 0x0000000710c00000, 0x0000000710c00000|100%| O|  |TAMS 0x0000000710c00000, 0x0000000710a00000| Updating 
| 134|0x0000000710c00000, 0x0000000710e00000, 0x0000000710e00000|100%| O|  |TAMS 0x0000000710e00000, 0x0000000710c00000| Updating 
| 135|0x0000000710e00000, 0x0000000711000000, 0x0000000711000000|100%| O|  |TAMS 0x0000000711000000, 0x0000000710e00000| Updating 
| 136|0x0000000711000000, 0x0000000711200000, 0x0000000711200000|100%| O|  |TAMS 0x0000000711200000, 0x0000000711000000| Untracked 
| 137|0x0000000711200000, 0x0000000711400000, 0x0000000711400000|100%| O|  |TAMS 0x0000000711400000, 0x0000000711200000| Updating 
| 138|0x0000000711400000, 0x0000000711600000, 0x0000000711600000|100%| O|  |TAMS 0x0000000711600000, 0x0000000711400000| Updating 
| 139|0x0000000711600000, 0x0000000711800000, 0x0000000711800000|100%| O|  |TAMS 0x0000000711800000, 0x0000000711600000| Untracked 
| 140|0x0000000711800000, 0x0000000711a00000, 0x0000000711a00000|100%| O|  |TAMS 0x0000000711a00000, 0x0000000711800000| Untracked 
| 141|0x0000000711a00000, 0x0000000711c00000, 0x0000000711c00000|100%| O|  |TAMS 0x0000000711c00000, 0x0000000711a00000| Untracked 
| 142|0x0000000711c00000, 0x0000000711e00000, 0x0000000711e00000|100%| O|  |TAMS 0x0000000711e00000, 0x0000000711c00000| Updating 
| 143|0x0000000711e00000, 0x0000000712000000, 0x0000000712000000|100%| O|  |TAMS 0x0000000712000000, 0x0000000711e00000| Untracked 
| 144|0x0000000712000000, 0x0000000712200000, 0x0000000712200000|100%| O|  |TAMS 0x0000000712200000, 0x0000000712000000| Untracked 
| 145|0x0000000712200000, 0x0000000712400000, 0x0000000712400000|100%| O|  |TAMS 0x0000000712400000, 0x0000000712200000| Untracked 
| 146|0x0000000712400000, 0x0000000712600000, 0x0000000712600000|100%| O|  |TAMS 0x0000000712600000, 0x0000000712400000| Updating 
| 147|0x0000000712600000, 0x0000000712800000, 0x0000000712800000|100%| O|  |TAMS 0x0000000712800000, 0x0000000712600000| Untracked 
| 148|0x0000000712800000, 0x0000000712a00000, 0x0000000712a00000|100%| O|  |TAMS 0x0000000712a00000, 0x0000000712800000| Untracked 
| 149|0x0000000712a00000, 0x0000000712c00000, 0x0000000712c00000|100%| O|  |TAMS 0x0000000712c00000, 0x0000000712a00000| Updating 
| 150|0x0000000712c00000, 0x0000000712c89000, 0x0000000712e00000| 26%| O|  |TAMS 0x0000000712c89000, 0x0000000712c00000| Updating 
| 151|0x0000000712e00000, 0x0000000712e00000, 0x0000000713000000|  0%| F|  |TAMS 0x0000000712e00000, 0x0000000712e00000| Untracked 
| 152|0x0000000713000000, 0x0000000713000000, 0x0000000713200000|  0%| F|  |TAMS 0x0000000713000000, 0x0000000713000000| Untracked 
| 153|0x0000000713200000, 0x0000000713200000, 0x0000000713400000|  0%| F|  |TAMS 0x0000000713200000, 0x0000000713200000| Untracked 
| 154|0x0000000713400000, 0x0000000713400000, 0x0000000713600000|  0%| F|  |TAMS 0x0000000713400000, 0x0000000713400000| Untracked 
| 155|0x0000000713600000, 0x0000000713600000, 0x0000000713800000|  0%| F|  |TAMS 0x0000000713600000, 0x0000000713600000| Untracked 
| 156|0x0000000713800000, 0x0000000713800000, 0x0000000713a00000|  0%| F|  |TAMS 0x0000000713800000, 0x0000000713800000| Untracked 
| 157|0x0000000713a00000, 0x0000000713a00000, 0x0000000713c00000|  0%| F|  |TAMS 0x0000000713a00000, 0x0000000713a00000| Untracked 
| 158|0x0000000713c00000, 0x0000000713c00000, 0x0000000713e00000|  0%| F|  |TAMS 0x0000000713c00000, 0x0000000713c00000| Untracked 
| 159|0x0000000713e00000, 0x0000000713e00000, 0x0000000714000000|  0%| F|  |TAMS 0x0000000713e00000, 0x0000000713e00000| Untracked 
| 160|0x0000000714000000, 0x0000000714000000, 0x0000000714200000|  0%| F|  |TAMS 0x0000000714000000, 0x0000000714000000| Untracked 
| 161|0x0000000714200000, 0x0000000714200000, 0x0000000714400000|  0%| F|  |TAMS 0x0000000714200000, 0x0000000714200000| Untracked 
| 162|0x0000000714400000, 0x0000000714400000, 0x0000000714600000|  0%| F|  |TAMS 0x0000000714400000, 0x0000000714400000| Untracked 
| 163|0x0000000714600000, 0x0000000714600000, 0x0000000714800000|  0%| F|  |TAMS 0x0000000714600000, 0x0000000714600000| Untracked 
| 164|0x0000000714800000, 0x0000000714800000, 0x0000000714a00000|  0%| F|  |TAMS 0x0000000714800000, 0x0000000714800000| Untracked 
| 165|0x0000000714a00000, 0x0000000714a00000, 0x0000000714c00000|  0%| F|  |TAMS 0x0000000714a00000, 0x0000000714a00000| Untracked 
| 166|0x0000000714c00000, 0x0000000714c00000, 0x0000000714e00000|  0%| F|  |TAMS 0x0000000714c00000, 0x0000000714c00000| Untracked 
| 167|0x0000000714e00000, 0x0000000714e00000, 0x0000000715000000|  0%| F|  |TAMS 0x0000000714e00000, 0x0000000714e00000| Untracked 
| 168|0x0000000715000000, 0x0000000715000000, 0x0000000715200000|  0%| F|  |TAMS 0x0000000715000000, 0x0000000715000000| Untracked 
| 169|0x0000000715200000, 0x0000000715200000, 0x0000000715400000|  0%| F|  |TAMS 0x0000000715200000, 0x0000000715200000| Untracked 
| 170|0x0000000715400000, 0x0000000715400000, 0x0000000715600000|  0%| F|  |TAMS 0x0000000715400000, 0x0000000715400000| Untracked 
| 171|0x0000000715600000, 0x0000000715600000, 0x0000000715800000|  0%| F|  |TAMS 0x0000000715600000, 0x0000000715600000| Untracked 
| 172|0x0000000715800000, 0x0000000715800000, 0x0000000715a00000|  0%| F|  |TAMS 0x0000000715800000, 0x0000000715800000| Untracked 
| 173|0x0000000715a00000, 0x0000000715a00000, 0x0000000715c00000|  0%| F|  |TAMS 0x0000000715a00000, 0x0000000715a00000| Untracked 
| 174|0x0000000715c00000, 0x0000000715c00000, 0x0000000715e00000|  0%| F|  |TAMS 0x0000000715c00000, 0x0000000715c00000| Untracked 
| 175|0x0000000715e00000, 0x0000000715e00000, 0x0000000716000000|  0%| F|  |TAMS 0x0000000715e00000, 0x0000000715e00000| Untracked 
| 176|0x0000000716000000, 0x0000000716000000, 0x0000000716200000|  0%| F|  |TAMS 0x0000000716000000, 0x0000000716000000| Untracked 
| 177|0x0000000716200000, 0x0000000716200000, 0x0000000716400000|  0%| F|  |TAMS 0x0000000716200000, 0x0000000716200000| Untracked 
| 178|0x0000000716400000, 0x000000071648b280, 0x0000000716600000| 27%| S|CS|TAMS 0x0000000716400000, 0x0000000716400000| Complete 
| 179|0x0000000716600000, 0x0000000716800000, 0x0000000716800000|100%| S|CS|TAMS 0x0000000716600000, 0x0000000716600000| Complete 
| 180|0x0000000716800000, 0x0000000716a00000, 0x0000000716a00000|100%| S|CS|TAMS 0x0000000716800000, 0x0000000716800000| Complete 
| 181|0x0000000716a00000, 0x0000000716a00000, 0x0000000716c00000|  0%| F|  |TAMS 0x0000000716a00000, 0x0000000716a00000| Untracked 
| 182|0x0000000716c00000, 0x0000000716c00000, 0x0000000716e00000|  0%| F|  |TAMS 0x0000000716c00000, 0x0000000716c00000| Untracked 
| 183|0x0000000716e00000, 0x0000000716e00000, 0x0000000717000000|  0%| F|  |TAMS 0x0000000716e00000, 0x0000000716e00000| Untracked 
| 184|0x0000000717000000, 0x0000000717000000, 0x0000000717200000|  0%| F|  |TAMS 0x0000000717000000, 0x0000000717000000| Untracked 
| 185|0x0000000717200000, 0x0000000717200000, 0x0000000717400000|  0%| F|  |TAMS 0x0000000717200000, 0x0000000717200000| Untracked 
| 186|0x0000000717400000, 0x0000000717400000, 0x0000000717600000|  0%| F|  |TAMS 0x0000000717400000, 0x0000000717400000| Untracked 
| 187|0x0000000717600000, 0x0000000717600000, 0x0000000717800000|  0%| F|  |TAMS 0x0000000717600000, 0x0000000717600000| Untracked 
| 188|0x0000000717800000, 0x0000000717800000, 0x0000000717a00000|  0%| F|  |TAMS 0x0000000717800000, 0x0000000717800000| Untracked 
| 189|0x0000000717a00000, 0x0000000717a00000, 0x0000000717c00000|  0%| F|  |TAMS 0x0000000717a00000, 0x0000000717a00000| Untracked 
| 190|0x0000000717c00000, 0x0000000717c00000, 0x0000000717e00000|  0%| F|  |TAMS 0x0000000717c00000, 0x0000000717c00000| Untracked 
| 191|0x0000000717e00000, 0x0000000717e00000, 0x0000000718000000|  0%| F|  |TAMS 0x0000000717e00000, 0x0000000717e00000| Untracked 
| 192|0x0000000718000000, 0x0000000718000000, 0x0000000718200000|  0%| F|  |TAMS 0x0000000718000000, 0x0000000718000000| Untracked 
| 193|0x0000000718200000, 0x0000000718200000, 0x0000000718400000|  0%| F|  |TAMS 0x0000000718200000, 0x0000000718200000| Untracked 
| 194|0x0000000718400000, 0x0000000718400000, 0x0000000718600000|  0%| F|  |TAMS 0x0000000718400000, 0x0000000718400000| Untracked 
| 195|0x0000000718600000, 0x0000000718600000, 0x0000000718800000|  0%| F|  |TAMS 0x0000000718600000, 0x0000000718600000| Untracked 
| 196|0x0000000718800000, 0x0000000718800000, 0x0000000718a00000|  0%| F|  |TAMS 0x0000000718800000, 0x0000000718800000| Untracked 
| 197|0x0000000718a00000, 0x0000000718a00000, 0x0000000718c00000|  0%| F|  |TAMS 0x0000000718a00000, 0x0000000718a00000| Untracked 
| 198|0x0000000718c00000, 0x0000000718d94d08, 0x0000000718e00000| 79%| E|  |TAMS 0x0000000718c00000, 0x0000000718c00000| Complete 

Card table byte_map: [0x00000193f0740000,0x00000193f0f40000] _byte_map_base: 0x00000193ecf40000

Marking Bits (Prev, Next): (CMBitMap*) 0x00000193d9470d60, (CMBitMap*) 0x00000193d9470da0
 Prev Bits: [0x00000193f1740000, 0x00000193f5740000)
 Next Bits: [0x00000193f5740000, 0x00000193f9740000)

Polling page: 0x00000193d73e0000

Metaspace:

Usage:
  Non-class:    100.37 MB used.
      Class:     16.07 MB used.
       Both:    116.44 MB used.

Virtual space:
  Non-class space:      128.00 MB reserved,     101.31 MB ( 79%) committed,  2 nodes.
      Class space:      416.00 MB reserved,      16.94 MB (  4%) committed,  1 nodes.
             Both:      544.00 MB reserved,     118.25 MB ( 22%) committed. 

Chunk freelists:
   Non-Class:  10.70 MB
       Class:  14.97 MB
        Both:  25.67 MB

MaxMetaspaceSize: 512.00 MB
CompressedClassSpaceSize: 416.00 MB
Initial GC threshold: 21.00 MB
Current GC threshold: 118.38 MB
CDS: on
MetaspaceReclaimPolicy: balanced
 - commit_granule_bytes: 65536.
 - commit_granule_words: 8192.
 - virtual_space_node_default_size: 8388608.
 - enlarge_chunks_in_place: 1.
 - new_chunks_are_fully_committed: 0.
 - uncommit_free_chunks: 1.
 - use_allocation_guard: 0.
 - handle_deallocations: 1.


Internal statistics:

num_allocs_failed_limit: 9.
num_arena_births: 2410.
num_arena_deaths: 0.
num_vsnodes_births: 3.
num_vsnodes_deaths: 0.
num_space_committed: 1891.
num_space_uncommitted: 0.
num_chunks_returned_to_freelist: 9.
num_chunks_taken_from_freelist: 8204.
num_chunk_merges: 9.
num_chunk_splits: 5036.
num_chunks_enlarged: 2849.
num_inconsistent_stats: 0.

CodeHeap 'non-profiled nmethods': size=120000Kb used=14789Kb max_used=14789Kb free=105210Kb
 bounds [0x00000193e8a10000, 0x00000193e9890000, 0x00000193eff40000]
CodeHeap 'profiled nmethods': size=120000Kb used=32640Kb max_used=32640Kb free=87359Kb
 bounds [0x00000193e0f40000, 0x00000193e2f30000, 0x00000193e8470000]
CodeHeap 'non-nmethods': size=5760Kb used=2461Kb max_used=2537Kb free=3298Kb
 bounds [0x00000193e8470000, 0x00000193e8700000, 0x00000193e8a10000]
 total_blobs=17816 nmethods=16805 adapters=921
 compilation: enabled
              stopped_count=0, restarted_count=0
 full_count=0

Compilation events (20 events):
Event: 143.851 Thread 0x00000193fbc2b790 20540       3       java.lang.invoke.LambdaFormEditor::foldArgumentsForm (102 bytes)
Event: 143.852 Thread 0x00000193fbc2b790 nmethod 20540 0x00000193e2f20e90 code [0x00000193e2f21060, 0x00000193e2f21358]
Event: 143.856 Thread 0x00000193fbc2b790 20541       3       java.io.InputStreamReader::<init> (30 bytes)
Event: 143.857 Thread 0x00000193fbc2b790 nmethod 20541 0x00000193e2f21490 code [0x00000193e2f21680, 0x00000193e2f21b88]
Event: 143.937 Thread 0x00000193fbc2add0 20542       4       org.objectweb.asm.SymbolTable::addConstant (314 bytes)
Event: 144.134 Thread 0x00000193fbc2add0 nmethod 20542 0x00000193e9878290 code [0x00000193e98785e0, 0x00000193e987c478]
Event: 144.134 Thread 0x00000193fbc2add0 20543       4       jdk.internal.org.objectweb.asm.Frame::merge (395 bytes)
Event: 144.205 Thread 0x00000193fbc2b790 20544       3       java.lang.ProcessEnvironment$CheckedEntry::getValue (5 bytes)
Event: 144.206 Thread 0x00000193fbc2b790 nmethod 20544 0x00000193e2f21d10 code [0x00000193e2f21ec0, 0x00000193e2f22208]
Event: 144.207 Thread 0x00000193fbc2b790 20545       3       java.lang.ProcessEnvironment$EntryComparator::compare (13 bytes)
Event: 144.207 Thread 0x00000193fbc2add0 nmethod 20543 0x00000193e987e010 code [0x00000193e987e2c0, 0x00000193e987ffe0]
Event: 144.208 Thread 0x00000193fbc2b790 nmethod 20545 0x00000193e2f22310 code [0x00000193e2f22500, 0x00000193e2f22c68]
Event: 144.208 Thread 0x00000193fbc2b790 20546       3       java.lang.ProcessEnvironment$EntryComparator::compare (25 bytes)
Event: 144.208 Thread 0x00000193fbc2b790 nmethod 20546 0x00000193e2f22e10 code [0x00000193e2f22fe0, 0x00000193e2f234c8]
Event: 144.456 Thread 0x00000193fbc2b790 20547   !   3       java.util.concurrent.LinkedBlockingDeque::offerLast (53 bytes)
Event: 144.457 Thread 0x00000193fbc2b790 nmethod 20547 0x00000193e2f23610 code [0x00000193e2f23880, 0x00000193e2f24478]
Event: 144.457 Thread 0x00000193fbc2b790 20548       3       java.util.concurrent.LinkedBlockingDeque$Node::<init> (10 bytes)
Event: 144.457 Thread 0x00000193fbc2b790 nmethod 20548 0x00000193e2f24890 code [0x00000193e2f24a20, 0x00000193e2f24bd8]
Event: 144.457 Thread 0x00000193fbc2b790 20549       3       java.util.concurrent.LinkedBlockingDeque::linkLast (69 bytes)
Event: 144.458 Thread 0x00000193fbc2b790 nmethod 20549 0x00000193e2f24c90 code [0x00000193e2f24ea0, 0x00000193e2f25528]

GC Heap History (20 events):
Event: 131.340 GC heap before
{Heap before GC invocations=68 (full 0):
 garbage-first heap   total 407552K, used 348579K [0x0000000700000000, 0x0000000800000000)
  region size 2048K, 29 young (59392K), 3 survivors (6144K)
 Metaspace       used 115227K, committed 116928K, reserved 557056K
  class space    used 16058K, committed 16832K, reserved 425984K
}
Event: 131.350 GC heap after
{Heap after GC invocations=69 (full 0):
 garbage-first heap   total 407552K, used 298836K [0x0000000700000000, 0x0000000800000000)
  region size 2048K, 3 young (6144K), 3 survivors (6144K)
 Metaspace       used 115227K, committed 116928K, reserved 557056K
  class space    used 16058K, committed 16832K, reserved 425984K
}
Event: 134.292 GC heap before
{Heap before GC invocations=69 (full 0):
 garbage-first heap   total 407552K, used 347988K [0x0000000700000000, 0x0000000800000000)
  region size 2048K, 28 young (57344K), 3 survivors (6144K)
 Metaspace       used 115355K, committed 117056K, reserved 557056K
  class space    used 16064K, committed 16832K, reserved 425984K
}
Event: 134.304 GC heap after
{Heap after GC invocations=70 (full 0):
 garbage-first heap   total 407552K, used 301072K [0x0000000700000000, 0x0000000800000000)
  region size 2048K, 4 young (8192K), 4 survivors (8192K)
 Metaspace       used 115355K, committed 117056K, reserved 557056K
  class space    used 16064K, committed 16832K, reserved 425984K
}
Event: 135.517 GC heap before
{Heap before GC invocations=70 (full 0):
 garbage-first heap   total 407552K, used 348176K [0x0000000700000000, 0x0000000800000000)
  region size 2048K, 28 young (57344K), 4 survivors (8192K)
 Metaspace       used 115489K, committed 117248K, reserved 557056K
  class space    used 16070K, committed 16896K, reserved 425984K
}
Event: 135.542 GC heap after
{Heap after GC invocations=71 (full 0):
 garbage-first heap   total 407552K, used 303052K [0x0000000700000000, 0x0000000800000000)
  region size 2048K, 3 young (6144K), 3 survivors (6144K)
 Metaspace       used 115489K, committed 117248K, reserved 557056K
  class space    used 16070K, committed 16896K, reserved 425984K
}
Event: 137.076 GC heap before
{Heap before GC invocations=71 (full 0):
 garbage-first heap   total 407552K, used 348108K [0x0000000700000000, 0x0000000800000000)
  region size 2048K, 26 young (53248K), 3 survivors (6144K)
 Metaspace       used 115542K, committed 117312K, reserved 557056K
  class space    used 16080K, committed 16896K, reserved 425984K
}
Event: 137.092 GC heap after
{Heap after GC invocations=72 (full 0):
 garbage-first heap   total 407552K, used 304328K [0x0000000700000000, 0x0000000800000000)
  region size 2048K, 2 young (4096K), 2 survivors (4096K)
 Metaspace       used 115542K, committed 117312K, reserved 557056K
  class space    used 16080K, committed 16896K, reserved 425984K
}
Event: 137.749 GC heap before
{Heap before GC invocations=72 (full 0):
 garbage-first heap   total 407552K, used 349384K [0x0000000700000000, 0x0000000800000000)
  region size 2048K, 25 young (51200K), 2 survivors (4096K)
 Metaspace       used 115544K, committed 117312K, reserved 557056K
  class space    used 16080K, committed 16896K, reserved 425984K
}
Event: 137.758 GC heap after
{Heap after GC invocations=73 (full 0):
 garbage-first heap   total 407552K, used 305054K [0x0000000700000000, 0x0000000800000000)
  region size 2048K, 3 young (6144K), 3 survivors (6144K)
 Metaspace       used 115544K, committed 117312K, reserved 557056K
  class space    used 16080K, committed 16896K, reserved 425984K
}
Event: 138.579 GC heap before
{Heap before GC invocations=73 (full 0):
 garbage-first heap   total 407552K, used 350110K [0x0000000700000000, 0x0000000800000000)
  region size 2048K, 26 young (53248K), 3 survivors (6144K)
 Metaspace       used 115564K, committed 117312K, reserved 557056K
  class space    used 16082K, committed 16896K, reserved 425984K
}
Event: 138.590 GC heap after
{Heap after GC invocations=74 (full 0):
 garbage-first heap   total 407552K, used 306173K [0x0000000700000000, 0x0000000800000000)
  region size 2048K, 3 young (6144K), 3 survivors (6144K)
 Metaspace       used 115564K, committed 117312K, reserved 557056K
  class space    used 16082K, committed 16896K, reserved 425984K
}
Event: 139.022 GC heap before
{Heap before GC invocations=74 (full 0):
 garbage-first heap   total 407552K, used 349181K [0x0000000700000000, 0x0000000800000000)
  region size 2048K, 25 young (51200K), 3 survivors (6144K)
 Metaspace       used 115566K, committed 117312K, reserved 557056K
  class space    used 16082K, committed 16896K, reserved 425984K
}
Event: 139.031 GC heap after
{Heap after GC invocations=75 (full 0):
 garbage-first heap   total 407552K, used 307221K [0x0000000700000000, 0x0000000800000000)
  region size 2048K, 3 young (6144K), 3 survivors (6144K)
 Metaspace       used 115566K, committed 117312K, reserved 557056K
  class space    used 16082K, committed 16896K, reserved 425984K
}
Event: 139.507 GC heap before
{Heap before GC invocations=75 (full 0):
 garbage-first heap   total 407552K, used 350229K [0x0000000700000000, 0x0000000800000000)
  region size 2048K, 25 young (51200K), 3 survivors (6144K)
 Metaspace       used 115583K, committed 117312K, reserved 557056K
  class space    used 16083K, committed 16896K, reserved 425984K
}
Event: 139.518 GC heap after
{Heap after GC invocations=76 (full 0):
 garbage-first heap   total 407552K, used 309063K [0x0000000700000000, 0x0000000800000000)
  region size 2048K, 3 young (6144K), 3 survivors (6144K)
 Metaspace       used 115583K, committed 117312K, reserved 557056K
  class space    used 16083K, committed 16896K, reserved 425984K
}
Event: 141.835 GC heap before
{Heap before GC invocations=76 (full 0):
 garbage-first heap   total 407552K, used 350023K [0x0000000700000000, 0x0000000800000000)
  region size 2048K, 24 young (49152K), 3 survivors (6144K)
 Metaspace       used 117581K, committed 119360K, reserved 557056K
  class space    used 16253K, committed 17088K, reserved 425984K
}
Event: 141.850 GC heap after
{Heap after GC invocations=77 (full 0):
 garbage-first heap   total 407552K, used 310279K [0x0000000700000000, 0x0000000800000000)
  region size 2048K, 2 young (4096K), 2 survivors (4096K)
 Metaspace       used 117581K, committed 119360K, reserved 557056K
  class space    used 16253K, committed 17088K, reserved 425984K
}
Event: 143.915 GC heap before
{Heap before GC invocations=77 (full 0):
 garbage-first heap   total 407552K, used 343047K [0x0000000700000000, 0x0000000800000000)
  region size 2048K, 20 young (40960K), 2 survivors (4096K)
 Metaspace       used 119057K, committed 120896K, reserved 557056K
  class space    used 16422K, committed 17280K, reserved 425984K
}
Event: 143.925 GC heap after
{Heap after GC invocations=78 (full 0):
 garbage-first heap   total 407552K, used 312400K [0x0000000700000000, 0x0000000800000000)
  region size 2048K, 3 young (6144K), 3 survivors (6144K)
 Metaspace       used 119057K, committed 120896K, reserved 557056K
  class space    used 16422K, committed 17280K, reserved 425984K
}

Dll operation events (15 events):
Event: 0.086 Loaded shared library C:\Program Files\Microsoft\jdk-17.0.13.11-hotspot\bin\java.dll
Event: 0.122 Loaded shared library C:\Program Files\Microsoft\jdk-17.0.13.11-hotspot\bin\jsvml.dll
Event: 0.259 Loaded shared library C:\Program Files\Microsoft\jdk-17.0.13.11-hotspot\bin\zip.dll
Event: 0.294 Loaded shared library C:\Program Files\Microsoft\jdk-17.0.13.11-hotspot\bin\instrument.dll
Event: 0.307 Loaded shared library C:\Program Files\Microsoft\jdk-17.0.13.11-hotspot\bin\net.dll
Event: 0.309 Loaded shared library C:\Program Files\Microsoft\jdk-17.0.13.11-hotspot\bin\nio.dll
Event: 0.312 Loaded shared library C:\Program Files\Microsoft\jdk-17.0.13.11-hotspot\bin\zip.dll
Event: 1.559 Loaded shared library C:\Program Files\Microsoft\jdk-17.0.13.11-hotspot\bin\jimage.dll
Event: 2.272 Loaded shared library C:\Program Files\Microsoft\jdk-17.0.13.11-hotspot\bin\verify.dll
Event: 2.810 Loaded shared library C:\Users\aliah\.gradle\native\c067742578af261105cb4f569cf0c3c89f3d7b1fecec35dd04571415982c5e48\windows-amd64\native-platform.dll
Event: 2.877 Loaded shared library C:\Users\aliah\.gradle\native\100fb08df4bc3b14c8652ba06237920a3bd2aa13389f12d3474272988ae205f9\windows-amd64\native-platform-file-events.dll
Event: 6.347 Loaded shared library C:\Program Files\Microsoft\jdk-17.0.13.11-hotspot\bin\management.dll
Event: 6.350 Loaded shared library C:\Program Files\Microsoft\jdk-17.0.13.11-hotspot\bin\management_ext.dll
Event: 6.710 Loaded shared library C:\Program Files\Microsoft\jdk-17.0.13.11-hotspot\bin\extnet.dll
Event: 7.104 Loaded shared library C:\Program Files\Microsoft\jdk-17.0.13.11-hotspot\bin\sunmscapi.dll

Deoptimization events (20 events):
Event: 144.913 Thread 0x00000193a2678950 Uncommon trap: trap_request=0xffffff45 fr.pc=0x00000193e91dab70 relative=0x0000000000000e70
Event: 144.913 Thread 0x00000193a2678950 Uncommon trap: reason=unstable_if action=reinterpret pc=0x00000193e91dab70 method=java.util.regex.Pattern.sequence(Ljava/util/regex/Pattern$Node;)Ljava/util/regex/Pattern$Node; @ 12 c2
Event: 144.913 Thread 0x00000193a2678950 DEOPT PACKING pc=0x00000193e91dab70 sp=0x000000125e9fdf30
Event: 144.913 Thread 0x00000193a2678950 DEOPT UNPACKING pc=0x00000193e84c69a3 sp=0x000000125e9fded0 mode 2
Event: 144.913 Thread 0x00000193a2678950 Uncommon trap: trap_request=0xffffffc6 fr.pc=0x00000193e9679070 relative=0x0000000000000770
Event: 144.913 Thread 0x00000193a2678950 Uncommon trap: reason=bimorphic_or_optimized_type_check action=maybe_recompile pc=0x00000193e9679070 method=java.util.regex.Pattern$CharPredicate.lambda$negate$3(I)Z @ 2 c2
Event: 144.913 Thread 0x00000193a2678950 DEOPT PACKING pc=0x00000193e9679070 sp=0x000000125e9fe960
Event: 144.913 Thread 0x00000193a2678950 DEOPT UNPACKING pc=0x00000193e84c69a3 sp=0x000000125e9fe840 mode 2
Event: 144.913 Thread 0x00000193a2678950 Uncommon trap: trap_request=0xffffff45 fr.pc=0x00000193e966ef18 relative=0x0000000000000178
Event: 144.913 Thread 0x00000193a2678950 Uncommon trap: reason=unstable_if action=reinterpret pc=0x00000193e966ef18 method=java.util.regex.Pattern$GroupTail.match(Ljava/util/regex/Matcher;ILjava/lang/CharSequence;)Z @ 73 c2
Event: 144.913 Thread 0x00000193a2678950 DEOPT PACKING pc=0x00000193e966ef18 sp=0x000000125e9fe8d0
Event: 144.913 Thread 0x00000193a2678950 DEOPT UNPACKING pc=0x00000193e84c69a3 sp=0x000000125e9fe878 mode 2
Event: 144.913 Thread 0x00000193a2678950 Uncommon trap: trap_request=0xffffffc6 fr.pc=0x00000193e9679070 relative=0x0000000000000770
Event: 144.913 Thread 0x00000193a2678950 Uncommon trap: reason=bimorphic_or_optimized_type_check action=maybe_recompile pc=0x00000193e9679070 method=java.util.regex.Pattern$CharPredicate.lambda$negate$3(I)Z @ 2 c2
Event: 144.913 Thread 0x00000193a2678950 DEOPT PACKING pc=0x00000193e9679070 sp=0x000000125e9fe960
Event: 144.913 Thread 0x00000193a2678950 DEOPT UNPACKING pc=0x00000193e84c69a3 sp=0x000000125e9fe840 mode 2
Event: 144.913 Thread 0x00000193a2678950 Uncommon trap: trap_request=0xffffff45 fr.pc=0x00000193e967907c relative=0x000000000000077c
Event: 144.913 Thread 0x00000193a2678950 Uncommon trap: reason=unstable_if action=reinterpret pc=0x00000193e967907c method=java.util.regex.Pattern$CharPropertyGreedy.match(Ljava/util/regex/Matcher;ILjava/lang/CharSequence;)Z @ 127 c2
Event: 144.913 Thread 0x00000193a2678950 DEOPT PACKING pc=0x00000193e967907c sp=0x000000125e9feab0
Event: 144.913 Thread 0x00000193a2678950 DEOPT UNPACKING pc=0x00000193e84c69a3 sp=0x000000125e9fea40 mode 2

Classes loaded (20 events):
Event: 111.414 Loading class java/io/SequenceInputStream
Event: 111.415 Loading class java/io/SequenceInputStream done
Event: 111.484 Loading class java/util/function/IntUnaryOperator
Event: 111.485 Loading class java/util/function/IntUnaryOperator done
Event: 140.341 Loading class java/util/Collections$UnmodifiableSortedSet
Event: 140.342 Loading class java/util/Collections$UnmodifiableSortedSet done
Event: 140.345 Loading class java/util/concurrent/Semaphore$NonfairSync
Event: 140.347 Loading class java/util/concurrent/Semaphore$Sync
Event: 140.347 Loading class java/util/concurrent/Semaphore$Sync done
Event: 140.347 Loading class java/util/concurrent/Semaphore$NonfairSync done
Event: 140.352 Loading class java/nio/file/Files$2
Event: 140.353 Loading class java/nio/file/Files$2 done
Event: 142.061 Loading class jdk/internal/reflect/UnsafeQualifiedBooleanFieldAccessorImpl
Event: 142.061 Loading class jdk/internal/reflect/UnsafeQualifiedBooleanFieldAccessorImpl done
Event: 142.499 Loading class java/nio/charset/UnsupportedCharsetException
Event: 142.499 Loading class java/nio/charset/UnsupportedCharsetException done
Event: 142.504 Loading class jdk/internal/reflect/UnsafeByteFieldAccessorImpl
Event: 142.505 Loading class jdk/internal/reflect/UnsafeByteFieldAccessorImpl done
Event: 142.578 Loading class java/time/Instant$1
Event: 142.578 Loading class java/time/Instant$1 done

Classes unloaded (0 events):
No events

Classes redefined (0 events):
No events

Internal exceptions (20 events):
Event: 140.514 Thread 0x00000193a5309d90 Exception <a 'sun/nio/fs/WindowsException'{0x000000071757b3b0}> (0x000000071757b3b0) 
thrown [s\src\hotspot\share\prims\jni.cpp, line 516]
Event: 140.514 Thread 0x00000193a5309d90 Exception <a 'sun/nio/fs/WindowsException'{0x000000071757b6b0}> (0x000000071757b6b0) 
thrown [s\src\hotspot\share\prims\jni.cpp, line 516]
Event: 140.514 Thread 0x00000193a5309d90 Exception <a 'sun/nio/fs/WindowsException'{0x000000071757d9b0}> (0x000000071757d9b0) 
thrown [s\src\hotspot\share\prims\jni.cpp, line 516]
Event: 140.514 Thread 0x00000193a5309d90 Exception <a 'sun/nio/fs/WindowsException'{0x000000071757dcd8}> (0x000000071757dcd8) 
thrown [s\src\hotspot\share\prims\jni.cpp, line 516]
Event: 140.622 Thread 0x00000193a5309d90 Exception <a 'sun/nio/fs/WindowsException'{0x0000000717581008}> (0x0000000717581008) 
thrown [s\src\hotspot\share\prims\jni.cpp, line 516]
Event: 140.622 Thread 0x00000193a5309d90 Exception <a 'sun/nio/fs/WindowsException'{0x0000000717581338}> (0x0000000717581338) 
thrown [s\src\hotspot\share\prims\jni.cpp, line 516]
Event: 140.623 Thread 0x00000193a5309d90 Exception <a 'sun/nio/fs/WindowsException'{0x0000000717583e98}> (0x0000000717583e98) 
thrown [s\src\hotspot\share\prims\jni.cpp, line 516]
Event: 140.623 Thread 0x00000193a5309d90 Exception <a 'sun/nio/fs/WindowsException'{0x00000007175841f0}> (0x00000007175841f0) 
thrown [s\src\hotspot\share\prims\jni.cpp, line 516]
Event: 140.625 Thread 0x00000193a5309d90 Exception <a 'sun/nio/fs/WindowsException'{0x0000000717588460}> (0x0000000717588460) 
thrown [s\src\hotspot\share\prims\jni.cpp, line 516]
Event: 140.625 Thread 0x00000193a5309d90 Exception <a 'sun/nio/fs/WindowsException'{0x00000007175887b0}> (0x00000007175887b0) 
thrown [s\src\hotspot\share\prims\jni.cpp, line 516]
Event: 140.625 Thread 0x00000193a5309d90 Exception <a 'sun/nio/fs/WindowsException'{0x000000071758b020}> (0x000000071758b020) 
thrown [s\src\hotspot\share\prims\jni.cpp, line 516]
Event: 140.625 Thread 0x00000193a5309d90 Exception <a 'sun/nio/fs/WindowsException'{0x000000071758b390}> (0x000000071758b390) 
thrown [s\src\hotspot\share\prims\jni.cpp, line 516]
Event: 140.628 Thread 0x00000193a5309d90 Exception <a 'sun/nio/fs/WindowsException'{0x000000071758f8e8}> (0x000000071758f8e8) 
thrown [s\src\hotspot\share\prims\jni.cpp, line 516]
Event: 140.628 Thread 0x00000193a5309d90 Exception <a 'sun/nio/fs/WindowsException'{0x000000071758fc70}> (0x000000071758fc70) 
thrown [s\src\hotspot\share\prims\jni.cpp, line 516]
Event: 140.628 Thread 0x00000193a5309d90 Exception <a 'sun/nio/fs/WindowsException'{0x0000000717592508}> (0x0000000717592508) 
thrown [s\src\hotspot\share\prims\jni.cpp, line 516]
Event: 140.628 Thread 0x00000193a5309d90 Exception <a 'sun/nio/fs/WindowsException'{0x00000007175928b8}> (0x00000007175928b8) 
thrown [s\src\hotspot\share\prims\jni.cpp, line 516]
Event: 141.851 Thread 0x00000193fbc0c7d0 Implicit null exception at 0x00000193e945fe00 to 0x00000193e9460498
Event: 142.377 Thread 0x00000193a5309d90 Exception <a 'java/lang/NoSuchMethodError'{0x0000000717950b60}: 'java.lang.Object java.lang.invoke.DirectMethodHandle$Holder.invokeSpecial(java.lang.Object, java.lang.Object, java.lang.Object, java.lang.Object, long)'> (0x0000000717950b60) 
thrown [s\src\hotspot\share\interpreter\linkResolver.cpp, line 759]
Event: 142.377 Thread 0x00000193a5309d90 Exception <a 'java/lang/NoSuchMethodError'{0x0000000717954ee0}: 'java.lang.Object java.lang.invoke.Invokers$Holder.linkToTargetMethod(java.lang.Object, java.lang.Object, long, java.lang.Object)'> (0x0000000717954ee0) 
thrown [s\src\hotspot\share\interpreter\linkResolver.cpp, line 759]
Event: 142.907 Thread 0x00000193a267acc0 Exception <a 'sun/nio/fs/WindowsException'{0x00000007170a7e80}> (0x00000007170a7e80) 
thrown [s\src\hotspot\share\prims\jni.cpp, line 516]

VM Operations (20 events):
Event: 141.850 Executing VM operation: G1CollectForAllocation done
Event: 142.498 Executing VM operation: HandshakeAllThreads
Event: 142.498 Executing VM operation: HandshakeAllThreads done
Event: 142.583 Executing VM operation: HandshakeAllThreads
Event: 142.583 Executing VM operation: HandshakeAllThreads done
Event: 142.607 Executing VM operation: HandshakeAllThreads
Event: 142.608 Executing VM operation: HandshakeAllThreads done
Event: 142.608 Executing VM operation: HandshakeAllThreads
Event: 142.608 Executing VM operation: HandshakeAllThreads done
Event: 142.610 Executing VM operation: HandshakeAllThreads
Event: 142.610 Executing VM operation: HandshakeAllThreads done
Event: 142.686 Executing VM operation: HandshakeAllThreads
Event: 142.686 Executing VM operation: HandshakeAllThreads done
Event: 143.692 Executing VM operation: Cleanup
Event: 143.693 Executing VM operation: Cleanup done
Event: 143.915 Executing VM operation: CollectForMetadataAllocation
Event: 143.925 Executing VM operation: CollectForMetadataAllocation done
Event: 144.938 Executing VM operation: Cleanup
Event: 144.940 Executing VM operation: Cleanup done
Event: 146.522 Executing VM operation: G1PauseRemark

Memory protections (0 events):
No events

Nmethod flushes (20 events):
Event: 130.880 Thread 0x00000193fbc79790 flushing  nmethod 0x00000193e2d41c10
Event: 130.880 Thread 0x00000193fbc79790 flushing  nmethod 0x00000193e2d7b010
Event: 130.880 Thread 0x00000193fbc79790 flushing  nmethod 0x00000193e2d8f810
Event: 130.880 Thread 0x00000193fbc79790 flushing  nmethod 0x00000193e2d9b190
Event: 130.880 Thread 0x00000193fbc79790 flushing  nmethod 0x00000193e2d9d110
Event: 130.880 Thread 0x00000193fbc79790 flushing  nmethod 0x00000193e2da0390
Event: 130.880 Thread 0x00000193fbc79790 flushing  nmethod 0x00000193e2da2890
Event: 130.880 Thread 0x00000193fbc79790 flushing  nmethod 0x00000193e2da5d10
Event: 130.880 Thread 0x00000193fbc79790 flushing  nmethod 0x00000193e2da8410
Event: 130.880 Thread 0x00000193fbc79790 flushing  nmethod 0x00000193e2da9e10
Event: 130.880 Thread 0x00000193fbc79790 flushing  nmethod 0x00000193e2daa190
Event: 130.880 Thread 0x00000193fbc79790 flushing  nmethod 0x00000193e2daa790
Event: 130.880 Thread 0x00000193fbc79790 flushing  nmethod 0x00000193e2daab90
Event: 130.880 Thread 0x00000193fbc79790 flushing  nmethod 0x00000193e2dad990
Event: 130.881 Thread 0x00000193fbc79790 flushing  nmethod 0x00000193e2dfd590
Event: 130.881 Thread 0x00000193fbc79790 flushing  nmethod 0x00000193e2e05790
Event: 142.629 Thread 0x00000193fbc79790 flushing  nmethod 0x00000193e19f4510
Event: 142.630 Thread 0x00000193fbc79790 flushing  nmethod 0x00000193e1bf5f10
Event: 142.630 Thread 0x00000193fbc79790 flushing  nmethod 0x00000193e1bf9090
Event: 142.647 Thread 0x00000193fbc79790 flushing  nmethod 0x00000193e2d63d10

Events (20 events):
Event: 115.318 Thread 0x00000193a4fae050 Thread exited: 0x00000193a4fae050
Event: 115.622 Thread 0x00000193fbc2b790 Thread added: 0x00000193a4fae050
Event: 118.998 Thread 0x00000193a4fae050 Thread exited: 0x00000193a4fae050
Event: 121.869 Thread 0x00000193fbc2b790 Thread added: 0x00000193a4fac5c0
Event: 122.114 Thread 0x00000193a05a90c0 Thread added: 0x00000193a267acc0
Event: 122.179 Thread 0x00000193a267acc0 Thread added: 0x00000193a267a7b0
Event: 122.331 Thread 0x00000193a4fac5c0 Thread exited: 0x00000193a4fac5c0
Event: 122.902 Thread 0x00000193fbc2b790 Thread added: 0x00000193a4fac5c0
Event: 123.950 Thread 0x00000193a4fac5c0 Thread exited: 0x00000193a4fac5c0
Event: 127.376 Thread 0x00000193fbc2b790 Thread added: 0x00000193a4fac5c0
Event: 129.495 Thread 0x00000193a4fac5c0 Thread exited: 0x00000193a4fac5c0
Event: 132.452 Thread 0x00000193fbc2b790 Thread added: 0x00000193a4faab30
Event: 135.601 Thread 0x00000193a4faab30 Thread exited: 0x00000193a4faab30
Event: 136.442 Thread 0x00000193fbc2b790 Thread added: 0x00000193a4fa7610
Event: 138.145 Thread 0x00000193a4fa7610 Thread exited: 0x00000193a4fa7610
Event: 141.659 Thread 0x00000193fbc2b790 Thread added: 0x00000193a4fa7610
Event: 141.828 Thread 0x00000193a4fa7610 Thread exited: 0x00000193a4fa7610
Event: 144.048 Thread 0x00000193a267acc0 Thread added: 0x00000193a267ee90
Event: 144.212 Thread 0x00000193a267ee90 Thread added: 0x00000193a267f3a0
Event: 144.212 Thread 0x00000193a267ee90 Thread added: 0x00000193a2678950


Dynamic libraries:
0x00007ff757e80000 - 0x00007ff757e8e000 	C:\Program Files\Microsoft\jdk-17.0.13.11-hotspot\bin\java.exe
0x00007ffa829b0000 - 0x00007ffa82ba8000 	C:\WINDOWS\SYSTEM32\ntdll.dll
0x00007ffa80b30000 - 0x00007ffa80bf2000 	C:\WINDOWS\System32\KERNEL32.DLL
0x00007ffa800d0000 - 0x00007ffa803cf000 	C:\WINDOWS\System32\KERNELBASE.dll
0x00007ffa80820000 - 0x00007ffa80920000 	C:\WINDOWS\System32\ucrtbase.dll
0x00007ffa77ed0000 - 0x00007ffa77ee7000 	C:\Program Files\Microsoft\jdk-17.0.13.11-hotspot\bin\jli.dll
0x00007ffa80c20000 - 0x00007ffa80dbd000 	C:\WINDOWS\System32\USER32.dll
0x00007ffa800a0000 - 0x00007ffa800c2000 	C:\WINDOWS\System32\win32u.dll
0x00007ffa80b00000 - 0x00007ffa80b2b000 	C:\WINDOWS\System32\GDI32.dll
0x00007ffa80470000 - 0x00007ffa8058a000 	C:\WINDOWS\System32\gdi32full.dll
0x00007ffa803d0000 - 0x00007ffa8046d000 	C:\WINDOWS\System32\msvcp_win.dll
0x00007ffa77300000 - 0x00007ffa7731d000 	C:\Program Files\Microsoft\jdk-17.0.13.11-hotspot\bin\VCRUNTIME140.dll
0x00007ffa64c50000 - 0x00007ffa64eea000 	C:\WINDOWS\WinSxS\amd64_microsoft.windows.common-controls_6595b64144ccf1df_6.0.19041.4355_none_60b8b9eb71f62e16\COMCTL32.dll
0x00007ffa80f60000 - 0x00007ffa80ffe000 	C:\WINDOWS\System32\msvcrt.dll
0x00007ffa80f30000 - 0x00007ffa80f5f000 	C:\WINDOWS\System32\IMM32.DLL
0x00007ffa7c130000 - 0x00007ffa7c13c000 	C:\Program Files\Microsoft\jdk-17.0.13.11-hotspot\bin\vcruntime140_1.dll
0x00007ffa51710000 - 0x00007ffa5179d000 	C:\Program Files\Microsoft\jdk-17.0.13.11-hotspot\bin\msvcp140.dll
0x00007ffa1e3f0000 - 0x00007ffa1f061000 	C:\Program Files\Microsoft\jdk-17.0.13.11-hotspot\bin\server\jvm.dll
0x00007ffa82310000 - 0x00007ffa823bf000 	C:\WINDOWS\System32\ADVAPI32.dll
0x00007ffa80e90000 - 0x00007ffa80f2f000 	C:\WINDOWS\System32\sechost.dll
0x00007ffa82840000 - 0x00007ffa82963000 	C:\WINDOWS\System32\RPCRT4.dll
0x00007ffa80780000 - 0x00007ffa807a7000 	C:\WINDOWS\System32\bcrypt.dll
0x00007ffa82240000 - 0x00007ffa822ab000 	C:\WINDOWS\System32\WS2_32.dll
0x00007ffa7f590000 - 0x00007ffa7f5db000 	C:\WINDOWS\SYSTEM32\POWRPROF.dll
0x00007ffa69d90000 - 0x00007ffa69db7000 	C:\WINDOWS\SYSTEM32\WINMM.dll
0x00007ffa75800000 - 0x00007ffa7580a000 	C:\WINDOWS\SYSTEM32\VERSION.dll
0x00007ffa7f450000 - 0x00007ffa7f462000 	C:\WINDOWS\SYSTEM32\UMPDC.dll
0x00007ffa7e8c0000 - 0x00007ffa7e8d2000 	C:\WINDOWS\SYSTEM32\kernel.appcore.dll
0x00007ffa7a580000 - 0x00007ffa7a58a000 	C:\Program Files\Microsoft\jdk-17.0.13.11-hotspot\bin\jimage.dll
0x00007ffa7ab30000 - 0x00007ffa7ad14000 	C:\WINDOWS\SYSTEM32\DBGHELP.DLL
0x00007ffa63b80000 - 0x00007ffa63bb4000 	C:\WINDOWS\SYSTEM32\dbgcore.DLL
0x00007ffa80590000 - 0x00007ffa80612000 	C:\WINDOWS\System32\bcryptPrimitives.dll
0x00007ffa625d0000 - 0x00007ffa625de000 	C:\Program Files\Microsoft\jdk-17.0.13.11-hotspot\bin\instrument.dll
0x00007ffa6a6b0000 - 0x00007ffa6a6d5000 	C:\Program Files\Microsoft\jdk-17.0.13.11-hotspot\bin\java.dll
0x00007ffa5d180000 - 0x00007ffa5d257000 	C:\Program Files\Microsoft\jdk-17.0.13.11-hotspot\bin\jsvml.dll
0x00007ffa81710000 - 0x00007ffa81e7d000 	C:\WINDOWS\System32\SHELL32.dll
0x00007ffa7e080000 - 0x00007ffa7e824000 	C:\WINDOWS\SYSTEM32\windows.storage.dll
0x00007ffa81ee0000 - 0x00007ffa82235000 	C:\WINDOWS\System32\combase.dll
0x00007ffa7fa80000 - 0x00007ffa7faaf000 	C:\WINDOWS\SYSTEM32\Wldp.dll
0x00007ffa80dc0000 - 0x00007ffa80e8d000 	C:\WINDOWS\System32\OLEAUT32.dll
0x00007ffa81110000 - 0x00007ffa811bd000 	C:\WINDOWS\System32\SHCORE.dll
0x00007ffa81e80000 - 0x00007ffa81ed5000 	C:\WINDOWS\System32\shlwapi.dll
0x00007ffa7ff80000 - 0x00007ffa7ffa4000 	C:\WINDOWS\SYSTEM32\profapi.dll
0x00007ffa74f40000 - 0x00007ffa74f58000 	C:\Program Files\Microsoft\jdk-17.0.13.11-hotspot\bin\zip.dll
0x00007ffa76c00000 - 0x00007ffa76c1a000 	C:\Program Files\Microsoft\jdk-17.0.13.11-hotspot\bin\net.dll
0x00007ffa7d090000 - 0x00007ffa7d19a000 	C:\WINDOWS\SYSTEM32\WINHTTP.dll
0x00007ffa7f7e0000 - 0x00007ffa7f84c000 	C:\WINDOWS\system32\mswsock.dll
0x00007ffa751a0000 - 0x00007ffa751b6000 	C:\Program Files\Microsoft\jdk-17.0.13.11-hotspot\bin\nio.dll
0x00007ffa6bc50000 - 0x00007ffa6bc60000 	C:\Program Files\Microsoft\jdk-17.0.13.11-hotspot\bin\verify.dll
0x00007ffa5d150000 - 0x00007ffa5d177000 	C:\Users\aliah\.gradle\native\c067742578af261105cb4f569cf0c3c89f3d7b1fecec35dd04571415982c5e48\windows-amd64\native-platform.dll
0x00007ffa19f20000 - 0x00007ffa1a064000 	C:\Users\aliah\.gradle\native\100fb08df4bc3b14c8652ba06237920a3bd2aa13389f12d3474272988ae205f9\windows-amd64\native-platform-file-events.dll
0x00007ffa77d40000 - 0x00007ffa77d4a000 	C:\Program Files\Microsoft\jdk-17.0.13.11-hotspot\bin\management.dll
0x00007ffa77b10000 - 0x00007ffa77b1b000 	C:\Program Files\Microsoft\jdk-17.0.13.11-hotspot\bin\management_ext.dll
0x00007ffa80c10000 - 0x00007ffa80c18000 	C:\WINDOWS\System32\PSAPI.DLL
0x00007ffa7f9d0000 - 0x00007ffa7f9e8000 	C:\WINDOWS\SYSTEM32\CRYPTSP.dll
0x00007ffa7f090000 - 0x00007ffa7f0c4000 	C:\WINDOWS\system32\rsaenh.dll
0x00007ffa7ff00000 - 0x00007ffa7ff2e000 	C:\WINDOWS\SYSTEM32\USERENV.dll
0x00007ffa7f9f0000 - 0x00007ffa7f9fc000 	C:\WINDOWS\SYSTEM32\CRYPTBASE.dll
0x00007ffa7f470000 - 0x00007ffa7f4ab000 	C:\WINDOWS\SYSTEM32\IPHLPAPI.DLL
0x00007ffa80c00000 - 0x00007ffa80c08000 	C:\WINDOWS\System32\NSI.dll
0x00007ffa77740000 - 0x00007ffa77757000 	C:\WINDOWS\SYSTEM32\dhcpcsvc6.DLL
0x00007ffa78030000 - 0x00007ffa7804d000 	C:\WINDOWS\SYSTEM32\dhcpcsvc.DLL
0x00007ffa7f4b0000 - 0x00007ffa7f57a000 	C:\WINDOWS\SYSTEM32\DNSAPI.dll
0x00007ffa75050000 - 0x00007ffa75059000 	C:\Program Files\Microsoft\jdk-17.0.13.11-hotspot\bin\extnet.dll
0x00007ffa77ae0000 - 0x00007ffa77aee000 	C:\Program Files\Microsoft\jdk-17.0.13.11-hotspot\bin\sunmscapi.dll
0x00007ffa80620000 - 0x00007ffa8077c000 	C:\WINDOWS\System32\CRYPT32.dll
0x00007ffa7faf0000 - 0x00007ffa7fb17000 	C:\WINDOWS\SYSTEM32\ncrypt.dll
0x00007ffa7fab0000 - 0x00007ffa7faeb000 	C:\WINDOWS\SYSTEM32\NTASN1.dll
0x00007ffa75bd0000 - 0x00007ffa75bd7000 	C:\WINDOWS\system32\wshunix.dll
0x00007ffa66220000 - 0x00007ffa66237000 	C:\WINDOWS\system32\napinsp.dll
0x00007ffa66110000 - 0x00007ffa6612b000 	C:\WINDOWS\system32\pnrpnsp.dll
0x00007ffa7a030000 - 0x00007ffa7a045000 	C:\WINDOWS\system32\wshbth.dll
0x00007ffa7c410000 - 0x00007ffa7c42d000 	C:\WINDOWS\system32\NLAapi.dll
0x00007ffa660f0000 - 0x00007ffa66102000 	C:\WINDOWS\System32\winrnr.dll
0x0000000057d60000 - 0x0000000057d86000 	C:\Program Files\Bonjour\mdnsNSP.dll
0x00007ffa6dbd0000 - 0x00007ffa6dbda000 	C:\Windows\System32\rasadhlp.dll
0x00007ffa71ae0000 - 0x00007ffa71b60000 	C:\WINDOWS\System32\fwpuclnt.dll

dbghelp: loaded successfully - version: 4.0.5 - missing functions: none
symbol engine: initialized successfully - sym options: 0x614 - pdb path: .;C:\Program Files\Microsoft\jdk-17.0.13.11-hotspot\bin;C:\WINDOWS\SYSTEM32;C:\WINDOWS\WinSxS\amd64_microsoft.windows.common-controls_6595b64144ccf1df_6.0.19041.4355_none_60b8b9eb71f62e16;C:\Program Files\Microsoft\jdk-17.0.13.11-hotspot\bin\server;C:\Users\aliah\.gradle\native\c067742578af261105cb4f569cf0c3c89f3d7b1fecec35dd04571415982c5e48\windows-amd64;C:\Users\aliah\.gradle\native\100fb08df4bc3b14c8652ba06237920a3bd2aa13389f12d3474272988ae205f9\windows-amd64;C:\Program Files\Bonjour

VM Arguments:
jvm_args: --add-opens=java.base/java.lang=ALL-UNNAMED --add-opens=java.base/java.lang.invoke=ALL-UNNAMED --add-opens=java.base/java.util=ALL-UNNAMED --add-opens=java.prefs/java.util.prefs=ALL-UNNAMED --add-exports=jdk.compiler/com.sun.tools.javac.api=ALL-UNNAMED --add-exports=jdk.compiler/com.sun.tools.javac.util=ALL-UNNAMED --add-opens=java.base/java.util=ALL-UNNAMED --add-opens=java.prefs/java.util.prefs=ALL-UNNAMED --add-opens=java.base/java.nio.charset=ALL-UNNAMED --add-opens=java.base/java.net=ALL-UNNAMED --add-opens=java.base/java.util.concurrent.atomic=ALL-UNNAMED --add-opens=java.xml/javax.xml.namespace=ALL-UNNAMED -XX:MaxMetaspaceSize=512m -Xmx4g -Dfile.encoding=windows-1252 -Duser.country=US -Duser.language=en -Duser.variant -javaagent:C:\Users\aliah\.gradle\wrapper\dists\gradle-8.11.1-bin\bpt9gzteqjrbo1mjrsomdt32c\gradle-8.11.1\lib\agents\gradle-instrumentation-agent-8.11.1.jar 
java_command: org.gradle.launcher.daemon.bootstrap.GradleDaemon 8.11.1
java_class_path (initial): C:\Users\aliah\.gradle\wrapper\dists\gradle-8.11.1-bin\bpt9gzteqjrbo1mjrsomdt32c\gradle-8.11.1\lib\gradle-daemon-main-8.11.1.jar
Launcher Type: SUN_STANDARD

[Global flags]
     intx CICompilerCount                          = 3                                         {product} {ergonomic}
   size_t CompressedClassSpaceSize                 = 436207616                                 {product} {ergonomic}
     uint ConcGCThreads                            = 1                                         {product} {ergonomic}
     uint G1ConcRefinementThreads                  = 4                                         {product} {ergonomic}
   size_t G1HeapRegionSize                         = 2097152                                   {product} {ergonomic}
    uintx GCDrainStackTargetSize                   = 64                                        {product} {ergonomic}
   size_t InitialHeapSize                          = 132120576                                 {product} {ergonomic}
   size_t MarkStackSize                            = 4194304                                   {product} {ergonomic}
   size_t MaxHeapSize                              = 4294967296                                {product} {command line}
   size_t MaxMetaspaceSize                         = 536870912                                 {product} {command line}
   size_t MaxNewSize                               = 2575302656                                {product} {ergonomic}
   size_t MinHeapDeltaBytes                        = 2097152                                   {product} {ergonomic}
   size_t MinHeapSize                              = 8388608                                   {product} {ergonomic}
    uintx NonNMethodCodeHeapSize                   = 5832780                                {pd product} {ergonomic}
    uintx NonProfiledCodeHeapSize                  = 122912730                              {pd product} {ergonomic}
    uintx ProfiledCodeHeapSize                     = 122912730                              {pd product} {ergonomic}
    uintx ReservedCodeCacheSize                    = 251658240                              {pd product} {ergonomic}
     bool SegmentedCodeCache                       = true                                      {product} {ergonomic}
   size_t SoftMaxHeapSize                          = 4294967296                             {manageable} {ergonomic}
     bool UseCompressedClassPointers               = true                           {product lp64_product} {ergonomic}
     bool UseCompressedOops                        = true                           {product lp64_product} {ergonomic}
     bool UseG1GC                                  = true                                      {product} {ergonomic}
     bool UseLargePagesIndividualAllocation        = false                                  {pd product} {ergonomic}

Logging:
Log output configuration:
 #0: stdout all=warning uptime,level,tags
 #1: stderr all=off uptime,level,tags

Environment Variables:
JAVA_HOME=C:\Program Files\Microsoft\jdk-17.0.13.11-hotspot\
CLASSPATH=D:\React Native\MyProject\android\\gradle\wrapper\gradle-wrapper.jar
PATH=D:\React Native\MyProject\node_modules\.bin;D:\React Native\MyProject\node_modules\.bin;D:\React Native\node_modules\.bin;D:\node_modules\.bin;C:\Users\aliah\AppData\Roaming\npm\node_modules\npm\node_modules\@npmcli\run-script\lib\node-gyp-bin;D:\React Native\MyProject\node_modules\.bin;D:\React Native\node_modules\.bin;D:\node_modules\.bin;C:\Users\aliah\AppData\Roaming\npm\node_modules\npm\node_modules\@npmcli\run-script\lib\node-gyp-bin;C:\Program Files\Microsoft\jdk-17.0.13.11-hotspot\bin;C:\WINDOWS\system32;C:\WINDOWS;C:\WINDOWS\System32\Wbem;C:\WINDOWS\System32\WindowsPowerShell\v1.0\;C:\WINDOWS\System32\OpenSSH\;C:\Program Files\Git\cmd;C:\Users\aliah\AppData\Local\Android\Sdk\emulator;C:\Users\aliah\AppData\Local\Android\Sdk;C:\Users\aliah\AppData\Local\Android\Sdk\platform-tools;C:\ProgramData\chocolatey\bin;D:\React Native\MyProject\android\gradle-8.11.1\bin;C:\Program Files\nodejs\;C:\Users\aliah\AppData\Local\Microsoft\WindowsApps;C:\Users\aliah\AppData\Local\Programs\Microsoft VS Code\bin;C:\Program Files\Microsoft\jdk-17.0.13.11-hotspot\bin;D:\React Native\MyProject\android\gradle-8.11.1\bin;C:\Users\aliah\AppData\Roaming\npm
USERNAME=aliah
OS=Windows_NT
PROCESSOR_IDENTIFIER=Intel64 Family 6 Model 142 Stepping 9, GenuineIntel
TMP=C:\Users\aliah\AppData\Local\Temp
TEMP=C:\Users\aliah\AppData\Local\Temp



Periodic native trim disabled


---------------  S Y S T E M  ---------------

OS:
 Windows 10 , 64 bit Build 19041 (10.0.19041.5438)
OS uptime: 8 days 16:46 hours

CPU: total 4 (initial active 4) (2 cores per cpu, 2 threads per core) family 6 model 142 stepping 9 microcode 0xf0, cx8, cmov, fxsr, ht, mmx, 3dnowpref, sse, sse2, sse3, ssse3, sse4.1, sse4.2, popcnt, lzcnt, tsc, tscinvbit, avx, avx2, aes, erms, clmul, bmi1, bmi2, adx, fma, vzeroupper, clflush, clflushopt
Processor Information for the first 4 processors :
  Max Mhz: 2904, Current Mhz: 2703, Mhz Limit: 2700

Memory: 4k page, system-wide physical 8042M (338M free)
TotalPageFile size 16362M (AvailPageFile size 82M)
current process WorkingSet (physical memory assigned to process): 490M, peak: 579M
current process commit charge ("private bytes"): 798M, peak: 918M

vm_info: OpenJDK 64-Bit Server VM (17.0.13+11-LTS) for windows-amd64 JRE (17.0.13+11-LTS), built on Oct 11 2024 23:25:05 by "MicrosoftCorporation" with unknown MS VC++:1939

END.
