#
# There is insufficient memory for the Java Runtime Environment to continue.
# Native memory allocation (malloc) failed to allocate 88656 bytes. Error detail: Chunk::new
# Possible reasons:
#   The system is out of physical RAM or swap space
#   This process is running with CompressedOops enabled, and the Java Heap may be blocking the growth of the native heap
# Possible solutions:
#   Reduce memory load on the system
#   Increase physical memory or swap space
#   Check if swap backing store is full
#   Decrease Java heap size (-Xmx/-Xms)
#   Decrease number of Java threads
#   Decrease Java thread stack sizes (-Xss)
#   Set larger code cache with -XX:ReservedCodeCacheSize=
#   JVM is running with Unscaled Compressed Oops mode in which the Java heap is
#     placed in the first 4GB address space. The Java Heap base address is the
#     maximum limit for the native heap growth. Please use -XX:HeapBaseMinAddress
#     to set the Java Heap base and to place the Java Heap above 4GB virtual address.
# This output file may be truncated or incomplete.
#
#  Out of Memory Error (arena.cpp:191), pid=4936, tid=3352
#
# JRE version: OpenJDK Runtime Environment Microsoft-10376486 (17.0.13+11) (build 17.0.13+11-LTS)
# Java VM: OpenJDK 64-Bit Server VM Microsoft-10376486 (17.0.13+11-LTS, mixed mode, sharing, tiered, compressed oops, compressed class ptrs, g1 gc, windows-amd64)
# No core dump will be written. Minidumps are not enabled by default on client versions of Windows
#

---------------  S U M M A R Y ------------

Command Line: -Xmx64m -Xms64m -Dorg.gradle.appname=gradlew org.gradle.wrapper.GradleWrapperMain assembleRelease --stacktrace --info

Host: Intel(R) Core(TM) i7-7500U CPU @ 2.70GHz, 4 cores, 7G,  Windows 10 , 64 bit Build 19041 (10.0.19041.5198)
Time: Tue Feb 11 11:47:57 2025 Pakistan Standard Time elapsed time: 24.994333 seconds (0d 0h 0m 24s)

---------------  T H R E A D  ---------------

Current thread (0x0000020e088f5660):  JavaThread "C2 CompilerThread0" daemon [_thread_in_native, id=3352, stack(0x0000006016400000,0x0000006016500000)]


Current CompileTask:
C2:  24994 1942       4       org.gradle.internal.logging.console.DefaultAnsiExecutor$AnsiContextImpl::<init> (26 bytes)

Stack: [0x0000006016400000,0x0000006016500000]
Native frames: (J=compiled Java code, j=interpreted, Vv=VM code, C=native code)
V  [jvm.dll+0x687fc9]
V  [jvm.dll+0x83eeb8]
V  [jvm.dll+0x840963]
V  [jvm.dll+0x840fd3]
V  [jvm.dll+0x24951f]
V  [jvm.dll+0xad0c4]
V  [jvm.dll+0xad75c]
V  [jvm.dll+0x36aaaf]
V  [jvm.dll+0x335153]
V  [jvm.dll+0x3345ea]
V  [jvm.dll+0x21a748]
V  [jvm.dll+0x219b7f]
V  [jvm.dll+0x1a5506]
V  [jvm.dll+0x22a1ca]
V  [jvm.dll+0x22830b]
V  [jvm.dll+0x7f4708]
V  [jvm.dll+0x7eea6c]
V  [jvm.dll+0x686ea7]
C  [ucrtbase.dll+0x21bb2]
C  [KERNEL32.DLL+0x17374]
C  [ntdll.dll+0x4cc91]


---------------  P R O C E S S  ---------------

Threads class SMR info:
_java_thread_list=0x0000020e67f94340, length=13, elements={
0x0000020e0883c880, 0x0000020e088d2740, 0x0000020e088d3d60, 0x0000020e088eac20,
0x0000020e088ec950, 0x0000020e088efac0, 0x0000020e088f0c20, 0x0000020e088f5660,
0x0000020e088f78c0, 0x0000020e088faa70, 0x0000020e21b1aa30, 0x0000020e21b24220,
0x0000020e6796d930
}

Java Threads: ( => current thread )
  0x0000020e0883c880 JavaThread "main" [_thread_in_native, id=14556, stack(0x0000006015700000,0x0000006015800000)]
  0x0000020e088d2740 JavaThread "Reference Handler" daemon [_thread_blocked, id=4080, stack(0x0000006015e00000,0x0000006015f00000)]
  0x0000020e088d3d60 JavaThread "Finalizer" daemon [_thread_blocked, id=14152, stack(0x0000006015f00000,0x0000006016000000)]
  0x0000020e088eac20 JavaThread "Signal Dispatcher" daemon [_thread_blocked, id=13664, stack(0x0000006016000000,0x0000006016100000)]
  0x0000020e088ec950 JavaThread "Attach Listener" daemon [_thread_blocked, id=11320, stack(0x0000006016100000,0x0000006016200000)]
  0x0000020e088efac0 JavaThread "Service Thread" daemon [_thread_blocked, id=6140, stack(0x0000006016200000,0x0000006016300000)]
  0x0000020e088f0c20 JavaThread "Monitor Deflation Thread" daemon [_thread_blocked, id=1028, stack(0x0000006016300000,0x0000006016400000)]
=>0x0000020e088f5660 JavaThread "C2 CompilerThread0" daemon [_thread_in_native, id=3352, stack(0x0000006016400000,0x0000006016500000)]
  0x0000020e088f78c0 JavaThread "C1 CompilerThread0" daemon [_thread_blocked, id=9452, stack(0x0000006016500000,0x0000006016600000)]
  0x0000020e088faa70 JavaThread "Sweeper thread" daemon [_thread_blocked, id=6160, stack(0x0000006016600000,0x0000006016700000)]
  0x0000020e21b1aa30 JavaThread "Notification Thread" daemon [_thread_blocked, id=14816, stack(0x0000006016700000,0x0000006016800000)]
  0x0000020e21b24220 JavaThread "Common-Cleaner" daemon [_thread_blocked, id=14652, stack(0x0000006016900000,0x0000006016a00000)]
  0x0000020e6796d930 JavaThread "pool-1-thread-1" [_thread_blocked, id=13240, stack(0x0000006016f00000,0x0000006017000000)]

Other Threads:
  0x0000020e088ce910 VMThread "VM Thread" [stack: 0x0000006015d00000,0x0000006015e00000] [id=9140]
  0x0000020e21b1af10 WatcherThread [stack: 0x0000006016800000,0x0000006016900000] [id=10936]
  0x0000020e0885d190 GCTaskThread "GC Thread#0" [stack: 0x0000006015800000,0x0000006015900000] [id=6048]
  0x0000020e21d55a10 GCTaskThread "GC Thread#1" [stack: 0x0000006016b00000,0x0000006016c00000] [id=12932]
  0x0000020e21ce31f0 GCTaskThread "GC Thread#2" [stack: 0x0000006016c00000,0x0000006016d00000] [id=10356]
  0x0000020e21ce34b0 GCTaskThread "GC Thread#3" [stack: 0x0000006016d00000,0x0000006016e00000] [id=12084]
  0x0000020e08862700 ConcurrentGCThread "G1 Main Marker" [stack: 0x0000006015900000,0x0000006015a00000] [id=11472]
  0x0000020e088638c0 ConcurrentGCThread "G1 Conc#0" [stack: 0x0000006015a00000,0x0000006015b00000] [id=2572]
  0x0000020e088b3000 ConcurrentGCThread "G1 Refine#0" [stack: 0x0000006015b00000,0x0000006015c00000] [id=11100]
  0x0000020e6746f040 ConcurrentGCThread "G1 Refine#1" [stack: 0x0000006016e00000,0x0000006016f00000] [id=12828]
  0x0000020e088b3a30 ConcurrentGCThread "G1 Service" [stack: 0x0000006015c00000,0x0000006015d00000] [id=9872]

Threads with active compile tasks:
C2 CompilerThread0    25058 1942       4       org.gradle.internal.logging.console.DefaultAnsiExecutor$AnsiContextImpl::<init> (26 bytes)

VM state: not at safepoint (normal execution)

VM Mutex/Monitor currently owned by a thread: None

Heap address: 0x00000000fc000000, size: 64 MB, Compressed Oops mode: 32-bit

CDS archive(s) mapped at: [0x0000020e22000000-0x0000020e22bb0000-0x0000020e22bb0000), size 12255232, SharedBaseAddress: 0x0000020e22000000, ArchiveRelocationMode: 1.
Compressed class space mapped at: 0x0000020e23000000-0x0000020e63000000, reserved size: 1073741824
Narrow klass base: 0x0000020e22000000, Narrow klass shift: 0, Narrow klass range: 0x100000000

GC Precious Log:
 CPUs: 4 total, 4 available
 Memory: 8042M
 Large Page Support: Disabled
 NUMA Support: Disabled
 Compressed Oops: Enabled (32-bit)
 Heap Region Size: 1M
 Heap Min Capacity: 64M
 Heap Initial Capacity: 64M
 Heap Max Capacity: 64M
 Pre-touch: Disabled
 Parallel Workers: 4
 Concurrent Workers: 1
 Concurrent Refinement Workers: 4
 Periodic GC: Disabled

Heap:
 garbage-first heap   total 65536K, used 23970K [0x00000000fc000000, 0x0000000100000000)
  region size 1024K, 16 young (16384K), 3 survivors (3072K)
 Metaspace       used 10050K, committed 10240K, reserved 1114112K
  class space    used 1312K, committed 1408K, reserved 1048576K

Heap Regions: E=young(eden), S=young(survivor), O=old, HS=humongous(starts), HC=humongous(continues), CS=collection set, F=free, OA=open archive, CA=closed archive, TAMS=top-at-mark-start (previous, next)
|   0|0x00000000fc000000, 0x00000000fc100000, 0x00000000fc100000|100%|HS|  |TAMS 0x00000000fc000000, 0x00000000fc000000| Complete 
|   1|0x00000000fc100000, 0x00000000fc200000, 0x00000000fc200000|100%|HC|  |TAMS 0x00000000fc100000, 0x00000000fc100000| Complete 
|   2|0x00000000fc200000, 0x00000000fc300000, 0x00000000fc300000|100%|HC|  |TAMS 0x00000000fc200000, 0x00000000fc200000| Complete 
|   3|0x00000000fc300000, 0x00000000fc400000, 0x00000000fc400000|100%| O|  |TAMS 0x00000000fc300000, 0x00000000fc300000| Untracked 
|   4|0x00000000fc400000, 0x00000000fc500000, 0x00000000fc500000|100%| O|  |TAMS 0x00000000fc400000, 0x00000000fc400000| Untracked 
|   5|0x00000000fc500000, 0x00000000fc600000, 0x00000000fc600000|100%| O|  |TAMS 0x00000000fc500000, 0x00000000fc500000| Untracked 
|   6|0x00000000fc600000, 0x00000000fc700000, 0x00000000fc700000|100%| O|  |TAMS 0x00000000fc600000, 0x00000000fc600000| Untracked 
|   7|0x00000000fc700000, 0x00000000fc800000, 0x00000000fc800000|100%| O|  |TAMS 0x00000000fc700000, 0x00000000fc700000| Untracked 
|   8|0x00000000fc800000, 0x00000000fc900000, 0x00000000fc900000|100%| O|  |TAMS 0x00000000fc800000, 0x00000000fc800000| Untracked 
|   9|0x00000000fc900000, 0x00000000fc955800, 0x00000000fca00000| 33%| O|  |TAMS 0x00000000fc900000, 0x00000000fc900000| Untracked 
|  10|0x00000000fca00000, 0x00000000fca00000, 0x00000000fcb00000|  0%| F|  |TAMS 0x00000000fca00000, 0x00000000fca00000| Untracked 
|  11|0x00000000fcb00000, 0x00000000fcb00000, 0x00000000fcc00000|  0%| F|  |TAMS 0x00000000fcb00000, 0x00000000fcb00000| Untracked 
|  12|0x00000000fcc00000, 0x00000000fcc00000, 0x00000000fcd00000|  0%| F|  |TAMS 0x00000000fcc00000, 0x00000000fcc00000| Untracked 
|  13|0x00000000fcd00000, 0x00000000fcd00000, 0x00000000fce00000|  0%| F|  |TAMS 0x00000000fcd00000, 0x00000000fcd00000| Untracked 
|  14|0x00000000fce00000, 0x00000000fce00000, 0x00000000fcf00000|  0%| F|  |TAMS 0x00000000fce00000, 0x00000000fce00000| Untracked 
|  15|0x00000000fcf00000, 0x00000000fcf00000, 0x00000000fd000000|  0%| F|  |TAMS 0x00000000fcf00000, 0x00000000fcf00000| Untracked 
|  16|0x00000000fd000000, 0x00000000fd000000, 0x00000000fd100000|  0%| F|  |TAMS 0x00000000fd000000, 0x00000000fd000000| Untracked 
|  17|0x00000000fd100000, 0x00000000fd100000, 0x00000000fd200000|  0%| F|  |TAMS 0x00000000fd100000, 0x00000000fd100000| Untracked 
|  18|0x00000000fd200000, 0x00000000fd200000, 0x00000000fd300000|  0%| F|  |TAMS 0x00000000fd200000, 0x00000000fd200000| Untracked 
|  19|0x00000000fd300000, 0x00000000fd300000, 0x00000000fd400000|  0%| F|  |TAMS 0x00000000fd300000, 0x00000000fd300000| Untracked 
|  20|0x00000000fd400000, 0x00000000fd400000, 0x00000000fd500000|  0%| F|  |TAMS 0x00000000fd400000, 0x00000000fd400000| Untracked 
|  21|0x00000000fd500000, 0x00000000fd500000, 0x00000000fd600000|  0%| F|  |TAMS 0x00000000fd500000, 0x00000000fd500000| Untracked 
|  22|0x00000000fd600000, 0x00000000fd600000, 0x00000000fd700000|  0%| F|  |TAMS 0x00000000fd600000, 0x00000000fd600000| Untracked 
|  23|0x00000000fd700000, 0x00000000fd713068, 0x00000000fd800000|  7%| S|CS|TAMS 0x00000000fd700000, 0x00000000fd700000| Complete 
|  24|0x00000000fd800000, 0x00000000fd900000, 0x00000000fd900000|100%| S|CS|TAMS 0x00000000fd800000, 0x00000000fd800000| Complete 
|  25|0x00000000fd900000, 0x00000000fda00000, 0x00000000fda00000|100%| S|CS|TAMS 0x00000000fd900000, 0x00000000fd900000| Complete 
|  26|0x00000000fda00000, 0x00000000fda00000, 0x00000000fdb00000|  0%| F|  |TAMS 0x00000000fda00000, 0x00000000fda00000| Untracked 
|  27|0x00000000fdb00000, 0x00000000fdb00000, 0x00000000fdc00000|  0%| F|  |TAMS 0x00000000fdb00000, 0x00000000fdb00000| Untracked 
|  28|0x00000000fdc00000, 0x00000000fdc00000, 0x00000000fdd00000|  0%| F|  |TAMS 0x00000000fdc00000, 0x00000000fdc00000| Untracked 
|  29|0x00000000fdd00000, 0x00000000fdd00000, 0x00000000fde00000|  0%| F|  |TAMS 0x00000000fdd00000, 0x00000000fdd00000| Untracked 
|  30|0x00000000fde00000, 0x00000000fde00000, 0x00000000fdf00000|  0%| F|  |TAMS 0x00000000fde00000, 0x00000000fde00000| Untracked 
|  31|0x00000000fdf00000, 0x00000000fdf00000, 0x00000000fe000000|  0%| F|  |TAMS 0x00000000fdf00000, 0x00000000fdf00000| Untracked 
|  32|0x00000000fe000000, 0x00000000fe000000, 0x00000000fe100000|  0%| F|  |TAMS 0x00000000fe000000, 0x00000000fe000000| Untracked 
|  33|0x00000000fe100000, 0x00000000fe100000, 0x00000000fe200000|  0%| F|  |TAMS 0x00000000fe100000, 0x00000000fe100000| Untracked 
|  34|0x00000000fe200000, 0x00000000fe200000, 0x00000000fe300000|  0%| F|  |TAMS 0x00000000fe200000, 0x00000000fe200000| Untracked 
|  35|0x00000000fe300000, 0x00000000fe300000, 0x00000000fe400000|  0%| F|  |TAMS 0x00000000fe300000, 0x00000000fe300000| Untracked 
|  36|0x00000000fe400000, 0x00000000fe400000, 0x00000000fe500000|  0%| F|  |TAMS 0x00000000fe400000, 0x00000000fe400000| Untracked 
|  37|0x00000000fe500000, 0x00000000fe500000, 0x00000000fe600000|  0%| F|  |TAMS 0x00000000fe500000, 0x00000000fe500000| Untracked 
|  38|0x00000000fe600000, 0x00000000fe600000, 0x00000000fe700000|  0%| F|  |TAMS 0x00000000fe600000, 0x00000000fe600000| Untracked 
|  39|0x00000000fe700000, 0x00000000fe700000, 0x00000000fe800000|  0%| F|  |TAMS 0x00000000fe700000, 0x00000000fe700000| Untracked 
|  40|0x00000000fe800000, 0x00000000fe800000, 0x00000000fe900000|  0%| F|  |TAMS 0x00000000fe800000, 0x00000000fe800000| Untracked 
|  41|0x00000000fe900000, 0x00000000fe900000, 0x00000000fea00000|  0%| F|  |TAMS 0x00000000fe900000, 0x00000000fe900000| Untracked 
|  42|0x00000000fea00000, 0x00000000fea00000, 0x00000000feb00000|  0%| F|  |TAMS 0x00000000fea00000, 0x00000000fea00000| Untracked 
|  43|0x00000000feb00000, 0x00000000feb00000, 0x00000000fec00000|  0%| F|  |TAMS 0x00000000feb00000, 0x00000000feb00000| Untracked 
|  44|0x00000000fec00000, 0x00000000fec00000, 0x00000000fed00000|  0%| F|  |TAMS 0x00000000fec00000, 0x00000000fec00000| Untracked 
|  45|0x00000000fed00000, 0x00000000fed00000, 0x00000000fee00000|  0%| F|  |TAMS 0x00000000fed00000, 0x00000000fed00000| Untracked 
|  46|0x00000000fee00000, 0x00000000fee00000, 0x00000000fef00000|  0%| F|  |TAMS 0x00000000fee00000, 0x00000000fee00000| Untracked 
|  47|0x00000000fef00000, 0x00000000fef00000, 0x00000000ff000000|  0%| F|  |TAMS 0x00000000fef00000, 0x00000000fef00000| Untracked 
|  48|0x00000000ff000000, 0x00000000ff000000, 0x00000000ff100000|  0%| F|  |TAMS 0x00000000ff000000, 0x00000000ff000000| Untracked 
|  49|0x00000000ff100000, 0x00000000ff100000, 0x00000000ff200000|  0%| F|  |TAMS 0x00000000ff100000, 0x00000000ff100000| Untracked 
|  50|0x00000000ff200000, 0x00000000ff200000, 0x00000000ff300000|  0%| F|  |TAMS 0x00000000ff200000, 0x00000000ff200000| Untracked 
|  51|0x00000000ff300000, 0x00000000ff389590, 0x00000000ff400000| 53%| E|  |TAMS 0x00000000ff300000, 0x00000000ff300000| Complete 
|  52|0x00000000ff400000, 0x00000000ff500000, 0x00000000ff500000|100%| E|CS|TAMS 0x00000000ff400000, 0x00000000ff400000| Complete 
|  53|0x00000000ff500000, 0x00000000ff600000, 0x00000000ff600000|100%| E|CS|TAMS 0x00000000ff500000, 0x00000000ff500000| Complete 
|  54|0x00000000ff600000, 0x00000000ff700000, 0x00000000ff700000|100%| E|CS|TAMS 0x00000000ff600000, 0x00000000ff600000| Complete 
|  55|0x00000000ff700000, 0x00000000ff800000, 0x00000000ff800000|100%| E|CS|TAMS 0x00000000ff700000, 0x00000000ff700000| Complete 
|  56|0x00000000ff800000, 0x00000000ff900000, 0x00000000ff900000|100%| E|CS|TAMS 0x00000000ff800000, 0x00000000ff800000| Complete 
|  57|0x00000000ff900000, 0x00000000ffa00000, 0x00000000ffa00000|100%| E|CS|TAMS 0x00000000ff900000, 0x00000000ff900000| Complete 
|  58|0x00000000ffa00000, 0x00000000ffb00000, 0x00000000ffb00000|100%| E|CS|TAMS 0x00000000ffa00000, 0x00000000ffa00000| Complete 
|  59|0x00000000ffb00000, 0x00000000ffc00000, 0x00000000ffc00000|100%| E|CS|TAMS 0x00000000ffb00000, 0x00000000ffb00000| Complete 
|  60|0x00000000ffc00000, 0x00000000ffd00000, 0x00000000ffd00000|100%| E|CS|TAMS 0x00000000ffc00000, 0x00000000ffc00000| Complete 
|  61|0x00000000ffd00000, 0x00000000ffe00000, 0x00000000ffe00000|100%| E|CS|TAMS 0x00000000ffd00000, 0x00000000ffd00000| Complete 
|  62|0x00000000ffe00000, 0x00000000fff00000, 0x00000000fff00000|100%| E|CS|TAMS 0x00000000ffe00000, 0x00000000ffe00000| Complete 
|  63|0x00000000fff00000, 0x0000000100000000, 0x0000000100000000|100%| E|CS|TAMS 0x00000000fff00000, 0x00000000fff00000| Complete 

Card table byte_map: [0x0000020e06700000,0x0000020e06720000] _byte_map_base: 0x0000020e05f20000

Marking Bits (Prev, Next): (CMBitMap*) 0x0000020e0885d7b0, (CMBitMap*) 0x0000020e0885d7f0
 Prev Bits: [0x0000020e08630000, 0x0000020e08730000)
 Next Bits: [0x0000020e1f380000, 0x0000020e1f480000)

Polling page: 0x0000020e066b0000

Metaspace:

Usage:
  Non-class:      8.53 MB used.
      Class:      1.28 MB used.
       Both:      9.82 MB used.

Virtual space:
  Non-class space:       64.00 MB reserved,       8.62 MB ( 13%) committed,  1 nodes.
      Class space:        1.00 GB reserved,       1.38 MB ( <1%) committed,  1 nodes.
             Both:        1.06 GB reserved,      10.00 MB ( <1%) committed. 

Chunk freelists:
   Non-Class:  7.27 MB
       Class:  14.45 MB
        Both:  21.72 MB

MaxMetaspaceSize: unlimited
CompressedClassSpaceSize: 1.00 GB
Initial GC threshold: 21.00 MB
Current GC threshold: 21.00 MB
CDS: on
MetaspaceReclaimPolicy: balanced
 - commit_granule_bytes: 65536.
 - commit_granule_words: 8192.
 - virtual_space_node_default_size: 8388608.
 - enlarge_chunks_in_place: 1.
 - new_chunks_are_fully_committed: 0.
 - uncommit_free_chunks: 1.
 - use_allocation_guard: 0.
 - handle_deallocations: 1.


Internal statistics:

num_allocs_failed_limit: 0.
num_arena_births: 74.
num_arena_deaths: 0.
num_vsnodes_births: 2.
num_vsnodes_deaths: 0.
num_space_committed: 160.
num_space_uncommitted: 0.
num_chunks_returned_to_freelist: 0.
num_chunks_taken_from_freelist: 357.
num_chunk_merges: 0.
num_chunk_splits: 237.
num_chunks_enlarged: 194.
num_inconsistent_stats: 0.

CodeHeap 'non-profiled nmethods': size=120000Kb used=1016Kb max_used=1016Kb free=118983Kb
 bounds [0x0000020e17e50000, 0x0000020e180c0000, 0x0000020e1f380000]
CodeHeap 'profiled nmethods': size=120000Kb used=3545Kb max_used=3545Kb free=116454Kb
 bounds [0x0000020e10380000, 0x0000020e10700000, 0x0000020e178b0000]
CodeHeap 'non-nmethods': size=5760Kb used=1173Kb max_used=1243Kb free=4586Kb
 bounds [0x0000020e178b0000, 0x0000020e17b20000, 0x0000020e17e50000]
 total_blobs=2410 nmethods=1941 adapters=382
 compilation: enabled
              stopped_count=0, restarted_count=0
 full_count=0

Compilation events (20 events):
Event: 21.091 Thread 0x0000020e088f78c0 nmethod 1932 0x0000020e106f3890 code [0x0000020e106f3a20, 0x0000020e106f3b48]
Event: 21.785 Thread 0x0000020e088f78c0 1933       3       java.util.LinkedHashMap::values (25 bytes)
Event: 21.785 Thread 0x0000020e088f78c0 nmethod 1933 0x0000020e106f3c10 code [0x0000020e106f3dc0, 0x0000020e106f4138]
Event: 21.785 Thread 0x0000020e088f78c0 1934       3       java.lang.Enum::equals (11 bytes)
Event: 21.785 Thread 0x0000020e088f78c0 nmethod 1934 0x0000020e106f4290 code [0x0000020e106f4420, 0x0000020e106f4578]
Event: 21.990 Thread 0x0000020e088f78c0 1935       3       java.util.LinkedHashMap$LinkedValues::iterator (12 bytes)
Event: 21.991 Thread 0x0000020e088f78c0 nmethod 1935 0x0000020e106f4610 code [0x0000020e106f47c0, 0x0000020e106f4b78]
Event: 21.991 Thread 0x0000020e088f78c0 1936       3       java.util.LinkedHashMap$LinkedValueIterator::<init> (11 bytes)
Event: 21.991 Thread 0x0000020e088f78c0 nmethod 1936 0x0000020e106f4c90 code [0x0000020e106f4e40, 0x0000020e106f5158]
Event: 22.379 Thread 0x0000020e088f78c0 1937       3       com.google.common.collect.UnmodifiableIterator::<init> (5 bytes)
Event: 22.379 Thread 0x0000020e088f78c0 nmethod 1937 0x0000020e106f5290 code [0x0000020e106f5420, 0x0000020e106f5578]
Event: 22.489 Thread 0x0000020e088f78c0 1938       3       java.util.ArrayDeque$DeqIterator::hasNext (13 bytes)
Event: 22.490 Thread 0x0000020e088f78c0 nmethod 1938 0x0000020e106f5610 code [0x0000020e106f57a0, 0x0000020e106f58f8]
Event: 22.690 Thread 0x0000020e088f78c0 1939       3       java.util.concurrent.ScheduledThreadPoolExecutor$ScheduledFutureTask::isPeriodic (15 bytes)
Event: 22.691 Thread 0x0000020e088f78c0 nmethod 1939 0x0000020e106f5990 code [0x0000020e106f5b20, 0x0000020e106f5c98]
Event: 22.786 Thread 0x0000020e088f78c0 1940       3       org.gradle.internal.logging.console.DefaultAnsiExecutor$AnsiContextImpl::cursorAt (14 bytes)
Event: 22.786 Thread 0x0000020e088f78c0 nmethod 1940 0x0000020e106f5d10 code [0x0000020e106f5ec0, 0x0000020e106f6068]
Event: 23.790 Thread 0x0000020e088f78c0 1941       3       jdk.internal.misc.Unsafe::putReferenceOpaque (9 bytes)
Event: 23.790 Thread 0x0000020e088f78c0 nmethod 1941 0x0000020e106f6190 code [0x0000020e106f6320, 0x0000020e106f6478]
Event: 24.982 Thread 0x0000020e088f5660 1942       4       org.gradle.internal.logging.console.DefaultAnsiExecutor$AnsiContextImpl::<init> (26 bytes)

GC Heap History (6 events):
Event: 0.562 GC heap before
{Heap before GC invocations=0 (full 0):
 garbage-first heap   total 65536K, used 13312K [0x00000000fc000000, 0x0000000100000000)
  region size 1024K, 13 young (13312K), 0 survivors (0K)
 Metaspace       used 1652K, committed 1792K, reserved 1114112K
  class space    used 157K, committed 192K, reserved 1048576K
}
Event: 0.565 GC heap after
{Heap after GC invocations=1 (full 0):
 garbage-first heap   total 65536K, used 1536K [0x00000000fc000000, 0x0000000100000000)
  region size 1024K, 2 young (2048K), 2 survivors (2048K)
 Metaspace       used 1652K, committed 1792K, reserved 1114112K
  class space    used 157K, committed 192K, reserved 1048576K
}
Event: 1.058 GC heap before
{Heap before GC invocations=1 (full 0):
 garbage-first heap   total 65536K, used 22016K [0x00000000fc000000, 0x0000000100000000)
  region size 1024K, 20 young (20480K), 2 survivors (2048K)
 Metaspace       used 2844K, committed 3008K, reserved 1114112K
  class space    used 308K, committed 384K, reserved 1048576K
}
Event: 1.066 GC heap after
{Heap after GC invocations=2 (full 0):
 garbage-first heap   total 65536K, used 9485K [0x00000000fc000000, 0x0000000100000000)
  region size 1024K, 3 young (3072K), 3 survivors (3072K)
 Metaspace       used 2844K, committed 3008K, reserved 1114112K
  class space    used 308K, committed 384K, reserved 1048576K
}
Event: 5.366 GC heap before
{Heap before GC invocations=2 (full 0):
 garbage-first heap   total 65536K, used 45325K [0x00000000fc000000, 0x0000000100000000)
  region size 1024K, 38 young (38912K), 3 survivors (3072K)
 Metaspace       used 9986K, committed 10176K, reserved 1114112K
  class space    used 1312K, committed 1408K, reserved 1048576K
}
Event: 5.374 GC heap after
{Heap after GC invocations=3 (full 0):
 garbage-first heap   total 65536K, used 11682K [0x00000000fc000000, 0x0000000100000000)
  region size 1024K, 3 young (3072K), 3 survivors (3072K)
 Metaspace       used 9986K, committed 10176K, reserved 1114112K
  class space    used 1312K, committed 1408K, reserved 1048576K
}

Dll operation events (13 events):
Event: 0.022 Loaded shared library C:\Program Files\Microsoft\jdk-17.0.13.11-hotspot\bin\java.dll
Event: 0.080 Loaded shared library C:\Program Files\Microsoft\jdk-17.0.13.11-hotspot\bin\jsvml.dll
Event: 0.182 Loaded shared library C:\Program Files\Microsoft\jdk-17.0.13.11-hotspot\bin\net.dll
Event: 0.185 Loaded shared library C:\Program Files\Microsoft\jdk-17.0.13.11-hotspot\bin\nio.dll
Event: 0.191 Loaded shared library C:\Program Files\Microsoft\jdk-17.0.13.11-hotspot\bin\zip.dll
Event: 0.199 Loaded shared library C:\Program Files\Microsoft\jdk-17.0.13.11-hotspot\bin\verify.dll
Event: 0.634 Loaded shared library C:\Program Files\Microsoft\jdk-17.0.13.11-hotspot\bin\jimage.dll
Event: 1.201 Loaded shared library C:\Program Files\Microsoft\jdk-17.0.13.11-hotspot\bin\management.dll
Event: 1.202 Loaded shared library C:\Program Files\Microsoft\jdk-17.0.13.11-hotspot\bin\management_ext.dll
Event: 1.318 Loaded shared library C:\Users\aliah\.gradle\native\c067742578af261105cb4f569cf0c3c89f3d7b1fecec35dd04571415982c5e48\windows-amd64\native-platform.dll
Event: 1.346 Loaded shared library C:\Users\aliah\.gradle\native\jansi\1.18\windows64\jansi.dll
Event: 1.990 Loaded shared library C:\Program Files\Microsoft\jdk-17.0.13.11-hotspot\bin\extnet.dll
Event: 2.148 Loaded shared library C:\Program Files\Microsoft\jdk-17.0.13.11-hotspot\bin\sunmscapi.dll

Deoptimization events (20 events):
Event: 7.796 Thread 0x0000020e0883c880 Uncommon trap: trap_request=0xffffff45 fr.pc=0x0000020e17f13560 relative=0x0000000000000ce0
Event: 7.796 Thread 0x0000020e0883c880 Uncommon trap: reason=unstable_if action=reinterpret pc=0x0000020e17f13560 method=com.esotericsoftware.kryo.io.Input.readUtf8Length(I)I @ 46 c2
Event: 7.796 Thread 0x0000020e0883c880 DEOPT PACKING pc=0x0000020e17f13560 sp=0x00000060157fcf00
Event: 7.796 Thread 0x0000020e0883c880 DEOPT UNPACKING pc=0x0000020e179069a3 sp=0x00000060157fce58 mode 2
Event: 10.086 Thread 0x0000020e6796d930 Uncommon trap: trap_request=0xffffff45 fr.pc=0x0000020e17f05af0 relative=0x00000000000013f0
Event: 10.086 Thread 0x0000020e6796d930 Uncommon trap: reason=unstable_if action=reinterpret pc=0x0000020e17f05af0 method=org.gradle.internal.logging.text.AbstractLineChoppingStyledTextOutput$2.execute(Lorg/gradle/internal/logging/text/AbstractLineChoppingStyledTextOutput$StateContext;)V @ 34 c
Event: 10.086 Thread 0x0000020e6796d930 DEOPT PACKING pc=0x0000020e17f05af0 sp=0x0000006016ffe990
Event: 10.086 Thread 0x0000020e6796d930 DEOPT UNPACKING pc=0x0000020e179069a3 sp=0x0000006016ffe7e8 mode 2
Event: 10.086 Thread 0x0000020e6796d930 Uncommon trap: trap_request=0xffffff45 fr.pc=0x0000020e17ef9be8 relative=0x0000000000000568
Event: 10.086 Thread 0x0000020e6796d930 Uncommon trap: reason=unstable_if action=reinterpret pc=0x0000020e17ef9be8 method=org.gradle.internal.logging.text.AbstractLineChoppingStyledTextOutput$2.execute(Lorg/gradle/internal/logging/text/AbstractLineChoppingStyledTextOutput$StateContext;)V @ 34 c
Event: 10.086 Thread 0x0000020e6796d930 DEOPT PACKING pc=0x0000020e17ef9be8 sp=0x0000006016ffe670
Event: 10.086 Thread 0x0000020e6796d930 DEOPT UNPACKING pc=0x0000020e179069a3 sp=0x0000006016ffe508 mode 2
Event: 10.581 Thread 0x0000020e6796d930 Uncommon trap: trap_request=0xffffff45 fr.pc=0x0000020e17f46f74 relative=0x0000000000001694
Event: 10.581 Thread 0x0000020e6796d930 Uncommon trap: reason=unstable_if action=reinterpret pc=0x0000020e17f46f74 method=com.google.common.base.Objects.equal(Ljava/lang/Object;Ljava/lang/Object;)Z @ 2 c2
Event: 10.581 Thread 0x0000020e6796d930 DEOPT PACKING pc=0x0000020e17f46f74 sp=0x0000006016ffede0
Event: 10.581 Thread 0x0000020e6796d930 DEOPT UNPACKING pc=0x0000020e179069a3 sp=0x0000006016ffeb70 mode 2
Event: 10.581 Thread 0x0000020e6796d930 Uncommon trap: trap_request=0xffffff45 fr.pc=0x0000020e17efaa4c relative=0x000000000000056c
Event: 10.581 Thread 0x0000020e6796d930 Uncommon trap: reason=unstable_if action=reinterpret pc=0x0000020e17efaa4c method=org.gradle.internal.logging.text.AbstractLineChoppingStyledTextOutput$2.execute(Lorg/gradle/internal/logging/text/AbstractLineChoppingStyledTextOutput$StateContext;)V @ 34 c
Event: 10.581 Thread 0x0000020e6796d930 DEOPT PACKING pc=0x0000020e17efaa4c sp=0x0000006016ffe870
Event: 10.581 Thread 0x0000020e6796d930 DEOPT UNPACKING pc=0x0000020e179069a3 sp=0x0000006016ffe770 mode 2

Classes loaded (20 events):
Event: 2.379 Loading class jdk/internal/logger/LoggerFinderLoader$TemporaryLoggerFinder
Event: 2.379 Loading class jdk/internal/logger/LoggerFinderLoader$TemporaryLoggerFinder done
Event: 2.380 Loading class sun/util/logging/internal/LoggingProviderImpl$JULWrapper
Event: 2.380 Loading class sun/util/logging/PlatformLogger$ConfigurableBridge$LoggerConfiguration
Event: 2.380 Loading class sun/util/logging/PlatformLogger$ConfigurableBridge$LoggerConfiguration done
Event: 2.381 Loading class sun/util/logging/internal/LoggingProviderImpl$JULWrapper done
Event: 2.382 Loading class java/io/ObjectInputFilter
Event: 2.382 Loading class java/io/ObjectInputFilter done
Event: 2.384 Loading class java/io/ObjectInputFilter$Config$BuiltinFilterFactory
Event: 2.384 Loading class java/io/ObjectInputFilter$Config$BuiltinFilterFactory done
Event: 2.384 Loading class jdk/internal/access/JavaObjectInputFilterAccess
Event: 2.384 Loading class jdk/internal/access/JavaObjectInputFilterAccess done
Event: 2.390 Loading class java/lang/System$Logger$Level
Event: 2.390 Loading class java/lang/System$Logger$Level done
Event: 2.391 Loading class java/io/Bits
Event: 2.391 Loading class java/io/Bits done
Event: 3.894 Loading class java/util/ArrayList$ListItr
Event: 3.894 Loading class java/util/ArrayList$ListItr done
Event: 5.651 Loading class jdk/internal/access/foreign/MemorySegmentProxy
Event: 5.656 Loading class jdk/internal/access/foreign/MemorySegmentProxy done

Classes unloaded (0 events):
No events

Classes redefined (0 events):
No events

Internal exceptions (20 events):
Event: 1.199 Thread 0x0000020e0883c880 Exception <a 'java/lang/NoSuchMethodError'{0x00000000ffba90f8}: 'java.lang.Object java.lang.invoke.DirectMethodHandle$Holder.invokeStaticInit(java.lang.Object)'> (0x00000000ffba90f8) 
thrown [s\src\hotspot\share\interpreter\linkResolver.cpp, line 759]
Event: 1.208 Thread 0x0000020e0883c880 Exception <a 'java/lang/NoSuchMethodError'{0x00000000ffbc3ee8}: 'int java.lang.invoke.DirectMethodHandle$Holder.invokeSpecial(java.lang.Object, java.lang.Object, java.lang.Object)'> (0x00000000ffbc3ee8) 
thrown [s\src\hotspot\share\interpreter\linkResolver.cpp, line 759]
Event: 1.244 Thread 0x0000020e0883c880 Exception <a 'java/lang/NoSuchMethodError'{0x00000000ff920e88}: 'void java.lang.invoke.DirectMethodHandle$Holder.invokeStatic(java.lang.Object, java.lang.Object)'> (0x00000000ff920e88) 
thrown [s\src\hotspot\share\interpreter\linkResolver.cpp, line 759]
Event: 1.245 Thread 0x0000020e0883c880 Implicit null exception at 0x0000020e17eb658f to 0x0000020e17eb6b0c
Event: 1.245 Thread 0x0000020e0883c880 Implicit null exception at 0x0000020e17e9ad0f to 0x0000020e17e9b29c
Event: 1.245 Thread 0x0000020e0883c880 Implicit null exception at 0x0000020e17e8308f to 0x0000020e17e83109
Event: 1.273 Thread 0x0000020e0883c880 Exception <a 'java/lang/NoClassDefFoundError'{0x00000000ff9a6c88}: org/slf4j/impl/StaticMarkerBinder> (0x00000000ff9a6c88) 
thrown [s\src\hotspot\share\classfile\systemDictionary.cpp, line 245]
Event: 1.292 Thread 0x0000020e0883c880 Exception <a 'java/lang/NoSuchMethodError'{0x00000000ff856318}: 'java.lang.Object java.lang.invoke.Invokers$Holder.invoker(java.lang.Object, java.lang.Object, java.lang.Object)'> (0x00000000ff856318) 
thrown [s\src\hotspot\share\interpreter\linkResolver.cpp, line 759]
Event: 1.293 Thread 0x0000020e0883c880 Exception <a 'java/lang/NoSuchMethodError'{0x00000000ff85f4f0}: 'java.lang.Object java.lang.invoke.DirectMethodHandle$Holder.invokeStatic(java.lang.Object, java.lang.Object, int)'> (0x00000000ff85f4f0) 
thrown [s\src\hotspot\share\interpreter\linkResolver.cpp, line 759]
Event: 1.294 Thread 0x0000020e0883c880 Exception <a 'java/lang/NoSuchMethodError'{0x00000000ff86b1e0}: 'void java.lang.invoke.DelegatingMethodHandle$Holder.delegate(java.lang.Object, java.lang.Object, int, java.lang.Object)'> (0x00000000ff86b1e0) 
thrown [s\src\hotspot\share\interpreter\linkResolver.cpp, line 759]
Event: 1.298 Thread 0x0000020e0883c880 Exception <a 'java/lang/NoSuchMethodError'{0x00000000ff87e8a8}: 'java.lang.Object java.lang.invoke.Invokers$Holder.invokeExact_MT(java.lang.Object, java.lang.Object, java.lang.Object, java.lang.Object)'> (0x00000000ff87e8a8) 
thrown [s\src\hotspot\share\interpreter\linkResolver.cpp, line 759]
Event: 1.307 Thread 0x0000020e0883c880 Exception <a 'java/lang/NoSuchMethodError'{0x00000000ff8aa3b0}: 'java.lang.Object java.lang.invoke.DirectMethodHandle$Holder.invokeVirtual(java.lang.Object, java.lang.Object, java.lang.Object)'> (0x00000000ff8aa3b0) 
thrown [s\src\hotspot\share\interpreter\linkResolver.cpp, line 759]
Event: 1.422 Thread 0x0000020e0883c880 Exception <a 'java/lang/NoSuchMethodError'{0x00000000ff4d71b0}: 'java.lang.Object java.lang.invoke.DirectMethodHandle$Holder.newInvokeSpecial(java.lang.Object, java.lang.Object, java.lang.Object, java.lang.Object, java.lang.Object)'> (0x00000000ff4d71b0) 
thrown [s\src\hotspot\share\interpreter\linkResolver.cpp, line 759]
Event: 1.447 Thread 0x0000020e0883c880 Exception <a 'java/lang/NoSuchMethodError'{0x00000000ff3ea1d0}: 'void java.lang.invoke.DirectMethodHandle$Holder.invokeSpecial(java.lang.Object, java.lang.Object, java.lang.Object)'> (0x00000000ff3ea1d0) 
thrown [s\src\hotspot\share\interpreter\linkResolver.cpp, line 759]
Event: 1.472 Thread 0x0000020e0883c880 Exception <a 'java/lang/NoSuchMethodError'{0x00000000ff2cd4c0}: 'int java.lang.invoke.DirectMethodHandle$Holder.invokeVirtual(java.lang.Object, java.lang.Object, java.lang.Object)'> (0x00000000ff2cd4c0) 
thrown [s\src\hotspot\share\interpreter\linkResolver.cpp, line 759]
Event: 1.536 Thread 0x0000020e0883c880 Exception <a 'java/lang/NoSuchMethodError'{0x00000000fefefc08}: 'java.lang.Object java.lang.invoke.DirectMethodHandle$Holder.invokeSpecialIFC(java.lang.Object, java.lang.Object, java.lang.Object, java.lang.Object)'> (0x00000000fefefc08) 
thrown [s\src\hotspot\share\interpreter\linkResolver.cpp, line 759]
Event: 1.588 Thread 0x0000020e0883c880 Exception <a 'java/lang/NoSuchMethodError'{0x00000000fecb8a60}: 'java.lang.Object java.lang.invoke.DirectMethodHandle$Holder.invokeStaticInit(java.lang.Object, int, int, int, int)'> (0x00000000fecb8a60) 
thrown [s\src\hotspot\share\interpreter\linkResolver.cpp, line 759]
Event: 1.659 Thread 0x0000020e0883c880 Exception <a 'java/lang/NoSuchMethodError'{0x00000000fe8051c8}: 'java.lang.Object java.lang.invoke.DirectMethodHandle$Holder.invokeStaticInit(java.lang.Object, java.lang.Object, int, int, int, int)'> (0x00000000fe8051c8) 
thrown [s\src\hotspot\share\interpreter\linkResolver.cpp, line 759]
Event: 1.997 Thread 0x0000020e0883c880 Exception <a 'java/lang/NoSuchMethodError'{0x00000000fe838438}: 'void java.lang.invoke.DirectMethodHandle$Holder.invokeStatic(java.lang.Object, java.lang.Object, java.lang.Object)'> (0x00000000fe838438) 
thrown [s\src\hotspot\share\interpreter\linkResolver.cpp, line 759]
Event: 2.081 Thread 0x0000020e0883c880 Implicit null exception at 0x0000020e17e96572 to 0x0000020e17e96b8c

VM Operations (20 events):
Event: 7.377 Executing VM operation: Cleanup
Event: 7.377 Executing VM operation: Cleanup done
Event: 8.391 Executing VM operation: Cleanup
Event: 8.391 Executing VM operation: Cleanup done
Event: 10.410 Executing VM operation: Cleanup
Event: 10.410 Executing VM operation: Cleanup done
Event: 11.410 Executing VM operation: Cleanup
Event: 11.410 Executing VM operation: Cleanup done
Event: 14.450 Executing VM operation: Cleanup
Event: 14.450 Executing VM operation: Cleanup done
Event: 15.463 Executing VM operation: Cleanup
Event: 15.463 Executing VM operation: Cleanup done
Event: 16.478 Executing VM operation: Cleanup
Event: 16.478 Executing VM operation: Cleanup done
Event: 19.502 Executing VM operation: Cleanup
Event: 19.502 Executing VM operation: Cleanup done
Event: 20.510 Executing VM operation: Cleanup
Event: 20.510 Executing VM operation: Cleanup done
Event: 23.521 Executing VM operation: Cleanup
Event: 23.521 Executing VM operation: Cleanup done

Memory protections (0 events):
No events

Nmethod flushes (0 events):
No events

Events (17 events):
Event: 0.081 Thread 0x0000020e0883c880 Thread added: 0x0000020e0883c880
Event: 0.089 Thread 0x0000020e0883c880 Thread added: 0x0000020e088d2740
Event: 0.090 Thread 0x0000020e0883c880 Thread added: 0x0000020e088d3d60
Event: 0.124 Thread 0x0000020e0883c880 Thread added: 0x0000020e088eac20
Event: 0.125 Thread 0x0000020e0883c880 Thread added: 0x0000020e088ec950
Event: 0.125 Thread 0x0000020e0883c880 Thread added: 0x0000020e088efac0
Event: 0.126 Thread 0x0000020e0883c880 Thread added: 0x0000020e088f0c20
Event: 0.126 Thread 0x0000020e0883c880 Thread added: 0x0000020e088f5660
Event: 0.126 Thread 0x0000020e0883c880 Thread added: 0x0000020e088f78c0
Event: 0.127 Thread 0x0000020e0883c880 Thread added: 0x0000020e088faa70
Event: 0.170 Thread 0x0000020e0883c880 Thread added: 0x0000020e21b1aa30
Event: 0.176 Thread 0x0000020e0883c880 Thread added: 0x0000020e21b24220
Event: 0.457 Thread 0x0000020e088f78c0 Thread added: 0x0000020e21cb8ac0
Event: 1.378 Thread 0x0000020e0883c880 Thread added: 0x0000020e6796d930
Event: 1.974 Thread 0x0000020e21cb8ac0 Thread exited: 0x0000020e21cb8ac0
Event: 2.220 Thread 0x0000020e088f78c0 Thread added: 0x0000020e6711db20
Event: 2.488 Thread 0x0000020e6711db20 Thread exited: 0x0000020e6711db20


Dynamic libraries:
0x00007ff68c410000 - 0x00007ff68c41e000 	C:\Program Files\Microsoft\jdk-17.0.13.11-hotspot\bin\java.exe
0x00007fff7e1f0000 - 0x00007fff7e3e8000 	C:\WINDOWS\SYSTEM32\ntdll.dll
0x00007fff7c200000 - 0x00007fff7c2c2000 	C:\WINDOWS\System32\KERNEL32.DLL
0x00007fff7ba80000 - 0x00007fff7bd7f000 	C:\WINDOWS\System32\KERNELBASE.dll
0x00007fff7bf60000 - 0x00007fff7c060000 	C:\WINDOWS\System32\ucrtbase.dll
0x00007fff5b6e0000 - 0x00007fff5b6fd000 	C:\Program Files\Microsoft\jdk-17.0.13.11-hotspot\bin\VCRUNTIME140.dll
0x00007fff670e0000 - 0x00007fff670f7000 	C:\Program Files\Microsoft\jdk-17.0.13.11-hotspot\bin\jli.dll
0x00007fff7dd60000 - 0x00007fff7defd000 	C:\WINDOWS\System32\USER32.dll
0x00007fff606f0000 - 0x00007fff6098a000 	C:\WINDOWS\WinSxS\amd64_microsoft.windows.common-controls_6595b64144ccf1df_6.0.19041.4355_none_60b8b9eb71f62e16\COMCTL32.dll
0x00007fff7bea0000 - 0x00007fff7bec2000 	C:\WINDOWS\System32\win32u.dll
0x00007fff7dcc0000 - 0x00007fff7dd5e000 	C:\WINDOWS\System32\msvcrt.dll
0x00007fff7d8d0000 - 0x00007fff7d8fb000 	C:\WINDOWS\System32\GDI32.dll
0x00007fff7bd80000 - 0x00007fff7be97000 	C:\WINDOWS\System32\gdi32full.dll
0x00007fff7b9e0000 - 0x00007fff7ba7d000 	C:\WINDOWS\System32\msvcp_win.dll
0x00007fff7dad0000 - 0x00007fff7daff000 	C:\WINDOWS\System32\IMM32.DLL
0x00007fff6faf0000 - 0x00007fff6fafc000 	C:\Program Files\Microsoft\jdk-17.0.13.11-hotspot\bin\vcruntime140_1.dll
0x00007fff47bd0000 - 0x00007fff47c5d000 	C:\Program Files\Microsoft\jdk-17.0.13.11-hotspot\bin\msvcp140.dll
0x00007fff2b230000 - 0x00007fff2bea1000 	C:\Program Files\Microsoft\jdk-17.0.13.11-hotspot\bin\server\jvm.dll
0x00007fff7c2d0000 - 0x00007fff7c381000 	C:\WINDOWS\System32\ADVAPI32.dll
0x00007fff7d900000 - 0x00007fff7d99f000 	C:\WINDOWS\System32\sechost.dll
0x00007fff7d9a0000 - 0x00007fff7dac3000 	C:\WINDOWS\System32\RPCRT4.dll
0x00007fff7c1d0000 - 0x00007fff7c1f7000 	C:\WINDOWS\System32\bcrypt.dll
0x00007fff7ccb0000 - 0x00007fff7cd1b000 	C:\WINDOWS\System32\WS2_32.dll
0x00007fff7ace0000 - 0x00007fff7ad2b000 	C:\WINDOWS\SYSTEM32\POWRPROF.dll
0x00007fff646e0000 - 0x00007fff64707000 	C:\WINDOWS\SYSTEM32\WINMM.dll
0x00007fff6d6b0000 - 0x00007fff6d6ba000 	C:\WINDOWS\SYSTEM32\VERSION.dll
0x00007fff7ac80000 - 0x00007fff7ac92000 	C:\WINDOWS\SYSTEM32\UMPDC.dll
0x00007fff7a310000 - 0x00007fff7a322000 	C:\WINDOWS\SYSTEM32\kernel.appcore.dll
0x00007fff69700000 - 0x00007fff6970a000 	C:\Program Files\Microsoft\jdk-17.0.13.11-hotspot\bin\jimage.dll
0x00007fff77210000 - 0x00007fff773f4000 	C:\WINDOWS\SYSTEM32\DBGHELP.DLL
0x00007fff5d520000 - 0x00007fff5d554000 	C:\WINDOWS\SYSTEM32\dbgcore.DLL
0x00007fff7bed0000 - 0x00007fff7bf52000 	C:\WINDOWS\System32\bcryptPrimitives.dll
0x00007fff59700000 - 0x00007fff59725000 	C:\Program Files\Microsoft\jdk-17.0.13.11-hotspot\bin\java.dll
0x00007fff41cb0000 - 0x00007fff41d87000 	C:\Program Files\Microsoft\jdk-17.0.13.11-hotspot\bin\jsvml.dll
0x00007fff7c390000 - 0x00007fff7cafe000 	C:\WINDOWS\System32\SHELL32.dll
0x00007fff798b0000 - 0x00007fff7a054000 	C:\WINDOWS\SYSTEM32\windows.storage.dll
0x00007fff7d3e0000 - 0x00007fff7d735000 	C:\WINDOWS\System32\combase.dll
0x00007fff7b2b0000 - 0x00007fff7b2df000 	C:\WINDOWS\SYSTEM32\Wldp.dll
0x00007fff7e030000 - 0x00007fff7e0fd000 	C:\WINDOWS\System32\OLEAUT32.dll
0x00007fff7d740000 - 0x00007fff7d7ed000 	C:\WINDOWS\System32\SHCORE.dll
0x00007fff7cd80000 - 0x00007fff7cdd5000 	C:\WINDOWS\System32\shlwapi.dll
0x00007fff7b7b0000 - 0x00007fff7b7d4000 	C:\WINDOWS\SYSTEM32\profapi.dll
0x00007fff5ae90000 - 0x00007fff5aeaa000 	C:\Program Files\Microsoft\jdk-17.0.13.11-hotspot\bin\net.dll
0x00007fff788c0000 - 0x00007fff789cd000 	C:\WINDOWS\SYSTEM32\WINHTTP.dll
0x00007fff7b010000 - 0x00007fff7b07a000 	C:\WINDOWS\system32\mswsock.dll
0x00007fff596e0000 - 0x00007fff596f6000 	C:\Program Files\Microsoft\jdk-17.0.13.11-hotspot\bin\nio.dll
0x00007fff557c0000 - 0x00007fff557d8000 	C:\Program Files\Microsoft\jdk-17.0.13.11-hotspot\bin\zip.dll
0x00007fff77b30000 - 0x00007fff77b40000 	C:\Program Files\Microsoft\jdk-17.0.13.11-hotspot\bin\verify.dll
0x00007fff63c90000 - 0x00007fff63c9a000 	C:\Program Files\Microsoft\jdk-17.0.13.11-hotspot\bin\management.dll
0x00007fff5fd10000 - 0x00007fff5fd1b000 	C:\Program Files\Microsoft\jdk-17.0.13.11-hotspot\bin\management_ext.dll
0x00007fff7e180000 - 0x00007fff7e188000 	C:\WINDOWS\System32\PSAPI.DLL
0x00007fff70b70000 - 0x00007fff70b97000 	C:\Users\aliah\.gradle\native\c067742578af261105cb4f569cf0c3c89f3d7b1fecec35dd04571415982c5e48\windows-amd64\native-platform.dll
0x00007fff77860000 - 0x00007fff7786a000 	C:\Users\aliah\.gradle\native\jansi\1.18\windows64\jansi.dll
0x00007fff7b200000 - 0x00007fff7b218000 	C:\WINDOWS\SYSTEM32\CRYPTSP.dll
0x00007fff7a8c0000 - 0x00007fff7a8f4000 	C:\WINDOWS\system32\rsaenh.dll
0x00007fff7b770000 - 0x00007fff7b79e000 	C:\WINDOWS\SYSTEM32\USERENV.dll
0x00007fff7b220000 - 0x00007fff7b22c000 	C:\WINDOWS\SYSTEM32\CRYPTBASE.dll
0x00007fff7aca0000 - 0x00007fff7acdb000 	C:\WINDOWS\SYSTEM32\IPHLPAPI.DLL
0x00007fff7db90000 - 0x00007fff7db98000 	C:\WINDOWS\System32\NSI.dll
0x00007fff737d0000 - 0x00007fff737e7000 	C:\WINDOWS\SYSTEM32\dhcpcsvc6.DLL
0x00007fff73e10000 - 0x00007fff73e2d000 	C:\WINDOWS\SYSTEM32\dhcpcsvc.DLL
0x00007fff7ad30000 - 0x00007fff7adfa000 	C:\WINDOWS\SYSTEM32\DNSAPI.dll
0x00007fff5d700000 - 0x00007fff5d709000 	C:\Program Files\Microsoft\jdk-17.0.13.11-hotspot\bin\extnet.dll
0x00007fff5fc20000 - 0x00007fff5fc2e000 	C:\Program Files\Microsoft\jdk-17.0.13.11-hotspot\bin\sunmscapi.dll
0x00007fff7b880000 - 0x00007fff7b9dc000 	C:\WINDOWS\System32\CRYPT32.dll
0x00007fff7b320000 - 0x00007fff7b347000 	C:\WINDOWS\SYSTEM32\ncrypt.dll
0x00007fff7b2e0000 - 0x00007fff7b31b000 	C:\WINDOWS\SYSTEM32\NTASN1.dll
0x00007fff5f010000 - 0x00007fff5f017000 	C:\WINDOWS\system32\wshunix.dll

dbghelp: loaded successfully - version: 4.0.5 - missing functions: none
symbol engine: initialized successfully - sym options: 0x614 - pdb path: .;C:\Program Files\Microsoft\jdk-17.0.13.11-hotspot\bin;C:\WINDOWS\SYSTEM32;C:\WINDOWS\WinSxS\amd64_microsoft.windows.common-controls_6595b64144ccf1df_6.0.19041.4355_none_60b8b9eb71f62e16;C:\Program Files\Microsoft\jdk-17.0.13.11-hotspot\bin\server;C:\Users\aliah\.gradle\native\c067742578af261105cb4f569cf0c3c89f3d7b1fecec35dd04571415982c5e48\windows-amd64;C:\Users\aliah\.gradle\native\jansi\1.18\windows64

VM Arguments:
jvm_args: -Xmx64m -Xms64m -Dorg.gradle.appname=gradlew 
java_command: org.gradle.wrapper.GradleWrapperMain assembleRelease --stacktrace --info
java_class_path (initial): D:\React Native\MyProject\android\\gradle\wrapper\gradle-wrapper.jar
Launcher Type: SUN_STANDARD

[Global flags]
     intx CICompilerCount                          = 3                                         {product} {ergonomic}
     uint ConcGCThreads                            = 1                                         {product} {ergonomic}
     uint G1ConcRefinementThreads                  = 4                                         {product} {ergonomic}
   size_t G1HeapRegionSize                         = 1048576                                   {product} {ergonomic}
    uintx GCDrainStackTargetSize                   = 64                                        {product} {ergonomic}
   size_t InitialHeapSize                          = 67108864                                  {product} {command line}
   size_t MarkStackSize                            = 4194304                                   {product} {ergonomic}
   size_t MaxHeapSize                              = 67108864                                  {product} {command line}
   size_t MaxNewSize                               = 39845888                                  {product} {ergonomic}
   size_t MinHeapDeltaBytes                        = 1048576                                   {product} {ergonomic}
   size_t MinHeapSize                              = 67108864                                  {product} {command line}
    uintx NonNMethodCodeHeapSize                   = 5832780                                {pd product} {ergonomic}
    uintx NonProfiledCodeHeapSize                  = 122912730                              {pd product} {ergonomic}
    uintx ProfiledCodeHeapSize                     = 122912730                              {pd product} {ergonomic}
    uintx ReservedCodeCacheSize                    = 251658240                              {pd product} {ergonomic}
     bool SegmentedCodeCache                       = true                                      {product} {ergonomic}
   size_t SoftMaxHeapSize                          = 67108864                               {manageable} {ergonomic}
     bool UseCompressedClassPointers               = true                           {product lp64_product} {ergonomic}
     bool UseCompressedOops                        = true                           {product lp64_product} {ergonomic}
     bool UseG1GC                                  = true                                      {product} {ergonomic}
     bool UseLargePagesIndividualAllocation        = false                                  {pd product} {ergonomic}

Logging:
Log output configuration:
 #0: stdout all=warning uptime,level,tags
 #1: stderr all=off uptime,level,tags

Environment Variables:
JAVA_HOME=C:\Program Files\Microsoft\jdk-17.0.13.11-hotspot\
CLASSPATH=D:\React Native\MyProject\android\\gradle\wrapper\gradle-wrapper.jar
PATH=C:\Program Files\Microsoft\jdk-17.0.13.11-hotspot\bin;C:\WINDOWS\system32;C:\WINDOWS;C:\WINDOWS\System32\Wbem;C:\WINDOWS\System32\WindowsPowerShell\v1.0\;C:\WINDOWS\System32\OpenSSH\;C:\Program Files\nodejs\;C:\Program Files\Git\cmd;C:\Users\aliah\AppData\Local\Android\Sdk\emulator;C:\Users\aliah\AppData\Local\Android\Sdk;C:\Users\aliah\AppData\Local\Android\Sdk\platform-tools;C:\ProgramData\chocolatey\bin;D:\React Native\MyProject\android\gradle-8.11.1\bin;C:\Users\aliah\AppData\Local\Microsoft\WindowsApps;C:\Users\aliah\AppData\Local\Programs\Microsoft VS Code\bin;C:\Users\aliah\AppData\Roaming\npm;C:\Program Files\Microsoft\jdk-17.0.13.11-hotspot\bin;D:\React Native\MyProject\android\gradle-8.11.1\bin;
USERNAME=aliah
OS=Windows_NT
PROCESSOR_IDENTIFIER=Intel64 Family 6 Model 142 Stepping 9, GenuineIntel
TMP=C:\Users\aliah\AppData\Local\Temp
TEMP=C:\Users\aliah\AppData\Local\Temp



Periodic native trim disabled


---------------  S Y S T E M  ---------------

OS:
 Windows 10 , 64 bit Build 19041 (10.0.19041.5198)
OS uptime: 0 days 13:44 hours

CPU: total 4 (initial active 4) (2 cores per cpu, 2 threads per core) family 6 model 142 stepping 9 microcode 0xf0, cx8, cmov, fxsr, ht, mmx, 3dnowpref, sse, sse2, sse3, ssse3, sse4.1, sse4.2, popcnt, lzcnt, tsc, tscinvbit, avx, avx2, aes, erms, clmul, bmi1, bmi2, adx, fma, vzeroupper, clflush, clflushopt
Processor Information for the first 4 processors :
  Max Mhz: 2904, Current Mhz: 2703, Mhz Limit: 2700

Memory: 4k page, system-wide physical 8042M (500M free)
TotalPageFile size 12138M (AvailPageFile size 0M)
current process WorkingSet (physical memory assigned to process): 109M, peak: 133M
current process commit charge ("private bytes"): 156M, peak: 182M

vm_info: OpenJDK 64-Bit Server VM (17.0.13+11-LTS) for windows-amd64 JRE (17.0.13+11-LTS), built on Oct 11 2024 23:25:05 by "MicrosoftCorporation" with unknown MS VC++:1939

END.
