#
# There is insufficient memory for the Java Runtime Environment to continue.
# Native memory allocation (malloc) failed to allocate 98400 bytes. Error detail: Chunk::new
# Possible reasons:
#   The system is out of physical RAM or swap space
#   This process is running with CompressedOops enabled, and the Java Heap may be blocking the growth of the native heap
# Possible solutions:
#   Reduce memory load on the system
#   Increase physical memory or swap space
#   Check if swap backing store is full
#   Decrease Java heap size (-Xmx/-Xms)
#   Decrease number of Java threads
#   Decrease Java thread stack sizes (-Xss)
#   Set larger code cache with -XX:ReservedCodeCacheSize=
#   JVM is running with Unscaled Compressed Oops mode in which the Java heap is
#     placed in the first 4GB address space. The Java Heap base address is the
#     maximum limit for the native heap growth. Please use -XX:HeapBaseMinAddress
#     to set the Java Heap base and to place the Java Heap above 4GB virtual address.
# This output file may be truncated or incomplete.
#
#  Out of Memory Error (arena.cpp:191), pid=3304, tid=9852
#
# JRE version: OpenJDK Runtime Environment Microsoft-10376486 (17.0.13+11) (build 17.0.13+11-LTS)
# Java VM: OpenJDK 64-Bit Server VM Microsoft-10376486 (17.0.13+11-LTS, mixed mode, sharing, tiered, compressed oops, compressed class ptrs, g1 gc, windows-amd64)
# No core dump will be written. Minidumps are not enabled by default on client versions of Windows
#

---------------  S U M M A R Y ------------

Command Line: -Xmx64m -Xms64m -Dorg.gradle.appname=gradlew org.gradle.wrapper.GradleWrapperMain app:installDebug -PreactNativeDevServerPort=8081

Host: Intel(R) Core(TM) i7-7500U CPU @ 2.70GHz, 4 cores, 7G,  Windows 10 , 64 bit Build 19041 (10.0.19041.5198)
Time: Tue Feb  4 17:34:17 2025 Pakistan Standard Time elapsed time: 0.973937 seconds (0d 0h 0m 0s)

---------------  T H R E A D  ---------------

Current thread (0x0000022a2f1f81d0):  JavaThread "C2 CompilerThread0" daemon [_thread_in_native, id=9852, stack(0x0000009094a00000,0x0000009094b00000)]


Current CompileTask:
C2:    974  682       4       java.lang.StringBuilder::append (8 bytes)

Stack: [0x0000009094a00000,0x0000009094b00000]
Native frames: (J=compiled Java code, j=interpreted, Vv=VM code, C=native code)
V  [jvm.dll+0x687fc9]
V  [jvm.dll+0x83eeb8]
V  [jvm.dll+0x840963]
V  [jvm.dll+0x840fd3]
V  [jvm.dll+0x24951f]
V  [jvm.dll+0xad0c4]
V  [jvm.dll+0xad75c]
V  [jvm.dll+0x36aafe]
V  [jvm.dll+0x335153]
V  [jvm.dll+0x3345ea]
V  [jvm.dll+0x21a748]
V  [jvm.dll+0x219b7f]
V  [jvm.dll+0x1a5506]
V  [jvm.dll+0x22a1ca]
V  [jvm.dll+0x22830b]
V  [jvm.dll+0x7f4708]
V  [jvm.dll+0x7eea6c]
V  [jvm.dll+0x686ea7]
C  [ucrtbase.dll+0x21bb2]
C  [KERNEL32.DLL+0x17374]
C  [ntdll.dll+0x4cc91]


---------------  P R O C E S S  ---------------

Threads class SMR info:
_java_thread_list=0x0000022a485d4dc0, length=13, elements={
0x0000022a2d05e5e0, 0x0000022a2f1d3ff0, 0x0000022a2f1d49b0, 0x0000022a2f1eac70,
0x0000022a2f1eb540, 0x0000022a2f1ef6c0, 0x0000022a2f1f3840, 0x0000022a2f1f81d0,
0x0000022a2f1f9420, 0x0000022a2f1fc9d0, 0x0000022a48405570, 0x0000022a4842db40,
0x0000022a485dd640
}

Java Threads: ( => current thread )
  0x0000022a2d05e5e0 JavaThread "main" [_thread_blocked, id=12016, stack(0x0000009093d00000,0x0000009093e00000)]
  0x0000022a2f1d3ff0 JavaThread "Reference Handler" daemon [_thread_blocked, id=16148, stack(0x0000009094400000,0x0000009094500000)]
  0x0000022a2f1d49b0 JavaThread "Finalizer" daemon [_thread_blocked, id=13040, stack(0x0000009094500000,0x0000009094600000)]
  0x0000022a2f1eac70 JavaThread "Signal Dispatcher" daemon [_thread_blocked, id=15928, stack(0x0000009094600000,0x0000009094700000)]
  0x0000022a2f1eb540 JavaThread "Attach Listener" daemon [_thread_blocked, id=9720, stack(0x0000009094700000,0x0000009094800000)]
  0x0000022a2f1ef6c0 JavaThread "Service Thread" daemon [_thread_blocked, id=4832, stack(0x0000009094800000,0x0000009094900000)]
  0x0000022a2f1f3840 JavaThread "Monitor Deflation Thread" daemon [_thread_blocked, id=7380, stack(0x0000009094900000,0x0000009094a00000)]
=>0x0000022a2f1f81d0 JavaThread "C2 CompilerThread0" daemon [_thread_in_native, id=9852, stack(0x0000009094a00000,0x0000009094b00000)]
  0x0000022a2f1f9420 JavaThread "C1 CompilerThread0" daemon [_thread_blocked, id=3976, stack(0x0000009094b00000,0x0000009094c00000)]
  0x0000022a2f1fc9d0 JavaThread "Sweeper thread" daemon [_thread_blocked, id=15568, stack(0x0000009094c00000,0x0000009094d00000)]
  0x0000022a48405570 JavaThread "Notification Thread" daemon [_thread_blocked, id=13468, stack(0x0000009094d00000,0x0000009094e00000)]
  0x0000022a4842db40 JavaThread "Common-Cleaner" daemon [_thread_blocked, id=5748, stack(0x0000009094f00000,0x0000009095000000)]
  0x0000022a485dd640 JavaThread "C2 CompilerThread1" daemon [_thread_in_native, id=10572, stack(0x0000009095000000,0x0000009095100000)]

Other Threads:
  0x0000022a2f1ccbf0 VMThread "VM Thread" [stack: 0x0000009094300000,0x0000009094400000] [id=7316]
  0x0000022a48426280 WatcherThread [stack: 0x0000009094e00000,0x0000009094f00000] [id=3808]
  0x0000022a2f162120 GCTaskThread "GC Thread#0" [stack: 0x0000009093e00000,0x0000009093f00000] [id=16084]
  0x0000022a4874f550 GCTaskThread "GC Thread#1" [stack: 0x0000009095100000,0x0000009095200000] [id=14756]
  0x0000022a487ae910 GCTaskThread "GC Thread#2" [stack: 0x0000009095200000,0x0000009095300000] [id=14740]
  0x0000022a487aebd0 GCTaskThread "GC Thread#3" [stack: 0x0000009095300000,0x0000009095400000] [id=9896]
  0x0000022a2f163770 ConcurrentGCThread "G1 Main Marker" [stack: 0x0000009093f00000,0x0000009094000000] [id=10180]
  0x0000022a2f164090 ConcurrentGCThread "G1 Conc#0" [stack: 0x0000009094000000,0x0000009094100000] [id=11600]
  0x0000022a2f1b1ac0 ConcurrentGCThread "G1 Refine#0" [stack: 0x0000009094100000,0x0000009094200000] [id=6832]
  0x0000022a2f1b32a0 ConcurrentGCThread "G1 Service" [stack: 0x0000009094200000,0x0000009094300000] [id=12688]

Threads with active compile tasks:
C2 CompilerThread0     1014  682       4       java.lang.StringBuilder::append (8 bytes)
C2 CompilerThread1     1014  678       4       java.lang.StringLatin1::replace (198 bytes)

VM state: not at safepoint (normal execution)

VM Mutex/Monitor currently owned by a thread: None

OutOfMemory and StackOverflow Exception counts:
OutOfMemoryError java_heap_errors=1
LinkageErrors=1

Heap address: 0x00000000fc000000, size: 64 MB, Compressed Oops mode: 32-bit

CDS archive(s) mapped at: [0x0000022a49000000-0x0000022a49bb0000-0x0000022a49bb0000), size 12255232, SharedBaseAddress: 0x0000022a49000000, ArchiveRelocationMode: 1.
Compressed class space mapped at: 0x0000022a4a000000-0x0000022a8a000000, reserved size: 1073741824
Narrow klass base: 0x0000022a49000000, Narrow klass shift: 0, Narrow klass range: 0x100000000

GC Precious Log:
 CPUs: 4 total, 4 available
 Memory: 8042M
 Large Page Support: Disabled
 NUMA Support: Disabled
 Compressed Oops: Enabled (32-bit)
 Heap Region Size: 1M
 Heap Min Capacity: 64M
 Heap Initial Capacity: 64M
 Heap Max Capacity: 64M
 Pre-touch: Disabled
 Parallel Workers: 4
 Concurrent Workers: 1
 Concurrent Refinement Workers: 4
 Periodic GC: Disabled

Heap:
 garbage-first heap   total 65536K, used 13784K [0x00000000fc000000, 0x0000000100000000)
  region size 1024K, 16 young (16384K), 2 survivors (2048K)
 Metaspace       used 1959K, committed 2112K, reserved 1114112K
  class space    used 177K, committed 256K, reserved 1048576K

Heap Regions: E=young(eden), S=young(survivor), O=old, HS=humongous(starts), HC=humongous(continues), CS=collection set, F=free, OA=open archive, CA=closed archive, TAMS=top-at-mark-start (previous, next)
|   0|0x00000000fc000000, 0x00000000fc000000, 0x00000000fc100000|  0%| F|  |TAMS 0x00000000fc000000, 0x00000000fc000000| Untracked 
|   1|0x00000000fc100000, 0x00000000fc100000, 0x00000000fc200000|  0%| F|  |TAMS 0x00000000fc100000, 0x00000000fc100000| Untracked 
|   2|0x00000000fc200000, 0x00000000fc200000, 0x00000000fc300000|  0%| F|  |TAMS 0x00000000fc200000, 0x00000000fc200000| Untracked 
|   3|0x00000000fc300000, 0x00000000fc300000, 0x00000000fc400000|  0%| F|  |TAMS 0x00000000fc300000, 0x00000000fc300000| Untracked 
|   4|0x00000000fc400000, 0x00000000fc400000, 0x00000000fc500000|  0%| F|  |TAMS 0x00000000fc400000, 0x00000000fc400000| Untracked 
|   5|0x00000000fc500000, 0x00000000fc500000, 0x00000000fc600000|  0%| F|  |TAMS 0x00000000fc500000, 0x00000000fc500000| Untracked 
|   6|0x00000000fc600000, 0x00000000fc600000, 0x00000000fc700000|  0%| F|  |TAMS 0x00000000fc600000, 0x00000000fc600000| Untracked 
|   7|0x00000000fc700000, 0x00000000fc700000, 0x00000000fc800000|  0%| F|  |TAMS 0x00000000fc700000, 0x00000000fc700000| Untracked 
|   8|0x00000000fc800000, 0x00000000fc800000, 0x00000000fc900000|  0%| F|  |TAMS 0x00000000fc800000, 0x00000000fc800000| Untracked 
|   9|0x00000000fc900000, 0x00000000fc900000, 0x00000000fca00000|  0%| F|  |TAMS 0x00000000fc900000, 0x00000000fc900000| Untracked 
|  10|0x00000000fca00000, 0x00000000fca00000, 0x00000000fcb00000|  0%| F|  |TAMS 0x00000000fca00000, 0x00000000fca00000| Untracked 
|  11|0x00000000fcb00000, 0x00000000fcb00000, 0x00000000fcc00000|  0%| F|  |TAMS 0x00000000fcb00000, 0x00000000fcb00000| Untracked 
|  12|0x00000000fcc00000, 0x00000000fcc00000, 0x00000000fcd00000|  0%| F|  |TAMS 0x00000000fcc00000, 0x00000000fcc00000| Untracked 
|  13|0x00000000fcd00000, 0x00000000fcd00000, 0x00000000fce00000|  0%| F|  |TAMS 0x00000000fcd00000, 0x00000000fcd00000| Untracked 
|  14|0x00000000fce00000, 0x00000000fce00000, 0x00000000fcf00000|  0%| F|  |TAMS 0x00000000fce00000, 0x00000000fce00000| Untracked 
|  15|0x00000000fcf00000, 0x00000000fcf00000, 0x00000000fd000000|  0%| F|  |TAMS 0x00000000fcf00000, 0x00000000fcf00000| Untracked 
|  16|0x00000000fd000000, 0x00000000fd000000, 0x00000000fd100000|  0%| F|  |TAMS 0x00000000fd000000, 0x00000000fd000000| Untracked 
|  17|0x00000000fd100000, 0x00000000fd100000, 0x00000000fd200000|  0%| F|  |TAMS 0x00000000fd100000, 0x00000000fd100000| Untracked 
|  18|0x00000000fd200000, 0x00000000fd200000, 0x00000000fd300000|  0%| F|  |TAMS 0x00000000fd200000, 0x00000000fd200000| Untracked 
|  19|0x00000000fd300000, 0x00000000fd300000, 0x00000000fd400000|  0%| F|  |TAMS 0x00000000fd300000, 0x00000000fd300000| Untracked 
|  20|0x00000000fd400000, 0x00000000fd400000, 0x00000000fd500000|  0%| F|  |TAMS 0x00000000fd400000, 0x00000000fd400000| Untracked 
|  21|0x00000000fd500000, 0x00000000fd500000, 0x00000000fd600000|  0%| F|  |TAMS 0x00000000fd500000, 0x00000000fd500000| Untracked 
|  22|0x00000000fd600000, 0x00000000fd600000, 0x00000000fd700000|  0%| F|  |TAMS 0x00000000fd600000, 0x00000000fd600000| Untracked 
|  23|0x00000000fd700000, 0x00000000fd700000, 0x00000000fd800000|  0%| F|  |TAMS 0x00000000fd700000, 0x00000000fd700000| Untracked 
|  24|0x00000000fd800000, 0x00000000fd800000, 0x00000000fd900000|  0%| F|  |TAMS 0x00000000fd800000, 0x00000000fd800000| Untracked 
|  25|0x00000000fd900000, 0x00000000fd900000, 0x00000000fda00000|  0%| F|  |TAMS 0x00000000fd900000, 0x00000000fd900000| Untracked 
|  26|0x00000000fda00000, 0x00000000fda00000, 0x00000000fdb00000|  0%| F|  |TAMS 0x00000000fda00000, 0x00000000fda00000| Untracked 
|  27|0x00000000fdb00000, 0x00000000fdb00000, 0x00000000fdc00000|  0%| F|  |TAMS 0x00000000fdb00000, 0x00000000fdb00000| Untracked 
|  28|0x00000000fdc00000, 0x00000000fdc00000, 0x00000000fdd00000|  0%| F|  |TAMS 0x00000000fdc00000, 0x00000000fdc00000| Untracked 
|  29|0x00000000fdd00000, 0x00000000fdd00000, 0x00000000fde00000|  0%| F|  |TAMS 0x00000000fdd00000, 0x00000000fdd00000| Untracked 
|  30|0x00000000fde00000, 0x00000000fde00000, 0x00000000fdf00000|  0%| F|  |TAMS 0x00000000fde00000, 0x00000000fde00000| Untracked 
|  31|0x00000000fdf00000, 0x00000000fdf00000, 0x00000000fe000000|  0%| F|  |TAMS 0x00000000fdf00000, 0x00000000fdf00000| Untracked 
|  32|0x00000000fe000000, 0x00000000fe000000, 0x00000000fe100000|  0%| F|  |TAMS 0x00000000fe000000, 0x00000000fe000000| Untracked 
|  33|0x00000000fe100000, 0x00000000fe100000, 0x00000000fe200000|  0%| F|  |TAMS 0x00000000fe100000, 0x00000000fe100000| Untracked 
|  34|0x00000000fe200000, 0x00000000fe200000, 0x00000000fe300000|  0%| F|  |TAMS 0x00000000fe200000, 0x00000000fe200000| Untracked 
|  35|0x00000000fe300000, 0x00000000fe300000, 0x00000000fe400000|  0%| F|  |TAMS 0x00000000fe300000, 0x00000000fe300000| Untracked 
|  36|0x00000000fe400000, 0x00000000fe400000, 0x00000000fe500000|  0%| F|  |TAMS 0x00000000fe400000, 0x00000000fe400000| Untracked 
|  37|0x00000000fe500000, 0x00000000fe500000, 0x00000000fe600000|  0%| F|  |TAMS 0x00000000fe500000, 0x00000000fe500000| Untracked 
|  38|0x00000000fe600000, 0x00000000fe600000, 0x00000000fe700000|  0%| F|  |TAMS 0x00000000fe600000, 0x00000000fe600000| Untracked 
|  39|0x00000000fe700000, 0x00000000fe700000, 0x00000000fe800000|  0%| F|  |TAMS 0x00000000fe700000, 0x00000000fe700000| Untracked 
|  40|0x00000000fe800000, 0x00000000fe800000, 0x00000000fe900000|  0%| F|  |TAMS 0x00000000fe800000, 0x00000000fe800000| Untracked 
|  41|0x00000000fe900000, 0x00000000fe900000, 0x00000000fea00000|  0%| F|  |TAMS 0x00000000fe900000, 0x00000000fe900000| Untracked 
|  42|0x00000000fea00000, 0x00000000fea00000, 0x00000000feb00000|  0%| F|  |TAMS 0x00000000fea00000, 0x00000000fea00000| Untracked 
|  43|0x00000000feb00000, 0x00000000feb00000, 0x00000000fec00000|  0%| F|  |TAMS 0x00000000feb00000, 0x00000000feb00000| Untracked 
|  44|0x00000000fec00000, 0x00000000fec00000, 0x00000000fed00000|  0%| F|  |TAMS 0x00000000fec00000, 0x00000000fec00000| Untracked 
|  45|0x00000000fed00000, 0x00000000fed00000, 0x00000000fee00000|  0%| F|  |TAMS 0x00000000fed00000, 0x00000000fed00000| Untracked 
|  46|0x00000000fee00000, 0x00000000fee00000, 0x00000000fef00000|  0%| F|  |TAMS 0x00000000fee00000, 0x00000000fee00000| Untracked 
|  47|0x00000000fef00000, 0x00000000fef00000, 0x00000000ff000000|  0%| F|  |TAMS 0x00000000fef00000, 0x00000000fef00000| Untracked 
|  48|0x00000000ff000000, 0x00000000ff05a520, 0x00000000ff100000| 35%| E|  |TAMS 0x00000000ff000000, 0x00000000ff000000| Complete 
|  49|0x00000000ff100000, 0x00000000ff176020, 0x00000000ff200000| 46%| S|CS|TAMS 0x00000000ff100000, 0x00000000ff100000| Complete 
|  50|0x00000000ff200000, 0x00000000ff300000, 0x00000000ff300000|100%| S|CS|TAMS 0x00000000ff200000, 0x00000000ff200000| Complete 
|  51|0x00000000ff300000, 0x00000000ff400000, 0x00000000ff400000|100%| E|CS|TAMS 0x00000000ff300000, 0x00000000ff300000| Complete 
|  52|0x00000000ff400000, 0x00000000ff500000, 0x00000000ff500000|100%| E|CS|TAMS 0x00000000ff400000, 0x00000000ff400000| Complete 
|  53|0x00000000ff500000, 0x00000000ff600000, 0x00000000ff600000|100%| E|CS|TAMS 0x00000000ff500000, 0x00000000ff500000| Complete 
|  54|0x00000000ff600000, 0x00000000ff700000, 0x00000000ff700000|100%| E|  |TAMS 0x00000000ff600000, 0x00000000ff600000| Complete 
|  55|0x00000000ff700000, 0x00000000ff800000, 0x00000000ff800000|100%| E|CS|TAMS 0x00000000ff700000, 0x00000000ff700000| Complete 
|  56|0x00000000ff800000, 0x00000000ff900000, 0x00000000ff900000|100%| E|CS|TAMS 0x00000000ff800000, 0x00000000ff800000| Complete 
|  57|0x00000000ff900000, 0x00000000ffa00000, 0x00000000ffa00000|100%| E|CS|TAMS 0x00000000ff900000, 0x00000000ff900000| Complete 
|  58|0x00000000ffa00000, 0x00000000ffb00000, 0x00000000ffb00000|100%| E|CS|TAMS 0x00000000ffa00000, 0x00000000ffa00000| Complete 
|  59|0x00000000ffb00000, 0x00000000ffc00000, 0x00000000ffc00000|100%| E|CS|TAMS 0x00000000ffb00000, 0x00000000ffb00000| Complete 
|  60|0x00000000ffc00000, 0x00000000ffd00000, 0x00000000ffd00000|100%| E|CS|TAMS 0x00000000ffc00000, 0x00000000ffc00000| Complete 
|  61|0x00000000ffd00000, 0x00000000ffe00000, 0x00000000ffe00000|100%| E|CS|TAMS 0x00000000ffd00000, 0x00000000ffd00000| Complete 
|  62|0x00000000ffe00000, 0x00000000fff00000, 0x00000000fff00000|100%| E|CS|TAMS 0x00000000ffe00000, 0x00000000ffe00000| Complete 
|  63|0x00000000fff00000, 0x0000000100000000, 0x0000000100000000|100%| E|CS|TAMS 0x00000000fff00000, 0x00000000fff00000| Complete 

Card table byte_map: [0x0000022a2ef70000,0x0000022a2ef90000] _byte_map_base: 0x0000022a2e790000

Marking Bits (Prev, Next): (CMBitMap*) 0x0000022a2f162640, (CMBitMap*) 0x0000022a2f162680
 Prev Bits: [0x0000022a2efb0000, 0x0000022a2f0b0000)
 Next Bits: [0x0000022a45c80000, 0x0000022a45d80000)

Polling page: 0x0000022a2cf50000

Metaspace:

Usage:
  Non-class:      1.74 MB used.
      Class:    177.41 KB used.
       Both:      1.91 MB used.

Virtual space:
  Non-class space:       64.00 MB reserved,       1.81 MB (  3%) committed,  1 nodes.
      Class space:        1.00 GB reserved,     256.00 KB ( <1%) committed,  1 nodes.
             Both:        1.06 GB reserved,       2.06 MB ( <1%) committed. 

Chunk freelists:
   Non-Class:  11.67 MB
       Class:  15.67 MB
        Both:  27.34 MB

MaxMetaspaceSize: unlimited
CompressedClassSpaceSize: 1.00 GB
Initial GC threshold: 21.00 MB
Current GC threshold: 21.00 MB
CDS: on
MetaspaceReclaimPolicy: balanced
 - commit_granule_bytes: 65536.
 - commit_granule_words: 8192.
 - virtual_space_node_default_size: 8388608.
 - enlarge_chunks_in_place: 1.
 - new_chunks_are_fully_committed: 0.
 - uncommit_free_chunks: 1.
 - use_allocation_guard: 0.
 - handle_deallocations: 1.


Internal statistics:

num_allocs_failed_limit: 0.
num_arena_births: 14.
num_arena_deaths: 0.
num_vsnodes_births: 2.
num_vsnodes_deaths: 0.
num_space_committed: 33.
num_space_uncommitted: 0.
num_chunks_returned_to_freelist: 0.
num_chunks_taken_from_freelist: 49.
num_chunk_merges: 0.
num_chunk_splits: 23.
num_chunks_enlarged: 14.
num_inconsistent_stats: 0.

CodeHeap 'non-profiled nmethods': size=120000Kb used=287Kb max_used=287Kb free=119712Kb
 bounds [0x0000022a3e750000, 0x0000022a3e9c0000, 0x0000022a45c80000]
CodeHeap 'profiled nmethods': size=120000Kb used=1218Kb max_used=1218Kb free=118781Kb
 bounds [0x0000022a36c80000, 0x0000022a36ef0000, 0x0000022a3e1b0000]
CodeHeap 'non-nmethods': size=5760Kb used=1122Kb max_used=1165Kb free=4638Kb
 bounds [0x0000022a3e1b0000, 0x0000022a3e420000, 0x0000022a3e750000]
 total_blobs=1102 nmethods=699 adapters=316
 compilation: enabled
              stopped_count=0, restarted_count=0
 full_count=0

Compilation events (20 events):
Event: 0.959 Thread 0x0000022a2f1f9420  676       3       jdk.internal.perf.PerfCounter::increment (6 bytes)
Event: 0.959 Thread 0x0000022a2f1f9420 nmethod 676 0x0000022a36da0690 code [0x0000022a36da0840, 0x0000022a36da0988]
Event: 0.960 Thread 0x0000022a2f1f9420  677       3       java.lang.String::equalsIgnoreCase (45 bytes)
Event: 0.961 Thread 0x0000022a2f1f9420 nmethod 677 0x0000022a36da0a10 code [0x0000022a36da0c00, 0x0000022a36da1148]
Event: 0.962 Thread 0x0000022a485dd640  678       4       java.lang.StringLatin1::replace (198 bytes)
Event: 0.963 Thread 0x0000022a2f1f9420  679       3       java.nio.Buffer::hasRemaining (17 bytes)
Event: 0.963 Thread 0x0000022a2f1f9420 nmethod 679 0x0000022a36da1310 code [0x0000022a36da14a0, 0x0000022a36da1618]
Event: 0.963 Thread 0x0000022a2f1f9420  680       3       jdk.internal.loader.FileURLMapper::getPath (139 bytes)
Event: 0.964 Thread 0x0000022a2f1f81d0  682       4       java.lang.StringBuilder::append (8 bytes)
Event: 0.965 Thread 0x0000022a2f1f9420 nmethod 680 0x0000022a36da1690 code [0x0000022a36da19a0, 0x0000022a36da27c8]
Event: 0.965 Thread 0x0000022a2f1f9420  681  s!   3       jdk.internal.loader.URLClassPath::getLoader (194 bytes)
Event: 0.966 Thread 0x0000022a2f1f9420 nmethod 681 0x0000022a36da2d10 code [0x0000022a36da3000, 0x0000022a36da4308]
Event: 0.966 Thread 0x0000022a2f1f9420  683       3       java.io.FilterInputStream::<init> (10 bytes)
Event: 0.966 Thread 0x0000022a2f1f9420 nmethod 683 0x0000022a36da4a90 code [0x0000022a36da4c40, 0x0000022a36da4e78]
Event: 0.968 Thread 0x0000022a2f1f9420  685   !   3       java.util.zip.ZipFile$ZipFileInflaterInputStream::close (67 bytes)
Event: 0.968 Thread 0x0000022a2f1f9420 nmethod 685 0x0000022a36da4f90 code [0x0000022a36da51c0, 0x0000022a36da59f8]
Event: 0.968 Thread 0x0000022a2f1f9420  686   !   3       jdk.internal.loader.URLClassPath$JarLoader::getResource (65 bytes)
Event: 0.969 Thread 0x0000022a2f1f9420 nmethod 686 0x0000022a36da5d90 code [0x0000022a36da5fe0, 0x0000022a36da6948]
Event: 0.969 Thread 0x0000022a2f1f9420  688       3       java.util.jar.JarFile::maybeInstantiateVerifier (42 bytes)
Event: 0.970 Thread 0x0000022a2f1f9420 nmethod 688 0x0000022a36da6c90 code [0x0000022a36da6e60, 0x0000022a36da71b8]

GC Heap History (2 events):
Event: 0.744 GC heap before
{Heap before GC invocations=0 (full 0):
 garbage-first heap   total 65536K, used 13312K [0x00000000fc000000, 0x0000000100000000)
  region size 1024K, 13 young (13312K), 0 survivors (0K)
 Metaspace       used 1648K, committed 1792K, reserved 1114112K
  class space    used 156K, committed 192K, reserved 1048576K
}
Event: 0.749 GC heap after
{Heap after GC invocations=1 (full 0):
 garbage-first heap   total 65536K, used 1496K [0x00000000fc000000, 0x0000000100000000)
  region size 1024K, 2 young (2048K), 2 survivors (2048K)
 Metaspace       used 1648K, committed 1792K, reserved 1114112K
  class space    used 156K, committed 192K, reserved 1048576K
}

Dll operation events (7 events):
Event: 0.025 Loaded shared library C:\Program Files\Microsoft\jdk-17.0.13.11-hotspot\bin\java.dll
Event: 0.079 Loaded shared library C:\Program Files\Microsoft\jdk-17.0.13.11-hotspot\bin\jsvml.dll
Event: 0.214 Loaded shared library C:\Program Files\Microsoft\jdk-17.0.13.11-hotspot\bin\net.dll
Event: 0.218 Loaded shared library C:\Program Files\Microsoft\jdk-17.0.13.11-hotspot\bin\nio.dll
Event: 0.230 Loaded shared library C:\Program Files\Microsoft\jdk-17.0.13.11-hotspot\bin\zip.dll
Event: 0.243 Loaded shared library C:\Program Files\Microsoft\jdk-17.0.13.11-hotspot\bin\verify.dll
Event: 0.845 Loaded shared library C:\Program Files\Microsoft\jdk-17.0.13.11-hotspot\bin\jimage.dll

Deoptimization events (20 events):
Event: 0.870 Thread 0x0000022a2d05e5e0 Uncommon trap: trap_request=0xffffff45 fr.pc=0x0000022a3e77c320 relative=0x0000000000000200
Event: 0.870 Thread 0x0000022a2d05e5e0 Uncommon trap: reason=unstable_if action=reinterpret pc=0x0000022a3e77c320 method=java.io.WinNTFileSystem.normalize(Ljava/lang/String;)Ljava/lang/String; @ 104 c2
Event: 0.870 Thread 0x0000022a2d05e5e0 DEOPT PACKING pc=0x0000022a3e77c320 sp=0x0000009093dfde80
Event: 0.870 Thread 0x0000022a2d05e5e0 DEOPT UNPACKING pc=0x0000022a3e2069a3 sp=0x0000009093dfde08 mode 2
Event: 0.871 Thread 0x0000022a2d05e5e0 Uncommon trap: trap_request=0xffffff45 fr.pc=0x0000022a3e777e48 relative=0x0000000000000608
Event: 0.871 Thread 0x0000022a2d05e5e0 Uncommon trap: reason=unstable_if action=reinterpret pc=0x0000022a3e777e48 method=java.util.zip.ZipFile$Source.checkAndAddEntry(II)I @ 50 c2
Event: 0.871 Thread 0x0000022a2d05e5e0 DEOPT PACKING pc=0x0000022a3e777e48 sp=0x0000009093dfdb30
Event: 0.871 Thread 0x0000022a2d05e5e0 DEOPT UNPACKING pc=0x0000022a3e2069a3 sp=0x0000009093dfdaa0 mode 2
Event: 0.893 Thread 0x0000022a2d05e5e0 Uncommon trap: trap_request=0xffffff45 fr.pc=0x0000022a3e785958 relative=0x0000000000000d78
Event: 0.893 Thread 0x0000022a2d05e5e0 Uncommon trap: reason=unstable_if action=reinterpret pc=0x0000022a3e785958 method=java.util.HashMap.putVal(ILjava/lang/Object;Ljava/lang/Object;ZZ)Ljava/lang/Object; @ 81 c2
Event: 0.893 Thread 0x0000022a2d05e5e0 DEOPT PACKING pc=0x0000022a3e785958 sp=0x0000009093dfcb30
Event: 0.893 Thread 0x0000022a2d05e5e0 DEOPT UNPACKING pc=0x0000022a3e2069a3 sp=0x0000009093dfcab0 mode 2
Event: 0.910 Thread 0x0000022a2d05e5e0 Uncommon trap: trap_request=0xffffff45 fr.pc=0x0000022a3e776fb0 relative=0x0000000000000190
Event: 0.910 Thread 0x0000022a2d05e5e0 Uncommon trap: reason=unstable_if action=reinterpret pc=0x0000022a3e776fb0 method=java.util.zip.ZipFile$Source.isMetaName([BII)Z @ 43 c2
Event: 0.910 Thread 0x0000022a2d05e5e0 DEOPT PACKING pc=0x0000022a3e776fb0 sp=0x0000009093dfc190
Event: 0.910 Thread 0x0000022a2d05e5e0 DEOPT UNPACKING pc=0x0000022a3e2069a3 sp=0x0000009093dfc120 mode 2
Event: 0.948 Thread 0x0000022a2d05e5e0 DEOPT PACKING pc=0x0000022a36cd4f4a sp=0x0000009093dfbef0
Event: 0.948 Thread 0x0000022a2d05e5e0 DEOPT UNPACKING pc=0x0000022a3e207143 sp=0x0000009093dfb390 mode 0
Event: 0.962 Thread 0x0000022a2d05e5e0 DEOPT PACKING pc=0x0000022a36cb69f8 sp=0x0000009093dfc5a0
Event: 0.962 Thread 0x0000022a2d05e5e0 DEOPT UNPACKING pc=0x0000022a3e207143 sp=0x0000009093dfba60 mode 0

Classes loaded (20 events):
Event: 0.502 Loading class java/io/FilePermissionCollection$1 done
Event: 0.520 Loading class java/net/MalformedURLException
Event: 0.520 Loading class java/net/MalformedURLException done
Event: 0.522 Loading class java/io/FileFilter
Event: 0.522 Loading class java/io/FileFilter done
Event: 0.551 Loading class java/util/AbstractList$Itr
Event: 0.551 Loading class java/util/AbstractList$Itr done
Event: 0.574 Loading class java/lang/invoke/DirectMethodHandle$Special
Event: 0.574 Loading class java/lang/invoke/DirectMethodHandle$Special done
Event: 0.872 Loading class java/io/BufferedReader
Event: 0.872 Loading class java/io/BufferedReader done
Event: 0.872 Loading class sun/nio/cs/StreamDecoder
Event: 0.873 Loading class sun/nio/cs/StreamDecoder done
Event: 0.970 Loading class java/util/zip/DataFormatException
Event: 0.971 Loading class java/util/zip/DataFormatException done
Event: 0.971 Loading class java/security/PrivilegedActionException
Event: 0.971 Loading class java/security/PrivilegedActionException done
Event: 0.971 Loading class java/lang/SecurityException
Event: 0.971 Loading class java/lang/SecurityException done
Event: 0.971 Loading class java/lang/ClassFormatError

Classes unloaded (0 events):
No events

Classes redefined (0 events):
No events

Internal exceptions (2 events):
Event: 0.514 Thread 0x0000022a2d05e5e0 Exception <a 'java/lang/NoSuchMethodError'{0x00000000ffde1510}: 'int java.lang.invoke.DirectMethodHandle$Holder.invokeStaticInit(java.lang.Object, java.lang.Object)'> (0x00000000ffde1510) 
thrown [s\src\hotspot\share\interpreter\linkResolver.cpp, line 759]
Event: 0.970 Thread 0x0000022a2d05e5e0 Exception <a 'java/lang/OutOfMemoryError'{0x00000000ff0043d0}> (0x00000000ff0043d0) 
thrown [s\src\hotspot\share\prims\jni.cpp, line 535]

VM Operations (4 events):
Event: 0.234 Executing VM operation: HandshakeAllThreads
Event: 0.234 Executing VM operation: HandshakeAllThreads done
Event: 0.744 Executing VM operation: G1CollectForAllocation
Event: 0.749 Executing VM operation: G1CollectForAllocation done

Memory protections (0 events):
No events

Nmethod flushes (0 events):
No events

Events (13 events):
Event: 0.080 Thread 0x0000022a2d05e5e0 Thread added: 0x0000022a2d05e5e0
Event: 0.088 Thread 0x0000022a2d05e5e0 Thread added: 0x0000022a2f1d3ff0
Event: 0.088 Thread 0x0000022a2d05e5e0 Thread added: 0x0000022a2f1d49b0
Event: 0.121 Thread 0x0000022a2d05e5e0 Thread added: 0x0000022a2f1eac70
Event: 0.121 Thread 0x0000022a2d05e5e0 Thread added: 0x0000022a2f1eb540
Event: 0.122 Thread 0x0000022a2d05e5e0 Thread added: 0x0000022a2f1ef6c0
Event: 0.122 Thread 0x0000022a2d05e5e0 Thread added: 0x0000022a2f1f3840
Event: 0.122 Thread 0x0000022a2d05e5e0 Thread added: 0x0000022a2f1f81d0
Event: 0.123 Thread 0x0000022a2d05e5e0 Thread added: 0x0000022a2f1f9420
Event: 0.124 Thread 0x0000022a2d05e5e0 Thread added: 0x0000022a2f1fc9d0
Event: 0.197 Thread 0x0000022a2d05e5e0 Thread added: 0x0000022a48405570
Event: 0.206 Thread 0x0000022a2d05e5e0 Thread added: 0x0000022a4842db40
Event: 0.609 Thread 0x0000022a2f1f9420 Thread added: 0x0000022a485dd640


Dynamic libraries:
0x00007ff6ad220000 - 0x00007ff6ad22e000 	C:\Program Files\Microsoft\jdk-17.0.13.11-hotspot\bin\java.exe
0x00007fff3eef0000 - 0x00007fff3f0e8000 	C:\WINDOWS\SYSTEM32\ntdll.dll
0x00007fff3d030000 - 0x00007fff3d0f2000 	C:\WINDOWS\System32\KERNEL32.DLL
0x00007fff3cbb0000 - 0x00007fff3ceaf000 	C:\WINDOWS\System32\KERNELBASE.dll
0x00007fff3c580000 - 0x00007fff3c680000 	C:\WINDOWS\System32\ucrtbase.dll
0x00007fff189c0000 - 0x00007fff189d7000 	C:\Program Files\Microsoft\jdk-17.0.13.11-hotspot\bin\jli.dll
0x00007fff0e7e0000 - 0x00007fff0e7fd000 	C:\Program Files\Microsoft\jdk-17.0.13.11-hotspot\bin\VCRUNTIME140.dll
0x00007fff3ed10000 - 0x00007fff3eead000 	C:\WINDOWS\System32\USER32.dll
0x00007fff3c830000 - 0x00007fff3c852000 	C:\WINDOWS\System32\win32u.dll
0x00007fff23e60000 - 0x00007fff240fa000 	C:\WINDOWS\WinSxS\amd64_microsoft.windows.common-controls_6595b64144ccf1df_6.0.19041.4355_none_60b8b9eb71f62e16\COMCTL32.dll
0x00007fff3d5b0000 - 0x00007fff3d5db000 	C:\WINDOWS\System32\GDI32.dll
0x00007fff3c680000 - 0x00007fff3c797000 	C:\WINDOWS\System32\gdi32full.dll
0x00007fff3cf00000 - 0x00007fff3cf9e000 	C:\WINDOWS\System32\msvcrt.dll
0x00007fff3cb10000 - 0x00007fff3cbad000 	C:\WINDOWS\System32\msvcp_win.dll
0x00007fff3d5e0000 - 0x00007fff3d60f000 	C:\WINDOWS\System32\IMM32.DLL
0x00007fff34dc0000 - 0x00007fff34dcc000 	C:\Program Files\Microsoft\jdk-17.0.13.11-hotspot\bin\vcruntime140_1.dll
0x00007ffef5160000 - 0x00007ffef51ed000 	C:\Program Files\Microsoft\jdk-17.0.13.11-hotspot\bin\msvcp140.dll
0x00007ffed77b0000 - 0x00007ffed8421000 	C:\Program Files\Microsoft\jdk-17.0.13.11-hotspot\bin\server\jvm.dll
0x00007fff3ec50000 - 0x00007fff3ed01000 	C:\WINDOWS\System32\ADVAPI32.dll
0x00007fff3d100000 - 0x00007fff3d19f000 	C:\WINDOWS\System32\sechost.dll
0x00007fff3d750000 - 0x00007fff3d873000 	C:\WINDOWS\System32\RPCRT4.dll
0x00007fff3ca30000 - 0x00007fff3ca57000 	C:\WINDOWS\System32\bcrypt.dll
0x00007fff3e3a0000 - 0x00007fff3e40b000 	C:\WINDOWS\System32\WS2_32.dll
0x00007fff3bb10000 - 0x00007fff3bb5b000 	C:\WINDOWS\SYSTEM32\POWRPROF.dll
0x00007fff29e50000 - 0x00007fff29e77000 	C:\WINDOWS\SYSTEM32\WINMM.dll
0x00007fff33350000 - 0x00007fff3335a000 	C:\WINDOWS\SYSTEM32\VERSION.dll
0x00007fff3b980000 - 0x00007fff3b992000 	C:\WINDOWS\SYSTEM32\UMPDC.dll
0x00007fff3adf0000 - 0x00007fff3ae02000 	C:\WINDOWS\SYSTEM32\kernel.appcore.dll
0x00007fff2c980000 - 0x00007fff2c98a000 	C:\Program Files\Microsoft\jdk-17.0.13.11-hotspot\bin\jimage.dll
0x00007fff39440000 - 0x00007fff39624000 	C:\WINDOWS\SYSTEM32\DBGHELP.DLL
0x00007fff20680000 - 0x00007fff206b4000 	C:\WINDOWS\SYSTEM32\dbgcore.DLL
0x00007fff3c7a0000 - 0x00007fff3c822000 	C:\WINDOWS\System32\bcryptPrimitives.dll
0x00007fff0e7b0000 - 0x00007fff0e7d5000 	C:\Program Files\Microsoft\jdk-17.0.13.11-hotspot\bin\java.dll
0x00007ffed8fc0000 - 0x00007ffed9097000 	C:\Program Files\Microsoft\jdk-17.0.13.11-hotspot\bin\jsvml.dll
0x00007fff3d880000 - 0x00007fff3dfee000 	C:\WINDOWS\System32\SHELL32.dll
0x00007fff3a5b0000 - 0x00007fff3ad54000 	C:\WINDOWS\SYSTEM32\windows.storage.dll
0x00007fff3d250000 - 0x00007fff3d5a5000 	C:\WINDOWS\System32\combase.dll
0x00007fff3bfb0000 - 0x00007fff3bfdf000 	C:\WINDOWS\SYSTEM32\Wldp.dll
0x00007fff3e240000 - 0x00007fff3e30d000 	C:\WINDOWS\System32\OLEAUT32.dll
0x00007fff3d1a0000 - 0x00007fff3d24d000 	C:\WINDOWS\System32\SHCORE.dll
0x00007fff3e540000 - 0x00007fff3e595000 	C:\WINDOWS\System32\shlwapi.dll
0x00007fff3c4b0000 - 0x00007fff3c4d4000 	C:\WINDOWS\SYSTEM32\profapi.dll
0x00007fff0e790000 - 0x00007fff0e7aa000 	C:\Program Files\Microsoft\jdk-17.0.13.11-hotspot\bin\net.dll
0x00007fff39650000 - 0x00007fff3975d000 	C:\WINDOWS\SYSTEM32\WINHTTP.dll
0x00007fff3bd10000 - 0x00007fff3bd7a000 	C:\WINDOWS\system32\mswsock.dll
0x00007fff0de60000 - 0x00007fff0de76000 	C:\Program Files\Microsoft\jdk-17.0.13.11-hotspot\bin\nio.dll
0x00007ffef58f0000 - 0x00007ffef5908000 	C:\Program Files\Microsoft\jdk-17.0.13.11-hotspot\bin\zip.dll
0x00007fff2bf90000 - 0x00007fff2bfa0000 	C:\Program Files\Microsoft\jdk-17.0.13.11-hotspot\bin\verify.dll

dbghelp: loaded successfully - version: 4.0.5 - missing functions: none
symbol engine: initialized successfully - sym options: 0x614 - pdb path: .;C:\Program Files\Microsoft\jdk-17.0.13.11-hotspot\bin;C:\WINDOWS\SYSTEM32;C:\WINDOWS\WinSxS\amd64_microsoft.windows.common-controls_6595b64144ccf1df_6.0.19041.4355_none_60b8b9eb71f62e16;C:\Program Files\Microsoft\jdk-17.0.13.11-hotspot\bin\server

VM Arguments:
jvm_args: -Xmx64m -Xms64m -Dorg.gradle.appname=gradlew 
java_command: org.gradle.wrapper.GradleWrapperMain app:installDebug -PreactNativeDevServerPort=8081
java_class_path (initial): D:\React Native\MyProject\android\\gradle\wrapper\gradle-wrapper.jar
Launcher Type: SUN_STANDARD

[Global flags]
     intx CICompilerCount                          = 3                                         {product} {ergonomic}
     uint ConcGCThreads                            = 1                                         {product} {ergonomic}
     uint G1ConcRefinementThreads                  = 4                                         {product} {ergonomic}
   size_t G1HeapRegionSize                         = 1048576                                   {product} {ergonomic}
    uintx GCDrainStackTargetSize                   = 64                                        {product} {ergonomic}
   size_t InitialHeapSize                          = 67108864                                  {product} {command line}
   size_t MarkStackSize                            = 4194304                                   {product} {ergonomic}
   size_t MaxHeapSize                              = 67108864                                  {product} {command line}
   size_t MaxNewSize                               = 39845888                                  {product} {ergonomic}
   size_t MinHeapDeltaBytes                        = 1048576                                   {product} {ergonomic}
   size_t MinHeapSize                              = 67108864                                  {product} {command line}
    uintx NonNMethodCodeHeapSize                   = 5832780                                {pd product} {ergonomic}
    uintx NonProfiledCodeHeapSize                  = 122912730                              {pd product} {ergonomic}
    uintx ProfiledCodeHeapSize                     = 122912730                              {pd product} {ergonomic}
    uintx ReservedCodeCacheSize                    = 251658240                              {pd product} {ergonomic}
     bool SegmentedCodeCache                       = true                                      {product} {ergonomic}
   size_t SoftMaxHeapSize                          = 67108864                               {manageable} {ergonomic}
     bool UseCompressedClassPointers               = true                           {product lp64_product} {ergonomic}
     bool UseCompressedOops                        = true                           {product lp64_product} {ergonomic}
     bool UseG1GC                                  = true                                      {product} {ergonomic}
     bool UseLargePagesIndividualAllocation        = false                                  {pd product} {ergonomic}

Logging:
Log output configuration:
 #0: stdout all=warning uptime,level,tags
 #1: stderr all=off uptime,level,tags

Environment Variables:
JAVA_HOME=C:\Program Files\Microsoft\jdk-17.0.13.11-hotspot\
CLASSPATH=D:\React Native\MyProject\android\\gradle\wrapper\gradle-wrapper.jar
PATH=D:\React Native\MyProject\node_modules\.bin;D:\React Native\MyProject\node_modules\.bin;D:\React Native\node_modules\.bin;D:\node_modules\.bin;C:\Users\aliah\AppData\Roaming\npm\node_modules\npm\node_modules\@npmcli\run-script\lib\node-gyp-bin;D:\React Native\MyProject\node_modules\.bin;D:\React Native\MyProject\node_modules\.bin;D:\React Native\node_modules\.bin;D:\node_modules\.bin;C:\Users\aliah\AppData\Roaming\npm\node_modules\npm\node_modules\@npmcli\run-script\lib\node-gyp-bin;C:\Program Files\Microsoft\jdk-17.0.13.11-hotspot\bin;C:\WINDOWS\system32;C:\WINDOWS;C:\WINDOWS\System32\Wbem;C:\WINDOWS\System32\WindowsPowerShell\v1.0\;C:\WINDOWS\System32\OpenSSH\;C:\Program Files\nodejs\;C:\Program Files\Git\cmd;C:\Users\aliah\AppData\Local\Android\Sdk\emulator;C:\Users\aliah\AppData\Local\Android\Sdk;C:\Users\aliah\AppData\Local\Android\Sdk\platform-tools;C:\ProgramData\chocolatey\bin;D:\React Native\MyProject\android\gradle-8.11.1\bin;C:\Users\aliah\AppData\Local\Microsoft\WindowsApps;C:\Users\aliah\AppData\Local\Programs\Microsoft VS Code\bin;C:\Users\aliah\AppData\Roaming\npm;C:\Program Files\Microsoft\jdk-17.0.13.11-hotspot\bin;D:\React Native\MyProject\android\gradle-8.11.1\bin;
USERNAME=aliah
OS=Windows_NT
PROCESSOR_IDENTIFIER=Intel64 Family 6 Model 142 Stepping 9, GenuineIntel
TMP=C:\Users\aliah\AppData\Local\Temp
TEMP=C:\Users\aliah\AppData\Local\Temp



Periodic native trim disabled


---------------  S Y S T E M  ---------------

OS:
 Windows 10 , 64 bit Build 19041 (10.0.19041.5198)
OS uptime: 1 days 0:16 hours

CPU: total 4 (initial active 4) (2 cores per cpu, 2 threads per core) family 6 model 142 stepping 9 microcode 0xf0, cx8, cmov, fxsr, ht, mmx, 3dnowpref, sse, sse2, sse3, ssse3, sse4.1, sse4.2, popcnt, lzcnt, tsc, tscinvbit, avx, avx2, aes, erms, clmul, bmi1, bmi2, adx, fma, vzeroupper, clflush, clflushopt
Processor Information for processor 0
  Max Mhz: 2904, Current Mhz: 1502, Mhz Limit: 2700
Processor Information for processor 1
  Max Mhz: 2904, Current Mhz: 2703, Mhz Limit: 2700
Processor Information for processor 2
  Max Mhz: 2904, Current Mhz: 1502, Mhz Limit: 2700
Processor Information for processor 3
  Max Mhz: 2904, Current Mhz: 1502, Mhz Limit: 2700

Memory: 4k page, system-wide physical 8042M (896M free)
TotalPageFile size 12138M (AvailPageFile size 8M)
current process WorkingSet (physical memory assigned to process): 57M, peak: 60M
current process commit charge ("private bytes"): 141M, peak: 146M

vm_info: OpenJDK 64-Bit Server VM (17.0.13+11-LTS) for windows-amd64 JRE (17.0.13+11-LTS), built on Oct 11 2024 23:25:05 by "MicrosoftCorporation" with unknown MS VC++:1939

END.
