#
# There is insufficient memory for the Java Runtime Environment to continue.
# Native memory allocation (malloc) failed to allocate 318224 bytes. Error detail: Chunk::new
# Possible reasons:
#   The system is out of physical RAM or swap space
#   This process is running with CompressedOops enabled, and the Java Heap may be blocking the growth of the native heap
# Possible solutions:
#   Reduce memory load on the system
#   Increase physical memory or swap space
#   Check if swap backing store is full
#   Decrease Java heap size (-Xmx/-Xms)
#   Decrease number of Java threads
#   Decrease Java thread stack sizes (-Xss)
#   Set larger code cache with -XX:ReservedCodeCacheSize=
#   JVM is running with Unscaled Compressed Oops mode in which the Java heap is
#     placed in the first 4GB address space. The Java Heap base address is the
#     maximum limit for the native heap growth. Please use -XX:HeapBaseMinAddress
#     to set the Java Heap base and to place the Java Heap above 4GB virtual address.
# This output file may be truncated or incomplete.
#
#  Out of Memory Error (arena.cpp:191), pid=13292, tid=14064
#
# JRE version: OpenJDK Runtime Environment Microsoft-10376486 (17.0.13+11) (build 17.0.13+11-LTS)
# Java VM: OpenJDK 64-Bit Server VM Microsoft-10376486 (17.0.13+11-LTS, mixed mode, sharing, tiered, compressed oops, compressed class ptrs, g1 gc, windows-amd64)
# No core dump will be written. Minidumps are not enabled by default on client versions of Windows
#

---------------  S U M M A R Y ------------

Command Line: --add-opens=java.base/java.lang=ALL-UNNAMED --add-opens=java.base/java.lang.invoke=ALL-UNNAMED --add-opens=java.base/java.util=ALL-UNNAMED --add-opens=java.prefs/java.util.prefs=ALL-UNNAMED --add-exports=jdk.compiler/com.sun.tools.javac.api=ALL-UNNAMED --add-exports=jdk.compiler/com.sun.tools.javac.util=ALL-UNNAMED --add-opens=java.base/java.util=ALL-UNNAMED --add-opens=java.prefs/java.util.prefs=ALL-UNNAMED --add-opens=java.base/java.nio.charset=ALL-UNNAMED --add-opens=java.base/java.net=ALL-UNNAMED --add-opens=java.base/java.util.concurrent.atomic=ALL-UNNAMED --add-opens=java.xml/javax.xml.namespace=ALL-UNNAMED -XX:MaxMetaspaceSize=512m -Xmx2048m -Dfile.encoding=windows-1252 -Duser.country=US -Duser.language=en -Duser.variant -javaagent:C:\Users\aliah\.gradle\wrapper\dists\gradle-8.11.1-bin\bpt9gzteqjrbo1mjrsomdt32c\gradle-8.11.1\lib\agents\gradle-instrumentation-agent-8.11.1.jar org.gradle.launcher.daemon.bootstrap.GradleDaemon 8.11.1

Host: Intel(R) Core(TM) i7-7500U CPU @ 2.70GHz, 4 cores, 7G,  Windows 10 , 64 bit Build 19041 (10.0.19041.5198)
Time: Fri Jan 17 20:37:48 2025 Pakistan Standard Time elapsed time: 43.740776 seconds (0d 0h 0m 43s)

---------------  T H R E A D  ---------------

Current thread (0x00000263c3d33a40):  JavaThread "C2 CompilerThread0" daemon [_thread_in_native, id=14064, stack(0x000000c997000000,0x000000c997100000)]


Current CompileTask:
C2:  43741 4758       4       sun.invoke.util.VerifyAccess::isSamePackage (37 bytes)

Stack: [0x000000c997000000,0x000000c997100000]
Native frames: (J=compiled Java code, j=interpreted, Vv=VM code, C=native code)
V  [jvm.dll+0x687fc9]
V  [jvm.dll+0x83eeb8]
V  [jvm.dll+0x840963]
V  [jvm.dll+0x840fd3]
V  [jvm.dll+0x24951f]
V  [jvm.dll+0xad0c4]
V  [jvm.dll+0xad75c]
V  [jvm.dll+0x36aafe]
V  [jvm.dll+0x335153]
V  [jvm.dll+0x3345ea]
V  [jvm.dll+0x21a748]
V  [jvm.dll+0x219b7f]
V  [jvm.dll+0x1a5506]
V  [jvm.dll+0x22a1ca]
V  [jvm.dll+0x22830b]
V  [jvm.dll+0x7f4708]
V  [jvm.dll+0x7eea6c]
V  [jvm.dll+0x686ea7]
C  [ucrtbase.dll+0x21bb2]
C  [KERNEL32.DLL+0x17374]
C  [ntdll.dll+0x4cc91]


---------------  P R O C E S S  ---------------

Threads class SMR info:
_java_thread_list=0x00000263e5f40050, length=35, elements={
0x00000263a6133fa0, 0x00000263c3d14800, 0x00000263c3d15590, 0x00000263c3d2e1b0,
0x00000263c3d2fc90, 0x00000263c3d32570, 0x00000263c3d32e40, 0x00000263c3d33a40,
0x00000263c3d34350, 0x00000263c3d9cf40, 0x00000263c3cf9080, 0x00000263e3152310,
0x00000263e3353fa0, 0x00000263e30b9030, 0x00000263e324f1a0, 0x00000263e334c110,
0x00000263e334c9c0, 0x00000263e32e2fa0, 0x00000263e32e2070, 0x00000263e32e48f0,
0x00000263e32e3ed0, 0x00000263e32e2a90, 0x00000263e32e34b0, 0x00000263e32e5310,
0x00000263e32e43e0, 0x00000263e32e2580, 0x00000263e32e4e00, 0x00000263e32e5820,
0x00000263e32e39c0, 0x00000263e4f22570, 0x00000263e4f27160, 0x00000263e4f294d0,
0x00000263e4f243d0, 0x00000263e4f26c50, 0x00000263e4f26740
}

Java Threads: ( => current thread )
  0x00000263a6133fa0 JavaThread "main" [_thread_blocked, id=10220, stack(0x000000c996200000,0x000000c996300000)]
  0x00000263c3d14800 JavaThread "Reference Handler" daemon [_thread_blocked, id=3952, stack(0x000000c996a00000,0x000000c996b00000)]
  0x00000263c3d15590 JavaThread "Finalizer" daemon [_thread_blocked, id=14796, stack(0x000000c996b00000,0x000000c996c00000)]
  0x00000263c3d2e1b0 JavaThread "Signal Dispatcher" daemon [_thread_blocked, id=5916, stack(0x000000c996c00000,0x000000c996d00000)]
  0x00000263c3d2fc90 JavaThread "Attach Listener" daemon [_thread_blocked, id=17876, stack(0x000000c996d00000,0x000000c996e00000)]
  0x00000263c3d32570 JavaThread "Service Thread" daemon [_thread_blocked, id=17268, stack(0x000000c996e00000,0x000000c996f00000)]
  0x00000263c3d32e40 JavaThread "Monitor Deflation Thread" daemon [_thread_blocked, id=15036, stack(0x000000c996f00000,0x000000c997000000)]
=>0x00000263c3d33a40 JavaThread "C2 CompilerThread0" daemon [_thread_in_native, id=14064, stack(0x000000c997000000,0x000000c997100000)]
  0x00000263c3d34350 JavaThread "C1 CompilerThread0" daemon [_thread_blocked, id=2468, stack(0x000000c997100000,0x000000c997200000)]
  0x00000263c3d9cf40 JavaThread "Sweeper thread" daemon [_thread_blocked, id=3232, stack(0x000000c997200000,0x000000c997300000)]
  0x00000263c3cf9080 JavaThread "Common-Cleaner" daemon [_thread_blocked, id=19024, stack(0x000000c997300000,0x000000c997400000)]
  0x00000263e3152310 JavaThread "Notification Thread" daemon [_thread_blocked, id=6464, stack(0x000000c997400000,0x000000c997500000)]
  0x00000263e3353fa0 JavaThread "Daemon health stats" [_thread_blocked, id=10400, stack(0x000000c997900000,0x000000c997a00000)]
  0x00000263e30b9030 JavaThread "Incoming local TCP Connector on port 55777" [_thread_in_native, id=19732, stack(0x000000c997a00000,0x000000c997b00000)]
  0x00000263e324f1a0 JavaThread "Daemon periodic checks" [_thread_blocked, id=10724, stack(0x000000c997b00000,0x000000c997c00000)]
  0x00000263e334c110 JavaThread "Daemon" [_thread_blocked, id=13156, stack(0x000000c997c00000,0x000000c997d00000)]
  0x00000263e334c9c0 JavaThread "Handler for socket connection from /127.0.0.1:55777 to /127.0.0.1:55778" [_thread_in_native, id=6664, stack(0x000000c997d00000,0x000000c997e00000)]
  0x00000263e32e2fa0 JavaThread "Cancel handler" [_thread_blocked, id=16612, stack(0x000000c997e00000,0x000000c997f00000)]
  0x00000263e32e2070 JavaThread "Daemon worker" [_thread_in_Java, id=18384, stack(0x000000c997f00000,0x000000c998000000)]
  0x00000263e32e48f0 JavaThread "Asynchronous log dispatcher for DefaultDaemonConnection: socket connection from /127.0.0.1:55777 to /127.0.0.1:55778" [_thread_blocked, id=19800, stack(0x000000c998000000,0x000000c998100000)]
  0x00000263e32e3ed0 JavaThread "Stdin handler" [_thread_blocked, id=16400, stack(0x000000c998100000,0x000000c998200000)]
  0x00000263e32e2a90 JavaThread "Daemon client event forwarder" [_thread_blocked, id=11848, stack(0x000000c998200000,0x000000c998300000)]
  0x00000263e32e34b0 JavaThread "Cache worker for journal cache (C:\Users\aliah\.gradle\caches\journal-1)" [_thread_blocked, id=2992, stack(0x000000c998300000,0x000000c998400000)]
  0x00000263e32e5310 JavaThread "File lock request listener" [_thread_in_native, id=7636, stack(0x000000c998400000,0x000000c998500000)]
  0x00000263e32e43e0 JavaThread "Cache worker for file hash cache (C:\Users\aliah\.gradle\caches\8.11.1\fileHashes)" [_thread_blocked, id=15056, stack(0x000000c998500000,0x000000c998600000)]
  0x00000263e32e2580 JavaThread "Cache worker for file content cache (C:\Users\aliah\.gradle\caches\8.11.1\fileContent)" [_thread_blocked, id=18140, stack(0x000000c998600000,0x000000c998700000)]
  0x00000263e32e4e00 JavaThread "Cache worker for file hash cache (D:\React Native\MyProject\android\.gradle\8.11.1\fileHashes)" [_thread_blocked, id=17496, stack(0x000000c998800000,0x000000c998900000)]
  0x00000263e32e5820 JavaThread "Cache worker for Build Output Cleanup Cache (D:\React Native\MyProject\android\.gradle\buildOutputCleanup)" [_thread_blocked, id=1280, stack(0x000000c998900000,0x000000c998a00000)]
  0x00000263e32e39c0 JavaThread "File watcher server" daemon [_thread_in_native, id=12384, stack(0x000000c998700000,0x000000c998800000)]
  0x00000263e4f22570 JavaThread "File watcher consumer" daemon [_thread_blocked, id=18324, stack(0x000000c998a00000,0x000000c998b00000)]
  0x00000263e4f27160 JavaThread "Cache worker for checksums cache (D:\React Native\MyProject\android\.gradle\8.11.1\checksums)" [_thread_blocked, id=18716, stack(0x000000c998b00000,0x000000c998c00000)]
  0x00000263e4f294d0 JavaThread "Cache worker for cache directory md-rule (C:\Users\aliah\.gradle\caches\8.11.1\md-rule)" [_thread_blocked, id=20068, stack(0x000000c998c00000,0x000000c998d00000)]
  0x00000263e4f243d0 JavaThread "Cache worker for cache directory md-supplier (C:\Users\aliah\.gradle\caches\8.11.1\md-supplier)" [_thread_blocked, id=11976, stack(0x000000c998d00000,0x000000c998e00000)]
  0x00000263e4f26c50 JavaThread "jar transforms" [_thread_blocked, id=12848, stack(0x000000c999000000,0x000000c999100000)]
  0x00000263e4f26740 JavaThread "Cache worker for Build Output Cleanup Cache (D:\React Native\MyProject\node_modules\@react-native\gradle-plugin\.gradle\buildOutputCleanup)" [_thread_blocked, id=15152, stack(0x000000c999100000,0x000000c999200000)]

Other Threads:
  0x00000263c3d0c1d0 VMThread "VM Thread" [stack: 0x000000c996900000,0x000000c996a00000] [id=20164]
  0x00000263e318bb70 WatcherThread [stack: 0x000000c997500000,0x000000c997600000] [id=6520]
  0x00000263a6190d30 GCTaskThread "GC Thread#0" [stack: 0x000000c996400000,0x000000c996500000] [id=15068]
  0x00000263e332aa30 GCTaskThread "GC Thread#1" [stack: 0x000000c997600000,0x000000c997700000] [id=13308]
  0x00000263e332acf0 GCTaskThread "GC Thread#2" [stack: 0x000000c997700000,0x000000c997800000] [id=7952]
  0x00000263e3bf6c60 GCTaskThread "GC Thread#3" [stack: 0x000000c997800000,0x000000c997900000] [id=8128]
  0x00000263a61a1b90 ConcurrentGCThread "G1 Main Marker" [stack: 0x000000c996500000,0x000000c996600000] [id=12996]
  0x00000263a61a24c0 ConcurrentGCThread "G1 Conc#0" [stack: 0x000000c996600000,0x000000c996700000] [id=13768]
  0x00000263a61edc00 ConcurrentGCThread "G1 Refine#0" [stack: 0x000000c996700000,0x000000c996800000] [id=7652]
  0x00000263e4b80930 ConcurrentGCThread "G1 Refine#1" [stack: 0x000000c998e00000,0x000000c998f00000] [id=17012]
  0x00000263e4b80c20 ConcurrentGCThread "G1 Refine#2" [stack: 0x000000c998f00000,0x000000c999000000] [id=16432]
  0x00000263a61ee540 ConcurrentGCThread "G1 Service" [stack: 0x000000c996800000,0x000000c996900000] [id=12844]

Threads with active compile tasks:
C2 CompilerThread0    43785 4758       4       sun.invoke.util.VerifyAccess::isSamePackage (37 bytes)

VM state: not at safepoint (normal execution)

VM Mutex/Monitor currently owned by a thread: None

Heap address: 0x0000000080000000, size: 2048 MB, Compressed Oops mode: 32-bit

CDS archive(s) mapped at: [0x00000263c4000000-0x00000263c4bb0000-0x00000263c4bb0000), size 12255232, SharedBaseAddress: 0x00000263c4000000, ArchiveRelocationMode: 1.
Compressed class space mapped at: 0x00000263c5000000-0x00000263df000000, reserved size: 436207616
Narrow klass base: 0x00000263c4000000, Narrow klass shift: 0, Narrow klass range: 0x100000000

GC Precious Log:
 CPUs: 4 total, 4 available
 Memory: 8042M
 Large Page Support: Disabled
 NUMA Support: Disabled
 Compressed Oops: Enabled (32-bit)
 Heap Region Size: 1M
 Heap Min Capacity: 8M
 Heap Initial Capacity: 126M
 Heap Max Capacity: 2G
 Pre-touch: Disabled
 Parallel Workers: 4
 Concurrent Workers: 1
 Concurrent Refinement Workers: 4
 Periodic GC: Disabled

Heap:
 garbage-first heap   total 86016K, used 49943K [0x0000000080000000, 0x0000000100000000)
  region size 1024K, 19 young (19456K), 2 survivors (2048K)
 Metaspace       used 41790K, committed 42304K, reserved 491520K
  class space    used 5920K, committed 6144K, reserved 425984K

Heap Regions: E=young(eden), S=young(survivor), O=old, HS=humongous(starts), HC=humongous(continues), CS=collection set, F=free, OA=open archive, CA=closed archive, TAMS=top-at-mark-start (previous, next)
|   0|0x0000000080000000, 0x0000000080100000, 0x0000000080100000|100%|HS|  |TAMS 0x0000000080100000, 0x0000000080000000| Complete 
|   1|0x0000000080100000, 0x0000000080200000, 0x0000000080200000|100%|HC|  |TAMS 0x0000000080200000, 0x0000000080100000| Complete 
|   2|0x0000000080200000, 0x0000000080300000, 0x0000000080300000|100%|HC|  |TAMS 0x0000000080300000, 0x0000000080200000| Complete 
|   3|0x0000000080300000, 0x0000000080400000, 0x0000000080400000|100%| O|  |TAMS 0x0000000080400000, 0x0000000080300000| Untracked 
|   4|0x0000000080400000, 0x0000000080500000, 0x0000000080500000|100%| O|  |TAMS 0x0000000080500000, 0x0000000080400000| Untracked 
|   5|0x0000000080500000, 0x0000000080600000, 0x0000000080600000|100%| O|  |TAMS 0x0000000080600000, 0x0000000080500000| Untracked 
|   6|0x0000000080600000, 0x0000000080700000, 0x0000000080700000|100%| O|  |TAMS 0x0000000080700000, 0x0000000080600000| Untracked 
|   7|0x0000000080700000, 0x0000000080800000, 0x0000000080800000|100%|HS|  |TAMS 0x0000000080800000, 0x0000000080700000| Complete 
|   8|0x0000000080800000, 0x0000000080900000, 0x0000000080900000|100%| O|  |TAMS 0x0000000080900000, 0x0000000080800000| Untracked 
|   9|0x0000000080900000, 0x0000000080a00000, 0x0000000080a00000|100%| O|  |TAMS 0x0000000080a00000, 0x0000000080900000| Untracked 
|  10|0x0000000080a00000, 0x0000000080b00000, 0x0000000080b00000|100%| O|  |TAMS 0x0000000080b00000, 0x0000000080a00000| Untracked 
|  11|0x0000000080b00000, 0x0000000080c00000, 0x0000000080c00000|100%| O|  |TAMS 0x0000000080c00000, 0x0000000080b00000| Untracked 
|  12|0x0000000080c00000, 0x0000000080d00000, 0x0000000080d00000|100%| O|  |TAMS 0x0000000080d00000, 0x0000000080c00000| Untracked 
|  13|0x0000000080d00000, 0x0000000080e00000, 0x0000000080e00000|100%| O|  |TAMS 0x0000000080e00000, 0x0000000080d00000| Untracked 
|  14|0x0000000080e00000, 0x0000000080f00000, 0x0000000080f00000|100%| O|  |TAMS 0x0000000080f00000, 0x0000000080e00000| Untracked 
|  15|0x0000000080f00000, 0x0000000081000000, 0x0000000081000000|100%| O|  |TAMS 0x0000000080f00000, 0x0000000080f00000| Untracked 
|  16|0x0000000081000000, 0x0000000081100000, 0x0000000081100000|100%| O|  |TAMS 0x0000000081100000, 0x0000000081000000| Untracked 
|  17|0x0000000081100000, 0x0000000081200000, 0x0000000081200000|100%| O|  |TAMS 0x0000000081200000, 0x0000000081100000| Untracked 
|  18|0x0000000081200000, 0x0000000081300000, 0x0000000081300000|100%| O|  |TAMS 0x0000000081300000, 0x0000000081200000| Untracked 
|  19|0x0000000081300000, 0x0000000081400000, 0x0000000081400000|100%| O|  |TAMS 0x0000000081400000, 0x0000000081300000| Untracked 
|  20|0x0000000081400000, 0x0000000081500000, 0x0000000081500000|100%| O|  |TAMS 0x0000000081500000, 0x0000000081400000| Untracked 
|  21|0x0000000081500000, 0x0000000081600000, 0x0000000081600000|100%| O|  |TAMS 0x0000000081600000, 0x0000000081500000| Untracked 
|  22|0x0000000081600000, 0x0000000081700000, 0x0000000081700000|100%| O|  |TAMS 0x0000000081700000, 0x0000000081600000| Untracked 
|  23|0x0000000081700000, 0x0000000081800000, 0x0000000081800000|100%| O|  |TAMS 0x0000000081800000, 0x0000000081700000| Untracked 
|  24|0x0000000081800000, 0x0000000081900000, 0x0000000081900000|100%| O|  |TAMS 0x0000000081900000, 0x0000000081800000| Untracked 
|  25|0x0000000081900000, 0x0000000081900000, 0x0000000081a00000|  0%| F|  |TAMS 0x0000000081900000, 0x0000000081900000| Untracked 
|  26|0x0000000081a00000, 0x0000000081b00000, 0x0000000081b00000|100%| O|  |TAMS 0x0000000081a00000, 0x0000000081a00000| Untracked 
|  27|0x0000000081b00000, 0x0000000081c00000, 0x0000000081c00000|100%| O|  |TAMS 0x0000000081b00000, 0x0000000081b00000| Untracked 
|  28|0x0000000081c00000, 0x0000000081cc5c00, 0x0000000081d00000| 77%| O|  |TAMS 0x0000000081c00000, 0x0000000081c00000| Untracked 
|  29|0x0000000081d00000, 0x0000000081d00000, 0x0000000081e00000|  0%| F|  |TAMS 0x0000000081d00000, 0x0000000081d00000| Untracked 
|  30|0x0000000081e00000, 0x0000000081f00000, 0x0000000081f00000|100%| O|  |TAMS 0x0000000081e00000, 0x0000000081e00000| Untracked 
|  31|0x0000000081f00000, 0x0000000082000000, 0x0000000082000000|100%| O|  |TAMS 0x0000000081f00000, 0x0000000081f00000| Untracked 
|  32|0x0000000082000000, 0x0000000082100000, 0x0000000082100000|100%| O|  |TAMS 0x0000000082000000, 0x0000000082000000| Untracked 
|  33|0x0000000082100000, 0x0000000082100000, 0x0000000082200000|  0%| F|  |TAMS 0x0000000082100000, 0x0000000082100000| Untracked 
|  34|0x0000000082200000, 0x0000000082200000, 0x0000000082300000|  0%| F|  |TAMS 0x0000000082200000, 0x0000000082200000| Untracked 
|  35|0x0000000082300000, 0x0000000082300000, 0x0000000082400000|  0%| F|  |TAMS 0x0000000082300000, 0x0000000082300000| Untracked 
|  36|0x0000000082400000, 0x0000000082400000, 0x0000000082500000|  0%| F|  |TAMS 0x0000000082400000, 0x0000000082400000| Untracked 
|  37|0x0000000082500000, 0x0000000082500000, 0x0000000082600000|  0%| F|  |TAMS 0x0000000082500000, 0x0000000082500000| Untracked 
|  38|0x0000000082600000, 0x0000000082600000, 0x0000000082700000|  0%| F|  |TAMS 0x0000000082600000, 0x0000000082600000| Untracked 
|  39|0x0000000082700000, 0x0000000082700000, 0x0000000082800000|  0%| F|  |TAMS 0x0000000082700000, 0x0000000082700000| Untracked 
|  40|0x0000000082800000, 0x0000000082800000, 0x0000000082900000|  0%| F|  |TAMS 0x0000000082800000, 0x0000000082800000| Untracked 
|  41|0x0000000082900000, 0x0000000082900000, 0x0000000082a00000|  0%| F|  |TAMS 0x0000000082900000, 0x0000000082900000| Untracked 
|  42|0x0000000082a00000, 0x0000000082a00000, 0x0000000082b00000|  0%| F|  |TAMS 0x0000000082a00000, 0x0000000082a00000| Untracked 
|  43|0x0000000082b00000, 0x0000000082b00000, 0x0000000082c00000|  0%| F|  |TAMS 0x0000000082b00000, 0x0000000082b00000| Untracked 
|  44|0x0000000082c00000, 0x0000000082c00000, 0x0000000082d00000|  0%| F|  |TAMS 0x0000000082c00000, 0x0000000082c00000| Untracked 
|  45|0x0000000082d00000, 0x0000000082d00000, 0x0000000082e00000|  0%| F|  |TAMS 0x0000000082d00000, 0x0000000082d00000| Untracked 
|  46|0x0000000082e00000, 0x0000000082e00000, 0x0000000082f00000|  0%| F|  |TAMS 0x0000000082e00000, 0x0000000082e00000| Untracked 
|  47|0x0000000082f00000, 0x0000000083000000, 0x0000000083000000|100%| S|CS|TAMS 0x0000000082f00000, 0x0000000082f00000| Complete 
|  48|0x0000000083000000, 0x0000000083100000, 0x0000000083100000|100%| S|CS|TAMS 0x0000000083000000, 0x0000000083000000| Complete 
|  49|0x0000000083100000, 0x0000000083100000, 0x0000000083200000|  0%| F|  |TAMS 0x0000000083100000, 0x0000000083100000| Untracked 
|  50|0x0000000083200000, 0x0000000083200000, 0x0000000083300000|  0%| F|  |TAMS 0x0000000083200000, 0x0000000083200000| Untracked 
|  51|0x0000000083300000, 0x0000000083300000, 0x0000000083400000|  0%| F|  |TAMS 0x0000000083300000, 0x0000000083300000| Untracked 
|  52|0x0000000083400000, 0x0000000083400000, 0x0000000083500000|  0%| F|  |TAMS 0x0000000083400000, 0x0000000083400000| Untracked 
|  53|0x0000000083500000, 0x0000000083500000, 0x0000000083600000|  0%| F|  |TAMS 0x0000000083500000, 0x0000000083500000| Untracked 
|  54|0x0000000083600000, 0x0000000083600000, 0x0000000083700000|  0%| F|  |TAMS 0x0000000083600000, 0x0000000083600000| Untracked 
|  55|0x0000000083700000, 0x0000000083700000, 0x0000000083800000|  0%| F|  |TAMS 0x0000000083700000, 0x0000000083700000| Untracked 
|  56|0x0000000083800000, 0x0000000083800000, 0x0000000083900000|  0%| F|  |TAMS 0x0000000083800000, 0x0000000083800000| Untracked 
|  57|0x0000000083900000, 0x0000000083900000, 0x0000000083a00000|  0%| F|  |TAMS 0x0000000083900000, 0x0000000083900000| Untracked 
|  58|0x0000000083a00000, 0x0000000083a00000, 0x0000000083b00000|  0%| F|  |TAMS 0x0000000083a00000, 0x0000000083a00000| Untracked 
|  59|0x0000000083b00000, 0x0000000083b00000, 0x0000000083c00000|  0%| F|  |TAMS 0x0000000083b00000, 0x0000000083b00000| Untracked 
|  60|0x0000000083c00000, 0x0000000083c00000, 0x0000000083d00000|  0%| F|  |TAMS 0x0000000083c00000, 0x0000000083c00000| Untracked 
|  61|0x0000000083d00000, 0x0000000083d00000, 0x0000000083e00000|  0%| F|  |TAMS 0x0000000083d00000, 0x0000000083d00000| Untracked 
|  62|0x0000000083e00000, 0x0000000083e00000, 0x0000000083f00000|  0%| F|  |TAMS 0x0000000083e00000, 0x0000000083e00000| Untracked 
|  63|0x0000000083f00000, 0x0000000083f00000, 0x0000000084000000|  0%| F|  |TAMS 0x0000000083f00000, 0x0000000083f00000| Untracked 
|  64|0x0000000084000000, 0x0000000084000000, 0x0000000084100000|  0%| F|  |TAMS 0x0000000084000000, 0x0000000084000000| Untracked 
|  65|0x0000000084100000, 0x0000000084100000, 0x0000000084200000|  0%| F|  |TAMS 0x0000000084100000, 0x0000000084100000| Untracked 
|  66|0x0000000084200000, 0x0000000084200000, 0x0000000084300000|  0%| F|  |TAMS 0x0000000084200000, 0x0000000084200000| Untracked 
|  67|0x0000000084300000, 0x0000000084386458, 0x0000000084400000| 52%| E|  |TAMS 0x0000000084300000, 0x0000000084300000| Complete 
|  68|0x0000000084400000, 0x0000000084500000, 0x0000000084500000|100%| E|CS|TAMS 0x0000000084400000, 0x0000000084400000| Complete 
|  69|0x0000000084500000, 0x0000000084600000, 0x0000000084600000|100%| E|CS|TAMS 0x0000000084500000, 0x0000000084500000| Complete 
|  70|0x0000000084600000, 0x0000000084700000, 0x0000000084700000|100%| E|CS|TAMS 0x0000000084600000, 0x0000000084600000| Complete 
|  71|0x0000000084700000, 0x0000000084800000, 0x0000000084800000|100%| E|CS|TAMS 0x0000000084700000, 0x0000000084700000| Complete 
|  72|0x0000000084800000, 0x0000000084900000, 0x0000000084900000|100%| E|CS|TAMS 0x0000000084800000, 0x0000000084800000| Complete 
|  73|0x0000000084900000, 0x0000000084a00000, 0x0000000084a00000|100%| E|CS|TAMS 0x0000000084900000, 0x0000000084900000| Complete 
|  74|0x0000000084a00000, 0x0000000084b00000, 0x0000000084b00000|100%| E|CS|TAMS 0x0000000084a00000, 0x0000000084a00000| Complete 
|  81|0x0000000085100000, 0x0000000085200000, 0x0000000085200000|100%| E|CS|TAMS 0x0000000085100000, 0x0000000085100000| Complete 
|  82|0x0000000085200000, 0x0000000085300000, 0x0000000085300000|100%| E|CS|TAMS 0x0000000085200000, 0x0000000085200000| Complete 
|  83|0x0000000085300000, 0x0000000085400000, 0x0000000085400000|100%| E|CS|TAMS 0x0000000085300000, 0x0000000085300000| Complete 
|  84|0x0000000085400000, 0x0000000085500000, 0x0000000085500000|100%| E|CS|TAMS 0x0000000085400000, 0x0000000085400000| Complete 
|  85|0x0000000085500000, 0x0000000085600000, 0x0000000085600000|100%| E|CS|TAMS 0x0000000085500000, 0x0000000085500000| Complete 
|  86|0x0000000085600000, 0x0000000085700000, 0x0000000085700000|100%| E|CS|TAMS 0x0000000085600000, 0x0000000085600000| Complete 
|  87|0x0000000085700000, 0x0000000085800000, 0x0000000085800000|100%| E|CS|TAMS 0x0000000085700000, 0x0000000085700000| Complete 
|  88|0x0000000085800000, 0x0000000085900000, 0x0000000085900000|100%| E|CS|TAMS 0x0000000085800000, 0x0000000085800000| Complete 
| 125|0x0000000087d00000, 0x0000000087e00000, 0x0000000087e00000|100%| E|CS|TAMS 0x0000000087d00000, 0x0000000087d00000| Complete 

Card table byte_map: [0x00000263bd070000,0x00000263bd470000] _byte_map_base: 0x00000263bcc70000

Marking Bits (Prev, Next): (CMBitMap*) 0x00000263a6191260, (CMBitMap*) 0x00000263a61912a0
 Prev Bits: [0x00000263bd870000, 0x00000263bf870000)
 Next Bits: [0x00000263bf870000, 0x00000263c1870000)

Polling page: 0x00000263a3fc0000

Metaspace:

Usage:
  Non-class:     35.03 MB used.
      Class:      5.78 MB used.
       Both:     40.81 MB used.

Virtual space:
  Non-class space:       64.00 MB reserved,      35.31 MB ( 55%) committed,  1 nodes.
      Class space:      416.00 MB reserved,       6.00 MB (  1%) committed,  1 nodes.
             Both:      480.00 MB reserved,      41.31 MB (  9%) committed. 

Chunk freelists:
   Non-Class:  12.44 MB
       Class:  9.83 MB
        Both:  22.27 MB

MaxMetaspaceSize: 512.00 MB
CompressedClassSpaceSize: 416.00 MB
Initial GC threshold: 21.00 MB
Current GC threshold: 58.75 MB
CDS: on
MetaspaceReclaimPolicy: balanced
 - commit_granule_bytes: 65536.
 - commit_granule_words: 8192.
 - virtual_space_node_default_size: 8388608.
 - enlarge_chunks_in_place: 1.
 - new_chunks_are_fully_committed: 0.
 - uncommit_free_chunks: 1.
 - use_allocation_guard: 0.
 - handle_deallocations: 1.


Internal statistics:

num_allocs_failed_limit: 6.
num_arena_births: 600.
num_arena_deaths: 0.
num_vsnodes_births: 2.
num_vsnodes_deaths: 0.
num_space_committed: 661.
num_space_uncommitted: 0.
num_chunks_returned_to_freelist: 6.
num_chunks_taken_from_freelist: 2263.
num_chunk_merges: 6.
num_chunk_splits: 1485.
num_chunks_enlarged: 1020.
num_inconsistent_stats: 0.

CodeHeap 'non-profiled nmethods': size=120000Kb used=3096Kb max_used=3096Kb free=116903Kb
 bounds [0x00000263b5740000, 0x00000263b5a50000, 0x00000263bcc70000]
CodeHeap 'profiled nmethods': size=120000Kb used=9692Kb max_used=9692Kb free=110307Kb
 bounds [0x00000263adc70000, 0x00000263ae5f0000, 0x00000263b51a0000]
CodeHeap 'non-nmethods': size=5760Kb used=2320Kb max_used=2378Kb free=3439Kb
 bounds [0x00000263b51a0000, 0x00000263b5410000, 0x00000263b5740000]
 total_blobs=5583 nmethods=4745 adapters=750
 compilation: enabled
              stopped_count=0, restarted_count=0
 full_count=0

Compilation events (20 events):
Event: 43.527 Thread 0x00000263c3d34350 nmethod 4748 0x00000263ae5e5610 code [0x00000263ae5e57a0, 0x00000263ae5e58f8]
Event: 43.527 Thread 0x00000263c3d34350 4749       3       com.google.common.cache.LocalCache::recordsWrite (20 bytes)
Event: 43.527 Thread 0x00000263c3d34350 nmethod 4749 0x00000263ae5e5990 code [0x00000263ae5e5b40, 0x00000263ae5e5e78]
Event: 43.527 Thread 0x00000263c3d34350 4750       3       com.google.common.cache.LocalCache::unset (4 bytes)
Event: 43.527 Thread 0x00000263c3d34350 nmethod 4750 0x00000263ae5e5f90 code [0x00000263ae5e6120, 0x00000263ae5e6218]
Event: 43.528 Thread 0x00000263c3d34350 4751       1       com.google.common.cache.LocalCache$StrongValueReference::getWeight (2 bytes)
Event: 43.528 Thread 0x00000263c3d34350 nmethod 4751 0x00000263b5a45690 code [0x00000263b5a45820, 0x00000263b5a458f8]
Event: 43.671 Thread 0x00000263c3d33a40 4752       4       jdk.internal.org.objectweb.asm.ByteVector::putByteArray (49 bytes)
Event: 43.672 Thread 0x00000263c3d33a40 nmethod 4752 0x00000263b5a45990 code [0x00000263b5a45b00, 0x00000263b5a45c78]
Event: 43.692 Thread 0x00000263c3d34350 4753       3       java.util.Collections$UnmodifiableMap$UnmodifiableEntrySet$UnmodifiableEntry::getValue (10 bytes)
Event: 43.692 Thread 0x00000263c3d34350 nmethod 4753 0x00000263ae5e6290 code [0x00000263ae5e6440, 0x00000263ae5e6608]
Event: 43.692 Thread 0x00000263c3d34350 4754       3       com.google.common.collect.ImmutableList::asImmutableList (7 bytes)
Event: 43.692 Thread 0x00000263c3d34350 nmethod 4754 0x00000263ae5e6710 code [0x00000263ae5e68a0, 0x00000263ae5e69c8]
Event: 43.695 Thread 0x00000263c3d34350 4755       1       org.gradle.api.attributes.Attribute::getType (5 bytes)
Event: 43.695 Thread 0x00000263c3d34350 nmethod 4755 0x00000263b5a45d90 code [0x00000263b5a45f20, 0x00000263b5a45ff8]
Event: 43.695 Thread 0x00000263c3d34350 4756       3       com.google.common.collect.AbstractIterator::hasNext (65 bytes)
Event: 43.696 Thread 0x00000263c3d33a40 4757       4       com.google.common.collect.CollectPreconditions::checkEntryNotNull (68 bytes)
Event: 43.696 Thread 0x00000263c3d34350 nmethod 4756 0x00000263ae5e6a90 code [0x00000263ae5e6c80, 0x00000263ae5e7078]
Event: 43.696 Thread 0x00000263c3d33a40 nmethod 4757 0x00000263b5a46090 code [0x00000263b5a46200, 0x00000263b5a46298]
Event: 43.701 Thread 0x00000263c3d33a40 4758       4       sun.invoke.util.VerifyAccess::isSamePackage (37 bytes)

GC Heap History (20 events):
Event: 9.798 GC heap before
{Heap before GC invocations=2 (full 0):
 garbage-first heap   total 129024K, used 85259K [0x0000000080000000, 0x0000000100000000)
  region size 1024K, 75 young (76800K), 3 survivors (3072K)
 Metaspace       used 5183K, committed 5376K, reserved 491520K
  class space    used 681K, committed 768K, reserved 425984K
}
Event: 9.813 GC heap after
{Heap after GC invocations=3 (full 0):
 garbage-first heap   total 129024K, used 16209K [0x0000000080000000, 0x0000000100000000)
  region size 1024K, 9 young (9216K), 9 survivors (9216K)
 Metaspace       used 5183K, committed 5376K, reserved 491520K
  class space    used 681K, committed 768K, reserved 425984K
}
Event: 19.156 GC heap before
{Heap before GC invocations=3 (full 0):
 garbage-first heap   total 129024K, used 83793K [0x0000000080000000, 0x0000000100000000)
  region size 1024K, 75 young (76800K), 9 survivors (9216K)
 Metaspace       used 16953K, committed 17216K, reserved 491520K
  class space    used 2386K, committed 2496K, reserved 425984K
}
Event: 19.172 GC heap after
{Heap after GC invocations=4 (full 0):
 garbage-first heap   total 129024K, used 21472K [0x0000000080000000, 0x0000000100000000)
  region size 1024K, 6 young (6144K), 6 survivors (6144K)
 Metaspace       used 16953K, committed 17216K, reserved 491520K
  class space    used 2386K, committed 2496K, reserved 425984K
}
Event: 23.257 GC heap before
{Heap before GC invocations=4 (full 0):
 garbage-first heap   total 129024K, used 58336K [0x0000000080000000, 0x0000000100000000)
  region size 1024K, 43 young (44032K), 6 survivors (6144K)
 Metaspace       used 21212K, committed 21504K, reserved 491520K
  class space    used 3074K, committed 3200K, reserved 425984K
}
Event: 23.267 GC heap after
{Heap after GC invocations=5 (full 0):
 garbage-first heap   total 129024K, used 23536K [0x0000000080000000, 0x0000000100000000)
  region size 1024K, 8 young (8192K), 8 survivors (8192K)
 Metaspace       used 21212K, committed 21504K, reserved 491520K
  class space    used 3074K, committed 3200K, reserved 425984K
}
Event: 29.122 GC heap before
{Heap before GC invocations=6 (full 0):
 garbage-first heap   total 86016K, used 66544K [0x0000000080000000, 0x0000000100000000)
  region size 1024K, 50 young (51200K), 8 survivors (8192K)
 Metaspace       used 26291K, committed 26752K, reserved 491520K
  class space    used 3867K, committed 4096K, reserved 425984K
}
Event: 29.135 GC heap after
{Heap after GC invocations=7 (full 0):
 garbage-first heap   total 86016K, used 25113K [0x0000000080000000, 0x0000000100000000)
  region size 1024K, 4 young (4096K), 4 survivors (4096K)
 Metaspace       used 26291K, committed 26752K, reserved 491520K
  class space    used 3867K, committed 4096K, reserved 425984K
}
Event: 29.153 GC heap before
{Heap before GC invocations=7 (full 0):
 garbage-first heap   total 86016K, used 25113K [0x0000000080000000, 0x0000000100000000)
  region size 1024K, 5 young (5120K), 4 survivors (4096K)
 Metaspace       used 26362K, committed 26816K, reserved 491520K
  class space    used 3877K, committed 4096K, reserved 425984K
}
Event: 29.162 GC heap after
{Heap after GC invocations=8 (full 0):
 garbage-first heap   total 86016K, used 25596K [0x0000000080000000, 0x0000000100000000)
  region size 1024K, 1 young (1024K), 1 survivors (1024K)
 Metaspace       used 26362K, committed 26816K, reserved 491520K
  class space    used 3877K, committed 4096K, reserved 425984K
}
Event: 33.284 GC heap before
{Heap before GC invocations=8 (full 0):
 garbage-first heap   total 86016K, used 65532K [0x0000000080000000, 0x0000000100000000)
  region size 1024K, 41 young (41984K), 1 survivors (1024K)
 Metaspace       used 31995K, committed 32384K, reserved 491520K
  class space    used 4474K, committed 4672K, reserved 425984K
}
Event: 33.292 GC heap after
{Heap after GC invocations=9 (full 0):
 garbage-first heap   total 86016K, used 29891K [0x0000000080000000, 0x0000000100000000)
  region size 1024K, 5 young (5120K), 5 survivors (5120K)
 Metaspace       used 31995K, committed 32384K, reserved 491520K
  class space    used 4474K, committed 4672K, reserved 425984K
}
Event: 37.226 GC heap before
{Heap before GC invocations=9 (full 0):
 garbage-first heap   total 86016K, used 61635K [0x0000000080000000, 0x0000000100000000)
  region size 1024K, 33 young (33792K), 5 survivors (5120K)
 Metaspace       used 35538K, committed 35968K, reserved 491520K
  class space    used 4913K, committed 5120K, reserved 425984K
}
Event: 37.236 GC heap after
{Heap after GC invocations=10 (full 0):
 garbage-first heap   total 86016K, used 31507K [0x0000000080000000, 0x0000000100000000)
  region size 1024K, 3 young (3072K), 3 survivors (3072K)
 Metaspace       used 35538K, committed 35968K, reserved 491520K
  class space    used 4913K, committed 5120K, reserved 425984K
}
Event: 39.364 GC heap before
{Heap before GC invocations=11 (full 0):
 garbage-first heap   total 86016K, used 66323K [0x0000000080000000, 0x0000000100000000)
  region size 1024K, 37 young (37888K), 3 survivors (3072K)
 Metaspace       used 36943K, committed 37440K, reserved 491520K
  class space    used 5156K, committed 5376K, reserved 425984K
}
Event: 39.371 GC heap after
{Heap after GC invocations=12 (full 0):
 garbage-first heap   total 86016K, used 31925K [0x0000000080000000, 0x0000000100000000)
  region size 1024K, 4 young (4096K), 4 survivors (4096K)
 Metaspace       used 36943K, committed 37440K, reserved 491520K
  class space    used 5156K, committed 5376K, reserved 425984K
}
Event: 39.380 GC heap before
{Heap before GC invocations=12 (full 0):
 garbage-first heap   total 86016K, used 32949K [0x0000000080000000, 0x0000000100000000)
  region size 1024K, 5 young (5120K), 4 survivors (4096K)
 Metaspace       used 36948K, committed 37440K, reserved 491520K
  class space    used 5157K, committed 5376K, reserved 425984K
}
Event: 39.387 GC heap after
{Heap after GC invocations=13 (full 0):
 garbage-first heap   total 86016K, used 32103K [0x0000000080000000, 0x0000000100000000)
  region size 1024K, 1 young (1024K), 1 survivors (1024K)
 Metaspace       used 36948K, committed 37440K, reserved 491520K
  class space    used 5157K, committed 5376K, reserved 425984K
}
Event: 42.319 GC heap before
{Heap before GC invocations=13 (full 0):
 garbage-first heap   total 86016K, used 66919K [0x0000000080000000, 0x0000000100000000)
  region size 1024K, 35 young (35840K), 1 survivors (1024K)
 Metaspace       used 40116K, committed 40576K, reserved 491520K
  class space    used 5660K, committed 5888K, reserved 425984K
}
Event: 42.324 GC heap after
{Heap after GC invocations=14 (full 0):
 garbage-first heap   total 86016K, used 33559K [0x0000000080000000, 0x0000000100000000)
  region size 1024K, 2 young (2048K), 2 survivors (2048K)
 Metaspace       used 40116K, committed 40576K, reserved 491520K
  class space    used 5660K, committed 5888K, reserved 425984K
}

Dll operation events (15 events):
Event: 0.025 Loaded shared library C:\Program Files\Microsoft\jdk-17.0.13.11-hotspot\bin\java.dll
Event: 0.325 Loaded shared library C:\Program Files\Microsoft\jdk-17.0.13.11-hotspot\bin\jsvml.dll
Event: 0.963 Loaded shared library C:\Program Files\Microsoft\jdk-17.0.13.11-hotspot\bin\zip.dll
Event: 0.967 Loaded shared library C:\Program Files\Microsoft\jdk-17.0.13.11-hotspot\bin\instrument.dll
Event: 0.976 Loaded shared library C:\Program Files\Microsoft\jdk-17.0.13.11-hotspot\bin\net.dll
Event: 0.978 Loaded shared library C:\Program Files\Microsoft\jdk-17.0.13.11-hotspot\bin\nio.dll
Event: 0.982 Loaded shared library C:\Program Files\Microsoft\jdk-17.0.13.11-hotspot\bin\zip.dll
Event: 2.111 Loaded shared library C:\Program Files\Microsoft\jdk-17.0.13.11-hotspot\bin\jimage.dll
Event: 2.712 Loaded shared library C:\Program Files\Microsoft\jdk-17.0.13.11-hotspot\bin\verify.dll
Event: 3.692 Loaded shared library C:\Users\aliah\.gradle\native\c067742578af261105cb4f569cf0c3c89f3d7b1fecec35dd04571415982c5e48\windows-amd64\native-platform.dll
Event: 3.701 Loaded shared library C:\Users\aliah\.gradle\native\100fb08df4bc3b14c8652ba06237920a3bd2aa13389f12d3474272988ae205f9\windows-amd64\native-platform-file-events.dll
Event: 10.364 Loaded shared library C:\Program Files\Microsoft\jdk-17.0.13.11-hotspot\bin\management.dll
Event: 10.368 Loaded shared library C:\Program Files\Microsoft\jdk-17.0.13.11-hotspot\bin\management_ext.dll
Event: 11.685 Loaded shared library C:\Program Files\Microsoft\jdk-17.0.13.11-hotspot\bin\extnet.dll
Event: 13.797 Loaded shared library C:\Program Files\Microsoft\jdk-17.0.13.11-hotspot\bin\sunmscapi.dll

Deoptimization events (20 events):
Event: 42.814 Thread 0x00000263e32e2070 Uncommon trap: trap_request=0xffffffde fr.pc=0x00000263b59fc4d8 relative=0x0000000000003598
Event: 42.814 Thread 0x00000263e32e2070 Uncommon trap: reason=class_check action=maybe_recompile pc=0x00000263b59fc4d8 method=java.util.regex.Pattern$CharProperty.study(Ljava/util/regex/Pattern$TreeInfo;)Z @ 25 c2
Event: 42.814 Thread 0x00000263e32e2070 DEOPT PACKING pc=0x00000263b59fc4d8 sp=0x000000c997ff4ec0
Event: 42.814 Thread 0x00000263e32e2070 DEOPT UNPACKING pc=0x00000263b51f69a3 sp=0x000000c997ff4d50 mode 2
Event: 42.814 Thread 0x00000263e32e2070 Uncommon trap: trap_request=0xffffffde fr.pc=0x00000263b59fc4d8 relative=0x0000000000003598
Event: 42.814 Thread 0x00000263e32e2070 Uncommon trap: reason=class_check action=maybe_recompile pc=0x00000263b59fc4d8 method=java.util.regex.Pattern$CharProperty.study(Ljava/util/regex/Pattern$TreeInfo;)Z @ 25 c2
Event: 42.814 Thread 0x00000263e32e2070 DEOPT PACKING pc=0x00000263b59fc4d8 sp=0x000000c997ff4ec0
Event: 42.814 Thread 0x00000263e32e2070 DEOPT UNPACKING pc=0x00000263b51f69a3 sp=0x000000c997ff4d50 mode 2
Event: 43.236 Thread 0x00000263e32e2070 Uncommon trap: trap_request=0xffffff76 fr.pc=0x00000263b59f7f68 relative=0x00000000000001c8
Event: 43.236 Thread 0x00000263e32e2070 Uncommon trap: reason=predicate action=maybe_recompile pc=0x00000263b59f7f68 method=java.util.LinkedHashMap.keysToArray([Ljava/lang/Object;)[Ljava/lang/Object; @ 12 c2
Event: 43.236 Thread 0x00000263e32e2070 DEOPT PACKING pc=0x00000263b59f7f68 sp=0x000000c997ff5b00
Event: 43.236 Thread 0x00000263e32e2070 DEOPT UNPACKING pc=0x00000263b51f69a3 sp=0x000000c997ff5ab8 mode 2
Event: 43.507 Thread 0x00000263e32e2070 Uncommon trap: trap_request=0xffffffde fr.pc=0x00000263b5856814 relative=0x0000000000000454
Event: 43.507 Thread 0x00000263e32e2070 Uncommon trap: reason=class_check action=maybe_recompile pc=0x00000263b5856814 method=java.util.Collections$SetFromMap.remove(Ljava/lang/Object;)Z @ 5 c2
Event: 43.507 Thread 0x00000263e32e2070 DEOPT PACKING pc=0x00000263b5856814 sp=0x000000c997ff6950
Event: 43.507 Thread 0x00000263e32e2070 DEOPT UNPACKING pc=0x00000263b51f69a3 sp=0x000000c997ff6938 mode 2
Event: 43.666 Thread 0x00000263e32e2070 Uncommon trap: trap_request=0xffffffde fr.pc=0x00000263b5856814 relative=0x0000000000000454
Event: 43.666 Thread 0x00000263e32e2070 Uncommon trap: reason=class_check action=maybe_recompile pc=0x00000263b5856814 method=java.util.Collections$SetFromMap.remove(Ljava/lang/Object;)Z @ 5 c2
Event: 43.666 Thread 0x00000263e32e2070 DEOPT PACKING pc=0x00000263b5856814 sp=0x000000c997ff6b40
Event: 43.666 Thread 0x00000263e32e2070 DEOPT UNPACKING pc=0x00000263b51f69a3 sp=0x000000c997ff6b28 mode 2

Classes loaded (20 events):
Event: 41.730 Loading class java/io/DeleteOnExitHook$1
Event: 41.730 Loading class java/io/DeleteOnExitHook$1 done
Event: 42.217 Loading class javax/net/ssl/HostnameVerifier
Event: 42.217 Loading class javax/net/ssl/HostnameVerifier done
Event: 42.223 Loading class javax/net/ssl/TrustManager
Event: 42.224 Loading class javax/net/ssl/TrustManager done
Event: 42.224 Loading class javax/net/ssl/X509TrustManager
Event: 42.225 Loading class javax/net/ssl/X509TrustManager done
Event: 42.228 Loading class javax/net/ssl/SSLException
Event: 42.229 Loading class javax/net/ssl/SSLException done
Event: 42.229 Loading class javax/net/ssl/SSLPeerUnverifiedException
Event: 42.229 Loading class javax/net/ssl/SSLPeerUnverifiedException done
Event: 42.229 Loading class javax/naming/NamingException
Event: 42.230 Loading class javax/naming/NamingException done
Event: 42.230 Loading class javax/naming/InvalidNameException
Event: 42.230 Loading class javax/naming/InvalidNameException done
Event: 42.230 Loading class java/security/cert/CertificateParsingException
Event: 42.230 Loading class java/security/cert/CertificateException
Event: 42.231 Loading class java/security/cert/CertificateException done
Event: 42.231 Loading class java/security/cert/CertificateParsingException done

Classes unloaded (0 events):
No events

Classes redefined (0 events):
No events

Internal exceptions (20 events):
Event: 38.662 Thread 0x00000263e32e2070 Exception <a 'java/lang/NoSuchMethodError'{0x00000000849978c8}: 'java.lang.Object java.lang.invoke.DirectMethodHandle$Holder.invokeStatic(java.lang.Object, java.lang.Object, java.lang.Object, java.lang.Object, java.lang.Object, java.lang.Object, java.lang.Object, java.lang.Object, java.lang.Object, java.lang.Object, java.lang.Object, java.lang.Object, java.lang.Object, java.lang.Object, java.lang.Object, java.lang.Object, java.lang.Object, java.lang.Object, java.lang.Object, java.lang.Object, java.lang.Obj
Event: 40.379 Thread 0x00000263e32e2070 Exception <a 'java/lang/NoSuchMethodError'{0x00000000849ff680}: 'java.lang.Object java.lang.invoke.DirectMethodHandle$Holder.newInvokeSpecial(java.lang.Object, java.lang.Object, java.lang.Object, java.lang.Object, int)'> (0x00000000849ff680) 
thrown [s\src\hotspot\share\interpreter\linkResolver.cpp, line 759]
Event: 40.380 Thread 0x00000263e32e2070 Exception <a 'java/lang/NoSuchMethodError'{0x0000000084805068}: 'java.lang.Object java.lang.invoke.DirectMethodHandle$Holder.invokeSpecial(java.lang.Object, java.lang.Object, java.lang.Object, java.lang.Object, java.lang.Object, int)'> (0x0000000084805068) 
thrown [s\src\hotspot\share\interpreter\linkResolver.cpp, line 759]
Event: 40.380 Thread 0x00000263e32e2070 Exception <a 'java/lang/NoSuchMethodError'{0x0000000084809fa0}: 'java.lang.Object java.lang.invoke.Invokers$Holder.linkToTargetMethod(java.lang.Object, java.lang.Object, java.lang.Object, int, java.lang.Object)'> (0x0000000084809fa0) 
thrown [s\src\hotspot\share\interpreter\linkResolver.cpp, line 759]
Event: 40.539 Thread 0x00000263e32e2070 Exception <a 'java/lang/NoSuchMethodError'{0x0000000084678d28}: 'int java.lang.invoke.DirectMethodHandle$Holder.invokeInterface(java.lang.Object, java.lang.Object, java.lang.Object, java.lang.Object)'> (0x0000000084678d28) 
thrown [s\src\hotspot\share\interpreter\linkResolver.cpp, line 759]
Event: 40.699 Thread 0x00000263e32e2070 Exception <a 'java/lang/NoSuchMethodError'{0x0000000084329a18}: 'java.lang.Object java.lang.invoke.DirectMethodHandle$Holder.invokeStatic(java.lang.Object, long, java.lang.Object)'> (0x0000000084329a18) 
thrown [s\src\hotspot\share\interpreter\linkResolver.cpp, line 759]
Event: 40.700 Thread 0x00000263e32e2070 Exception <a 'java/lang/NoSuchMethodError'{0x0000000084331f48}: 'java.lang.Object java.lang.invoke.DirectMethodHandle$Holder.newInvokeSpecial(java.lang.Object, long)'> (0x0000000084331f48) 
thrown [s\src\hotspot\share\interpreter\linkResolver.cpp, line 759]
Event: 40.709 Thread 0x00000263e32e2070 Exception <a 'java/lang/NoSuchMethodError'{0x00000000843a6270}: 'java.lang.Object java.lang.invoke.Invokers$Holder.linkToTargetMethod(java.lang.Object, java.lang.Object, java.lang.Object, java.lang.Object, long, java.lang.Object, java.lang.Object)'> (0x00000000843a6270) 
thrown [s\src\hotspot\share\interpreter\linkResolver.cpp, line 759]
Event: 40.714 Thread 0x00000263e32e2070 Exception <a 'java/lang/NoSuchMethodError'{0x00000000843ecc50}: 'java.lang.Object java.lang.invoke.DirectMethodHandle$Holder.newInvokeSpecial(java.lang.Object, java.lang.Object, java.lang.Object, long, java.lang.Object)'> (0x00000000843ecc50) 
thrown [s\src\hotspot\share\interpreter\linkResolver.cpp, line 759]
Event: 40.714 Thread 0x00000263e32e2070 Exception <a 'java/lang/NoSuchMethodError'{0x00000000843f22d0}: 'java.lang.Object java.lang.invoke.DirectMethodHandle$Holder.invokeSpecial(java.lang.Object, java.lang.Object, java.lang.Object, java.lang.Object, long, java.lang.Object)'> (0x00000000843f22d0) 
thrown [s\src\hotspot\share\interpreter\linkResolver.cpp, line 759]
Event: 40.715 Thread 0x00000263e32e2070 Exception <a 'java/lang/NoSuchMethodError'{0x00000000843f7008}: 'java.lang.Object java.lang.invoke.Invokers$Holder.linkToTargetMethod(java.lang.Object, java.lang.Object, long, java.lang.Object, java.lang.Object)'> (0x00000000843f7008) 
thrown [s\src\hotspot\share\interpreter\linkResolver.cpp, line 759]
Event: 41.194 Thread 0x00000263e32e2070 Implicit null exception at 0x00000263b59318ec to 0x00000263b593199c
Event: 42.009 Thread 0x00000263e32e2070 Exception <a 'java/lang/NoSuchMethodError'{0x00000000836d0340}: 'java.lang.Object java.lang.invoke.DirectMethodHandle$Holder.newInvokeSpecial(java.lang.Object, int, java.lang.Object)'> (0x00000000836d0340) 
thrown [s\src\hotspot\share\interpreter\linkResolver.cpp, line 759]
Event: 42.645 Thread 0x00000263e32e2070 Exception <a 'java/lang/NoSuchMethodError'{0x0000000085576b40}: 'java.lang.Object java.lang.invoke.DirectMethodHandle$Holder.newInvokeSpecial(java.lang.Object, java.lang.Object, java.lang.Object, int)'> (0x0000000085576b40) 
thrown [s\src\hotspot\share\interpreter\linkResolver.cpp, line 759]
Event: 42.646 Thread 0x00000263e32e2070 Exception <a 'java/lang/NoSuchMethodError'{0x000000008557c0b0}: 'java.lang.Object java.lang.invoke.DirectMethodHandle$Holder.invokeSpecial(java.lang.Object, java.lang.Object, java.lang.Object, java.lang.Object, int)'> (0x000000008557c0b0) 
thrown [s\src\hotspot\share\interpreter\linkResolver.cpp, line 759]
Event: 42.646 Thread 0x00000263e32e2070 Exception <a 'java/lang/NoSuchMethodError'{0x0000000085581238}: 'java.lang.Object java.lang.invoke.Invokers$Holder.linkToTargetMethod(java.lang.Object, java.lang.Object, int, java.lang.Object)'> (0x0000000085581238) 
thrown [s\src\hotspot\share\interpreter\linkResolver.cpp, line 759]
Event: 42.962 Thread 0x00000263e32e2070 Exception <a 'java/lang/NoSuchMethodError'{0x00000000852790c8}: 'int java.lang.invoke.DirectMethodHandle$Holder.invokeSpecialIFC(java.lang.Object, java.lang.Object, java.lang.Object)'> (0x00000000852790c8) 
thrown [s\src\hotspot\share\interpreter\linkResolver.cpp, line 759]
Event: 43.347 Thread 0x00000263e32e2070 Exception <a 'java/lang/NoSuchMethodError'{0x00000000847814e0}: 'java.lang.Object java.lang.invoke.DirectMethodHandle$Holder.invokeSpecial(java.lang.Object, java.lang.Object, java.lang.Object, java.lang.Object, java.lang.Object, long)'> (0x00000000847814e0) 
thrown [s\src\hotspot\share\interpreter\linkResolver.cpp, line 759]
Event: 43.351 Thread 0x00000263e32e2070 Exception <a 'java/lang/NoSuchMethodError'{0x00000000847aef68}: 'void java.lang.invoke.DirectMethodHandle$Holder.invokeStatic(java.lang.Object, java.lang.Object, java.lang.Object, int, java.lang.Object)'> (0x00000000847aef68) 
thrown [s\src\hotspot\share\interpreter\linkResolver.cpp, line 759]
Event: 43.516 Thread 0x00000263e32e2070 Exception <a 'java/lang/NoSuchMethodError'{0x00000000845602d8}: 'int java.lang.invoke.DirectMethodHandle$Holder.invokeInterface(java.lang.Object, java.lang.Object, java.lang.Object, java.lang.Object, java.lang.Object)'> (0x00000000845602d8) 
thrown [s\src\hotspot\share\interpreter\linkResolver.cpp, line 759]

VM Operations (20 events):
Event: 38.463 Executing VM operation: Cleanup
Event: 38.464 Executing VM operation: Cleanup done
Event: 39.364 Executing VM operation: G1CollectForAllocation
Event: 39.371 Executing VM operation: G1CollectForAllocation done
Event: 39.380 Executing VM operation: G1CollectForAllocation
Event: 39.387 Executing VM operation: G1CollectForAllocation done
Event: 40.366 Executing VM operation: HandshakeAllThreads
Event: 40.366 Executing VM operation: HandshakeAllThreads done
Event: 40.529 Executing VM operation: HandshakeAllThreads
Event: 40.529 Executing VM operation: HandshakeAllThreads done
Event: 40.529 Executing VM operation: Cleanup
Event: 40.529 Executing VM operation: Cleanup done
Event: 40.537 Executing VM operation: HandshakeAllThreads
Event: 40.538 Executing VM operation: HandshakeAllThreads done
Event: 41.540 Executing VM operation: Cleanup
Event: 41.540 Executing VM operation: Cleanup done
Event: 42.319 Executing VM operation: G1CollectForAllocation
Event: 42.324 Executing VM operation: G1CollectForAllocation done
Event: 43.338 Executing VM operation: Cleanup
Event: 43.339 Executing VM operation: Cleanup done

Memory protections (0 events):
No events

Nmethod flushes (0 events):
No events

Events (20 events):
Event: 17.236 Thread 0x00000263e32e2070 Thread added: 0x00000263e32e5310
Event: 17.304 Thread 0x00000263e32e2070 Thread added: 0x00000263e32e43e0
Event: 20.343 Thread 0x00000263e32e2070 Thread added: 0x00000263e32e2580
Event: 21.574 Thread 0x00000263c3d34350 Thread added: 0x00000263e60c42b0
Event: 21.842 Thread 0x00000263e32e2070 Thread added: 0x00000263e32e4e00
Event: 21.862 Thread 0x00000263e32e2070 Thread added: 0x00000263e32e5820
Event: 21.986 Thread 0x00000263e60c42b0 Thread exited: 0x00000263e60c42b0
Event: 22.673 Thread 0x00000263c3d34350 Thread added: 0x00000263e5f7f6a0
Event: 23.463 Thread 0x00000263e5f7f6a0 Thread exited: 0x00000263e5f7f6a0
Event: 23.790 Thread 0x00000263e32e2070 Thread added: 0x00000263e32e39c0
Event: 23.919 Thread 0x00000263e32e2070 Thread added: 0x00000263e4f22570
Event: 27.025 Thread 0x00000263e32e2070 Thread added: 0x00000263e4f27160
Event: 27.965 Thread 0x00000263e32e2070 Thread added: 0x00000263e4f294d0
Event: 28.730 Thread 0x00000263e32e2070 Thread added: 0x00000263e4f243d0
Event: 30.520 Thread 0x00000263c3d34350 Thread added: 0x00000263e57760a0
Event: 30.704 Thread 0x00000263e57760a0 Thread exited: 0x00000263e57760a0
Event: 33.151 Thread 0x00000263c3d34350 Thread added: 0x00000263e3695dc0
Event: 34.164 Thread 0x00000263e3695dc0 Thread exited: 0x00000263e3695dc0
Event: 34.700 Thread 0x00000263e32e2070 Thread added: 0x00000263e4f26c50
Event: 38.228 Thread 0x00000263e32e2070 Thread added: 0x00000263e4f26740


Dynamic libraries:
0x00007ff71eda0000 - 0x00007ff71edae000 	C:\Program Files\Microsoft\jdk-17.0.13.11-hotspot\bin\java.exe
0x00007ffd1f0d0000 - 0x00007ffd1f2c8000 	C:\WINDOWS\SYSTEM32\ntdll.dll
0x00007ffd1dd80000 - 0x00007ffd1de42000 	C:\WINDOWS\System32\KERNEL32.DLL
0x00007ffd1c840000 - 0x00007ffd1cb3e000 	C:\WINDOWS\System32\KERNELBASE.dll
0x00007ffd1cc80000 - 0x00007ffd1cd80000 	C:\WINDOWS\System32\ucrtbase.dll
0x00007ffd11a10000 - 0x00007ffd11a27000 	C:\Program Files\Microsoft\jdk-17.0.13.11-hotspot\bin\jli.dll
0x00007ffd1e690000 - 0x00007ffd1e82d000 	C:\WINDOWS\System32\USER32.dll
0x00007ffd1c810000 - 0x00007ffd1c832000 	C:\WINDOWS\System32\win32u.dll
0x00007ffd1e1b0000 - 0x00007ffd1e1db000 	C:\WINDOWS\System32\GDI32.dll
0x00007ffd1cee0000 - 0x00007ffd1cff7000 	C:\WINDOWS\System32\gdi32full.dll
0x00007ffd1d050000 - 0x00007ffd1d0ed000 	C:\WINDOWS\System32\msvcp_win.dll
0x00007ffd110d0000 - 0x00007ffd110ed000 	C:\Program Files\Microsoft\jdk-17.0.13.11-hotspot\bin\VCRUNTIME140.dll
0x00007ffd01fe0000 - 0x00007ffd0227a000 	C:\WINDOWS\WinSxS\amd64_microsoft.windows.common-controls_6595b64144ccf1df_6.0.19041.4355_none_60b8b9eb71f62e16\COMCTL32.dll
0x00007ffd1d870000 - 0x00007ffd1d90e000 	C:\WINDOWS\System32\msvcrt.dll
0x00007ffd1de50000 - 0x00007ffd1de7f000 	C:\WINDOWS\System32\IMM32.DLL
0x00007ffd171d0000 - 0x00007ffd171dc000 	C:\Program Files\Microsoft\jdk-17.0.13.11-hotspot\bin\vcruntime140_1.dll
0x00007ffd00ca0000 - 0x00007ffd00d2d000 	C:\Program Files\Microsoft\jdk-17.0.13.11-hotspot\bin\msvcp140.dll
0x00007ffcd1120000 - 0x00007ffcd1d91000 	C:\Program Files\Microsoft\jdk-17.0.13.11-hotspot\bin\server\jvm.dll
0x00007ffd1e090000 - 0x00007ffd1e141000 	C:\WINDOWS\System32\ADVAPI32.dll
0x00007ffd1ef90000 - 0x00007ffd1f02f000 	C:\WINDOWS\System32\sechost.dll
0x00007ffd1e430000 - 0x00007ffd1e553000 	C:\WINDOWS\System32\RPCRT4.dll
0x00007ffd1c7e0000 - 0x00007ffd1c807000 	C:\WINDOWS\System32\bcrypt.dll
0x00007ffd1e830000 - 0x00007ffd1e89b000 	C:\WINDOWS\System32\WS2_32.dll
0x00007ffd1bcb0000 - 0x00007ffd1bcfb000 	C:\WINDOWS\SYSTEM32\POWRPROF.dll
0x00007ffd062e0000 - 0x00007ffd06307000 	C:\WINDOWS\SYSTEM32\WINMM.dll
0x00007ffd0f560000 - 0x00007ffd0f56a000 	C:\WINDOWS\SYSTEM32\VERSION.dll
0x00007ffd1bb70000 - 0x00007ffd1bb82000 	C:\WINDOWS\SYSTEM32\UMPDC.dll
0x00007ffd1afe0000 - 0x00007ffd1aff2000 	C:\WINDOWS\SYSTEM32\kernel.appcore.dll
0x00007ffd170e0000 - 0x00007ffd170ea000 	C:\Program Files\Microsoft\jdk-17.0.13.11-hotspot\bin\jimage.dll
0x00007ffd193a0000 - 0x00007ffd19584000 	C:\WINDOWS\SYSTEM32\DBGHELP.DLL
0x00007ffcfea80000 - 0x00007ffcfeab4000 	C:\WINDOWS\SYSTEM32\dbgcore.DLL
0x00007ffd1cb40000 - 0x00007ffd1cbc2000 	C:\WINDOWS\System32\bcryptPrimitives.dll
0x00007ffd10cf0000 - 0x00007ffd10cfe000 	C:\Program Files\Microsoft\jdk-17.0.13.11-hotspot\bin\instrument.dll
0x00007ffd08510000 - 0x00007ffd08535000 	C:\Program Files\Microsoft\jdk-17.0.13.11-hotspot\bin\java.dll
0x00007ffcf1e20000 - 0x00007ffcf1ef7000 	C:\Program Files\Microsoft\jdk-17.0.13.11-hotspot\bin\jsvml.dll
0x00007ffd1d0f0000 - 0x00007ffd1d85d000 	C:\WINDOWS\System32\SHELL32.dll
0x00007ffd1a7a0000 - 0x00007ffd1af44000 	C:\WINDOWS\SYSTEM32\windows.storage.dll
0x00007ffd1eae0000 - 0x00007ffd1ee33000 	C:\WINDOWS\System32\combase.dll
0x00007ffd1c1a0000 - 0x00007ffd1c1ce000 	C:\WINDOWS\SYSTEM32\Wldp.dll
0x00007ffd1eec0000 - 0x00007ffd1ef8d000 	C:\WINDOWS\System32\OLEAUT32.dll
0x00007ffd1e900000 - 0x00007ffd1e9ad000 	C:\WINDOWS\System32\SHCORE.dll
0x00007ffd1e150000 - 0x00007ffd1e1a5000 	C:\WINDOWS\System32\shlwapi.dll
0x00007ffd1c6a0000 - 0x00007ffd1c6c4000 	C:\WINDOWS\SYSTEM32\profapi.dll
0x00007ffd06fd0000 - 0x00007ffd06fe8000 	C:\Program Files\Microsoft\jdk-17.0.13.11-hotspot\bin\zip.dll
0x00007ffd11060000 - 0x00007ffd1107a000 	C:\Program Files\Microsoft\jdk-17.0.13.11-hotspot\bin\net.dll
0x00007ffd19ad0000 - 0x00007ffd19bdd000 	C:\WINDOWS\SYSTEM32\WINHTTP.dll
0x00007ffd1bf00000 - 0x00007ffd1bf6a000 	C:\WINDOWS\system32\mswsock.dll
0x00007ffd0a0f0000 - 0x00007ffd0a106000 	C:\Program Files\Microsoft\jdk-17.0.13.11-hotspot\bin\nio.dll
0x00007ffd14190000 - 0x00007ffd141a0000 	C:\Program Files\Microsoft\jdk-17.0.13.11-hotspot\bin\verify.dll
0x00007ffd06140000 - 0x00007ffd06167000 	C:\Users\aliah\.gradle\native\c067742578af261105cb4f569cf0c3c89f3d7b1fecec35dd04571415982c5e48\windows-amd64\native-platform.dll
0x00007ffce39a0000 - 0x00007ffce3ae4000 	C:\Users\aliah\.gradle\native\100fb08df4bc3b14c8652ba06237920a3bd2aa13389f12d3474272988ae205f9\windows-amd64\native-platform-file-events.dll
0x00007ffd13af0000 - 0x00007ffd13afa000 	C:\Program Files\Microsoft\jdk-17.0.13.11-hotspot\bin\management.dll
0x00007ffd111c0000 - 0x00007ffd111cb000 	C:\Program Files\Microsoft\jdk-17.0.13.11-hotspot\bin\management_ext.dll
0x00007ffd1d860000 - 0x00007ffd1d868000 	C:\WINDOWS\System32\PSAPI.DLL
0x00007ffd1c0f0000 - 0x00007ffd1c108000 	C:\WINDOWS\SYSTEM32\CRYPTSP.dll
0x00007ffd1b7b0000 - 0x00007ffd1b7e4000 	C:\WINDOWS\system32\rsaenh.dll
0x00007ffd1c660000 - 0x00007ffd1c68e000 	C:\WINDOWS\SYSTEM32\USERENV.dll
0x00007ffd1c110000 - 0x00007ffd1c11c000 	C:\WINDOWS\SYSTEM32\CRYPTBASE.dll
0x00007ffd1bb90000 - 0x00007ffd1bbcb000 	C:\WINDOWS\SYSTEM32\IPHLPAPI.DLL
0x00007ffd1e680000 - 0x00007ffd1e688000 	C:\WINDOWS\System32\NSI.dll
0x00007ffd13500000 - 0x00007ffd13517000 	C:\WINDOWS\SYSTEM32\dhcpcsvc6.DLL
0x00007ffd136b0000 - 0x00007ffd136cd000 	C:\WINDOWS\SYSTEM32\dhcpcsvc.DLL
0x00007ffd1bbd0000 - 0x00007ffd1bc9a000 	C:\WINDOWS\SYSTEM32\DNSAPI.dll
0x00007ffd10db0000 - 0x00007ffd10db9000 	C:\Program Files\Microsoft\jdk-17.0.13.11-hotspot\bin\extnet.dll
0x00007ffd0f760000 - 0x00007ffd0f76e000 	C:\Program Files\Microsoft\jdk-17.0.13.11-hotspot\bin\sunmscapi.dll
0x00007ffd1cd80000 - 0x00007ffd1cedc000 	C:\WINDOWS\System32\CRYPT32.dll
0x00007ffd1c210000 - 0x00007ffd1c237000 	C:\WINDOWS\SYSTEM32\ncrypt.dll
0x00007ffd1c1d0000 - 0x00007ffd1c20b000 	C:\WINDOWS\SYSTEM32\NTASN1.dll
0x00007ffd088c0000 - 0x00007ffd088c7000 	C:\WINDOWS\system32\wshunix.dll

dbghelp: loaded successfully - version: 4.0.5 - missing functions: none
symbol engine: initialized successfully - sym options: 0x614 - pdb path: .;C:\Program Files\Microsoft\jdk-17.0.13.11-hotspot\bin;C:\WINDOWS\SYSTEM32;C:\WINDOWS\WinSxS\amd64_microsoft.windows.common-controls_6595b64144ccf1df_6.0.19041.4355_none_60b8b9eb71f62e16;C:\Program Files\Microsoft\jdk-17.0.13.11-hotspot\bin\server;C:\Users\aliah\.gradle\native\c067742578af261105cb4f569cf0c3c89f3d7b1fecec35dd04571415982c5e48\windows-amd64;C:\Users\aliah\.gradle\native\100fb08df4bc3b14c8652ba06237920a3bd2aa13389f12d3474272988ae205f9\windows-amd64

VM Arguments:
jvm_args: --add-opens=java.base/java.lang=ALL-UNNAMED --add-opens=java.base/java.lang.invoke=ALL-UNNAMED --add-opens=java.base/java.util=ALL-UNNAMED --add-opens=java.prefs/java.util.prefs=ALL-UNNAMED --add-exports=jdk.compiler/com.sun.tools.javac.api=ALL-UNNAMED --add-exports=jdk.compiler/com.sun.tools.javac.util=ALL-UNNAMED --add-opens=java.base/java.util=ALL-UNNAMED --add-opens=java.prefs/java.util.prefs=ALL-UNNAMED --add-opens=java.base/java.nio.charset=ALL-UNNAMED --add-opens=java.base/java.net=ALL-UNNAMED --add-opens=java.base/java.util.concurrent.atomic=ALL-UNNAMED --add-opens=java.xml/javax.xml.namespace=ALL-UNNAMED -XX:MaxMetaspaceSize=512m -Xmx2048m -Dfile.encoding=windows-1252 -Duser.country=US -Duser.language=en -Duser.variant -javaagent:C:\Users\aliah\.gradle\wrapper\dists\gradle-8.11.1-bin\bpt9gzteqjrbo1mjrsomdt32c\gradle-8.11.1\lib\agents\gradle-instrumentation-agent-8.11.1.jar 
java_command: org.gradle.launcher.daemon.bootstrap.GradleDaemon 8.11.1
java_class_path (initial): C:\Users\aliah\.gradle\wrapper\dists\gradle-8.11.1-bin\bpt9gzteqjrbo1mjrsomdt32c\gradle-8.11.1\lib\gradle-daemon-main-8.11.1.jar
Launcher Type: SUN_STANDARD

[Global flags]
     intx CICompilerCount                          = 3                                         {product} {ergonomic}
   size_t CompressedClassSpaceSize                 = 436207616                                 {product} {ergonomic}
     uint ConcGCThreads                            = 1                                         {product} {ergonomic}
     uint G1ConcRefinementThreads                  = 4                                         {product} {ergonomic}
   size_t G1HeapRegionSize                         = 1048576                                   {product} {ergonomic}
    uintx GCDrainStackTargetSize                   = 64                                        {product} {ergonomic}
   size_t InitialHeapSize                          = 132120576                                 {product} {ergonomic}
   size_t MarkStackSize                            = 4194304                                   {product} {ergonomic}
   size_t MaxHeapSize                              = 2147483648                                {product} {command line}
   size_t MaxMetaspaceSize                         = 536870912                                 {product} {command line}
   size_t MaxNewSize                               = 1287651328                                {product} {ergonomic}
   size_t MinHeapDeltaBytes                        = 1048576                                   {product} {ergonomic}
   size_t MinHeapSize                              = 8388608                                   {product} {ergonomic}
    uintx NonNMethodCodeHeapSize                   = 5832780                                {pd product} {ergonomic}
    uintx NonProfiledCodeHeapSize                  = 122912730                              {pd product} {ergonomic}
    uintx ProfiledCodeHeapSize                     = 122912730                              {pd product} {ergonomic}
    uintx ReservedCodeCacheSize                    = 251658240                              {pd product} {ergonomic}
     bool SegmentedCodeCache                       = true                                      {product} {ergonomic}
   size_t SoftMaxHeapSize                          = 2147483648                             {manageable} {ergonomic}
     bool UseCompressedClassPointers               = true                           {product lp64_product} {ergonomic}
     bool UseCompressedOops                        = true                           {product lp64_product} {ergonomic}
     bool UseG1GC                                  = true                                      {product} {ergonomic}
     bool UseLargePagesIndividualAllocation        = false                                  {pd product} {ergonomic}

Logging:
Log output configuration:
 #0: stdout all=warning uptime,level,tags
 #1: stderr all=off uptime,level,tags

Environment Variables:
JAVA_HOME=C:\Program Files\Microsoft\jdk-17.0.13.11-hotspot\
CLASSPATH=D:\React Native\MyProject\android\\gradle\wrapper\gradle-wrapper.jar
PATH=D:\React Native\MyProject\node_modules\.bin;D:\React Native\MyProject\node_modules\.bin;D:\React Native\node_modules\.bin;D:\node_modules\.bin;C:\Users\aliah\AppData\Roaming\npm\node_modules\npm\node_modules\@npmcli\run-script\lib\node-gyp-bin;C:\Program Files\Microsoft\jdk-17.0.13.11-hotspot\bin;C:\WINDOWS\system32;C:\WINDOWS;C:\WINDOWS\System32\Wbem;C:\WINDOWS\System32\WindowsPowerShell\v1.0\;C:\WINDOWS\System32\OpenSSH\;C:\Program Files\nodejs\;C:\Program Files\Git\cmd;C:\Users\aliah\AppData\Local\Android\Sdk\emulator;C:\Users\aliah\AppData\Local\Android\Sdk;C:\Users\aliah\AppData\Local\Android\Sdk\platform-tools;C:\ProgramData\chocolatey\bin;D:\React Native\MyProject\android\gradle-8.11.1\bin;C:\Users\aliah\AppData\Local\Microsoft\WindowsApps;C:\Users\aliah\AppData\Local\Programs\Microsoft VS Code\bin;C:\Users\aliah\AppData\Roaming\npm;C:\Program Files\Microsoft\jdk-17.0.13.11-hotspot\bin;D:\React Native\MyProject\android\gradle-8.11.1\bin;
USERNAME=aliah
OS=Windows_NT
PROCESSOR_IDENTIFIER=Intel64 Family 6 Model 142 Stepping 9, GenuineIntel
TMP=C:\Users\aliah\AppData\Local\Temp
TEMP=C:\Users\aliah\AppData\Local\Temp



Periodic native trim disabled


---------------  S Y S T E M  ---------------

OS:
 Windows 10 , 64 bit Build 19041 (10.0.19041.5198)
OS uptime: 8 days 10:27 hours

CPU: total 4 (initial active 4) (2 cores per cpu, 2 threads per core) family 6 model 142 stepping 9 microcode 0xf0, cx8, cmov, fxsr, ht, mmx, 3dnowpref, sse, sse2, sse3, ssse3, sse4.1, sse4.2, popcnt, lzcnt, tsc, tscinvbit, avx, avx2, aes, erms, clmul, bmi1, bmi2, adx, fma, vzeroupper, clflush, clflushopt
Processor Information for processor 0
  Max Mhz: 2904, Current Mhz: 2703, Mhz Limit: 2700
Processor Information for processor 1
  Max Mhz: 2904, Current Mhz: 1502, Mhz Limit: 2700
Processor Information for processor 2
  Max Mhz: 2904, Current Mhz: 2703, Mhz Limit: 2700
Processor Information for processor 3
  Max Mhz: 2904, Current Mhz: 2703, Mhz Limit: 2700

Memory: 4k page, system-wide physical 8042M (363M free)
TotalPageFile size 12138M (AvailPageFile size 0M)
current process WorkingSet (physical memory assigned to process): 223M, peak: 225M
current process commit charge ("private bytes"): 258M, peak: 275M

vm_info: OpenJDK 64-Bit Server VM (17.0.13+11-LTS) for windows-amd64 JRE (17.0.13+11-LTS), built on Oct 11 2024 23:25:05 by "MicrosoftCorporation" with unknown MS VC++:1939

END.
