#
# There is insufficient memory for the Java Runtime Environment to continue.
# Native memory allocation (malloc) failed to allocate 409568 bytes. Error detail: Chunk::new
# Possible reasons:
#   The system is out of physical RAM or swap space
#   This process is running with CompressedOops enabled, and the Java Heap may be blocking the growth of the native heap
# Possible solutions:
#   Reduce memory load on the system
#   Increase physical memory or swap space
#   Check if swap backing store is full
#   Decrease Java heap size (-Xmx/-Xms)
#   Decrease number of Java threads
#   Decrease Java thread stack sizes (-Xss)
#   Set larger code cache with -XX:ReservedCodeCacheSize=
#   JVM is running with Unscaled Compressed Oops mode in which the Java heap is
#     placed in the first 4GB address space. The Java Heap base address is the
#     maximum limit for the native heap growth. Please use -XX:HeapBaseMinAddress
#     to set the Java Heap base and to place the Java Heap above 4GB virtual address.
# This output file may be truncated or incomplete.
#
#  Out of Memory Error (arena.cpp:191), pid=13964, tid=3672
#
# JRE version: OpenJDK Runtime Environment Microsoft-10376486 (17.0.13+11) (build 17.0.13+11-LTS)
# Java VM: OpenJDK 64-Bit Server VM Microsoft-10376486 (17.0.13+11-LTS, mixed mode, sharing, tiered, compressed oops, compressed class ptrs, g1 gc, windows-amd64)
# No core dump will be written. Minidumps are not enabled by default on client versions of Windows
#

---------------  S U M M A R Y ------------

Command Line: -Xmx64m -Xms64m -Dorg.gradle.appname=gradlew org.gradle.wrapper.GradleWrapperMain app:installDebug -PreactNativeDevServerPort=8081

Host: Intel(R) Core(TM) i7-7500U CPU @ 2.70GHz, 4 cores, 7G,  Windows 10 , 64 bit Build 19041 (10.0.19041.5198)
Time: Fri Feb  7 17:35:46 2025 Pakistan Standard Time elapsed time: 3.833082 seconds (0d 0h 0m 3s)

---------------  T H R E A D  ---------------

Current thread (0x000002065b1156d0):  JavaThread "C2 CompilerThread0" daemon [_thread_in_native, id=3672, stack(0x000000d6d0700000,0x000000d6d0800000)]


Current CompileTask:
C2:   3833 1433   !   4       java.util.concurrent.ConcurrentHashMap::transfer (849 bytes)

Stack: [0x000000d6d0700000,0x000000d6d0800000]
Native frames: (J=compiled Java code, j=interpreted, Vv=VM code, C=native code)
V  [jvm.dll+0x687fc9]
V  [jvm.dll+0x83eeb8]
V  [jvm.dll+0x840963]
V  [jvm.dll+0x840fd3]
V  [jvm.dll+0x24951f]
V  [jvm.dll+0xad0c4]
V  [jvm.dll+0xad75c]
V  [jvm.dll+0x36aafe]
V  [jvm.dll+0x335153]
V  [jvm.dll+0x3345ea]
V  [jvm.dll+0x21a748]
V  [jvm.dll+0x219b7f]
V  [jvm.dll+0x1a5506]
V  [jvm.dll+0x22a1ca]
V  [jvm.dll+0x22830b]
V  [jvm.dll+0x7f4708]
V  [jvm.dll+0x7eea6c]
V  [jvm.dll+0x686ea7]
C  [ucrtbase.dll+0x21bb2]
C  [KERNEL32.DLL+0x17374]
C  [ntdll.dll+0x4cc91]


---------------  P R O C E S S  ---------------

Threads class SMR info:
_java_thread_list=0x0000020660556b30, length=14, elements={
0x000002067e6fdca0, 0x000002065b0f08f0, 0x000002065b0f1f10, 0x000002065b1074d0,
0x000002065b109200, 0x000002065b10f390, 0x000002065b1104f0, 0x000002065b1156d0,
0x000002065b118c50, 0x000002065b1235e0, 0x000002065b2520c0, 0x000002065b255480,
0x00000206604e48c0, 0x000002065b1161d0
}

Java Threads: ( => current thread )
  0x000002067e6fdca0 JavaThread "main" [_thread_in_Java, id=12676, stack(0x000000d6cfa00000,0x000000d6cfb00000)]
  0x000002065b0f08f0 JavaThread "Reference Handler" daemon [_thread_blocked, id=6644, stack(0x000000d6d0100000,0x000000d6d0200000)]
  0x000002065b0f1f10 JavaThread "Finalizer" daemon [_thread_blocked, id=7156, stack(0x000000d6d0200000,0x000000d6d0300000)]
  0x000002065b1074d0 JavaThread "Signal Dispatcher" daemon [_thread_blocked, id=13868, stack(0x000000d6d0300000,0x000000d6d0400000)]
  0x000002065b109200 JavaThread "Attach Listener" daemon [_thread_blocked, id=11688, stack(0x000000d6d0400000,0x000000d6d0500000)]
  0x000002065b10f390 JavaThread "Service Thread" daemon [_thread_blocked, id=6092, stack(0x000000d6d0500000,0x000000d6d0600000)]
  0x000002065b1104f0 JavaThread "Monitor Deflation Thread" daemon [_thread_blocked, id=3788, stack(0x000000d6d0600000,0x000000d6d0700000)]
=>0x000002065b1156d0 JavaThread "C2 CompilerThread0" daemon [_thread_in_native, id=3672, stack(0x000000d6d0700000,0x000000d6d0800000)]
  0x000002065b118c50 JavaThread "C1 CompilerThread0" daemon [_thread_blocked, id=7164, stack(0x000000d6d0800000,0x000000d6d0900000)]
  0x000002065b1235e0 JavaThread "Sweeper thread" daemon [_thread_blocked, id=6308, stack(0x000000d6d0900000,0x000000d6d0a00000)]
  0x000002065b2520c0 JavaThread "Notification Thread" daemon [_thread_blocked, id=14564, stack(0x000000d6d0a00000,0x000000d6d0b00000)]
  0x000002065b255480 JavaThread "Common-Cleaner" daemon [_thread_blocked, id=4308, stack(0x000000d6d0c00000,0x000000d6d0d00000)]
  0x00000206604e48c0 JavaThread "pool-1-thread-1" [_thread_blocked, id=13772, stack(0x000000d6d1100000,0x000000d6d1200000)]
  0x000002065b1161d0 JavaThread "C2 CompilerThread1" daemon [_thread_new, id=8868, stack(0x0000000000000000,0x0000000000000000)]

Other Threads:
  0x000002065b0eb1f0 VMThread "VM Thread" [stack: 0x000000d6d0000000,0x000000d6d0100000] [id=15356]
  0x000002065b2525a0 WatcherThread [stack: 0x000000d6d0b00000,0x000000d6d0c00000] [id=16632]
  0x000002067f57e2b0 GCTaskThread "GC Thread#0" [stack: 0x000000d6cfb00000,0x000000d6cfc00000] [id=17220]
  0x000002065b3776c0 GCTaskThread "GC Thread#1" [stack: 0x000000d6d0e00000,0x000000d6d0f00000] [id=9268]
  0x000002065b501d00 GCTaskThread "GC Thread#2" [stack: 0x000000d6d0f00000,0x000000d6d1000000] [id=17324]
  0x000002065b501fc0 GCTaskThread "GC Thread#3" [stack: 0x000000d6d1000000,0x000000d6d1100000] [id=16744]
  0x000002067f57fa00 ConcurrentGCThread "G1 Main Marker" [stack: 0x000000d6cfc00000,0x000000d6cfd00000] [id=12188]
  0x000002067f580420 ConcurrentGCThread "G1 Conc#0" [stack: 0x000000d6cfd00000,0x000000d6cfe00000] [id=9888]
  0x000002067f5cff00 ConcurrentGCThread "G1 Refine#0" [stack: 0x000000d6cfe00000,0x000000d6cff00000] [id=17144]
  0x000002067f5d0930 ConcurrentGCThread "G1 Service" [stack: 0x000000d6cff00000,0x000000d6d0000000] [id=14756]

Threads with active compile tasks:
C2 CompilerThread0     3866 1433   !   4       java.util.concurrent.ConcurrentHashMap::transfer (849 bytes)
C1 CompilerThread0     3866 1501       3       java.lang.invoke.MethodHandles$Lookup::in (283 bytes)

VM state: not at safepoint (normal execution)

VM Mutex/Monitor currently owned by a thread: None

Heap address: 0x00000000fc000000, size: 64 MB, Compressed Oops mode: 32-bit

CDS archive(s) mapped at: [0x000002061a000000-0x000002061abb0000-0x000002061abb0000), size 12255232, SharedBaseAddress: 0x000002061a000000, ArchiveRelocationMode: 1.
Compressed class space mapped at: 0x000002061b000000-0x000002065b000000, reserved size: 1073741824
Narrow klass base: 0x000002061a000000, Narrow klass shift: 0, Narrow klass range: 0x100000000

GC Precious Log:
 CPUs: 4 total, 4 available
 Memory: 8042M
 Large Page Support: Disabled
 NUMA Support: Disabled
 Compressed Oops: Enabled (32-bit)
 Heap Region Size: 1M
 Heap Min Capacity: 64M
 Heap Initial Capacity: 64M
 Heap Max Capacity: 64M
 Pre-touch: Disabled
 Parallel Workers: 4
 Concurrent Workers: 1
 Concurrent Refinement Workers: 4
 Periodic GC: Disabled

Heap:
 garbage-first heap   total 65536K, used 34104K [0x00000000fc000000, 0x0000000100000000)
  region size 1024K, 28 young (28672K), 3 survivors (3072K)
 Metaspace       used 9227K, committed 9472K, reserved 1114112K
  class space    used 1243K, committed 1344K, reserved 1048576K

Heap Regions: E=young(eden), S=young(survivor), O=old, HS=humongous(starts), HC=humongous(continues), CS=collection set, F=free, OA=open archive, CA=closed archive, TAMS=top-at-mark-start (previous, next)
|   0|0x00000000fc000000, 0x00000000fc100000, 0x00000000fc100000|100%|HS|  |TAMS 0x00000000fc000000, 0x00000000fc000000| Complete 
|   1|0x00000000fc100000, 0x00000000fc200000, 0x00000000fc200000|100%|HC|  |TAMS 0x00000000fc100000, 0x00000000fc100000| Complete 
|   2|0x00000000fc200000, 0x00000000fc300000, 0x00000000fc300000|100%|HC|  |TAMS 0x00000000fc200000, 0x00000000fc200000| Complete 
|   3|0x00000000fc300000, 0x00000000fc400000, 0x00000000fc400000|100%| O|  |TAMS 0x00000000fc300000, 0x00000000fc300000| Untracked 
|   4|0x00000000fc400000, 0x00000000fc500000, 0x00000000fc500000|100%| O|  |TAMS 0x00000000fc400000, 0x00000000fc400000| Untracked 
|   5|0x00000000fc500000, 0x00000000fc600000, 0x00000000fc600000|100%| O|  |TAMS 0x00000000fc500000, 0x00000000fc500000| Untracked 
|   6|0x00000000fc600000, 0x00000000fc64e200, 0x00000000fc700000| 30%| O|  |TAMS 0x00000000fc600000, 0x00000000fc600000| Untracked 
|   7|0x00000000fc700000, 0x00000000fc700000, 0x00000000fc800000|  0%| F|  |TAMS 0x00000000fc700000, 0x00000000fc700000| Untracked 
|   8|0x00000000fc800000, 0x00000000fc800000, 0x00000000fc900000|  0%| F|  |TAMS 0x00000000fc800000, 0x00000000fc800000| Untracked 
|   9|0x00000000fc900000, 0x00000000fc900000, 0x00000000fca00000|  0%| F|  |TAMS 0x00000000fc900000, 0x00000000fc900000| Untracked 
|  10|0x00000000fca00000, 0x00000000fca00000, 0x00000000fcb00000|  0%| F|  |TAMS 0x00000000fca00000, 0x00000000fca00000| Untracked 
|  11|0x00000000fcb00000, 0x00000000fcb00000, 0x00000000fcc00000|  0%| F|  |TAMS 0x00000000fcb00000, 0x00000000fcb00000| Untracked 
|  12|0x00000000fcc00000, 0x00000000fcc00000, 0x00000000fcd00000|  0%| F|  |TAMS 0x00000000fcc00000, 0x00000000fcc00000| Untracked 
|  13|0x00000000fcd00000, 0x00000000fcd00000, 0x00000000fce00000|  0%| F|  |TAMS 0x00000000fcd00000, 0x00000000fcd00000| Untracked 
|  14|0x00000000fce00000, 0x00000000fce00000, 0x00000000fcf00000|  0%| F|  |TAMS 0x00000000fce00000, 0x00000000fce00000| Untracked 
|  15|0x00000000fcf00000, 0x00000000fcf00000, 0x00000000fd000000|  0%| F|  |TAMS 0x00000000fcf00000, 0x00000000fcf00000| Untracked 
|  16|0x00000000fd000000, 0x00000000fd000000, 0x00000000fd100000|  0%| F|  |TAMS 0x00000000fd000000, 0x00000000fd000000| Untracked 
|  17|0x00000000fd100000, 0x00000000fd100000, 0x00000000fd200000|  0%| F|  |TAMS 0x00000000fd100000, 0x00000000fd100000| Untracked 
|  18|0x00000000fd200000, 0x00000000fd200000, 0x00000000fd300000|  0%| F|  |TAMS 0x00000000fd200000, 0x00000000fd200000| Untracked 
|  19|0x00000000fd300000, 0x00000000fd300000, 0x00000000fd400000|  0%| F|  |TAMS 0x00000000fd300000, 0x00000000fd300000| Untracked 
|  20|0x00000000fd400000, 0x00000000fd400000, 0x00000000fd500000|  0%| F|  |TAMS 0x00000000fd400000, 0x00000000fd400000| Untracked 
|  21|0x00000000fd500000, 0x00000000fd500000, 0x00000000fd600000|  0%| F|  |TAMS 0x00000000fd500000, 0x00000000fd500000| Untracked 
|  22|0x00000000fd600000, 0x00000000fd600000, 0x00000000fd700000|  0%| F|  |TAMS 0x00000000fd600000, 0x00000000fd600000| Untracked 
|  23|0x00000000fd700000, 0x00000000fd700000, 0x00000000fd800000|  0%| F|  |TAMS 0x00000000fd700000, 0x00000000fd700000| Untracked 
|  24|0x00000000fd800000, 0x00000000fd800000, 0x00000000fd900000|  0%| F|  |TAMS 0x00000000fd800000, 0x00000000fd800000| Untracked 
|  25|0x00000000fd900000, 0x00000000fd900000, 0x00000000fda00000|  0%| F|  |TAMS 0x00000000fd900000, 0x00000000fd900000| Untracked 
|  26|0x00000000fda00000, 0x00000000fda00000, 0x00000000fdb00000|  0%| F|  |TAMS 0x00000000fda00000, 0x00000000fda00000| Untracked 
|  27|0x00000000fdb00000, 0x00000000fdb00000, 0x00000000fdc00000|  0%| F|  |TAMS 0x00000000fdb00000, 0x00000000fdb00000| Untracked 
|  28|0x00000000fdc00000, 0x00000000fdc00000, 0x00000000fdd00000|  0%| F|  |TAMS 0x00000000fdc00000, 0x00000000fdc00000| Untracked 
|  29|0x00000000fdd00000, 0x00000000fdd00000, 0x00000000fde00000|  0%| F|  |TAMS 0x00000000fdd00000, 0x00000000fdd00000| Untracked 
|  30|0x00000000fde00000, 0x00000000fde00000, 0x00000000fdf00000|  0%| F|  |TAMS 0x00000000fde00000, 0x00000000fde00000| Untracked 
|  31|0x00000000fdf00000, 0x00000000fdf00000, 0x00000000fe000000|  0%| F|  |TAMS 0x00000000fdf00000, 0x00000000fdf00000| Untracked 
|  32|0x00000000fe000000, 0x00000000fe000000, 0x00000000fe100000|  0%| F|  |TAMS 0x00000000fe000000, 0x00000000fe000000| Untracked 
|  33|0x00000000fe100000, 0x00000000fe100000, 0x00000000fe200000|  0%| F|  |TAMS 0x00000000fe100000, 0x00000000fe100000| Untracked 
|  34|0x00000000fe200000, 0x00000000fe200000, 0x00000000fe300000|  0%| F|  |TAMS 0x00000000fe200000, 0x00000000fe200000| Untracked 
|  35|0x00000000fe300000, 0x00000000fe300000, 0x00000000fe400000|  0%| F|  |TAMS 0x00000000fe300000, 0x00000000fe300000| Untracked 
|  36|0x00000000fe400000, 0x00000000fe480000, 0x00000000fe500000| 50%| E|  |TAMS 0x00000000fe400000, 0x00000000fe400000| Complete 
|  37|0x00000000fe500000, 0x00000000fe600000, 0x00000000fe600000|100%| E|CS|TAMS 0x00000000fe500000, 0x00000000fe500000| Complete 
|  38|0x00000000fe600000, 0x00000000fe700000, 0x00000000fe700000|100%| E|CS|TAMS 0x00000000fe600000, 0x00000000fe600000| Complete 
|  39|0x00000000fe700000, 0x00000000fe800000, 0x00000000fe800000|100%| E|CS|TAMS 0x00000000fe700000, 0x00000000fe700000| Complete 
|  40|0x00000000fe800000, 0x00000000fe900000, 0x00000000fe900000|100%| E|CS|TAMS 0x00000000fe800000, 0x00000000fe800000| Complete 
|  41|0x00000000fe900000, 0x00000000fea00000, 0x00000000fea00000|100%| S|CS|TAMS 0x00000000fe900000, 0x00000000fe900000| Complete 
|  42|0x00000000fea00000, 0x00000000feb00000, 0x00000000feb00000|100%| S|CS|TAMS 0x00000000fea00000, 0x00000000fea00000| Complete 
|  43|0x00000000feb00000, 0x00000000fec00000, 0x00000000fec00000|100%| S|CS|TAMS 0x00000000feb00000, 0x00000000feb00000| Complete 
|  44|0x00000000fec00000, 0x00000000fed00000, 0x00000000fed00000|100%| E|CS|TAMS 0x00000000fec00000, 0x00000000fec00000| Complete 
|  45|0x00000000fed00000, 0x00000000fee00000, 0x00000000fee00000|100%| E|CS|TAMS 0x00000000fed00000, 0x00000000fed00000| Complete 
|  46|0x00000000fee00000, 0x00000000fef00000, 0x00000000fef00000|100%| E|CS|TAMS 0x00000000fee00000, 0x00000000fee00000| Complete 
|  47|0x00000000fef00000, 0x00000000ff000000, 0x00000000ff000000|100%| E|CS|TAMS 0x00000000fef00000, 0x00000000fef00000| Complete 
|  48|0x00000000ff000000, 0x00000000ff100000, 0x00000000ff100000|100%| E|CS|TAMS 0x00000000ff000000, 0x00000000ff000000| Complete 
|  49|0x00000000ff100000, 0x00000000ff200000, 0x00000000ff200000|100%| E|CS|TAMS 0x00000000ff100000, 0x00000000ff100000| Complete 
|  50|0x00000000ff200000, 0x00000000ff300000, 0x00000000ff300000|100%| E|CS|TAMS 0x00000000ff200000, 0x00000000ff200000| Complete 
|  51|0x00000000ff300000, 0x00000000ff400000, 0x00000000ff400000|100%| E|CS|TAMS 0x00000000ff300000, 0x00000000ff300000| Complete 
|  52|0x00000000ff400000, 0x00000000ff500000, 0x00000000ff500000|100%| E|CS|TAMS 0x00000000ff400000, 0x00000000ff400000| Complete 
|  53|0x00000000ff500000, 0x00000000ff600000, 0x00000000ff600000|100%| E|CS|TAMS 0x00000000ff500000, 0x00000000ff500000| Complete 
|  54|0x00000000ff600000, 0x00000000ff700000, 0x00000000ff700000|100%| E|CS|TAMS 0x00000000ff600000, 0x00000000ff600000| Complete 
|  55|0x00000000ff700000, 0x00000000ff800000, 0x00000000ff800000|100%| E|CS|TAMS 0x00000000ff700000, 0x00000000ff700000| Complete 
|  56|0x00000000ff800000, 0x00000000ff900000, 0x00000000ff900000|100%| E|CS|TAMS 0x00000000ff800000, 0x00000000ff800000| Complete 
|  57|0x00000000ff900000, 0x00000000ffa00000, 0x00000000ffa00000|100%| E|CS|TAMS 0x00000000ff900000, 0x00000000ff900000| Complete 
|  58|0x00000000ffa00000, 0x00000000ffb00000, 0x00000000ffb00000|100%| E|CS|TAMS 0x00000000ffa00000, 0x00000000ffa00000| Complete 
|  59|0x00000000ffb00000, 0x00000000ffc00000, 0x00000000ffc00000|100%| E|CS|TAMS 0x00000000ffb00000, 0x00000000ffb00000| Complete 
|  60|0x00000000ffc00000, 0x00000000ffd00000, 0x00000000ffd00000|100%| E|CS|TAMS 0x00000000ffc00000, 0x00000000ffc00000| Complete 
|  61|0x00000000ffd00000, 0x00000000ffe00000, 0x00000000ffe00000|100%| E|CS|TAMS 0x00000000ffd00000, 0x00000000ffd00000| Complete 
|  62|0x00000000ffe00000, 0x00000000fff00000, 0x00000000fff00000|100%| E|CS|TAMS 0x00000000ffe00000, 0x00000000ffe00000| Complete 
|  63|0x00000000fff00000, 0x0000000100000000, 0x0000000100000000|100%| E|CS|TAMS 0x00000000fff00000, 0x00000000fff00000| Complete 

Card table byte_map: [0x000002067e860000,0x000002067e880000] _byte_map_base: 0x000002067e080000

Marking Bits (Prev, Next): (CMBitMap*) 0x000002067f57e8d0, (CMBitMap*) 0x000002067f57e910
 Prev Bits: [0x000002067f370000, 0x000002067f470000)
 Next Bits: [0x000002067f620000, 0x000002067f720000)

Polling page: 0x000002067e810000

Metaspace:

Usage:
  Non-class:      7.80 MB used.
      Class:      1.22 MB used.
       Both:      9.01 MB used.

Virtual space:
  Non-class space:       64.00 MB reserved,       7.94 MB ( 12%) committed,  1 nodes.
      Class space:        1.00 GB reserved,       1.31 MB ( <1%) committed,  1 nodes.
             Both:        1.06 GB reserved,       9.25 MB ( <1%) committed. 

Chunk freelists:
   Non-Class:  7.73 MB
       Class:  14.51 MB
        Both:  22.25 MB

MaxMetaspaceSize: unlimited
CompressedClassSpaceSize: 1.00 GB
Initial GC threshold: 21.00 MB
Current GC threshold: 21.00 MB
CDS: on
MetaspaceReclaimPolicy: balanced
 - commit_granule_bytes: 65536.
 - commit_granule_words: 8192.
 - virtual_space_node_default_size: 8388608.
 - enlarge_chunks_in_place: 1.
 - new_chunks_are_fully_committed: 0.
 - uncommit_free_chunks: 1.
 - use_allocation_guard: 0.
 - handle_deallocations: 1.


Internal statistics:

num_allocs_failed_limit: 0.
num_arena_births: 74.
num_arena_deaths: 0.
num_vsnodes_births: 2.
num_vsnodes_deaths: 0.
num_space_committed: 148.
num_space_uncommitted: 0.
num_chunks_returned_to_freelist: 0.
num_chunks_taken_from_freelist: 334.
num_chunk_merges: 0.
num_chunk_splits: 217.
num_chunks_enlarged: 182.
num_inconsistent_stats: 0.

CodeHeap 'non-profiled nmethods': size=120000Kb used=715Kb max_used=715Kb free=119284Kb
 bounds [0x0000020610960000, 0x0000020610bd0000, 0x0000020617e90000]
CodeHeap 'profiled nmethods': size=120000Kb used=2727Kb max_used=2727Kb free=117272Kb
 bounds [0x0000020608e90000, 0x0000020609140000, 0x00000206103c0000]
CodeHeap 'non-nmethods': size=5760Kb used=1168Kb max_used=1186Kb free=4592Kb
 bounds [0x00000206103c0000, 0x0000020610630000, 0x0000020610960000]
 total_blobs=1958 nmethods=1495 adapters=376
 compilation: enabled
              stopped_count=0, restarted_count=0
 full_count=0

Compilation events (20 events):
Event: 3.824 Thread 0x000002065b118c50 1460       3       java.nio.HeapByteBuffer::ix (7 bytes)
Event: 3.824 Thread 0x000002065b118c50 nmethod 1460 0x0000020609124890 code [0x0000020609124a20, 0x0000020609124b38]
Event: 3.825 Thread 0x000002065b118c50 1461       3       java.nio.Buffer::flip (20 bytes)
Event: 3.826 Thread 0x000002065b118c50 nmethod 1461 0x0000020609124c10 code [0x0000020609124da0, 0x0000020609124eb8]
Event: 3.826 Thread 0x000002065b118c50 1462       3       java.lang.AbstractStringBuilder::appendChars (130 bytes)
Event: 3.826 Thread 0x000002065b118c50 nmethod 1462 0x0000020609124f90 code [0x0000020609125180, 0x0000020609125708]
Event: 3.827 Thread 0x000002065b118c50 1463       3       java.nio.CharBuffer::position (6 bytes)
Event: 3.827 Thread 0x000002065b118c50 nmethod 1463 0x0000020609125990 code [0x0000020609125b40, 0x0000020609125ce8]
Event: 3.827 Thread 0x000002065b118c50 1464       3       java.nio.CharBuffer::position (8 bytes)
Event: 3.827 Thread 0x000002065b118c50 nmethod 1464 0x0000020609125d90 code [0x0000020609125f20, 0x0000020609126068]
Event: 3.829 Thread 0x000002065b118c50 1465       1       java.nio.HeapByteBuffer::isReadOnly (2 bytes)
Event: 3.829 Thread 0x000002065b118c50 nmethod 1465 0x0000020610a11b90 code [0x0000020610a11d20, 0x0000020610a11df8]
Event: 3.830 Thread 0x000002065b118c50 1466       3       java.nio.ByteBuffer::hasArray (20 bytes)
Event: 3.830 Thread 0x000002065b118c50 nmethod 1466 0x0000020609126110 code [0x00000206091262a0, 0x0000020609126438]
Event: 3.830 Thread 0x000002065b118c50 1467       3       java.nio.CharBuffer::hasArray (20 bytes)
Event: 3.830 Thread 0x000002065b118c50 nmethod 1467 0x0000020609126510 code [0x00000206091266a0, 0x0000020609126838]
Event: 3.830 Thread 0x000002065b118c50 1468       3       java.nio.CharBuffer::array (35 bytes)
Event: 3.831 Thread 0x000002065b118c50 nmethod 1468 0x0000020609126910 code [0x0000020609126ae0, 0x0000020609126d98]
Event: 3.831 Thread 0x000002065b118c50 1469       3       java.nio.MappedByteBuffer::position (6 bytes)
Event: 3.831 Thread 0x000002065b118c50 nmethod 1469 0x0000020609126f10 code [0x00000206091270c0, 0x00000206091272c8]

GC Heap History (4 events):
Event: 0.484 GC heap before
{Heap before GC invocations=0 (full 0):
 garbage-first heap   total 65536K, used 13312K [0x00000000fc000000, 0x0000000100000000)
  region size 1024K, 13 young (13312K), 0 survivors (0K)
 Metaspace       used 1646K, committed 1792K, reserved 1114112K
  class space    used 156K, committed 192K, reserved 1048576K
}
Event: 0.492 GC heap after
{Heap after GC invocations=1 (full 0):
 garbage-first heap   total 65536K, used 1536K [0x00000000fc000000, 0x0000000100000000)
  region size 1024K, 2 young (2048K), 2 survivors (2048K)
 Metaspace       used 1646K, committed 1792K, reserved 1114112K
  class space    used 156K, committed 192K, reserved 1048576K
}
Event: 1.389 GC heap before
{Heap before GC invocations=1 (full 0):
 garbage-first heap   total 65536K, used 22016K [0x00000000fc000000, 0x0000000100000000)
  region size 1024K, 20 young (20480K), 2 survivors (2048K)
 Metaspace       used 2869K, committed 3008K, reserved 1114112K
  class space    used 309K, committed 384K, reserved 1048576K
}
Event: 1.397 GC heap after
{Heap after GC invocations=2 (full 0):
 garbage-first heap   total 65536K, used 9528K [0x00000000fc000000, 0x0000000100000000)
  region size 1024K, 3 young (3072K), 3 survivors (3072K)
 Metaspace       used 2869K, committed 3008K, reserved 1114112K
  class space    used 309K, committed 384K, reserved 1048576K
}

Dll operation events (12 events):
Event: 0.009 Loaded shared library C:\Program Files\Microsoft\jdk-17.0.13.11-hotspot\bin\java.dll
Event: 0.039 Loaded shared library C:\Program Files\Microsoft\jdk-17.0.13.11-hotspot\bin\jsvml.dll
Event: 0.081 Loaded shared library C:\Program Files\Microsoft\jdk-17.0.13.11-hotspot\bin\net.dll
Event: 0.083 Loaded shared library C:\Program Files\Microsoft\jdk-17.0.13.11-hotspot\bin\nio.dll
Event: 0.086 Loaded shared library C:\Program Files\Microsoft\jdk-17.0.13.11-hotspot\bin\zip.dll
Event: 0.089 Loaded shared library C:\Program Files\Microsoft\jdk-17.0.13.11-hotspot\bin\verify.dll
Event: 0.664 Loaded shared library C:\Program Files\Microsoft\jdk-17.0.13.11-hotspot\bin\jimage.dll
Event: 1.507 Loaded shared library C:\Program Files\Microsoft\jdk-17.0.13.11-hotspot\bin\management.dll
Event: 1.509 Loaded shared library C:\Program Files\Microsoft\jdk-17.0.13.11-hotspot\bin\management_ext.dll
Event: 1.639 Loaded shared library C:\Users\aliah\.gradle\native\c067742578af261105cb4f569cf0c3c89f3d7b1fecec35dd04571415982c5e48\windows-amd64\native-platform.dll
Event: 2.082 Loaded shared library C:\Program Files\Microsoft\jdk-17.0.13.11-hotspot\bin\extnet.dll
Event: 2.260 Loaded shared library C:\Program Files\Microsoft\jdk-17.0.13.11-hotspot\bin\sunmscapi.dll

Deoptimization events (20 events):
Event: 1.898 Thread 0x000002067e6fdca0 DEOPT PACKING pc=0x000002061099c8fc sp=0x000000d6cfafccb0
Event: 1.898 Thread 0x000002067e6fdca0 DEOPT UNPACKING pc=0x00000206104169a3 sp=0x000000d6cfafcc48 mode 2
Event: 2.136 Thread 0x000002067e6fdca0 Uncommon trap: trap_request=0xffffff45 fr.pc=0x00000206109ad624 relative=0x0000000000000664
Event: 2.136 Thread 0x000002067e6fdca0 Uncommon trap: reason=unstable_if action=reinterpret pc=0x00000206109ad624 method=java.lang.AbstractStringBuilder.append(Ljava/lang/String;)Ljava/lang/AbstractStringBuilder; @ 1 c2
Event: 2.136 Thread 0x000002067e6fdca0 DEOPT PACKING pc=0x00000206109ad624 sp=0x000000d6cfafd420
Event: 2.136 Thread 0x000002067e6fdca0 DEOPT UNPACKING pc=0x00000206104169a3 sp=0x000000d6cfafd3a0 mode 2
Event: 2.169 Thread 0x000002067e6fdca0 Uncommon trap: trap_request=0xffffffde fr.pc=0x000002061099c8fc relative=0x000000000000007c
Event: 2.169 Thread 0x000002067e6fdca0 Uncommon trap: reason=class_check action=maybe_recompile pc=0x000002061099c8fc method=java.util.AbstractList$Itr.hasNext()Z @ 8 c2
Event: 2.169 Thread 0x000002067e6fdca0 DEOPT PACKING pc=0x000002061099c8fc sp=0x000000d6cfafcdd0
Event: 2.169 Thread 0x000002067e6fdca0 DEOPT UNPACKING pc=0x00000206104169a3 sp=0x000000d6cfafcd68 mode 2
Event: 2.315 Thread 0x000002067e6fdca0 Uncommon trap: trap_request=0xffffffde fr.pc=0x000002061099c8fc relative=0x000000000000007c
Event: 2.315 Thread 0x000002067e6fdca0 Uncommon trap: reason=class_check action=maybe_recompile pc=0x000002061099c8fc method=java.util.AbstractList$Itr.hasNext()Z @ 8 c2
Event: 2.315 Thread 0x000002067e6fdca0 DEOPT PACKING pc=0x000002061099c8fc sp=0x000000d6cfafc620
Event: 2.315 Thread 0x000002067e6fdca0 DEOPT UNPACKING pc=0x00000206104169a3 sp=0x000000d6cfafc5b8 mode 2
Event: 2.390 Thread 0x000002067e6fdca0 Uncommon trap: trap_request=0xffffffde fr.pc=0x000002061099c8fc relative=0x000000000000007c
Event: 2.390 Thread 0x000002067e6fdca0 Uncommon trap: reason=class_check action=maybe_recompile pc=0x000002061099c8fc method=java.util.AbstractList$Itr.hasNext()Z @ 8 c2
Event: 2.390 Thread 0x000002067e6fdca0 DEOPT PACKING pc=0x000002061099c8fc sp=0x000000d6cfafd5a0
Event: 2.390 Thread 0x000002067e6fdca0 DEOPT UNPACKING pc=0x00000206104169a3 sp=0x000000d6cfafd538 mode 2
Event: 3.804 Thread 0x000002067e6fdca0 DEOPT PACKING pc=0x00000206090e5aa9 sp=0x000000d6cfafc610
Event: 3.804 Thread 0x000002067e6fdca0 DEOPT UNPACKING pc=0x0000020610417143 sp=0x000000d6cfafbb20 mode 0

Classes loaded (20 events):
Event: 3.804 Loading class java/nio/file/FileChannelLinesSpliterator
Event: 3.805 Loading class java/nio/file/FileChannelLinesSpliterator done
Event: 3.805 Loading class sun/nio/fs/WindowsSecurityDescriptor
Event: 3.805 Loading class sun/nio/fs/WindowsSecurityDescriptor done
Event: 3.805 Loading class sun/nio/fs/WindowsChannelFactory
Event: 3.806 Loading class sun/nio/fs/WindowsChannelFactory done
Event: 3.806 Loading class sun/nio/fs/WindowsChannelFactory$1
Event: 3.806 Loading class sun/nio/fs/WindowsChannelFactory$1 done
Event: 3.806 Loading class sun/nio/fs/WindowsChannelFactory$Flags
Event: 3.806 Loading class sun/nio/fs/WindowsChannelFactory$Flags done
Event: 3.806 Loading class sun/nio/fs/WindowsChannelFactory$2
Event: 3.806 Loading class sun/nio/fs/WindowsChannelFactory$2 done
Event: 3.807 Loading class sun/nio/ch/FileChannelImpl$Closer
Event: 3.807 Loading class sun/nio/ch/FileChannelImpl$Closer done
Event: 3.808 Loading class java/util/stream/Streams$1
Event: 3.809 Loading class java/util/stream/Streams$1 done
Event: 3.813 Loading class java/nio/file/FileChannelLinesSpliterator$1
Event: 3.813 Loading class java/nio/file/FileChannelLinesSpliterator$1 done
Event: 3.813 Loading class java/nio/channels/Channels
Event: 3.813 Loading class java/nio/channels/Channels done

Classes unloaded (0 events):
No events

Classes redefined (0 events):
No events

Internal exceptions (20 events):
Event: 1.516 Thread 0x000002067e6fdca0 Exception <a 'java/lang/NoSuchMethodError'{0x00000000ffb83778}: 'int java.lang.invoke.DirectMethodHandle$Holder.invokeSpecial(java.lang.Object, java.lang.Object, java.lang.Object)'> (0x00000000ffb83778) 
thrown [s\src\hotspot\share\interpreter\linkResolver.cpp, line 759]
Event: 1.554 Thread 0x000002067e6fdca0 Exception <a 'java/lang/NoSuchMethodError'{0x00000000ffae1520}: 'void java.lang.invoke.DirectMethodHandle$Holder.invokeStatic(java.lang.Object, java.lang.Object)'> (0x00000000ffae1520) 
thrown [s\src\hotspot\share\interpreter\linkResolver.cpp, line 759]
Event: 1.556 Thread 0x000002067e6fdca0 Implicit null exception at 0x00000206109d030f to 0x00000206109d0884
Event: 1.556 Thread 0x000002067e6fdca0 Implicit null exception at 0x00000206109c5f0f to 0x00000206109c6498
Event: 1.556 Thread 0x000002067e6fdca0 Implicit null exception at 0x000002061099320f to 0x0000020610993289
Event: 1.585 Thread 0x000002067e6fdca0 Exception <a 'java/lang/NoClassDefFoundError'{0x00000000ff95d5e0}: org/slf4j/impl/StaticMarkerBinder> (0x00000000ff95d5e0) 
thrown [s\src\hotspot\share\classfile\systemDictionary.cpp, line 245]
Event: 1.609 Thread 0x000002067e6fdca0 Exception <a 'java/lang/NoSuchMethodError'{0x00000000ff80dfc0}: 'java.lang.Object java.lang.invoke.Invokers$Holder.invoker(java.lang.Object, java.lang.Object, java.lang.Object)'> (0x00000000ff80dfc0) 
thrown [s\src\hotspot\share\interpreter\linkResolver.cpp, line 759]
Event: 1.610 Thread 0x000002067e6fdca0 Exception <a 'java/lang/NoSuchMethodError'{0x00000000ff817198}: 'java.lang.Object java.lang.invoke.DirectMethodHandle$Holder.invokeStatic(java.lang.Object, java.lang.Object, int)'> (0x00000000ff817198) 
thrown [s\src\hotspot\share\interpreter\linkResolver.cpp, line 759]
Event: 1.614 Thread 0x000002067e6fdca0 Exception <a 'java/lang/NoSuchMethodError'{0x00000000ff822e88}: 'void java.lang.invoke.DelegatingMethodHandle$Holder.delegate(java.lang.Object, java.lang.Object, int, java.lang.Object)'> (0x00000000ff822e88) 
thrown [s\src\hotspot\share\interpreter\linkResolver.cpp, line 759]
Event: 1.617 Thread 0x000002067e6fdca0 Exception <a 'java/lang/NoSuchMethodError'{0x00000000ff836550}: 'java.lang.Object java.lang.invoke.Invokers$Holder.invokeExact_MT(java.lang.Object, java.lang.Object, java.lang.Object, java.lang.Object)'> (0x00000000ff836550) 
thrown [s\src\hotspot\share\interpreter\linkResolver.cpp, line 759]
Event: 1.622 Thread 0x000002067e6fdca0 Exception <a 'java/lang/NoSuchMethodError'{0x00000000ff85bb18}: 'java.lang.Object java.lang.invoke.DirectMethodHandle$Holder.invokeVirtual(java.lang.Object, java.lang.Object, java.lang.Object)'> (0x00000000ff85bb18) 
thrown [s\src\hotspot\share\interpreter\linkResolver.cpp, line 759]
Event: 1.716 Thread 0x000002067e6fdca0 Exception <a 'java/lang/NoSuchMethodError'{0x00000000ff59f980}: 'java.lang.Object java.lang.invoke.DirectMethodHandle$Holder.newInvokeSpecial(java.lang.Object, java.lang.Object, java.lang.Object, java.lang.Object, java.lang.Object)'> (0x00000000ff59f980) 
thrown [s\src\hotspot\share\interpreter\linkResolver.cpp, line 759]
Event: 1.749 Thread 0x000002067e6fdca0 Exception <a 'java/lang/NoSuchMethodError'{0x00000000ff4b2c50}: 'void java.lang.invoke.DirectMethodHandle$Holder.invokeSpecial(java.lang.Object, java.lang.Object, java.lang.Object)'> (0x00000000ff4b2c50) 
thrown [s\src\hotspot\share\interpreter\linkResolver.cpp, line 759]
Event: 1.773 Thread 0x000002067e6fdca0 Exception <a 'java/lang/NoSuchMethodError'{0x00000000ff39b268}: 'int java.lang.invoke.DirectMethodHandle$Holder.invokeVirtual(java.lang.Object, java.lang.Object, java.lang.Object)'> (0x00000000ff39b268) 
thrown [s\src\hotspot\share\interpreter\linkResolver.cpp, line 759]
Event: 1.845 Thread 0x000002067e6fdca0 Exception <a 'java/lang/NoSuchMethodError'{0x00000000ff06a110}: 'java.lang.Object java.lang.invoke.DirectMethodHandle$Holder.invokeSpecialIFC(java.lang.Object, java.lang.Object, java.lang.Object, java.lang.Object)'> (0x00000000ff06a110) 
thrown [s\src\hotspot\share\interpreter\linkResolver.cpp, line 759]
Event: 1.902 Thread 0x000002067e6fdca0 Exception <a 'java/lang/NoSuchMethodError'{0x00000000fed38330}: 'java.lang.Object java.lang.invoke.DirectMethodHandle$Holder.invokeStaticInit(java.lang.Object, int, int, int, int)'> (0x00000000fed38330) 
thrown [s\src\hotspot\share\interpreter\linkResolver.cpp, line 759]
Event: 1.952 Thread 0x000002067e6fdca0 Exception <a 'java/lang/NoSuchMethodError'{0x00000000fed86b30}: 'java.lang.Object java.lang.invoke.DirectMethodHandle$Holder.invokeStaticInit(java.lang.Object, java.lang.Object, int, int, int, int)'> (0x00000000fed86b30) 
thrown [s\src\hotspot\share\interpreter\linkResolver.cpp, line 759]
Event: 2.087 Thread 0x000002067e6fdca0 Exception <a 'java/lang/NoSuchMethodError'{0x00000000fedb9e50}: 'void java.lang.invoke.DirectMethodHandle$Holder.invokeStatic(java.lang.Object, java.lang.Object, java.lang.Object)'> (0x00000000fedb9e50) 
thrown [s\src\hotspot\share\interpreter\linkResolver.cpp, line 759]
Event: 2.136 Thread 0x000002067e6fdca0 Implicit null exception at 0x00000206109acff2 to 0x00000206109ad60c
Event: 3.801 Thread 0x000002067e6fdca0 Exception <a 'sun/net/ConnectionResetException'{0x00000000fe60e430}: Connection reset> (0x00000000fe60e430) 
thrown [s\src\hotspot\share\prims\jni.cpp, line 535]

VM Operations (20 events):
Event: 1.529 Executing VM operation: HandshakeAllThreads
Event: 1.529 Executing VM operation: HandshakeAllThreads done
Event: 1.553 Executing VM operation: HandshakeAllThreads
Event: 1.553 Executing VM operation: HandshakeAllThreads done
Event: 1.580 Executing VM operation: HandshakeAllThreads
Event: 1.580 Executing VM operation: HandshakeAllThreads done
Event: 1.580 Executing VM operation: HandshakeAllThreads
Event: 1.580 Executing VM operation: HandshakeAllThreads done
Event: 1.852 Executing VM operation: HandshakeAllThreads
Event: 1.852 Executing VM operation: HandshakeAllThreads done
Event: 1.945 Executing VM operation: HandshakeAllThreads
Event: 1.945 Executing VM operation: HandshakeAllThreads done
Event: 2.186 Executing VM operation: HandshakeAllThreads
Event: 2.186 Executing VM operation: HandshakeAllThreads done
Event: 2.403 Executing VM operation: HandshakeAllThreads
Event: 2.403 Executing VM operation: HandshakeAllThreads done
Event: 2.403 Executing VM operation: Cleanup
Event: 2.403 Executing VM operation: Cleanup done
Event: 3.418 Executing VM operation: Cleanup
Event: 3.418 Executing VM operation: Cleanup done

Memory protections (0 events):
No events

Nmethod flushes (0 events):
No events

Events (15 events):
Event: 0.039 Thread 0x000002067e6fdca0 Thread added: 0x000002067e6fdca0
Event: 0.042 Thread 0x000002067e6fdca0 Thread added: 0x000002065b0f08f0
Event: 0.042 Thread 0x000002067e6fdca0 Thread added: 0x000002065b0f1f10
Event: 0.056 Thread 0x000002067e6fdca0 Thread added: 0x000002065b1074d0
Event: 0.056 Thread 0x000002067e6fdca0 Thread added: 0x000002065b109200
Event: 0.056 Thread 0x000002067e6fdca0 Thread added: 0x000002065b10f390
Event: 0.056 Thread 0x000002067e6fdca0 Thread added: 0x000002065b1104f0
Event: 0.056 Thread 0x000002067e6fdca0 Thread added: 0x000002065b1156d0
Event: 0.056 Thread 0x000002067e6fdca0 Thread added: 0x000002065b118c50
Event: 0.056 Thread 0x000002067e6fdca0 Thread added: 0x000002065b1235e0
Event: 0.075 Thread 0x000002067e6fdca0 Thread added: 0x000002065b2520c0
Event: 0.079 Thread 0x000002067e6fdca0 Thread added: 0x000002065b255480
Event: 0.274 Thread 0x000002065b118c50 Thread added: 0x000002065b1191a0
Event: 1.668 Thread 0x000002067e6fdca0 Thread added: 0x00000206604e48c0
Event: 2.072 Thread 0x000002065b1191a0 Thread exited: 0x000002065b1191a0


Dynamic libraries:
0x00007ff7772f0000 - 0x00007ff7772fe000 	C:\Program Files\Microsoft\jdk-17.0.13.11-hotspot\bin\java.exe
0x00007fff3eef0000 - 0x00007fff3f0e8000 	C:\WINDOWS\SYSTEM32\ntdll.dll
0x00007fff3d030000 - 0x00007fff3d0f2000 	C:\WINDOWS\System32\KERNEL32.DLL
0x00007fff3cbb0000 - 0x00007fff3ceaf000 	C:\WINDOWS\System32\KERNELBASE.dll
0x00007fff3c580000 - 0x00007fff3c680000 	C:\WINDOWS\System32\ucrtbase.dll
0x00007fff0e6d0000 - 0x00007fff0e6e7000 	C:\Program Files\Microsoft\jdk-17.0.13.11-hotspot\bin\jli.dll
0x00007fff0e6b0000 - 0x00007fff0e6cd000 	C:\Program Files\Microsoft\jdk-17.0.13.11-hotspot\bin\VCRUNTIME140.dll
0x00007fff3ed10000 - 0x00007fff3eead000 	C:\WINDOWS\System32\USER32.dll
0x00007fff3c830000 - 0x00007fff3c852000 	C:\WINDOWS\System32\win32u.dll
0x00007fff3d5b0000 - 0x00007fff3d5db000 	C:\WINDOWS\System32\GDI32.dll
0x00007fff23e60000 - 0x00007fff240fa000 	C:\WINDOWS\WinSxS\amd64_microsoft.windows.common-controls_6595b64144ccf1df_6.0.19041.4355_none_60b8b9eb71f62e16\COMCTL32.dll
0x00007fff3c680000 - 0x00007fff3c797000 	C:\WINDOWS\System32\gdi32full.dll
0x00007fff3cb10000 - 0x00007fff3cbad000 	C:\WINDOWS\System32\msvcp_win.dll
0x00007fff3cf00000 - 0x00007fff3cf9e000 	C:\WINDOWS\System32\msvcrt.dll
0x00007fff3d5e0000 - 0x00007fff3d60f000 	C:\WINDOWS\System32\IMM32.DLL
0x00007fff14c70000 - 0x00007fff14c7c000 	C:\Program Files\Microsoft\jdk-17.0.13.11-hotspot\bin\vcruntime140_1.dll
0x00007fff08bb0000 - 0x00007fff08c3d000 	C:\Program Files\Microsoft\jdk-17.0.13.11-hotspot\bin\msvcp140.dll
0x00007ffedee60000 - 0x00007ffedfad1000 	C:\Program Files\Microsoft\jdk-17.0.13.11-hotspot\bin\server\jvm.dll
0x00007fff3ec50000 - 0x00007fff3ed01000 	C:\WINDOWS\System32\ADVAPI32.dll
0x00007fff3d100000 - 0x00007fff3d19f000 	C:\WINDOWS\System32\sechost.dll
0x00007fff3d750000 - 0x00007fff3d873000 	C:\WINDOWS\System32\RPCRT4.dll
0x00007fff3ca30000 - 0x00007fff3ca57000 	C:\WINDOWS\System32\bcrypt.dll
0x00007fff3e3a0000 - 0x00007fff3e40b000 	C:\WINDOWS\System32\WS2_32.dll
0x00007fff3bb10000 - 0x00007fff3bb5b000 	C:\WINDOWS\SYSTEM32\POWRPROF.dll
0x00007fff29e50000 - 0x00007fff29e77000 	C:\WINDOWS\SYSTEM32\WINMM.dll
0x00007fff33350000 - 0x00007fff3335a000 	C:\WINDOWS\SYSTEM32\VERSION.dll
0x00007fff3b980000 - 0x00007fff3b992000 	C:\WINDOWS\SYSTEM32\UMPDC.dll
0x00007fff3adf0000 - 0x00007fff3ae02000 	C:\WINDOWS\SYSTEM32\kernel.appcore.dll
0x00007fff13370000 - 0x00007fff1337a000 	C:\Program Files\Microsoft\jdk-17.0.13.11-hotspot\bin\jimage.dll
0x00007fff39440000 - 0x00007fff39624000 	C:\WINDOWS\SYSTEM32\DBGHELP.DLL
0x00007fff20680000 - 0x00007fff206b4000 	C:\WINDOWS\SYSTEM32\dbgcore.DLL
0x00007fff3c7a0000 - 0x00007fff3c822000 	C:\WINDOWS\System32\bcryptPrimitives.dll
0x00007fff08b80000 - 0x00007fff08ba5000 	C:\Program Files\Microsoft\jdk-17.0.13.11-hotspot\bin\java.dll
0x00007fff08aa0000 - 0x00007fff08b77000 	C:\Program Files\Microsoft\jdk-17.0.13.11-hotspot\bin\jsvml.dll
0x00007fff3d880000 - 0x00007fff3dfee000 	C:\WINDOWS\System32\SHELL32.dll
0x00007fff3a5b0000 - 0x00007fff3ad54000 	C:\WINDOWS\SYSTEM32\windows.storage.dll
0x00007fff3d250000 - 0x00007fff3d5a5000 	C:\WINDOWS\System32\combase.dll
0x00007fff3bfb0000 - 0x00007fff3bfdf000 	C:\WINDOWS\SYSTEM32\Wldp.dll
0x00007fff3e240000 - 0x00007fff3e30d000 	C:\WINDOWS\System32\OLEAUT32.dll
0x00007fff3d1a0000 - 0x00007fff3d24d000 	C:\WINDOWS\System32\SHCORE.dll
0x00007fff3e540000 - 0x00007fff3e595000 	C:\WINDOWS\System32\shlwapi.dll
0x00007fff3c4b0000 - 0x00007fff3c4d4000 	C:\WINDOWS\SYSTEM32\profapi.dll
0x00007fff08a80000 - 0x00007fff08a9a000 	C:\Program Files\Microsoft\jdk-17.0.13.11-hotspot\bin\net.dll
0x00007fff39650000 - 0x00007fff3975d000 	C:\WINDOWS\SYSTEM32\WINHTTP.dll
0x00007fff3bd10000 - 0x00007fff3bd7a000 	C:\WINDOWS\system32\mswsock.dll
0x00007fff08a60000 - 0x00007fff08a76000 	C:\Program Files\Microsoft\jdk-17.0.13.11-hotspot\bin\nio.dll
0x00007ffef59a0000 - 0x00007ffef59b8000 	C:\Program Files\Microsoft\jdk-17.0.13.11-hotspot\bin\zip.dll
0x00007fff384c0000 - 0x00007fff384d0000 	C:\Program Files\Microsoft\jdk-17.0.13.11-hotspot\bin\verify.dll
0x00007fff132d0000 - 0x00007fff132da000 	C:\Program Files\Microsoft\jdk-17.0.13.11-hotspot\bin\management.dll
0x00007fff0e5d0000 - 0x00007fff0e5db000 	C:\Program Files\Microsoft\jdk-17.0.13.11-hotspot\bin\management_ext.dll
0x00007fff3e5a0000 - 0x00007fff3e5a8000 	C:\WINDOWS\System32\PSAPI.DLL
0x00007fff37bd0000 - 0x00007fff37bf7000 	C:\Users\aliah\.gradle\native\c067742578af261105cb4f569cf0c3c89f3d7b1fecec35dd04571415982c5e48\windows-amd64\native-platform.dll
0x00007fff3bf00000 - 0x00007fff3bf18000 	C:\WINDOWS\SYSTEM32\CRYPTSP.dll
0x00007fff3b5c0000 - 0x00007fff3b5f4000 	C:\WINDOWS\system32\rsaenh.dll
0x00007fff3c430000 - 0x00007fff3c45e000 	C:\WINDOWS\SYSTEM32\USERENV.dll
0x00007fff3bf20000 - 0x00007fff3bf2c000 	C:\WINDOWS\SYSTEM32\CRYPTBASE.dll
0x00007fff3b9a0000 - 0x00007fff3b9db000 	C:\WINDOWS\SYSTEM32\IPHLPAPI.DLL
0x00007fff3e760000 - 0x00007fff3e768000 	C:\WINDOWS\System32\NSI.dll
0x00007fff33c00000 - 0x00007fff33c17000 	C:\WINDOWS\SYSTEM32\dhcpcsvc6.DLL
0x00007fff33e00000 - 0x00007fff33e1d000 	C:\WINDOWS\SYSTEM32\dhcpcsvc.DLL
0x00007fff3b9e0000 - 0x00007fff3baaa000 	C:\WINDOWS\SYSTEM32\DNSAPI.dll
0x00007fff0da80000 - 0x00007fff0da89000 	C:\Program Files\Microsoft\jdk-17.0.13.11-hotspot\bin\extnet.dll
0x00007fff0e3d0000 - 0x00007fff0e3de000 	C:\Program Files\Microsoft\jdk-17.0.13.11-hotspot\bin\sunmscapi.dll
0x00007fff3c860000 - 0x00007fff3c9bc000 	C:\WINDOWS\System32\CRYPT32.dll
0x00007fff3c020000 - 0x00007fff3c047000 	C:\WINDOWS\SYSTEM32\ncrypt.dll
0x00007fff3bfe0000 - 0x00007fff3c01b000 	C:\WINDOWS\SYSTEM32\NTASN1.dll
0x00007fff0db90000 - 0x00007fff0db97000 	C:\WINDOWS\system32\wshunix.dll

dbghelp: loaded successfully - version: 4.0.5 - missing functions: none
symbol engine: initialized successfully - sym options: 0x614 - pdb path: .;C:\Program Files\Microsoft\jdk-17.0.13.11-hotspot\bin;C:\WINDOWS\SYSTEM32;C:\WINDOWS\WinSxS\amd64_microsoft.windows.common-controls_6595b64144ccf1df_6.0.19041.4355_none_60b8b9eb71f62e16;C:\Program Files\Microsoft\jdk-17.0.13.11-hotspot\bin\server;C:\Users\aliah\.gradle\native\c067742578af261105cb4f569cf0c3c89f3d7b1fecec35dd04571415982c5e48\windows-amd64

VM Arguments:
jvm_args: -Xmx64m -Xms64m -Dorg.gradle.appname=gradlew 
java_command: org.gradle.wrapper.GradleWrapperMain app:installDebug -PreactNativeDevServerPort=8081
java_class_path (initial): D:\React Native\MyProject\android\\gradle\wrapper\gradle-wrapper.jar
Launcher Type: SUN_STANDARD

[Global flags]
     intx CICompilerCount                          = 3                                         {product} {ergonomic}
     uint ConcGCThreads                            = 1                                         {product} {ergonomic}
     uint G1ConcRefinementThreads                  = 4                                         {product} {ergonomic}
   size_t G1HeapRegionSize                         = 1048576                                   {product} {ergonomic}
    uintx GCDrainStackTargetSize                   = 64                                        {product} {ergonomic}
   size_t InitialHeapSize                          = 67108864                                  {product} {command line}
   size_t MarkStackSize                            = 4194304                                   {product} {ergonomic}
   size_t MaxHeapSize                              = 67108864                                  {product} {command line}
   size_t MaxNewSize                               = 39845888                                  {product} {ergonomic}
   size_t MinHeapDeltaBytes                        = 1048576                                   {product} {ergonomic}
   size_t MinHeapSize                              = 67108864                                  {product} {command line}
    uintx NonNMethodCodeHeapSize                   = 5832780                                {pd product} {ergonomic}
    uintx NonProfiledCodeHeapSize                  = 122912730                              {pd product} {ergonomic}
    uintx ProfiledCodeHeapSize                     = 122912730                              {pd product} {ergonomic}
    uintx ReservedCodeCacheSize                    = 251658240                              {pd product} {ergonomic}
     bool SegmentedCodeCache                       = true                                      {product} {ergonomic}
   size_t SoftMaxHeapSize                          = 67108864                               {manageable} {ergonomic}
     bool UseCompressedClassPointers               = true                           {product lp64_product} {ergonomic}
     bool UseCompressedOops                        = true                           {product lp64_product} {ergonomic}
     bool UseG1GC                                  = true                                      {product} {ergonomic}
     bool UseLargePagesIndividualAllocation        = false                                  {pd product} {ergonomic}

Logging:
Log output configuration:
 #0: stdout all=warning uptime,level,tags
 #1: stderr all=off uptime,level,tags

Environment Variables:
JAVA_HOME=C:\Program Files\Microsoft\jdk-17.0.13.11-hotspot\
CLASSPATH=D:\React Native\MyProject\android\\gradle\wrapper\gradle-wrapper.jar
PATH=D:\React Native\MyProject\node_modules\.bin;D:\React Native\MyProject\node_modules\.bin;D:\React Native\node_modules\.bin;D:\node_modules\.bin;C:\Users\aliah\AppData\Roaming\npm\node_modules\npm\node_modules\@npmcli\run-script\lib\node-gyp-bin;D:\React Native\MyProject\node_modules\.bin;D:\React Native\node_modules\.bin;D:\node_modules\.bin;C:\Users\aliah\AppData\Roaming\npm\node_modules\npm\node_modules\@npmcli\run-script\lib\node-gyp-bin;C:\Program Files\Microsoft\jdk-17.0.13.11-hotspot\bin;C:\WINDOWS\system32;C:\WINDOWS;C:\WINDOWS\System32\Wbem;C:\WINDOWS\System32\WindowsPowerShell\v1.0\;C:\WINDOWS\System32\OpenSSH\;C:\Program Files\nodejs\;C:\Program Files\Git\cmd;C:\Users\aliah\AppData\Local\Android\Sdk\emulator;C:\Users\aliah\AppData\Local\Android\Sdk;C:\Users\aliah\AppData\Local\Android\Sdk\platform-tools;C:\ProgramData\chocolatey\bin;D:\React Native\MyProject\android\gradle-8.11.1\bin;C:\Users\aliah\AppData\Local\Microsoft\WindowsApps;C:\Users\aliah\AppData\Local\Programs\Microsoft VS Code\bin;C:\Users\aliah\AppData\Roaming\npm;C:\Program Files\Microsoft\jdk-17.0.13.11-hotspot\bin;D:\React Native\MyProject\android\gradle-8.11.1\bin;
USERNAME=aliah
OS=Windows_NT
PROCESSOR_IDENTIFIER=Intel64 Family 6 Model 142 Stepping 9, GenuineIntel
TMP=C:\Users\aliah\AppData\Local\Temp
TEMP=C:\Users\aliah\AppData\Local\Temp



Periodic native trim disabled


---------------  S Y S T E M  ---------------

OS:
 Windows 10 , 64 bit Build 19041 (10.0.19041.5198)
OS uptime: 4 days 0:18 hours

CPU: total 4 (initial active 4) (2 cores per cpu, 2 threads per core) family 6 model 142 stepping 9 microcode 0xf0, cx8, cmov, fxsr, ht, mmx, 3dnowpref, sse, sse2, sse3, ssse3, sse4.1, sse4.2, popcnt, lzcnt, tsc, tscinvbit, avx, avx2, aes, erms, clmul, bmi1, bmi2, adx, fma, vzeroupper, clflush, clflushopt
Processor Information for the first 4 processors :
  Max Mhz: 2904, Current Mhz: 2703, Mhz Limit: 2700

Memory: 4k page, system-wide physical 8042M (844M free)
TotalPageFile size 12138M (AvailPageFile size 2M)
current process WorkingSet (physical memory assigned to process): 101M, peak: 101M
current process commit charge ("private bytes"): 164M, peak: 164M

vm_info: OpenJDK 64-Bit Server VM (17.0.13+11-LTS) for windows-amd64 JRE (17.0.13+11-LTS), built on Oct 11 2024 23:25:05 by "MicrosoftCorporation" with unknown MS VC++:1939

END.
