#
# There is insufficient memory for the Java Runtime Environment to continue.
# Native memory allocation (mmap) failed to map 65536 bytes. Error detail: Failed to commit metaspace.
# Possible reasons:
#   The system is out of physical RAM or swap space
#   This process is running with CompressedOops enabled, and the Java Heap may be blocking the growth of the native heap
# Possible solutions:
#   Reduce memory load on the system
#   Increase physical memory or swap space
#   Check if swap backing store is full
#   Decrease Java heap size (-Xmx/-Xms)
#   Decrease number of Java threads
#   Decrease Java thread stack sizes (-Xss)
#   Set larger code cache with -XX:ReservedCodeCacheSize=
#   JVM is running with Unscaled Compressed Oops mode in which the Java heap is
#     placed in the first 4GB address space. The Java Heap base address is the
#     maximum limit for the native heap growth. Please use -XX:HeapBaseMinAddress
#     to set the Java Heap base and to place the Java Heap above 4GB virtual address.
# This output file may be truncated or incomplete.
#
#  Out of Memory Error (virtualSpaceNode.cpp:110), pid=10420, tid=9912
#
# JRE version: OpenJDK Runtime Environment Microsoft-10376486 (17.0.13+11) (build 17.0.13+11-LTS)
# Java VM: OpenJDK 64-Bit Server VM Microsoft-10376486 (17.0.13+11-LTS, mixed mode, sharing, tiered, compressed oops, compressed class ptrs, g1 gc, windows-amd64)
# No core dump will be written. Minidumps are not enabled by default on client versions of Windows
#

---------------  S U M M A R Y ------------

Command Line: -Xmx64m -Xms64m -Dorg.gradle.appname=gradlew org.gradle.wrapper.GradleWrapperMain app:installDebug -PreactNativeDevServerPort=8081

Host: Intel(R) Core(TM) i7-7500U CPU @ 2.70GHz, 4 cores, 7G,  Windows 10 , 64 bit Build 19041 (10.0.19041.5198)
Time: Fri Jan 17 20:37:48 2025 Pakistan Standard Time elapsed time: 55.882264 seconds (0d 0h 0m 55s)

---------------  T H R E A D  ---------------

Current thread (0x0000022816c2cac0):  JavaThread "C1 CompilerThread0" daemon [_thread_in_vm, id=9912, stack(0x00000094ff500000,0x00000094ff600000)]


Current CompileTask:
C1:  55882 1755       3       java.util.concurrent.ScheduledThreadPoolExecutor::reExecutePeriodic (49 bytes)

Stack: [0x00000094ff500000,0x00000094ff600000]
Native frames: (J=compiled Java code, j=interpreted, Vv=VM code, C=native code)
V  [jvm.dll+0x687fc9]
V  [jvm.dll+0x83eeb8]
V  [jvm.dll+0x840963]
V  [jvm.dll+0x840fd3]
V  [jvm.dll+0x24951f]
V  [jvm.dll+0x83ac6d]
V  [jvm.dll+0x62c3ce]
V  [jvm.dll+0x62c43a]
V  [jvm.dll+0x62ec63]
V  [jvm.dll+0x62cd76]
V  [jvm.dll+0x63e22a]
V  [jvm.dll+0x636eba]
V  [jvm.dll+0x1cd8f0]
V  [jvm.dll+0x1cdae0]
V  [jvm.dll+0x1480b1]
V  [jvm.dll+0x147ef5]
V  [jvm.dll+0x13fba1]
V  [jvm.dll+0x141e3a]
V  [jvm.dll+0x140435]
V  [jvm.dll+0x13a543]
V  [jvm.dll+0x149b86]
V  [jvm.dll+0x135cb5]
V  [jvm.dll+0x136030]
V  [jvm.dll+0x136308]
V  [jvm.dll+0x135771]
V  [jvm.dll+0x13746d]
V  [jvm.dll+0x22a1ca]
V  [jvm.dll+0x22830b]
V  [jvm.dll+0x7f4708]
V  [jvm.dll+0x7eea6c]
V  [jvm.dll+0x686ea7]
C  [ucrtbase.dll+0x21bb2]
C  [KERNEL32.DLL+0x17374]
C  [ntdll.dll+0x4cc91]


---------------  P R O C E S S  ---------------

Threads class SMR info:
_java_thread_list=0x000002285cdc5290, length=13, elements={
0x000002287bfde880, 0x0000022816b9dd70, 0x0000022816b9ebf0, 0x0000022816bb5660,
0x0000022816bb8130, 0x0000022816bb9b00, 0x0000022816bbc4d0, 0x0000022816bbd1c0,
0x0000022816c2cac0, 0x0000022816c2d8e0, 0x000002285c045700, 0x000002285c046030,
0x000002285cbc1b70
}

Java Threads: ( => current thread )
  0x000002287bfde880 JavaThread "main" [_thread_in_vm, id=7900, stack(0x00000094fe600000,0x00000094fe700000)]
  0x0000022816b9dd70 JavaThread "Reference Handler" daemon [_thread_blocked, id=1576, stack(0x00000094fee00000,0x00000094fef00000)]
  0x0000022816b9ebf0 JavaThread "Finalizer" daemon [_thread_blocked, id=4472, stack(0x00000094fef00000,0x00000094ff000000)]
  0x0000022816bb5660 JavaThread "Signal Dispatcher" daemon [_thread_blocked, id=17968, stack(0x00000094ff000000,0x00000094ff100000)]
  0x0000022816bb8130 JavaThread "Attach Listener" daemon [_thread_blocked, id=6820, stack(0x00000094ff100000,0x00000094ff200000)]
  0x0000022816bb9b00 JavaThread "Service Thread" daemon [_thread_blocked, id=15788, stack(0x00000094ff200000,0x00000094ff300000)]
  0x0000022816bbc4d0 JavaThread "Monitor Deflation Thread" daemon [_thread_blocked, id=19880, stack(0x00000094ff300000,0x00000094ff400000)]
  0x0000022816bbd1c0 JavaThread "C2 CompilerThread0" daemon [_thread_blocked, id=10112, stack(0x00000094ff400000,0x00000094ff500000)]
=>0x0000022816c2cac0 JavaThread "C1 CompilerThread0" daemon [_thread_in_vm, id=9912, stack(0x00000094ff500000,0x00000094ff600000)]
  0x0000022816c2d8e0 JavaThread "Sweeper thread" daemon [_thread_blocked, id=5432, stack(0x00000094ff600000,0x00000094ff700000)]
  0x000002285c045700 JavaThread "Notification Thread" daemon [_thread_blocked, id=17648, stack(0x00000094ff700000,0x00000094ff800000)]
  0x000002285c046030 JavaThread "Common-Cleaner" daemon [_thread_blocked, id=16956, stack(0x00000094ff900000,0x00000094ffa00000)]
  0x000002285cbc1b70 JavaThread "pool-1-thread-1" [_thread_in_Java, id=18460, stack(0x00000094ffd00000,0x00000094ffe00000)]

Other Threads:
  0x0000022816b98670 VMThread "VM Thread" [stack: 0x00000094fed00000,0x00000094fee00000] [id=12812]
  0x000002285c045be0 WatcherThread [stack: 0x00000094ff800000,0x00000094ff900000] [id=14292]
  0x000002287bffe030 GCTaskThread "GC Thread#0" [stack: 0x00000094fe800000,0x00000094fe900000] [id=12368]
  0x000002285c1be3e0 GCTaskThread "GC Thread#1" [stack: 0x00000094ffa00000,0x00000094ffb00000] [id=10484]
  0x000002285c320ff0 GCTaskThread "GC Thread#2" [stack: 0x00000094ffb00000,0x00000094ffc00000] [id=15284]
  0x000002285c3212b0 GCTaskThread "GC Thread#3" [stack: 0x00000094ffc00000,0x00000094ffd00000] [id=15188]
  0x000002287bfff780 ConcurrentGCThread "G1 Main Marker" [stack: 0x00000094fe900000,0x00000094fea00000] [id=7924]
  0x000002287c0001a0 ConcurrentGCThread "G1 Conc#0" [stack: 0x00000094fea00000,0x00000094feb00000] [id=19656]
  0x000002287c04cc10 ConcurrentGCThread "G1 Refine#0" [stack: 0x00000094feb00000,0x00000094fec00000] [id=7204]
  0x000002287c04d640 ConcurrentGCThread "G1 Service" [stack: 0x00000094fec00000,0x00000094fed00000] [id=9924]

Threads with active compile tasks:
C1 CompilerThread0    55928 1755       3       java.util.concurrent.ScheduledThreadPoolExecutor::reExecutePeriodic (49 bytes)

VM state: not at safepoint (normal execution)

VM Mutex/Monitor currently owned by a thread:  ([mutex/lock_event])
[0x000002287bfd7e10] Metaspace_lock - owner thread: 0x0000022816c2cac0
[0x000002287bfd9360] CompiledIC_lock - owner thread: 0x000002285cbc1b70
[0x000002287bfd9480] MethodData_lock - owner thread: 0x0000022816c2cac0

Heap address: 0x00000000fc000000, size: 64 MB, Compressed Oops mode: 32-bit

CDS archive(s) mapped at: [0x0000022817000000-0x0000022817bb0000-0x0000022817bb0000), size 12255232, SharedBaseAddress: 0x0000022817000000, ArchiveRelocationMode: 1.
Compressed class space mapped at: 0x0000022818000000-0x0000022858000000, reserved size: 1073741824
Narrow klass base: 0x0000022817000000, Narrow klass shift: 0, Narrow klass range: 0x100000000

GC Precious Log:
 CPUs: 4 total, 4 available
 Memory: 8042M
 Large Page Support: Disabled
 NUMA Support: Disabled
 Compressed Oops: Enabled (32-bit)
 Heap Region Size: 1M
 Heap Min Capacity: 64M
 Heap Initial Capacity: 64M
 Heap Max Capacity: 64M
 Pre-touch: Disabled
 Parallel Workers: 4
 Concurrent Workers: 1
 Concurrent Refinement Workers: 4
 Periodic GC: Disabled

Heap:
 garbage-first heap   total 65536K, used 41351K [0x00000000fc000000, 0x0000000100000000)
  region size 1024K, 35 young (35840K), 3 survivors (3072K)
 Metaspace       used 10382K, committed 10560K, reserved 1114112K
  class space    used 1365K, committed 1472K, reserved 1048576K

Heap Regions: E=young(eden), S=young(survivor), O=old, HS=humongous(starts), HC=humongous(continues), CS=collection set, F=free, OA=open archive, CA=closed archive, TAMS=top-at-mark-start (previous, next)
|   0|0x00000000fc000000, 0x00000000fc100000, 0x00000000fc100000|100%|HS|  |TAMS 0x00000000fc000000, 0x00000000fc000000| Complete 
|   1|0x00000000fc100000, 0x00000000fc200000, 0x00000000fc200000|100%|HC|  |TAMS 0x00000000fc100000, 0x00000000fc100000| Complete 
|   2|0x00000000fc200000, 0x00000000fc300000, 0x00000000fc300000|100%|HC|  |TAMS 0x00000000fc200000, 0x00000000fc200000| Complete 
|   3|0x00000000fc300000, 0x00000000fc400000, 0x00000000fc400000|100%| O|  |TAMS 0x00000000fc300000, 0x00000000fc300000| Untracked 
|   4|0x00000000fc400000, 0x00000000fc500000, 0x00000000fc500000|100%| O|  |TAMS 0x00000000fc400000, 0x00000000fc400000| Untracked 
|   5|0x00000000fc500000, 0x00000000fc600000, 0x00000000fc600000|100%| O|  |TAMS 0x00000000fc500000, 0x00000000fc500000| Untracked 
|   6|0x00000000fc600000, 0x00000000fc661c00, 0x00000000fc700000| 38%| O|  |TAMS 0x00000000fc600000, 0x00000000fc600000| Untracked 
|   7|0x00000000fc700000, 0x00000000fc700000, 0x00000000fc800000|  0%| F|  |TAMS 0x00000000fc700000, 0x00000000fc700000| Untracked 
|   8|0x00000000fc800000, 0x00000000fc800000, 0x00000000fc900000|  0%| F|  |TAMS 0x00000000fc800000, 0x00000000fc800000| Untracked 
|   9|0x00000000fc900000, 0x00000000fc900000, 0x00000000fca00000|  0%| F|  |TAMS 0x00000000fc900000, 0x00000000fc900000| Untracked 
|  10|0x00000000fca00000, 0x00000000fca00000, 0x00000000fcb00000|  0%| F|  |TAMS 0x00000000fca00000, 0x00000000fca00000| Untracked 
|  11|0x00000000fcb00000, 0x00000000fcb00000, 0x00000000fcc00000|  0%| F|  |TAMS 0x00000000fcb00000, 0x00000000fcb00000| Untracked 
|  12|0x00000000fcc00000, 0x00000000fcc00000, 0x00000000fcd00000|  0%| F|  |TAMS 0x00000000fcc00000, 0x00000000fcc00000| Untracked 
|  13|0x00000000fcd00000, 0x00000000fcd00000, 0x00000000fce00000|  0%| F|  |TAMS 0x00000000fcd00000, 0x00000000fcd00000| Untracked 
|  14|0x00000000fce00000, 0x00000000fce00000, 0x00000000fcf00000|  0%| F|  |TAMS 0x00000000fce00000, 0x00000000fce00000| Untracked 
|  15|0x00000000fcf00000, 0x00000000fcf00000, 0x00000000fd000000|  0%| F|  |TAMS 0x00000000fcf00000, 0x00000000fcf00000| Untracked 
|  16|0x00000000fd000000, 0x00000000fd000000, 0x00000000fd100000|  0%| F|  |TAMS 0x00000000fd000000, 0x00000000fd000000| Untracked 
|  17|0x00000000fd100000, 0x00000000fd100000, 0x00000000fd200000|  0%| F|  |TAMS 0x00000000fd100000, 0x00000000fd100000| Untracked 
|  18|0x00000000fd200000, 0x00000000fd200000, 0x00000000fd300000|  0%| F|  |TAMS 0x00000000fd200000, 0x00000000fd200000| Untracked 
|  19|0x00000000fd300000, 0x00000000fd300000, 0x00000000fd400000|  0%| F|  |TAMS 0x00000000fd300000, 0x00000000fd300000| Untracked 
|  20|0x00000000fd400000, 0x00000000fd400000, 0x00000000fd500000|  0%| F|  |TAMS 0x00000000fd400000, 0x00000000fd400000| Untracked 
|  21|0x00000000fd500000, 0x00000000fd500000, 0x00000000fd600000|  0%| F|  |TAMS 0x00000000fd500000, 0x00000000fd500000| Untracked 
|  22|0x00000000fd600000, 0x00000000fd600000, 0x00000000fd700000|  0%| F|  |TAMS 0x00000000fd600000, 0x00000000fd600000| Untracked 
|  23|0x00000000fd700000, 0x00000000fd700000, 0x00000000fd800000|  0%| F|  |TAMS 0x00000000fd700000, 0x00000000fd700000| Untracked 
|  24|0x00000000fd800000, 0x00000000fd800000, 0x00000000fd900000|  0%| F|  |TAMS 0x00000000fd800000, 0x00000000fd800000| Untracked 
|  25|0x00000000fd900000, 0x00000000fd900000, 0x00000000fda00000|  0%| F|  |TAMS 0x00000000fd900000, 0x00000000fd900000| Untracked 
|  26|0x00000000fda00000, 0x00000000fda00000, 0x00000000fdb00000|  0%| F|  |TAMS 0x00000000fda00000, 0x00000000fda00000| Untracked 
|  27|0x00000000fdb00000, 0x00000000fdb00000, 0x00000000fdc00000|  0%| F|  |TAMS 0x00000000fdb00000, 0x00000000fdb00000| Untracked 
|  28|0x00000000fdc00000, 0x00000000fdc00000, 0x00000000fdd00000|  0%| F|  |TAMS 0x00000000fdc00000, 0x00000000fdc00000| Untracked 
|  29|0x00000000fdd00000, 0x00000000fdd599b0, 0x00000000fde00000| 35%| E|  |TAMS 0x00000000fdd00000, 0x00000000fdd00000| Complete 
|  30|0x00000000fde00000, 0x00000000fdf00000, 0x00000000fdf00000|100%| E|CS|TAMS 0x00000000fde00000, 0x00000000fde00000| Complete 
|  31|0x00000000fdf00000, 0x00000000fe000000, 0x00000000fe000000|100%| E|CS|TAMS 0x00000000fdf00000, 0x00000000fdf00000| Complete 
|  32|0x00000000fe000000, 0x00000000fe100000, 0x00000000fe100000|100%| E|CS|TAMS 0x00000000fe000000, 0x00000000fe000000| Complete 
|  33|0x00000000fe100000, 0x00000000fe200000, 0x00000000fe200000|100%| E|CS|TAMS 0x00000000fe100000, 0x00000000fe100000| Complete 
|  34|0x00000000fe200000, 0x00000000fe300000, 0x00000000fe300000|100%| E|CS|TAMS 0x00000000fe200000, 0x00000000fe200000| Complete 
|  35|0x00000000fe300000, 0x00000000fe400000, 0x00000000fe400000|100%| E|CS|TAMS 0x00000000fe300000, 0x00000000fe300000| Complete 
|  36|0x00000000fe400000, 0x00000000fe500000, 0x00000000fe500000|100%| E|CS|TAMS 0x00000000fe400000, 0x00000000fe400000| Complete 
|  37|0x00000000fe500000, 0x00000000fe600000, 0x00000000fe600000|100%| E|CS|TAMS 0x00000000fe500000, 0x00000000fe500000| Complete 
|  38|0x00000000fe600000, 0x00000000fe700000, 0x00000000fe700000|100%| E|CS|TAMS 0x00000000fe600000, 0x00000000fe600000| Complete 
|  39|0x00000000fe700000, 0x00000000fe800000, 0x00000000fe800000|100%| E|CS|TAMS 0x00000000fe700000, 0x00000000fe700000| Complete 
|  40|0x00000000fe800000, 0x00000000fe900000, 0x00000000fe900000|100%| E|CS|TAMS 0x00000000fe800000, 0x00000000fe800000| Complete 
|  41|0x00000000fe900000, 0x00000000fea00000, 0x00000000fea00000|100%| S|CS|TAMS 0x00000000fe900000, 0x00000000fe900000| Complete 
|  42|0x00000000fea00000, 0x00000000feb00000, 0x00000000feb00000|100%| S|CS|TAMS 0x00000000fea00000, 0x00000000fea00000| Complete 
|  43|0x00000000feb00000, 0x00000000fec00000, 0x00000000fec00000|100%| S|CS|TAMS 0x00000000feb00000, 0x00000000feb00000| Complete 
|  44|0x00000000fec00000, 0x00000000fed00000, 0x00000000fed00000|100%| E|CS|TAMS 0x00000000fec00000, 0x00000000fec00000| Complete 
|  45|0x00000000fed00000, 0x00000000fee00000, 0x00000000fee00000|100%| E|CS|TAMS 0x00000000fed00000, 0x00000000fed00000| Complete 
|  46|0x00000000fee00000, 0x00000000fef00000, 0x00000000fef00000|100%| E|CS|TAMS 0x00000000fee00000, 0x00000000fee00000| Complete 
|  47|0x00000000fef00000, 0x00000000ff000000, 0x00000000ff000000|100%| E|CS|TAMS 0x00000000fef00000, 0x00000000fef00000| Complete 
|  48|0x00000000ff000000, 0x00000000ff100000, 0x00000000ff100000|100%| E|CS|TAMS 0x00000000ff000000, 0x00000000ff000000| Complete 
|  49|0x00000000ff100000, 0x00000000ff200000, 0x00000000ff200000|100%| E|CS|TAMS 0x00000000ff100000, 0x00000000ff100000| Complete 
|  50|0x00000000ff200000, 0x00000000ff300000, 0x00000000ff300000|100%| E|CS|TAMS 0x00000000ff200000, 0x00000000ff200000| Complete 
|  51|0x00000000ff300000, 0x00000000ff400000, 0x00000000ff400000|100%| E|CS|TAMS 0x00000000ff300000, 0x00000000ff300000| Complete 
|  52|0x00000000ff400000, 0x00000000ff500000, 0x00000000ff500000|100%| E|CS|TAMS 0x00000000ff400000, 0x00000000ff400000| Complete 
|  53|0x00000000ff500000, 0x00000000ff600000, 0x00000000ff600000|100%| E|CS|TAMS 0x00000000ff500000, 0x00000000ff500000| Complete 
|  54|0x00000000ff600000, 0x00000000ff700000, 0x00000000ff700000|100%| E|CS|TAMS 0x00000000ff600000, 0x00000000ff600000| Complete 
|  55|0x00000000ff700000, 0x00000000ff800000, 0x00000000ff800000|100%| E|CS|TAMS 0x00000000ff700000, 0x00000000ff700000| Complete 
|  56|0x00000000ff800000, 0x00000000ff900000, 0x00000000ff900000|100%| E|CS|TAMS 0x00000000ff800000, 0x00000000ff800000| Complete 
|  57|0x00000000ff900000, 0x00000000ffa00000, 0x00000000ffa00000|100%| E|CS|TAMS 0x00000000ff900000, 0x00000000ff900000| Complete 
|  58|0x00000000ffa00000, 0x00000000ffb00000, 0x00000000ffb00000|100%| E|CS|TAMS 0x00000000ffa00000, 0x00000000ffa00000| Complete 
|  59|0x00000000ffb00000, 0x00000000ffc00000, 0x00000000ffc00000|100%| E|CS|TAMS 0x00000000ffb00000, 0x00000000ffb00000| Complete 
|  60|0x00000000ffc00000, 0x00000000ffd00000, 0x00000000ffd00000|100%| E|CS|TAMS 0x00000000ffc00000, 0x00000000ffc00000| Complete 
|  61|0x00000000ffd00000, 0x00000000ffe00000, 0x00000000ffe00000|100%| E|CS|TAMS 0x00000000ffd00000, 0x00000000ffd00000| Complete 
|  62|0x00000000ffe00000, 0x00000000fff00000, 0x00000000fff00000|100%| E|CS|TAMS 0x00000000ffe00000, 0x00000000ffe00000| Complete 
|  63|0x00000000fff00000, 0x0000000100000000, 0x0000000100000000|100%| E|CS|TAMS 0x00000000fff00000, 0x00000000fff00000| Complete 

Card table byte_map: [0x000002287be00000,0x000002287be20000] _byte_map_base: 0x000002287b620000

Marking Bits (Prev, Next): (CMBitMap*) 0x000002287bffe650, (CMBitMap*) 0x000002287bffe690
 Prev Bits: [0x000002287be40000, 0x000002287bf40000)
 Next Bits: [0x000002287c0a0000, 0x000002287c1a0000)

Polling page: 0x0000022879ee0000

Metaspace:

Usage:
  Non-class:      8.81 MB used.
      Class:      1.33 MB used.
       Both:     10.14 MB used.

Virtual space:
  Non-class space:       64.00 MB reserved,       8.88 MB ( 14%) committed,  1 nodes.
      Class space:        1.00 GB reserved,       1.44 MB ( <1%) committed,  1 nodes.
             Both:        1.06 GB reserved,      10.31 MB ( <1%) committed. 

Chunk freelists:
   Non-Class:  7.09 MB
       Class:  14.55 MB
        Both:  21.64 MB

MaxMetaspaceSize: unlimited
CompressedClassSpaceSize: 1.00 GB
Initial GC threshold: 21.00 MB
Current GC threshold: 21.00 MB
CDS: on
MetaspaceReclaimPolicy: balanced
 - commit_granule_bytes: 65536.
 - commit_granule_words: 8192.
 - virtual_space_node_default_size: 8388608.
 - enlarge_chunks_in_place: 1.
 - new_chunks_are_fully_committed: 0.
 - uncommit_free_chunks: 1.
 - use_allocation_guard: 0.
 - handle_deallocations: 1.


Internal statistics:

num_allocs_failed_limit: 0.
num_arena_births: 82.
num_arena_deaths: 0.
num_vsnodes_births: 2.
num_vsnodes_deaths: 0.
num_space_committed: 165.
num_space_uncommitted: 0.
num_chunks_returned_to_freelist: 0.
num_chunks_taken_from_freelist: 366.
num_chunk_merges: 0.
num_chunk_splits: 250.
num_chunks_enlarged: 205.
num_inconsistent_stats: 0.

CodeHeap 'non-profiled nmethods': size=120000Kb used=813Kb max_used=813Kb free=119186Kb
 bounds [0x000002280f550000, 0x000002280f7c0000, 0x0000022816a80000]
CodeHeap 'profiled nmethods': size=120000Kb used=3350Kb max_used=3350Kb free=116649Kb
 bounds [0x0000022807a80000, 0x0000022807dd0000, 0x000002280efb0000]
CodeHeap 'non-nmethods': size=5760Kb used=1182Kb max_used=1203Kb free=4577Kb
 bounds [0x000002280efb0000, 0x000002280f220000, 0x000002280f550000]
 total_blobs=2238 nmethods=1755 adapters=396
 compilation: enabled
              stopped_count=0, restarted_count=0
 full_count=0

Compilation events (20 events):
Event: 55.456 Thread 0x0000022816c2cac0 1746       1       org.gradle.internal.logging.console.DefaultAnsiExecutor::access$100 (5 bytes)
Event: 55.456 Thread 0x0000022816c2cac0 nmethod 1746 0x000002280f61a610 code [0x000002280f61a7a0, 0x000002280f61a858]
Event: 55.724 Thread 0x0000022816c2cac0 1747       3       com.google.common.collect.AbstractIterator::tryToComputeNext (36 bytes)
Event: 55.724 Thread 0x0000022816c2cac0 nmethod 1747 0x0000022807dbe610 code [0x0000022807dbe7c0, 0x0000022807dbeaa8]
Event: 55.874 Thread 0x0000022816c2cac0 1748       3       sun.nio.cs.StreamEncoder::write (37 bytes)
Event: 55.874 Thread 0x0000022816c2cac0 nmethod 1748 0x0000022807dbeb90 code [0x0000022807dbed60, 0x0000022807dbf0a8]
Event: 55.875 Thread 0x0000022816c2cac0 1749   !   3       java.util.concurrent.ScheduledThreadPoolExecutor$DelayedWorkQueue::offer (123 bytes)
Event: 55.876 Thread 0x0000022816c2cac0 nmethod 1749 0x0000022807dbf210 code [0x0000022807dbf500, 0x0000022807dc0938]
Event: 55.876 Thread 0x0000022816c2cac0 1750   !   3       java.util.concurrent.ScheduledThreadPoolExecutor$DelayedWorkQueue::take (203 bytes)
Event: 55.878 Thread 0x0000022816bbd1c0 1757       4       java.lang.AbstractStringBuilder::putStringAt (12 bytes)
Event: 55.878 Thread 0x0000022816c2cac0 nmethod 1750 0x0000022807dc1190 code [0x0000022807dc1520, 0x0000022807dc2d28]
Event: 55.878 Thread 0x0000022816c2cac0 1756       3       java.lang.String::checkOffset (48 bytes)
Event: 55.879 Thread 0x0000022816c2cac0 nmethod 1756 0x0000022807dc3810 code [0x0000022807dc3a60, 0x0000022807dc41b8]
Event: 55.879 Thread 0x0000022816c2cac0 1752       3       com.google.common.collect.Iterators::addAll (41 bytes)
Event: 55.879 Thread 0x0000022816c2cac0 nmethod 1752 0x0000022807dc4490 code [0x0000022807dc46a0, 0x0000022807dc4d68]
Event: 55.879 Thread 0x0000022816c2cac0 1753       3       org.gradle.internal.logging.console.AnsiConsole::redraw (64 bytes)
Event: 55.880 Thread 0x0000022816c2cac0 nmethod 1753 0x0000022807dc4f90 code [0x0000022807dc5160, 0x0000022807dc5478]
Event: 55.880 Thread 0x0000022816c2cac0 1754       3       java.util.concurrent.ScheduledThreadPoolExecutor$ScheduledFutureTask::setNextRunTime (38 bytes)
Event: 55.880 Thread 0x0000022816c2cac0 nmethod 1754 0x0000022807dc5690 code [0x0000022807dc5840, 0x0000022807dc5a68]
Event: 55.880 Thread 0x0000022816c2cac0 1755       3       java.util.concurrent.ScheduledThreadPoolExecutor::reExecutePeriodic (49 bytes)

GC Heap History (4 events):
Event: 1.036 GC heap before
{Heap before GC invocations=0 (full 0):
 garbage-first heap   total 65536K, used 13312K [0x00000000fc000000, 0x0000000100000000)
  region size 1024K, 13 young (13312K), 0 survivors (0K)
 Metaspace       used 1672K, committed 1792K, reserved 1114112K
  class space    used 157K, committed 192K, reserved 1048576K
}
Event: 1.086 GC heap after
{Heap after GC invocations=1 (full 0):
 garbage-first heap   total 65536K, used 1480K [0x00000000fc000000, 0x0000000100000000)
  region size 1024K, 2 young (2048K), 2 survivors (2048K)
 Metaspace       used 1672K, committed 1792K, reserved 1114112K
  class space    used 157K, committed 192K, reserved 1048576K
}
Event: 2.620 GC heap before
{Heap before GC invocations=1 (full 0):
 garbage-first heap   total 65536K, used 21960K [0x00000000fc000000, 0x0000000100000000)
  region size 1024K, 20 young (20480K), 2 survivors (2048K)
 Metaspace       used 2899K, committed 3072K, reserved 1114112K
  class space    used 310K, committed 384K, reserved 1048576K
}
Event: 2.627 GC heap after
{Heap after GC invocations=2 (full 0):
 garbage-first heap   total 65536K, used 9607K [0x00000000fc000000, 0x0000000100000000)
  region size 1024K, 3 young (3072K), 3 survivors (3072K)
 Metaspace       used 2899K, committed 3072K, reserved 1114112K
  class space    used 310K, committed 384K, reserved 1048576K
}

Dll operation events (13 events):
Event: 0.017 Loaded shared library C:\Program Files\Microsoft\jdk-17.0.13.11-hotspot\bin\java.dll
Event: 0.112 Loaded shared library C:\Program Files\Microsoft\jdk-17.0.13.11-hotspot\bin\jsvml.dll
Event: 0.296 Loaded shared library C:\Program Files\Microsoft\jdk-17.0.13.11-hotspot\bin\net.dll
Event: 0.300 Loaded shared library C:\Program Files\Microsoft\jdk-17.0.13.11-hotspot\bin\nio.dll
Event: 0.311 Loaded shared library C:\Program Files\Microsoft\jdk-17.0.13.11-hotspot\bin\zip.dll
Event: 0.316 Loaded shared library C:\Program Files\Microsoft\jdk-17.0.13.11-hotspot\bin\verify.dll
Event: 1.261 Loaded shared library C:\Program Files\Microsoft\jdk-17.0.13.11-hotspot\bin\jimage.dll
Event: 3.108 Loaded shared library C:\Program Files\Microsoft\jdk-17.0.13.11-hotspot\bin\management.dll
Event: 3.113 Loaded shared library C:\Program Files\Microsoft\jdk-17.0.13.11-hotspot\bin\management_ext.dll
Event: 3.699 Loaded shared library C:\Users\aliah\.gradle\native\c067742578af261105cb4f569cf0c3c89f3d7b1fecec35dd04571415982c5e48\windows-amd64\native-platform.dll
Event: 3.897 Loaded shared library C:\Users\aliah\.gradle\native\jansi\1.18\windows64\jansi.dll
Event: 6.715 Loaded shared library C:\Program Files\Microsoft\jdk-17.0.13.11-hotspot\bin\extnet.dll
Event: 26.138 Loaded shared library C:\Program Files\Microsoft\jdk-17.0.13.11-hotspot\bin\sunmscapi.dll

Deoptimization events (20 events):
Event: 11.659 Thread 0x000002285ccea210 Uncommon trap: trap_request=0xffffff45 fr.pc=0x000002280f5a025c relative=0x000000000000005c
Event: 11.659 Thread 0x000002285ccea210 Uncommon trap: reason=unstable_if action=reinterpret pc=0x000002280f5a025c method=java.lang.AbstractStringBuilder.isLatin1()Z @ 10 c2
Event: 11.659 Thread 0x000002285ccea210 DEOPT PACKING pc=0x000002280f5a025c sp=0x00000094ffefe830
Event: 11.659 Thread 0x000002285ccea210 DEOPT UNPACKING pc=0x000002280f0069a3 sp=0x00000094ffefe7c0 mode 2
Event: 11.659 Thread 0x000002285ccea210 Uncommon trap: trap_request=0xffffff45 fr.pc=0x000002280f5eb1a0 relative=0x0000000000000400
Event: 11.659 Thread 0x000002285ccea210 Uncommon trap: reason=unstable_if action=reinterpret pc=0x000002280f5eb1a0 method=java.lang.AbstractStringBuilder.isLatin1()Z @ 10 c2
Event: 11.659 Thread 0x000002285ccea210 DEOPT PACKING pc=0x000002280f5eb1a0 sp=0x00000094ffefea40
Event: 11.659 Thread 0x000002285ccea210 DEOPT UNPACKING pc=0x000002280f0069a3 sp=0x00000094ffefe9c0 mode 2
Event: 25.675 Thread 0x000002285ccea210 Uncommon trap: trap_request=0xffffff45 fr.pc=0x000002280f55ed04 relative=0x0000000000000084
Event: 25.675 Thread 0x000002285ccea210 Uncommon trap: reason=unstable_if action=reinterpret pc=0x000002280f55ed04 method=java.lang.String.codePointAt(I)I @ 4 c2
Event: 25.675 Thread 0x000002285ccea210 DEOPT PACKING pc=0x000002280f55ed04 sp=0x00000094ffefe9d0
Event: 25.675 Thread 0x000002285ccea210 DEOPT UNPACKING pc=0x000002280f0069a3 sp=0x00000094ffefe968 mode 2
Event: 25.844 Thread 0x000002287bfde880 Uncommon trap: trap_request=0xffffff45 fr.pc=0x000002280f604f54 relative=0x0000000000001b54
Event: 25.844 Thread 0x000002287bfde880 Uncommon trap: reason=unstable_if action=reinterpret pc=0x000002280f604f54 method=sun.nio.fs.WindowsPathParser.nextNonSlash(Ljava/lang/String;II)I @ 2 c2
Event: 25.844 Thread 0x000002287bfde880 DEOPT PACKING pc=0x000002280f604f54 sp=0x00000094fe6fbf50
Event: 25.844 Thread 0x000002287bfde880 DEOPT UNPACKING pc=0x000002280f0069a3 sp=0x00000094fe6fbed0 mode 2
Event: 25.899 Thread 0x000002287bfde880 Uncommon trap: trap_request=0xffffff45 fr.pc=0x000002280f5e20e8 relative=0x0000000000000b48
Event: 25.899 Thread 0x000002287bfde880 Uncommon trap: reason=unstable_if action=reinterpret pc=0x000002280f5e20e8 method=java.util.HashMap.putVal(ILjava/lang/Object;Ljava/lang/Object;ZZ)Ljava/lang/Object; @ 162 c2
Event: 25.899 Thread 0x000002287bfde880 DEOPT PACKING pc=0x000002280f5e20e8 sp=0x00000094fe6fb140
Event: 25.899 Thread 0x000002287bfde880 DEOPT UNPACKING pc=0x000002280f0069a3 sp=0x00000094fe6fb068 mode 2

Classes loaded (20 events):
Event: 26.256 Loading class sun/nio/ch/SourceChannelImpl
Event: 26.256 Loading class java/nio/channels/Pipe$SourceChannel
Event: 26.257 Loading class java/nio/channels/Pipe$SourceChannel done
Event: 26.257 Loading class sun/nio/ch/SourceChannelImpl done
Event: 26.257 Loading class sun/nio/ch/SinkChannelImpl
Event: 26.257 Loading class java/nio/channels/Pipe$SinkChannel
Event: 26.257 Loading class java/nio/channels/Pipe$SinkChannel done
Event: 26.257 Loading class sun/nio/ch/SinkChannelImpl done
Event: 26.259 Loading class sun/nio/ch/SelectionKeyImpl
Event: 26.259 Loading class java/nio/channels/spi/AbstractSelectionKey
Event: 26.259 Loading class java/nio/channels/SelectionKey
Event: 26.260 Loading class java/nio/channels/SelectionKey done
Event: 26.260 Loading class java/nio/channels/spi/AbstractSelectionKey done
Event: 26.260 Loading class sun/nio/ch/SelectionKeyImpl done
Event: 26.260 Loading class java/lang/invoke/ConstantBootstraps
Event: 26.260 Loading class java/lang/invoke/ConstantBootstraps done
Event: 26.369 Loading class java/nio/channels/spi/AbstractSelector$1
Event: 26.370 Loading class java/nio/channels/spi/AbstractSelector$1 done
Event: 26.533 Loading class java/util/concurrent/Executors$FinalizableDelegatedExecutorService
Event: 26.533 Loading class java/util/concurrent/Executors$FinalizableDelegatedExecutorService done

Classes unloaded (0 events):
No events

Classes redefined (0 events):
No events

Internal exceptions (20 events):
Event: 3.343 Thread 0x000002287bfde880 Implicit null exception at 0x000002280f5b3f0f to 0x000002280f5b3f89
Event: 3.455 Thread 0x000002287bfde880 Exception <a 'java/lang/NoClassDefFoundError'{0x00000000ff9514c0}: org/slf4j/impl/StaticMarkerBinder> (0x00000000ff9514c0) 
thrown [s\src\hotspot\share\classfile\systemDictionary.cpp, line 245]
Event: 3.575 Thread 0x000002287bfde880 Exception <a 'java/lang/NoSuchMethodError'{0x00000000ff801a10}: 'java.lang.Object java.lang.invoke.Invokers$Holder.invoker(java.lang.Object, java.lang.Object, java.lang.Object)'> (0x00000000ff801a10) 
thrown [s\src\hotspot\share\interpreter\linkResolver.cpp, line 759]
Event: 3.577 Thread 0x000002287bfde880 Exception <a 'java/lang/NoSuchMethodError'{0x00000000ff80abe8}: 'java.lang.Object java.lang.invoke.DirectMethodHandle$Holder.invokeStatic(java.lang.Object, java.lang.Object, int)'> (0x00000000ff80abe8) 
thrown [s\src\hotspot\share\interpreter\linkResolver.cpp, line 759]
Event: 3.588 Thread 0x000002287bfde880 Exception <a 'java/lang/NoSuchMethodError'{0x00000000ff8168d8}: 'void java.lang.invoke.DelegatingMethodHandle$Holder.delegate(java.lang.Object, java.lang.Object, int, java.lang.Object)'> (0x00000000ff8168d8) 
thrown [s\src\hotspot\share\interpreter\linkResolver.cpp, line 759]
Event: 3.626 Thread 0x000002287bfde880 Exception <a 'java/lang/NoSuchMethodError'{0x00000000ff829fa0}: 'java.lang.Object java.lang.invoke.Invokers$Holder.invokeExact_MT(java.lang.Object, java.lang.Object, java.lang.Object, java.lang.Object)'> (0x00000000ff829fa0) 
thrown [s\src\hotspot\share\interpreter\linkResolver.cpp, line 759]
Event: 3.651 Thread 0x000002287bfde880 Exception <a 'java/lang/NoSuchMethodError'{0x00000000ff8564f8}: 'java.lang.Object java.lang.invoke.DirectMethodHandle$Holder.invokeVirtual(java.lang.Object, java.lang.Object, java.lang.Object)'> (0x00000000ff8564f8) 
thrown [s\src\hotspot\share\interpreter\linkResolver.cpp, line 759]
Event: 4.155 Thread 0x000002287bfde880 Exception <a 'java/lang/NoSuchMethodError'{0x00000000ff46d180}: 'java.lang.Object java.lang.invoke.DirectMethodHandle$Holder.newInvokeSpecial(java.lang.Object, java.lang.Object, java.lang.Object, java.lang.Object, java.lang.Object)'> (0x00000000ff46d180) 
thrown [s\src\hotspot\share\interpreter\linkResolver.cpp, line 759]
Event: 4.344 Thread 0x000002287bfde880 Exception <a 'java/lang/NoSuchMethodError'{0x00000000ff3a7d80}: 'void java.lang.invoke.DirectMethodHandle$Holder.invokeSpecial(java.lang.Object, java.lang.Object, java.lang.Object)'> (0x00000000ff3a7d80) 
thrown [s\src\hotspot\share\interpreter\linkResolver.cpp, line 759]
Event: 4.448 Thread 0x000002287bfde880 Exception <a 'java/lang/NoSuchMethodError'{0x00000000ff291ec8}: 'int java.lang.invoke.DirectMethodHandle$Holder.invokeVirtual(java.lang.Object, java.lang.Object, java.lang.Object)'> (0x00000000ff291ec8) 
thrown [s\src\hotspot\share\interpreter\linkResolver.cpp, line 759]
Event: 4.705 Thread 0x000002287bfde880 Exception <a 'java/lang/NoSuchMethodError'{0x00000000fef5f640}: 'java.lang.Object java.lang.invoke.DirectMethodHandle$Holder.invokeSpecialIFC(java.lang.Object, java.lang.Object, java.lang.Object, java.lang.Object)'> (0x00000000fef5f640) 
thrown [s\src\hotspot\share\interpreter\linkResolver.cpp, line 759]
Event: 5.249 Thread 0x000002287bfde880 Exception <a 'java/lang/NoSuchMethodError'{0x00000000fec2bd60}: 'java.lang.Object java.lang.invoke.DirectMethodHandle$Holder.invokeStaticInit(java.lang.Object, int, int, int, int)'> (0x00000000fec2bd60) 
thrown [s\src\hotspot\share\interpreter\linkResolver.cpp, line 759]
Event: 5.577 Thread 0x000002287bfde880 Exception <a 'java/lang/NoSuchMethodError'{0x00000000fecaf2e0}: 'java.lang.Object java.lang.invoke.DirectMethodHandle$Holder.invokeStaticInit(java.lang.Object, java.lang.Object, int, int, int, int)'> (0x00000000fecaf2e0) 
thrown [s\src\hotspot\share\interpreter\linkResolver.cpp, line 759]
Event: 6.721 Thread 0x000002287bfde880 Exception <a 'java/lang/NoSuchMethodError'{0x00000000fece2600}: 'void java.lang.invoke.DirectMethodHandle$Holder.invokeStatic(java.lang.Object, java.lang.Object, java.lang.Object)'> (0x00000000fece2600) 
thrown [s\src\hotspot\share\interpreter\linkResolver.cpp, line 759]
Event: 6.854 Thread 0x000002287bfde880 Implicit null exception at 0x000002280f5968f2 to 0x000002280f596f0c
Event: 11.379 Thread 0x000002285ccea210 Exception <a 'java/lang/NoSuchMethodError'{0x00000000fe00cee0}: 'void java.lang.invoke.DirectMethodHandle$Holder.invokeStatic(java.lang.Object, long)'> (0x00000000fe00cee0) 
thrown [s\src\hotspot\share\interpreter\linkResolver.cpp, line 759]
Event: 11.381 Thread 0x000002285ccea210 Exception <a 'java/lang/NoSuchMethodError'{0x00000000fe012838}: 'java.lang.Object java.lang.invoke.DirectMethodHandle$Holder.newInvokeSpecial(java.lang.Object, long)'> (0x00000000fe012838) 
thrown [s\src\hotspot\share\interpreter\linkResolver.cpp, line 759]
Event: 11.385 Thread 0x000002285ccea210 Exception <a 'java/lang/NoSuchMethodError'{0x00000000fe01d3d0}: 'java.lang.Object java.lang.invoke.DirectMethodHandle$Holder.invokeStaticInit(java.lang.Object, java.lang.Object, long, java.lang.Object)'> (0x00000000fe01d3d0) 
thrown [s\src\hotspot\share\interpreter\linkResolver.cpp, line 759]
Event: 11.387 Thread 0x000002285ccea210 Exception <a 'java/lang/NoSuchMethodError'{0x00000000fe023a58}: 'java.lang.Object java.lang.invoke.DirectMethodHandle$Holder.newInvokeSpecial(java.lang.Object, java.lang.Object, long)'> (0x00000000fe023a58) 
thrown [s\src\hotspot\share\interpreter\linkResolver.cpp, line 759]
Event: 11.388 Thread 0x000002285ccea210 Exception <a 'java/lang/NoSuchMethodError'{0x00000000fe027d48}: 'java.lang.Object java.lang.invoke.Invokers$Holder.linkToTargetMethod(java.lang.Object, long, java.lang.Object)'> (0x00000000fe027d48) 
thrown [s\src\hotspot\share\interpreter\linkResolver.cpp, line 759]

VM Operations (20 events):
Event: 26.533 Executing VM operation: HandshakeAllThreads
Event: 26.533 Executing VM operation: HandshakeAllThreads done
Event: 27.541 Executing VM operation: Cleanup
Event: 27.541 Executing VM operation: Cleanup done
Event: 29.551 Executing VM operation: Cleanup
Event: 29.551 Executing VM operation: Cleanup done
Event: 30.567 Executing VM operation: Cleanup
Event: 30.567 Executing VM operation: Cleanup done
Event: 31.572 Executing VM operation: Cleanup
Event: 31.572 Executing VM operation: Cleanup done
Event: 34.583 Executing VM operation: Cleanup
Event: 34.583 Executing VM operation: Cleanup done
Event: 37.600 Executing VM operation: Cleanup
Event: 37.600 Executing VM operation: Cleanup done
Event: 46.678 Executing VM operation: Cleanup
Event: 46.678 Executing VM operation: Cleanup done
Event: 51.713 Executing VM operation: Cleanup
Event: 51.713 Executing VM operation: Cleanup done
Event: 55.742 Executing VM operation: Cleanup
Event: 55.742 Executing VM operation: Cleanup done

Memory protections (0 events):
No events

Nmethod flushes (0 events):
No events

Events (20 events):
Event: 0.194 Thread 0x000002287bfde880 Thread added: 0x0000022816bbd1c0
Event: 0.225 Thread 0x000002287bfde880 Thread added: 0x0000022816c2cac0
Event: 0.227 Thread 0x000002287bfde880 Thread added: 0x0000022816c2d8e0
Event: 0.283 Thread 0x000002287bfde880 Thread added: 0x000002285c045700
Event: 0.288 Thread 0x000002287bfde880 Thread added: 0x000002285c046030
Event: 1.248 Thread 0x0000022816bbd1c0 Thread added: 0x000002285c1dc000
Event: 1.596 Thread 0x000002285c1dc000 Thread exited: 0x000002285c1dc000
Event: 2.378 Thread 0x0000022816c2cac0 Thread added: 0x000002285c7a6d80
Event: 2.742 Thread 0x000002285c7a6d80 Thread exited: 0x000002285c7a6d80
Event: 3.458 Thread 0x0000022816c2cac0 Thread added: 0x000002285cbc1b70
Event: 3.703 Thread 0x000002285cbc1b70 Thread exited: 0x000002285cbc1b70
Event: 4.016 Thread 0x000002287bfde880 Thread added: 0x000002285cbc1b70
Event: 11.065 Thread 0x000002287bfde880 Thread added: 0x000002285ccea210
Event: 11.392 Thread 0x000002285ccea210 Thread added: 0x000002285cdbf0f0
Event: 11.395 Thread 0x000002285ccea210 Thread added: 0x000002285cdbf5d0
Event: 11.648 Thread 0x000002285cdbf0f0 Thread exited: 0x000002285cdbf0f0
Event: 25.679 Thread 0x000002285ccea210 Thread exited: 0x000002285ccea210
Event: 25.680 Thread 0x000002285cdbf5d0 Thread exited: 0x000002285cdbf5d0
Event: 26.169 Thread 0x0000022816c2cac0 Thread added: 0x000002285cdbf2f0
Event: 26.532 Thread 0x000002285cdbf2f0 Thread exited: 0x000002285cdbf2f0


Dynamic libraries:
0x00007ff71eda0000 - 0x00007ff71edae000 	C:\Program Files\Microsoft\jdk-17.0.13.11-hotspot\bin\java.exe
0x00007ffd1f0d0000 - 0x00007ffd1f2c8000 	C:\WINDOWS\SYSTEM32\ntdll.dll
0x00007ffd1dd80000 - 0x00007ffd1de42000 	C:\WINDOWS\System32\KERNEL32.DLL
0x00007ffd1c840000 - 0x00007ffd1cb3e000 	C:\WINDOWS\System32\KERNELBASE.dll
0x00007ffd1cc80000 - 0x00007ffd1cd80000 	C:\WINDOWS\System32\ucrtbase.dll
0x00007ffd11a10000 - 0x00007ffd11a27000 	C:\Program Files\Microsoft\jdk-17.0.13.11-hotspot\bin\jli.dll
0x00007ffd1e690000 - 0x00007ffd1e82d000 	C:\WINDOWS\System32\USER32.dll
0x00007ffd1c810000 - 0x00007ffd1c832000 	C:\WINDOWS\System32\win32u.dll
0x00007ffd1e1b0000 - 0x00007ffd1e1db000 	C:\WINDOWS\System32\GDI32.dll
0x00007ffd1cee0000 - 0x00007ffd1cff7000 	C:\WINDOWS\System32\gdi32full.dll
0x00007ffd1d050000 - 0x00007ffd1d0ed000 	C:\WINDOWS\System32\msvcp_win.dll
0x00007ffd110d0000 - 0x00007ffd110ed000 	C:\Program Files\Microsoft\jdk-17.0.13.11-hotspot\bin\VCRUNTIME140.dll
0x00007ffd01fe0000 - 0x00007ffd0227a000 	C:\WINDOWS\WinSxS\amd64_microsoft.windows.common-controls_6595b64144ccf1df_6.0.19041.4355_none_60b8b9eb71f62e16\COMCTL32.dll
0x00007ffd1d870000 - 0x00007ffd1d90e000 	C:\WINDOWS\System32\msvcrt.dll
0x00007ffd1de50000 - 0x00007ffd1de7f000 	C:\WINDOWS\System32\IMM32.DLL
0x00007ffd171d0000 - 0x00007ffd171dc000 	C:\Program Files\Microsoft\jdk-17.0.13.11-hotspot\bin\vcruntime140_1.dll
0x00007ffd00ca0000 - 0x00007ffd00d2d000 	C:\Program Files\Microsoft\jdk-17.0.13.11-hotspot\bin\msvcp140.dll
0x00007ffcd1120000 - 0x00007ffcd1d91000 	C:\Program Files\Microsoft\jdk-17.0.13.11-hotspot\bin\server\jvm.dll
0x00007ffd1e090000 - 0x00007ffd1e141000 	C:\WINDOWS\System32\ADVAPI32.dll
0x00007ffd1ef90000 - 0x00007ffd1f02f000 	C:\WINDOWS\System32\sechost.dll
0x00007ffd1e430000 - 0x00007ffd1e553000 	C:\WINDOWS\System32\RPCRT4.dll
0x00007ffd1c7e0000 - 0x00007ffd1c807000 	C:\WINDOWS\System32\bcrypt.dll
0x00007ffd1e830000 - 0x00007ffd1e89b000 	C:\WINDOWS\System32\WS2_32.dll
0x00007ffd1bcb0000 - 0x00007ffd1bcfb000 	C:\WINDOWS\SYSTEM32\POWRPROF.dll
0x00007ffd062e0000 - 0x00007ffd06307000 	C:\WINDOWS\SYSTEM32\WINMM.dll
0x00007ffd0f560000 - 0x00007ffd0f56a000 	C:\WINDOWS\SYSTEM32\VERSION.dll
0x00007ffd1bb70000 - 0x00007ffd1bb82000 	C:\WINDOWS\SYSTEM32\UMPDC.dll
0x00007ffd1afe0000 - 0x00007ffd1aff2000 	C:\WINDOWS\SYSTEM32\kernel.appcore.dll
0x00007ffd170e0000 - 0x00007ffd170ea000 	C:\Program Files\Microsoft\jdk-17.0.13.11-hotspot\bin\jimage.dll
0x00007ffd193a0000 - 0x00007ffd19584000 	C:\WINDOWS\SYSTEM32\DBGHELP.DLL
0x00007ffcfea80000 - 0x00007ffcfeab4000 	C:\WINDOWS\SYSTEM32\dbgcore.DLL
0x00007ffd1cb40000 - 0x00007ffd1cbc2000 	C:\WINDOWS\System32\bcryptPrimitives.dll
0x00007ffd08510000 - 0x00007ffd08535000 	C:\Program Files\Microsoft\jdk-17.0.13.11-hotspot\bin\java.dll
0x00007ffcf1e20000 - 0x00007ffcf1ef7000 	C:\Program Files\Microsoft\jdk-17.0.13.11-hotspot\bin\jsvml.dll
0x00007ffd1d0f0000 - 0x00007ffd1d85d000 	C:\WINDOWS\System32\SHELL32.dll
0x00007ffd1a7a0000 - 0x00007ffd1af44000 	C:\WINDOWS\SYSTEM32\windows.storage.dll
0x00007ffd1eae0000 - 0x00007ffd1ee33000 	C:\WINDOWS\System32\combase.dll
0x00007ffd1c1a0000 - 0x00007ffd1c1ce000 	C:\WINDOWS\SYSTEM32\Wldp.dll
0x00007ffd1eec0000 - 0x00007ffd1ef8d000 	C:\WINDOWS\System32\OLEAUT32.dll
0x00007ffd1e900000 - 0x00007ffd1e9ad000 	C:\WINDOWS\System32\SHCORE.dll
0x00007ffd1e150000 - 0x00007ffd1e1a5000 	C:\WINDOWS\System32\shlwapi.dll
0x00007ffd1c6a0000 - 0x00007ffd1c6c4000 	C:\WINDOWS\SYSTEM32\profapi.dll
0x00007ffd11060000 - 0x00007ffd1107a000 	C:\Program Files\Microsoft\jdk-17.0.13.11-hotspot\bin\net.dll
0x00007ffd19ad0000 - 0x00007ffd19bdd000 	C:\WINDOWS\SYSTEM32\WINHTTP.dll
0x00007ffd1bf00000 - 0x00007ffd1bf6a000 	C:\WINDOWS\system32\mswsock.dll
0x00007ffd0a0f0000 - 0x00007ffd0a106000 	C:\Program Files\Microsoft\jdk-17.0.13.11-hotspot\bin\nio.dll
0x00007ffd06fd0000 - 0x00007ffd06fe8000 	C:\Program Files\Microsoft\jdk-17.0.13.11-hotspot\bin\zip.dll
0x00007ffd14190000 - 0x00007ffd141a0000 	C:\Program Files\Microsoft\jdk-17.0.13.11-hotspot\bin\verify.dll
0x00007ffd13af0000 - 0x00007ffd13afa000 	C:\Program Files\Microsoft\jdk-17.0.13.11-hotspot\bin\management.dll
0x00007ffd111c0000 - 0x00007ffd111cb000 	C:\Program Files\Microsoft\jdk-17.0.13.11-hotspot\bin\management_ext.dll
0x00007ffd1d860000 - 0x00007ffd1d868000 	C:\WINDOWS\System32\PSAPI.DLL
0x00007ffd06140000 - 0x00007ffd06167000 	C:\Users\aliah\.gradle\native\c067742578af261105cb4f569cf0c3c89f3d7b1fecec35dd04571415982c5e48\windows-amd64\native-platform.dll
0x00007ffd084d0000 - 0x00007ffd084da000 	C:\Users\aliah\.gradle\native\jansi\1.18\windows64\jansi.dll
0x00007ffd1c0f0000 - 0x00007ffd1c108000 	C:\WINDOWS\SYSTEM32\CRYPTSP.dll
0x00007ffd1b7b0000 - 0x00007ffd1b7e4000 	C:\WINDOWS\system32\rsaenh.dll
0x00007ffd1c660000 - 0x00007ffd1c68e000 	C:\WINDOWS\SYSTEM32\USERENV.dll
0x00007ffd1c110000 - 0x00007ffd1c11c000 	C:\WINDOWS\SYSTEM32\CRYPTBASE.dll
0x00007ffd1bb90000 - 0x00007ffd1bbcb000 	C:\WINDOWS\SYSTEM32\IPHLPAPI.DLL
0x00007ffd1e680000 - 0x00007ffd1e688000 	C:\WINDOWS\System32\NSI.dll
0x00007ffd13500000 - 0x00007ffd13517000 	C:\WINDOWS\SYSTEM32\dhcpcsvc6.DLL
0x00007ffd136b0000 - 0x00007ffd136cd000 	C:\WINDOWS\SYSTEM32\dhcpcsvc.DLL
0x00007ffd1bbd0000 - 0x00007ffd1bc9a000 	C:\WINDOWS\SYSTEM32\DNSAPI.dll
0x00007ffd10db0000 - 0x00007ffd10db9000 	C:\Program Files\Microsoft\jdk-17.0.13.11-hotspot\bin\extnet.dll
0x00007ffd0f760000 - 0x00007ffd0f76e000 	C:\Program Files\Microsoft\jdk-17.0.13.11-hotspot\bin\sunmscapi.dll
0x00007ffd1cd80000 - 0x00007ffd1cedc000 	C:\WINDOWS\System32\CRYPT32.dll
0x00007ffd1c210000 - 0x00007ffd1c237000 	C:\WINDOWS\SYSTEM32\ncrypt.dll
0x00007ffd1c1d0000 - 0x00007ffd1c20b000 	C:\WINDOWS\SYSTEM32\NTASN1.dll
0x00007ffd088c0000 - 0x00007ffd088c7000 	C:\WINDOWS\system32\wshunix.dll

dbghelp: loaded successfully - version: 4.0.5 - missing functions: none
symbol engine: initialized successfully - sym options: 0x614 - pdb path: .;C:\Program Files\Microsoft\jdk-17.0.13.11-hotspot\bin;C:\WINDOWS\SYSTEM32;C:\WINDOWS\WinSxS\amd64_microsoft.windows.common-controls_6595b64144ccf1df_6.0.19041.4355_none_60b8b9eb71f62e16;C:\Program Files\Microsoft\jdk-17.0.13.11-hotspot\bin\server;C:\Users\aliah\.gradle\native\c067742578af261105cb4f569cf0c3c89f3d7b1fecec35dd04571415982c5e48\windows-amd64;C:\Users\aliah\.gradle\native\jansi\1.18\windows64

VM Arguments:
jvm_args: -Xmx64m -Xms64m -Dorg.gradle.appname=gradlew 
java_command: org.gradle.wrapper.GradleWrapperMain app:installDebug -PreactNativeDevServerPort=8081
java_class_path (initial): D:\React Native\MyProject\android\\gradle\wrapper\gradle-wrapper.jar
Launcher Type: SUN_STANDARD

[Global flags]
     intx CICompilerCount                          = 3                                         {product} {ergonomic}
     uint ConcGCThreads                            = 1                                         {product} {ergonomic}
     uint G1ConcRefinementThreads                  = 4                                         {product} {ergonomic}
   size_t G1HeapRegionSize                         = 1048576                                   {product} {ergonomic}
    uintx GCDrainStackTargetSize                   = 64                                        {product} {ergonomic}
   size_t InitialHeapSize                          = 67108864                                  {product} {command line}
   size_t MarkStackSize                            = 4194304                                   {product} {ergonomic}
   size_t MaxHeapSize                              = 67108864                                  {product} {command line}
   size_t MaxNewSize                               = 39845888                                  {product} {ergonomic}
   size_t MinHeapDeltaBytes                        = 1048576                                   {product} {ergonomic}
   size_t MinHeapSize                              = 67108864                                  {product} {command line}
    uintx NonNMethodCodeHeapSize                   = 5832780                                {pd product} {ergonomic}
    uintx NonProfiledCodeHeapSize                  = 122912730                              {pd product} {ergonomic}
    uintx ProfiledCodeHeapSize                     = 122912730                              {pd product} {ergonomic}
    uintx ReservedCodeCacheSize                    = 251658240                              {pd product} {ergonomic}
     bool SegmentedCodeCache                       = true                                      {product} {ergonomic}
   size_t SoftMaxHeapSize                          = 67108864                               {manageable} {ergonomic}
     bool UseCompressedClassPointers               = true                           {product lp64_product} {ergonomic}
     bool UseCompressedOops                        = true                           {product lp64_product} {ergonomic}
     bool UseG1GC                                  = true                                      {product} {ergonomic}
     bool UseLargePagesIndividualAllocation        = false                                  {pd product} {ergonomic}

Logging:
Log output configuration:
 #0: stdout all=warning uptime,level,tags
 #1: stderr all=off uptime,level,tags

Environment Variables:
JAVA_HOME=C:\Program Files\Microsoft\jdk-17.0.13.11-hotspot\
CLASSPATH=D:\React Native\MyProject\android\\gradle\wrapper\gradle-wrapper.jar
PATH=D:\React Native\MyProject\node_modules\.bin;D:\React Native\MyProject\node_modules\.bin;D:\React Native\node_modules\.bin;D:\node_modules\.bin;C:\Users\aliah\AppData\Roaming\npm\node_modules\npm\node_modules\@npmcli\run-script\lib\node-gyp-bin;C:\Program Files\Microsoft\jdk-17.0.13.11-hotspot\bin;C:\WINDOWS\system32;C:\WINDOWS;C:\WINDOWS\System32\Wbem;C:\WINDOWS\System32\WindowsPowerShell\v1.0\;C:\WINDOWS\System32\OpenSSH\;C:\Program Files\nodejs\;C:\Program Files\Git\cmd;C:\Users\aliah\AppData\Local\Android\Sdk\emulator;C:\Users\aliah\AppData\Local\Android\Sdk;C:\Users\aliah\AppData\Local\Android\Sdk\platform-tools;C:\ProgramData\chocolatey\bin;D:\React Native\MyProject\android\gradle-8.11.1\bin;C:\Users\aliah\AppData\Local\Microsoft\WindowsApps;C:\Users\aliah\AppData\Local\Programs\Microsoft VS Code\bin;C:\Users\aliah\AppData\Roaming\npm;C:\Program Files\Microsoft\jdk-17.0.13.11-hotspot\bin;D:\React Native\MyProject\android\gradle-8.11.1\bin;
USERNAME=aliah
OS=Windows_NT
PROCESSOR_IDENTIFIER=Intel64 Family 6 Model 142 Stepping 9, GenuineIntel
TMP=C:\Users\aliah\AppData\Local\Temp
TEMP=C:\Users\aliah\AppData\Local\Temp



Periodic native trim disabled


---------------  S Y S T E M  ---------------

OS:
 Windows 10 , 64 bit Build 19041 (10.0.19041.5198)
OS uptime: 8 days 10:27 hours

CPU: total 4 (initial active 4) (2 cores per cpu, 2 threads per core) family 6 model 142 stepping 9 microcode 0xf0, cx8, cmov, fxsr, ht, mmx, 3dnowpref, sse, sse2, sse3, ssse3, sse4.1, sse4.2, popcnt, lzcnt, tsc, tscinvbit, avx, avx2, aes, erms, clmul, bmi1, bmi2, adx, fma, vzeroupper, clflush, clflushopt
Processor Information for processor 0
  Max Mhz: 2904, Current Mhz: 1502, Mhz Limit: 2700
Processor Information for processor 1
  Max Mhz: 2904, Current Mhz: 1502, Mhz Limit: 2700
Processor Information for processor 2
  Max Mhz: 2904, Current Mhz: 1502, Mhz Limit: 2700
Processor Information for processor 3
  Max Mhz: 2904, Current Mhz: 2703, Mhz Limit: 2700

Memory: 4k page, system-wide physical 8042M (571M free)
TotalPageFile size 12138M (AvailPageFile size 253M)
current process WorkingSet (physical memory assigned to process): 100M, peak: 101M
current process commit charge ("private bytes"): 158M, peak: 159M

vm_info: OpenJDK 64-Bit Server VM (17.0.13+11-LTS) for windows-amd64 JRE (17.0.13+11-LTS), built on Oct 11 2024 23:25:05 by "MicrosoftCorporation" with unknown MS VC++:1939

END.
