#
# There is insufficient memory for the Java Runtime Environment to continue.
# Native memory allocation (malloc) failed to allocate 964176 bytes. Error detail: Chunk::new
# Possible reasons:
#   The system is out of physical RAM or swap space
#   This process is running with CompressedOops enabled, and the Java Heap may be blocking the growth of the native heap
# Possible solutions:
#   Reduce memory load on the system
#   Increase physical memory or swap space
#   Check if swap backing store is full
#   Decrease Java heap size (-Xmx/-Xms)
#   Decrease number of Java threads
#   Decrease Java thread stack sizes (-Xss)
#   Set larger code cache with -XX:ReservedCodeCacheSize=
#   JVM is running with Unscaled Compressed Oops mode in which the Java heap is
#     placed in the first 4GB address space. The Java Heap base address is the
#     maximum limit for the native heap growth. Please use -XX:HeapBaseMinAddress
#     to set the Java Heap base and to place the Java Heap above 4GB virtual address.
# This output file may be truncated or incomplete.
#
#  Out of Memory Error (arena.cpp:191), pid=10416, tid=6444
#
# JRE version: OpenJDK Runtime Environment Microsoft-10376486 (17.0.13+11) (build 17.0.13+11-LTS)
# Java VM: OpenJDK 64-Bit Server VM Microsoft-10376486 (17.0.13+11-LTS, mixed mode, sharing, tiered, compressed oops, compressed class ptrs, g1 gc, windows-amd64)
# No core dump will be written. Minidumps are not enabled by default on client versions of Windows
#

---------------  S U M M A R Y ------------

Command Line: org.jetbrains.kotlin.cli.jvm.K2JVMCompiler @D:\React Native\MyProject\node_modules\react-native-screens\android\build\20250117_5400451867936504897.compiler.options

Host: Intel(R) Core(TM) i7-7500U CPU @ 2.70GHz, 4 cores, 7G,  Windows 10 , 64 bit Build 19041 (10.0.19041.5198)
Time: Fri Jan 17 20:33:48 2025 Pakistan Standard Time elapsed time: 62.845541 seconds (0d 0h 1m 2s)

---------------  T H R E A D  ---------------

Current thread (0x0000024ae539d470):  JavaThread "C2 CompilerThread0" daemon [_thread_in_native, id=6444, stack(0x000000ef6bf00000,0x000000ef6c000000)]


Current CompileTask:
C2:  62845 14605       4       org.jetbrains.kotlin.resolve.jvm.platform.JavaGenericVarianceViolationTypeChecker::checkType (653 bytes)

Stack: [0x000000ef6bf00000,0x000000ef6c000000]
Native frames: (J=compiled Java code, j=interpreted, Vv=VM code, C=native code)
V  [jvm.dll+0x687fc9]
V  [jvm.dll+0x83eeb8]
V  [jvm.dll+0x840963]
V  [jvm.dll+0x840fd3]
V  [jvm.dll+0x24951f]
V  [jvm.dll+0xad0c4]
V  [jvm.dll+0xad75c]
V  [jvm.dll+0x36aaaf]
V  [jvm.dll+0x335153]
V  [jvm.dll+0x3345ea]
V  [jvm.dll+0x21a748]
V  [jvm.dll+0x219b7f]
V  [jvm.dll+0x1a5506]
V  [jvm.dll+0x22a1ca]
V  [jvm.dll+0x22830b]
V  [jvm.dll+0x7f4708]
V  [jvm.dll+0x7eea6c]
V  [jvm.dll+0x686ea7]
C  [ucrtbase.dll+0x21bb2]
C  [KERNEL32.DLL+0x17374]
C  [ntdll.dll+0x4cc91]


---------------  P R O C E S S  ---------------

Threads class SMR info:
_java_thread_list=0x0000024aecd59b90, length=13, elements={
0x0000024ac78df900, 0x0000024ae537ed40, 0x0000024ae537fbc0, 0x0000024ae5396a10,
0x0000024ae539a3f0, 0x0000024ae539bdc0, 0x0000024ae539c780, 0x0000024ae539d470,
0x0000024ae539df20, 0x0000024ae5418810, 0x0000024ae5467580, 0x0000024ae546f4d0,
0x0000024aed680850
}

Java Threads: ( => current thread )
  0x0000024ac78df900 JavaThread "main" [_thread_in_Java, id=16204, stack(0x000000ef6b200000,0x000000ef6b300000)]
  0x0000024ae537ed40 JavaThread "Reference Handler" daemon [_thread_blocked, id=1748, stack(0x000000ef6b900000,0x000000ef6ba00000)]
  0x0000024ae537fbc0 JavaThread "Finalizer" daemon [_thread_blocked, id=19416, stack(0x000000ef6ba00000,0x000000ef6bb00000)]
  0x0000024ae5396a10 JavaThread "Signal Dispatcher" daemon [_thread_blocked, id=12024, stack(0x000000ef6bb00000,0x000000ef6bc00000)]
  0x0000024ae539a3f0 JavaThread "Attach Listener" daemon [_thread_blocked, id=9044, stack(0x000000ef6bc00000,0x000000ef6bd00000)]
  0x0000024ae539bdc0 JavaThread "Service Thread" daemon [_thread_blocked, id=16132, stack(0x000000ef6bd00000,0x000000ef6be00000)]
  0x0000024ae539c780 JavaThread "Monitor Deflation Thread" daemon [_thread_blocked, id=6068, stack(0x000000ef6be00000,0x000000ef6bf00000)]
=>0x0000024ae539d470 JavaThread "C2 CompilerThread0" daemon [_thread_in_native, id=6444, stack(0x000000ef6bf00000,0x000000ef6c000000)]
  0x0000024ae539df20 JavaThread "C1 CompilerThread0" daemon [_thread_blocked, id=9608, stack(0x000000ef6c000000,0x000000ef6c100000)]
  0x0000024ae5418810 JavaThread "Sweeper thread" daemon [_thread_blocked, id=8684, stack(0x000000ef6c100000,0x000000ef6c200000)]
  0x0000024ae5467580 JavaThread "Notification Thread" daemon [_thread_blocked, id=8052, stack(0x000000ef6c200000,0x000000ef6c300000)]
  0x0000024ae546f4d0 JavaThread "Common-Cleaner" daemon [_thread_blocked, id=12524, stack(0x000000ef6c400000,0x000000ef6c500000)]
  0x0000024aed680850 JavaThread "C2 CompilerThread1" daemon [_thread_in_native, id=12804, stack(0x000000ef6b000000,0x000000ef6b100000)]

Other Threads:
  0x0000024ae5375220 VMThread "VM Thread" [stack: 0x000000ef6b800000,0x000000ef6b900000] [id=10556]
  0x0000024ae5469a70 WatcherThread [stack: 0x000000ef6c300000,0x000000ef6c400000] [id=7896]
  0x0000024ac7938f10 GCTaskThread "GC Thread#0" [stack: 0x000000ef6b300000,0x000000ef6b400000] [id=656]
  0x0000024aea083160 GCTaskThread "GC Thread#1" [stack: 0x000000ef6c500000,0x000000ef6c600000] [id=12316]
  0x0000024aea083420 GCTaskThread "GC Thread#2" [stack: 0x000000ef6c600000,0x000000ef6c700000] [id=18380]
  0x0000024aea0d0550 GCTaskThread "GC Thread#3" [stack: 0x000000ef6c700000,0x000000ef6c800000] [id=13072]
  0x0000024ac79499e0 ConcurrentGCThread "G1 Main Marker" [stack: 0x000000ef6b400000,0x000000ef6b500000] [id=17136]
  0x0000024ac794a400 ConcurrentGCThread "G1 Conc#0" [stack: 0x000000ef6b500000,0x000000ef6b600000] [id=3440]
  0x0000024ac799d6a0 ConcurrentGCThread "G1 Refine#0" [stack: 0x000000ef6b600000,0x000000ef6b700000] [id=1144]
  0x0000024ae52324b0 ConcurrentGCThread "G1 Service" [stack: 0x000000ef6b700000,0x000000ef6b800000] [id=15756]

Threads with active compile tasks:
C2 CompilerThread0    62887 14605       4       org.jetbrains.kotlin.resolve.jvm.platform.JavaGenericVarianceViolationTypeChecker::checkType (653 bytes)
C2 CompilerThread1    62887 14604       4       org.jetbrains.kotlin.contracts.EffectSystem::getContextInfoWhen (167 bytes)

VM state: not at safepoint (normal execution)

VM Mutex/Monitor currently owned by a thread: None

Heap address: 0x0000000082400000, size: 2012 MB, Compressed Oops mode: 32-bit

CDS archive(s) mapped at: [0x0000024a80000000-0x0000024a80bb0000-0x0000024a80bb0000), size 12255232, SharedBaseAddress: 0x0000024a80000000, ArchiveRelocationMode: 1.
Compressed class space mapped at: 0x0000024a81000000-0x0000024ac1000000, reserved size: 1073741824
Narrow klass base: 0x0000024a80000000, Narrow klass shift: 0, Narrow klass range: 0x100000000

GC Precious Log:
 CPUs: 4 total, 4 available
 Memory: 8042M
 Large Page Support: Disabled
 NUMA Support: Disabled
 Compressed Oops: Enabled (32-bit)
 Heap Region Size: 1M
 Heap Min Capacity: 8M
 Heap Initial Capacity: 126M
 Heap Max Capacity: 2012M
 Pre-touch: Disabled
 Parallel Workers: 4
 Concurrent Workers: 1
 Concurrent Refinement Workers: 4
 Periodic GC: Disabled

Heap:
 garbage-first heap   total 241664K, used 177649K [0x0000000082400000, 0x0000000100000000)
  region size 1024K, 83 young (84992K), 7 survivors (7168K)
 Metaspace       used 57044K, committed 57344K, reserved 1114112K
  class space    used 6308K, committed 6464K, reserved 1048576K

Heap Regions: E=young(eden), S=young(survivor), O=old, HS=humongous(starts), HC=humongous(continues), CS=collection set, F=free, OA=open archive, CA=closed archive, TAMS=top-at-mark-start (previous, next)
|   0|0x0000000082400000, 0x0000000082500000, 0x0000000082500000|100%|HS|  |TAMS 0x0000000082500000, 0x0000000082400000| Complete 
|   1|0x0000000082500000, 0x0000000082600000, 0x0000000082600000|100%|HC|  |TAMS 0x0000000082600000, 0x0000000082500000| Complete 
|   2|0x0000000082600000, 0x0000000082700000, 0x0000000082700000|100%|HC|  |TAMS 0x0000000082700000, 0x0000000082600000| Complete 
|   3|0x0000000082700000, 0x0000000082800000, 0x0000000082800000|100%|HC|  |TAMS 0x0000000082800000, 0x0000000082700000| Complete 
|   4|0x0000000082800000, 0x0000000082900000, 0x0000000082900000|100%| O|  |TAMS 0x0000000082900000, 0x0000000082800000| Untracked 
|   5|0x0000000082900000, 0x0000000082a00000, 0x0000000082a00000|100%| O|  |TAMS 0x0000000082a00000, 0x0000000082900000| Untracked 
|   6|0x0000000082a00000, 0x0000000082b00000, 0x0000000082b00000|100%| O|  |TAMS 0x0000000082b00000, 0x0000000082a00000| Untracked 
|   7|0x0000000082b00000, 0x0000000082c00000, 0x0000000082c00000|100%| O|  |TAMS 0x0000000082c00000, 0x0000000082b00000| Untracked 
|   8|0x0000000082c00000, 0x0000000082d00000, 0x0000000082d00000|100%| O|  |TAMS 0x0000000082d00000, 0x0000000082c00000| Untracked 
|   9|0x0000000082d00000, 0x0000000082e00000, 0x0000000082e00000|100%| O|  |TAMS 0x0000000082e00000, 0x0000000082d00000| Untracked 
|  10|0x0000000082e00000, 0x0000000082f00000, 0x0000000082f00000|100%| O|  |TAMS 0x0000000082f00000, 0x0000000082e00000| Untracked 
|  11|0x0000000082f00000, 0x0000000083000000, 0x0000000083000000|100%| O|  |TAMS 0x0000000083000000, 0x0000000082f00000| Untracked 
|  12|0x0000000083000000, 0x0000000083100000, 0x0000000083100000|100%| O|  |TAMS 0x0000000083100000, 0x0000000083000000| Untracked 
|  13|0x0000000083100000, 0x0000000083200000, 0x0000000083200000|100%| O|  |TAMS 0x0000000083200000, 0x0000000083100000| Untracked 
|  14|0x0000000083200000, 0x0000000083300000, 0x0000000083300000|100%| O|  |TAMS 0x0000000083300000, 0x0000000083200000| Untracked 
|  15|0x0000000083300000, 0x0000000083400000, 0x0000000083400000|100%| O|  |TAMS 0x0000000083400000, 0x0000000083300000| Untracked 
|  16|0x0000000083400000, 0x0000000083500000, 0x0000000083500000|100%| O|  |TAMS 0x0000000083500000, 0x0000000083400000| Untracked 
|  17|0x0000000083500000, 0x0000000083600000, 0x0000000083600000|100%| O|  |TAMS 0x0000000083500000, 0x0000000083500000| Untracked 
|  18|0x0000000083600000, 0x0000000083700000, 0x0000000083700000|100%|HS|  |TAMS 0x0000000083700000, 0x0000000083600000| Complete 
|  19|0x0000000083700000, 0x0000000083800000, 0x0000000083800000|100%|HC|  |TAMS 0x0000000083800000, 0x0000000083700000| Complete 
|  20|0x0000000083800000, 0x0000000083900000, 0x0000000083900000|100%| O|  |TAMS 0x0000000083900000, 0x0000000083800000| Untracked 
|  21|0x0000000083900000, 0x0000000083a00000, 0x0000000083a00000|100%| O|  |TAMS 0x0000000083a00000, 0x0000000083900000| Untracked 
|  22|0x0000000083a00000, 0x0000000083b00000, 0x0000000083b00000|100%| O|  |TAMS 0x0000000083b00000, 0x0000000083a00000| Untracked 
|  23|0x0000000083b00000, 0x0000000083c00000, 0x0000000083c00000|100%| O|  |TAMS 0x0000000083c00000, 0x0000000083b00000| Untracked 
|  24|0x0000000083c00000, 0x0000000083d00000, 0x0000000083d00000|100%| O|  |TAMS 0x0000000083d00000, 0x0000000083c00000| Untracked 
|  25|0x0000000083d00000, 0x0000000083e00000, 0x0000000083e00000|100%| O|  |TAMS 0x0000000083e00000, 0x0000000083d00000| Untracked 
|  26|0x0000000083e00000, 0x0000000083f00000, 0x0000000083f00000|100%| O|  |TAMS 0x0000000083f00000, 0x0000000083e00000| Untracked 
|  27|0x0000000083f00000, 0x0000000084000000, 0x0000000084000000|100%| O|  |TAMS 0x0000000084000000, 0x0000000083f00000| Untracked 
|  28|0x0000000084000000, 0x0000000084100000, 0x0000000084100000|100%| O|  |TAMS 0x0000000084100000, 0x0000000084000000| Untracked 
|  29|0x0000000084100000, 0x0000000084200000, 0x0000000084200000|100%| O|  |TAMS 0x0000000084200000, 0x0000000084100000| Untracked 
|  30|0x0000000084200000, 0x0000000084300000, 0x0000000084300000|100%| O|  |TAMS 0x0000000084300000, 0x0000000084200000| Untracked 
|  31|0x0000000084300000, 0x0000000084400000, 0x0000000084400000|100%| O|  |TAMS 0x0000000084400000, 0x0000000084300000| Untracked 
|  32|0x0000000084400000, 0x0000000084500000, 0x0000000084500000|100%| O|  |TAMS 0x0000000084500000, 0x0000000084400000| Untracked 
|  33|0x0000000084500000, 0x0000000084600000, 0x0000000084600000|100%| O|  |TAMS 0x0000000084600000, 0x0000000084500000| Untracked 
|  34|0x0000000084600000, 0x0000000084700000, 0x0000000084700000|100%| O|  |TAMS 0x0000000084700000, 0x0000000084600000| Untracked 
|  35|0x0000000084700000, 0x0000000084800000, 0x0000000084800000|100%| O|  |TAMS 0x0000000084800000, 0x0000000084700000| Untracked 
|  36|0x0000000084800000, 0x0000000084900000, 0x0000000084900000|100%| O|  |TAMS 0x0000000084900000, 0x0000000084800000| Untracked 
|  37|0x0000000084900000, 0x0000000084a00000, 0x0000000084a00000|100%| O|  |TAMS 0x0000000084a00000, 0x0000000084900000| Untracked 
|  38|0x0000000084a00000, 0x0000000084b00000, 0x0000000084b00000|100%| O|  |TAMS 0x0000000084b00000, 0x0000000084a00000| Untracked 
|  39|0x0000000084b00000, 0x0000000084c00000, 0x0000000084c00000|100%| O|  |TAMS 0x0000000084c00000, 0x0000000084b00000| Untracked 
|  40|0x0000000084c00000, 0x0000000084d00000, 0x0000000084d00000|100%| O|  |TAMS 0x0000000084d00000, 0x0000000084c00000| Untracked 
|  41|0x0000000084d00000, 0x0000000084e00000, 0x0000000084e00000|100%| O|  |TAMS 0x0000000084e00000, 0x0000000084d00000| Untracked 
|  42|0x0000000084e00000, 0x0000000084f00000, 0x0000000084f00000|100%| O|  |TAMS 0x0000000084f00000, 0x0000000084e00000| Untracked 
|  43|0x0000000084f00000, 0x0000000085000000, 0x0000000085000000|100%| O|  |TAMS 0x0000000085000000, 0x0000000084f00000| Untracked 
|  44|0x0000000085000000, 0x0000000085100000, 0x0000000085100000|100%| O|  |TAMS 0x0000000085100000, 0x0000000085000000| Untracked 
|  45|0x0000000085100000, 0x0000000085200000, 0x0000000085200000|100%| O|  |TAMS 0x0000000085200000, 0x0000000085100000| Untracked 
|  46|0x0000000085200000, 0x0000000085300000, 0x0000000085300000|100%| O|  |TAMS 0x0000000085300000, 0x0000000085200000| Untracked 
|  47|0x0000000085300000, 0x0000000085400000, 0x0000000085400000|100%| O|  |TAMS 0x0000000085400000, 0x0000000085300000| Untracked 
|  48|0x0000000085400000, 0x0000000085500000, 0x0000000085500000|100%| O|  |TAMS 0x0000000085500000, 0x0000000085400000| Untracked 
|  49|0x0000000085500000, 0x0000000085600000, 0x0000000085600000|100%| O|  |TAMS 0x0000000085600000, 0x0000000085500000| Untracked 
|  50|0x0000000085600000, 0x0000000085700000, 0x0000000085700000|100%| O|  |TAMS 0x0000000085700000, 0x0000000085600000| Untracked 
|  51|0x0000000085700000, 0x0000000085700000, 0x0000000085800000|  0%| F|  |TAMS 0x0000000085700000, 0x0000000085700000| Untracked 
|  52|0x0000000085800000, 0x0000000085900000, 0x0000000085900000|100%| O|  |TAMS 0x0000000085900000, 0x0000000085800000| Untracked 
|  53|0x0000000085900000, 0x0000000085900000, 0x0000000085a00000|  0%| F|  |TAMS 0x0000000085900000, 0x0000000085900000| Untracked 
|  54|0x0000000085a00000, 0x0000000085b00000, 0x0000000085b00000|100%| O|  |TAMS 0x0000000085b00000, 0x0000000085a00000| Untracked 
|  55|0x0000000085b00000, 0x0000000085c00000, 0x0000000085c00000|100%| O|  |TAMS 0x0000000085c00000, 0x0000000085b00000| Untracked 
|  56|0x0000000085c00000, 0x0000000085d00000, 0x0000000085d00000|100%| O|  |TAMS 0x0000000085d00000, 0x0000000085c00000| Untracked 
|  57|0x0000000085d00000, 0x0000000085e00000, 0x0000000085e00000|100%| O|  |TAMS 0x0000000085e00000, 0x0000000085d00000| Untracked 
|  58|0x0000000085e00000, 0x0000000085f00000, 0x0000000085f00000|100%| O|  |TAMS 0x0000000085f00000, 0x0000000085e00000| Untracked 
|  59|0x0000000085f00000, 0x0000000086000000, 0x0000000086000000|100%| O|  |TAMS 0x0000000086000000, 0x0000000085f00000| Untracked 
|  60|0x0000000086000000, 0x0000000086100000, 0x0000000086100000|100%| O|  |TAMS 0x0000000086100000, 0x0000000086000000| Untracked 
|  61|0x0000000086100000, 0x0000000086200000, 0x0000000086200000|100%| O|  |TAMS 0x0000000086200000, 0x0000000086100000| Untracked 
|  62|0x0000000086200000, 0x0000000086300000, 0x0000000086300000|100%| O|  |TAMS 0x0000000086300000, 0x0000000086200000| Untracked 
|  63|0x0000000086300000, 0x0000000086400000, 0x0000000086400000|100%| O|  |TAMS 0x0000000086400000, 0x0000000086300000| Untracked 
|  64|0x0000000086400000, 0x0000000086500000, 0x0000000086500000|100%| O|  |TAMS 0x0000000086500000, 0x0000000086400000| Untracked 
|  65|0x0000000086500000, 0x0000000086600000, 0x0000000086600000|100%| O|  |TAMS 0x0000000086600000, 0x0000000086500000| Untracked 
|  66|0x0000000086600000, 0x0000000086700000, 0x0000000086700000|100%| O|  |TAMS 0x0000000086700000, 0x0000000086600000| Untracked 
|  67|0x0000000086700000, 0x0000000086800000, 0x0000000086800000|100%| O|  |TAMS 0x0000000086800000, 0x0000000086700000| Untracked 
|  68|0x0000000086800000, 0x0000000086900000, 0x0000000086900000|100%| O|  |TAMS 0x0000000086900000, 0x0000000086800000| Untracked 
|  69|0x0000000086900000, 0x0000000086a00000, 0x0000000086a00000|100%| O|  |TAMS 0x0000000086900000, 0x0000000086900000| Untracked 
|  70|0x0000000086a00000, 0x0000000086b00000, 0x0000000086b00000|100%|HS|  |TAMS 0x0000000086b00000, 0x0000000086a00000| Complete 
|  71|0x0000000086b00000, 0x0000000086c00000, 0x0000000086c00000|100%|HC|  |TAMS 0x0000000086c00000, 0x0000000086b00000| Complete 
|  72|0x0000000086c00000, 0x0000000086d00000, 0x0000000086d00000|100%| O|  |TAMS 0x0000000086d00000, 0x0000000086c00000| Untracked 
|  73|0x0000000086d00000, 0x0000000086e00000, 0x0000000086e00000|100%| O|  |TAMS 0x0000000086e00000, 0x0000000086d00000| Untracked 
|  74|0x0000000086e00000, 0x0000000086f00000, 0x0000000086f00000|100%| O|  |TAMS 0x0000000086f00000, 0x0000000086e00000| Untracked 
|  75|0x0000000086f00000, 0x0000000087000000, 0x0000000087000000|100%| O|  |TAMS 0x0000000087000000, 0x0000000086f00000| Untracked 
|  76|0x0000000087000000, 0x0000000087100000, 0x0000000087100000|100%| O|  |TAMS 0x0000000087100000, 0x0000000087000000| Untracked 
|  77|0x0000000087100000, 0x0000000087200000, 0x0000000087200000|100%| O|  |TAMS 0x0000000087200000, 0x0000000087100000| Untracked 
|  78|0x0000000087200000, 0x0000000087300000, 0x0000000087300000|100%| O|  |TAMS 0x0000000087300000, 0x0000000087200000| Untracked 
|  79|0x0000000087300000, 0x0000000087400000, 0x0000000087400000|100%| O|  |TAMS 0x00000000873b3000, 0x0000000087300000| Untracked 
|  80|0x0000000087400000, 0x0000000087500000, 0x0000000087500000|100%| O|  |TAMS 0x0000000087400000, 0x0000000087400000| Untracked 
|  81|0x0000000087500000, 0x0000000087600000, 0x0000000087600000|100%| O|  |TAMS 0x0000000087500000, 0x0000000087500000| Untracked 
|  82|0x0000000087600000, 0x0000000087700000, 0x0000000087700000|100%| O|  |TAMS 0x0000000087600000, 0x0000000087600000| Untracked 
|  83|0x0000000087700000, 0x0000000087800000, 0x0000000087800000|100%| O|  |TAMS 0x0000000087700000, 0x0000000087700000| Untracked 
|  84|0x0000000087800000, 0x0000000087900000, 0x0000000087900000|100%| O|  |TAMS 0x0000000087800000, 0x0000000087800000| Untracked 
|  85|0x0000000087900000, 0x0000000087a00000, 0x0000000087a00000|100%| O|  |TAMS 0x0000000087900000, 0x0000000087900000| Untracked 
|  86|0x0000000087a00000, 0x0000000087b00000, 0x0000000087b00000|100%| O|  |TAMS 0x0000000087a00000, 0x0000000087a00000| Untracked 
|  87|0x0000000087b00000, 0x0000000087c00000, 0x0000000087c00000|100%| O|  |TAMS 0x0000000087b00000, 0x0000000087b00000| Untracked 
|  88|0x0000000087c00000, 0x0000000087d00000, 0x0000000087d00000|100%| O|  |TAMS 0x0000000087c00000, 0x0000000087c00000| Untracked 
|  89|0x0000000087d00000, 0x0000000087e00000, 0x0000000087e00000|100%| O|  |TAMS 0x0000000087d00000, 0x0000000087d00000| Untracked 
|  90|0x0000000087e00000, 0x0000000087f00000, 0x0000000087f00000|100%| O|  |TAMS 0x0000000087e00000, 0x0000000087e00000| Untracked 
|  91|0x0000000087f00000, 0x0000000088000000, 0x0000000088000000|100%| O|  |TAMS 0x0000000087f00000, 0x0000000087f00000| Untracked 
|  92|0x0000000088000000, 0x0000000088100000, 0x0000000088100000|100%| O|  |TAMS 0x0000000088000000, 0x0000000088000000| Untracked 
|  93|0x0000000088100000, 0x00000000881e7000, 0x0000000088200000| 90%| O|  |TAMS 0x0000000088100000, 0x0000000088100000| Untracked 
|  94|0x0000000088200000, 0x0000000088200000, 0x0000000088300000|  0%| F|  |TAMS 0x0000000088200000, 0x0000000088200000| Untracked 
|  95|0x0000000088300000, 0x0000000088300000, 0x0000000088400000|  0%| F|  |TAMS 0x0000000088300000, 0x0000000088300000| Untracked 
|  96|0x0000000088400000, 0x0000000088400000, 0x0000000088500000|  0%| F|  |TAMS 0x0000000088400000, 0x0000000088400000| Untracked 
|  97|0x0000000088500000, 0x0000000088500000, 0x0000000088600000|  0%| F|  |TAMS 0x0000000088500000, 0x0000000088500000| Untracked 
|  98|0x0000000088600000, 0x0000000088600000, 0x0000000088700000|  0%| F|  |TAMS 0x0000000088600000, 0x0000000088600000| Untracked 
|  99|0x0000000088700000, 0x0000000088700000, 0x0000000088800000|  0%| F|  |TAMS 0x0000000088700000, 0x0000000088700000| Untracked 
| 100|0x0000000088800000, 0x0000000088800000, 0x0000000088900000|  0%| F|  |TAMS 0x0000000088800000, 0x0000000088800000| Untracked 
| 101|0x0000000088900000, 0x0000000088900000, 0x0000000088a00000|  0%| F|  |TAMS 0x0000000088900000, 0x0000000088900000| Untracked 
| 102|0x0000000088a00000, 0x0000000088a00000, 0x0000000088b00000|  0%| F|  |TAMS 0x0000000088a00000, 0x0000000088a00000| Untracked 
| 103|0x0000000088b00000, 0x0000000088b00000, 0x0000000088c00000|  0%| F|  |TAMS 0x0000000088b00000, 0x0000000088b00000| Untracked 
| 104|0x0000000088c00000, 0x0000000088c00000, 0x0000000088d00000|  0%| F|  |TAMS 0x0000000088c00000, 0x0000000088c00000| Untracked 
| 105|0x0000000088d00000, 0x0000000088d00000, 0x0000000088e00000|  0%| F|  |TAMS 0x0000000088d00000, 0x0000000088d00000| Untracked 
| 106|0x0000000088e00000, 0x0000000088e00000, 0x0000000088f00000|  0%| F|  |TAMS 0x0000000088e00000, 0x0000000088e00000| Untracked 
| 107|0x0000000088f00000, 0x0000000088f00000, 0x0000000089000000|  0%| F|  |TAMS 0x0000000088f00000, 0x0000000088f00000| Untracked 
| 108|0x0000000089000000, 0x0000000089000000, 0x0000000089100000|  0%| F|  |TAMS 0x0000000089000000, 0x0000000089000000| Untracked 
| 109|0x0000000089100000, 0x0000000089100000, 0x0000000089200000|  0%| F|  |TAMS 0x0000000089100000, 0x0000000089100000| Untracked 
| 110|0x0000000089200000, 0x0000000089200000, 0x0000000089300000|  0%| F|  |TAMS 0x0000000089200000, 0x0000000089200000| Untracked 
| 111|0x0000000089300000, 0x0000000089300000, 0x0000000089400000|  0%| F|  |TAMS 0x0000000089300000, 0x0000000089300000| Untracked 
| 112|0x0000000089400000, 0x0000000089400000, 0x0000000089500000|  0%| F|  |TAMS 0x0000000089400000, 0x0000000089400000| Untracked 
| 113|0x0000000089500000, 0x0000000089500000, 0x0000000089600000|  0%| F|  |TAMS 0x0000000089500000, 0x0000000089500000| Untracked 
| 114|0x0000000089600000, 0x0000000089600000, 0x0000000089700000|  0%| F|  |TAMS 0x0000000089600000, 0x0000000089600000| Untracked 
| 115|0x0000000089700000, 0x0000000089700000, 0x0000000089800000|  0%| F|  |TAMS 0x0000000089700000, 0x0000000089700000| Untracked 
| 116|0x0000000089800000, 0x0000000089800000, 0x0000000089900000|  0%| F|  |TAMS 0x0000000089800000, 0x0000000089800000| Untracked 
| 117|0x0000000089900000, 0x0000000089900000, 0x0000000089a00000|  0%| F|  |TAMS 0x0000000089900000, 0x0000000089900000| Untracked 
| 118|0x0000000089a00000, 0x0000000089a00000, 0x0000000089b00000|  0%| F|  |TAMS 0x0000000089a00000, 0x0000000089a00000| Untracked 
| 119|0x0000000089b00000, 0x0000000089b00000, 0x0000000089c00000|  0%| F|  |TAMS 0x0000000089b00000, 0x0000000089b00000| Untracked 
| 120|0x0000000089c00000, 0x0000000089c00000, 0x0000000089d00000|  0%| F|  |TAMS 0x0000000089c00000, 0x0000000089c00000| Untracked 
| 121|0x0000000089d00000, 0x0000000089d00000, 0x0000000089e00000|  0%| F|  |TAMS 0x0000000089d00000, 0x0000000089d00000| Untracked 
| 122|0x0000000089e00000, 0x0000000089e00000, 0x0000000089f00000|  0%| F|  |TAMS 0x0000000089e00000, 0x0000000089e00000| Untracked 
| 123|0x0000000089f00000, 0x0000000089f00000, 0x000000008a000000|  0%| F|  |TAMS 0x0000000089f00000, 0x0000000089f00000| Untracked 
| 124|0x000000008a000000, 0x000000008a000000, 0x000000008a100000|  0%| F|  |TAMS 0x000000008a000000, 0x000000008a000000| Untracked 
| 125|0x000000008a100000, 0x000000008a100000, 0x000000008a200000|  0%| F|  |TAMS 0x000000008a100000, 0x000000008a100000| Untracked 
| 126|0x000000008a200000, 0x000000008a200000, 0x000000008a300000|  0%| F|  |TAMS 0x000000008a200000, 0x000000008a200000| Untracked 
| 127|0x000000008a300000, 0x000000008a300000, 0x000000008a400000|  0%| F|  |TAMS 0x000000008a300000, 0x000000008a300000| Untracked 
| 128|0x000000008a400000, 0x000000008a400000, 0x000000008a500000|  0%| F|  |TAMS 0x000000008a400000, 0x000000008a400000| Untracked 
| 129|0x000000008a500000, 0x000000008a500000, 0x000000008a600000|  0%| F|  |TAMS 0x000000008a500000, 0x000000008a500000| Untracked 
| 130|0x000000008a600000, 0x000000008a600000, 0x000000008a700000|  0%| F|  |TAMS 0x000000008a600000, 0x000000008a600000| Untracked 
| 131|0x000000008a700000, 0x000000008a700000, 0x000000008a800000|  0%| F|  |TAMS 0x000000008a700000, 0x000000008a700000| Untracked 
| 132|0x000000008a800000, 0x000000008a800000, 0x000000008a900000|  0%| F|  |TAMS 0x000000008a800000, 0x000000008a800000| Untracked 
| 133|0x000000008a900000, 0x000000008a900000, 0x000000008aa00000|  0%| F|  |TAMS 0x000000008a900000, 0x000000008a900000| Untracked 
| 134|0x000000008aa00000, 0x000000008aa00000, 0x000000008ab00000|  0%| F|  |TAMS 0x000000008aa00000, 0x000000008aa00000| Untracked 
| 135|0x000000008ab00000, 0x000000008ab00000, 0x000000008ac00000|  0%| F|  |TAMS 0x000000008ab00000, 0x000000008ab00000| Untracked 
| 136|0x000000008ac00000, 0x000000008ac00000, 0x000000008ad00000|  0%| F|  |TAMS 0x000000008ac00000, 0x000000008ac00000| Untracked 
| 137|0x000000008ad00000, 0x000000008ad00000, 0x000000008ae00000|  0%| F|  |TAMS 0x000000008ad00000, 0x000000008ad00000| Untracked 
| 138|0x000000008ae00000, 0x000000008ae00000, 0x000000008af00000|  0%| F|  |TAMS 0x000000008ae00000, 0x000000008ae00000| Untracked 
| 139|0x000000008af00000, 0x000000008af95520, 0x000000008b000000| 58%| S|CS|TAMS 0x000000008af00000, 0x000000008af00000| Complete 
| 140|0x000000008b000000, 0x000000008b100000, 0x000000008b100000|100%| S|CS|TAMS 0x000000008b000000, 0x000000008b000000| Complete 
| 141|0x000000008b100000, 0x000000008b200000, 0x000000008b200000|100%| S|CS|TAMS 0x000000008b100000, 0x000000008b100000| Complete 
| 142|0x000000008b200000, 0x000000008b300000, 0x000000008b300000|100%| S|CS|TAMS 0x000000008b200000, 0x000000008b200000| Complete 
| 143|0x000000008b300000, 0x000000008b400000, 0x000000008b400000|100%| S|CS|TAMS 0x000000008b300000, 0x000000008b300000| Complete 
| 144|0x000000008b400000, 0x000000008b500000, 0x000000008b500000|100%| S|CS|TAMS 0x000000008b400000, 0x000000008b400000| Complete 
| 145|0x000000008b500000, 0x000000008b600000, 0x000000008b600000|100%| S|CS|TAMS 0x000000008b500000, 0x000000008b500000| Complete 
| 146|0x000000008b600000, 0x000000008b600000, 0x000000008b700000|  0%| F|  |TAMS 0x000000008b600000, 0x000000008b600000| Untracked 
| 147|0x000000008b700000, 0x000000008b700000, 0x000000008b800000|  0%| F|  |TAMS 0x000000008b700000, 0x000000008b700000| Untracked 
| 148|0x000000008b800000, 0x000000008b800000, 0x000000008b900000|  0%| F|  |TAMS 0x000000008b800000, 0x000000008b800000| Untracked 
| 149|0x000000008b900000, 0x000000008b900000, 0x000000008ba00000|  0%| F|  |TAMS 0x000000008b900000, 0x000000008b900000| Untracked 
| 150|0x000000008ba00000, 0x000000008ba00000, 0x000000008bb00000|  0%| F|  |TAMS 0x000000008ba00000, 0x000000008ba00000| Untracked 
| 151|0x000000008bb00000, 0x000000008bb00000, 0x000000008bc00000|  0%| F|  |TAMS 0x000000008bb00000, 0x000000008bb00000| Untracked 
| 152|0x000000008bc00000, 0x000000008bc00000, 0x000000008bd00000|  0%| F|  |TAMS 0x000000008bc00000, 0x000000008bc00000| Untracked 
| 153|0x000000008bd00000, 0x000000008bd00000, 0x000000008be00000|  0%| F|  |TAMS 0x000000008bd00000, 0x000000008bd00000| Untracked 
| 154|0x000000008be00000, 0x000000008be00000, 0x000000008bf00000|  0%| F|  |TAMS 0x000000008be00000, 0x000000008be00000| Untracked 
| 155|0x000000008bf00000, 0x000000008bf00000, 0x000000008c000000|  0%| F|  |TAMS 0x000000008bf00000, 0x000000008bf00000| Untracked 
| 156|0x000000008c000000, 0x000000008c000000, 0x000000008c100000|  0%| F|  |TAMS 0x000000008c000000, 0x000000008c000000| Untracked 
| 157|0x000000008c100000, 0x000000008c100000, 0x000000008c200000|  0%| F|  |TAMS 0x000000008c100000, 0x000000008c100000| Untracked 
| 158|0x000000008c200000, 0x000000008c200000, 0x000000008c300000|  0%| F|  |TAMS 0x000000008c200000, 0x000000008c200000| Untracked 
| 159|0x000000008c300000, 0x000000008c300000, 0x000000008c400000|  0%| F|  |TAMS 0x000000008c300000, 0x000000008c300000| Untracked 
| 160|0x000000008c400000, 0x000000008c480000, 0x000000008c500000| 50%| E|  |TAMS 0x000000008c400000, 0x000000008c400000| Complete 
| 161|0x000000008c500000, 0x000000008c600000, 0x000000008c600000|100%| E|CS|TAMS 0x000000008c500000, 0x000000008c500000| Complete 
| 162|0x000000008c600000, 0x000000008c700000, 0x000000008c700000|100%| E|CS|TAMS 0x000000008c600000, 0x000000008c600000| Complete 
| 163|0x000000008c700000, 0x000000008c800000, 0x000000008c800000|100%| E|CS|TAMS 0x000000008c700000, 0x000000008c700000| Complete 
| 164|0x000000008c800000, 0x000000008c900000, 0x000000008c900000|100%| E|CS|TAMS 0x000000008c800000, 0x000000008c800000| Complete 
| 165|0x000000008c900000, 0x000000008ca00000, 0x000000008ca00000|100%| E|CS|TAMS 0x000000008c900000, 0x000000008c900000| Complete 
| 166|0x000000008ca00000, 0x000000008cb00000, 0x000000008cb00000|100%| E|CS|TAMS 0x000000008ca00000, 0x000000008ca00000| Complete 
| 167|0x000000008cb00000, 0x000000008cc00000, 0x000000008cc00000|100%| E|CS|TAMS 0x000000008cb00000, 0x000000008cb00000| Complete 
| 168|0x000000008cc00000, 0x000000008cd00000, 0x000000008cd00000|100%| E|CS|TAMS 0x000000008cc00000, 0x000000008cc00000| Complete 
| 169|0x000000008cd00000, 0x000000008ce00000, 0x000000008ce00000|100%| E|CS|TAMS 0x000000008cd00000, 0x000000008cd00000| Complete 
| 170|0x000000008ce00000, 0x000000008cf00000, 0x000000008cf00000|100%| E|CS|TAMS 0x000000008ce00000, 0x000000008ce00000| Complete 
| 171|0x000000008cf00000, 0x000000008d000000, 0x000000008d000000|100%| E|CS|TAMS 0x000000008cf00000, 0x000000008cf00000| Complete 
| 172|0x000000008d000000, 0x000000008d100000, 0x000000008d100000|100%| E|CS|TAMS 0x000000008d000000, 0x000000008d000000| Complete 
| 173|0x000000008d100000, 0x000000008d200000, 0x000000008d200000|100%| E|CS|TAMS 0x000000008d100000, 0x000000008d100000| Complete 
| 174|0x000000008d200000, 0x000000008d300000, 0x000000008d300000|100%| E|CS|TAMS 0x000000008d200000, 0x000000008d200000| Complete 
| 175|0x000000008d300000, 0x000000008d400000, 0x000000008d400000|100%| E|CS|TAMS 0x000000008d300000, 0x000000008d300000| Complete 
| 176|0x000000008d400000, 0x000000008d500000, 0x000000008d500000|100%| E|CS|TAMS 0x000000008d400000, 0x000000008d400000| Complete 
| 177|0x000000008d500000, 0x000000008d600000, 0x000000008d600000|100%| E|CS|TAMS 0x000000008d500000, 0x000000008d500000| Complete 
| 178|0x000000008d600000, 0x000000008d700000, 0x000000008d700000|100%| E|CS|TAMS 0x000000008d600000, 0x000000008d600000| Complete 
| 179|0x000000008d700000, 0x000000008d800000, 0x000000008d800000|100%| E|CS|TAMS 0x000000008d700000, 0x000000008d700000| Complete 
| 180|0x000000008d800000, 0x000000008d900000, 0x000000008d900000|100%| E|CS|TAMS 0x000000008d800000, 0x000000008d800000| Complete 
| 181|0x000000008d900000, 0x000000008da00000, 0x000000008da00000|100%| E|CS|TAMS 0x000000008d900000, 0x000000008d900000| Complete 
| 182|0x000000008da00000, 0x000000008db00000, 0x000000008db00000|100%| E|CS|TAMS 0x000000008da00000, 0x000000008da00000| Complete 
| 183|0x000000008db00000, 0x000000008dc00000, 0x000000008dc00000|100%| E|CS|TAMS 0x000000008db00000, 0x000000008db00000| Complete 
| 184|0x000000008dc00000, 0x000000008dd00000, 0x000000008dd00000|100%| E|CS|TAMS 0x000000008dc00000, 0x000000008dc00000| Complete 
| 185|0x000000008dd00000, 0x000000008de00000, 0x000000008de00000|100%| E|CS|TAMS 0x000000008dd00000, 0x000000008dd00000| Complete 
| 186|0x000000008de00000, 0x000000008df00000, 0x000000008df00000|100%| E|CS|TAMS 0x000000008de00000, 0x000000008de00000| Complete 
| 187|0x000000008df00000, 0x000000008e000000, 0x000000008e000000|100%| E|CS|TAMS 0x000000008df00000, 0x000000008df00000| Complete 
| 188|0x000000008e000000, 0x000000008e100000, 0x000000008e100000|100%| E|CS|TAMS 0x000000008e000000, 0x000000008e000000| Complete 
| 189|0x000000008e100000, 0x000000008e200000, 0x000000008e200000|100%| E|CS|TAMS 0x000000008e100000, 0x000000008e100000| Complete 
| 190|0x000000008e200000, 0x000000008e300000, 0x000000008e300000|100%| E|CS|TAMS 0x000000008e200000, 0x000000008e200000| Complete 
| 191|0x000000008e300000, 0x000000008e400000, 0x000000008e400000|100%| E|CS|TAMS 0x000000008e300000, 0x000000008e300000| Complete 
| 192|0x000000008e400000, 0x000000008e500000, 0x000000008e500000|100%| E|CS|TAMS 0x000000008e400000, 0x000000008e400000| Complete 
| 193|0x000000008e500000, 0x000000008e600000, 0x000000008e600000|100%| E|CS|TAMS 0x000000008e500000, 0x000000008e500000| Complete 
| 194|0x000000008e600000, 0x000000008e700000, 0x000000008e700000|100%| E|CS|TAMS 0x000000008e600000, 0x000000008e600000| Complete 
| 195|0x000000008e700000, 0x000000008e800000, 0x000000008e800000|100%| E|CS|TAMS 0x000000008e700000, 0x000000008e700000| Complete 
| 196|0x000000008e800000, 0x000000008e900000, 0x000000008e900000|100%| E|CS|TAMS 0x000000008e800000, 0x000000008e800000| Complete 
| 197|0x000000008e900000, 0x000000008ea00000, 0x000000008ea00000|100%| E|CS|TAMS 0x000000008e900000, 0x000000008e900000| Complete 
| 198|0x000000008ea00000, 0x000000008eb00000, 0x000000008eb00000|100%| E|CS|TAMS 0x000000008ea00000, 0x000000008ea00000| Complete 
| 199|0x000000008eb00000, 0x000000008ec00000, 0x000000008ec00000|100%| E|CS|TAMS 0x000000008eb00000, 0x000000008eb00000| Complete 
| 200|0x000000008ec00000, 0x000000008ed00000, 0x000000008ed00000|100%| E|CS|TAMS 0x000000008ec00000, 0x000000008ec00000| Complete 
| 201|0x000000008ed00000, 0x000000008ee00000, 0x000000008ee00000|100%| E|CS|TAMS 0x000000008ed00000, 0x000000008ed00000| Complete 
| 202|0x000000008ee00000, 0x000000008ef00000, 0x000000008ef00000|100%| E|CS|TAMS 0x000000008ee00000, 0x000000008ee00000| Complete 
| 203|0x000000008ef00000, 0x000000008f000000, 0x000000008f000000|100%| E|CS|TAMS 0x000000008ef00000, 0x000000008ef00000| Complete 
| 204|0x000000008f000000, 0x000000008f100000, 0x000000008f100000|100%| E|CS|TAMS 0x000000008f000000, 0x000000008f000000| Complete 
| 205|0x000000008f100000, 0x000000008f200000, 0x000000008f200000|100%| E|CS|TAMS 0x000000008f100000, 0x000000008f100000| Complete 
| 206|0x000000008f200000, 0x000000008f300000, 0x000000008f300000|100%| E|CS|TAMS 0x000000008f200000, 0x000000008f200000| Complete 
| 207|0x000000008f300000, 0x000000008f400000, 0x000000008f400000|100%| E|CS|TAMS 0x000000008f300000, 0x000000008f300000| Complete 
| 208|0x000000008f400000, 0x000000008f500000, 0x000000008f500000|100%| E|CS|TAMS 0x000000008f400000, 0x000000008f400000| Complete 
| 209|0x000000008f500000, 0x000000008f600000, 0x000000008f600000|100%| E|CS|TAMS 0x000000008f500000, 0x000000008f500000| Complete 
| 210|0x000000008f600000, 0x000000008f700000, 0x000000008f700000|100%| E|CS|TAMS 0x000000008f600000, 0x000000008f600000| Complete 
| 211|0x000000008f700000, 0x000000008f800000, 0x000000008f800000|100%| E|CS|TAMS 0x000000008f700000, 0x000000008f700000| Complete 
| 212|0x000000008f800000, 0x000000008f900000, 0x000000008f900000|100%| E|CS|TAMS 0x000000008f800000, 0x000000008f800000| Complete 
| 213|0x000000008f900000, 0x000000008fa00000, 0x000000008fa00000|100%| E|CS|TAMS 0x000000008f900000, 0x000000008f900000| Complete 
| 214|0x000000008fa00000, 0x000000008fb00000, 0x000000008fb00000|100%| E|CS|TAMS 0x000000008fa00000, 0x000000008fa00000| Complete 
| 215|0x000000008fb00000, 0x000000008fc00000, 0x000000008fc00000|100%| E|CS|TAMS 0x000000008fb00000, 0x000000008fb00000| Complete 
| 216|0x000000008fc00000, 0x000000008fd00000, 0x000000008fd00000|100%| E|CS|TAMS 0x000000008fc00000, 0x000000008fc00000| Complete 
| 217|0x000000008fd00000, 0x000000008fe00000, 0x000000008fe00000|100%| E|CS|TAMS 0x000000008fd00000, 0x000000008fd00000| Complete 
| 218|0x000000008fe00000, 0x000000008ff00000, 0x000000008ff00000|100%| E|CS|TAMS 0x000000008fe00000, 0x000000008fe00000| Complete 
| 219|0x000000008ff00000, 0x0000000090000000, 0x0000000090000000|100%| E|CS|TAMS 0x000000008ff00000, 0x000000008ff00000| Complete 
| 220|0x0000000090000000, 0x0000000090100000, 0x0000000090100000|100%| E|CS|TAMS 0x0000000090000000, 0x0000000090000000| Complete 
| 221|0x0000000090100000, 0x0000000090200000, 0x0000000090200000|100%| E|CS|TAMS 0x0000000090100000, 0x0000000090100000| Complete 
| 222|0x0000000090200000, 0x0000000090300000, 0x0000000090300000|100%| E|CS|TAMS 0x0000000090200000, 0x0000000090200000| Complete 
| 223|0x0000000090300000, 0x0000000090400000, 0x0000000090400000|100%| E|CS|TAMS 0x0000000090300000, 0x0000000090300000| Complete 
| 224|0x0000000090400000, 0x0000000090500000, 0x0000000090500000|100%| E|CS|TAMS 0x0000000090400000, 0x0000000090400000| Complete 
| 225|0x0000000090500000, 0x0000000090600000, 0x0000000090600000|100%| E|CS|TAMS 0x0000000090500000, 0x0000000090500000| Complete 
| 226|0x0000000090600000, 0x0000000090700000, 0x0000000090700000|100%| E|CS|TAMS 0x0000000090600000, 0x0000000090600000| Complete 
| 227|0x0000000090700000, 0x0000000090800000, 0x0000000090800000|100%| E|CS|TAMS 0x0000000090700000, 0x0000000090700000| Complete 
| 228|0x0000000090800000, 0x0000000090900000, 0x0000000090900000|100%| E|CS|TAMS 0x0000000090800000, 0x0000000090800000| Complete 
| 229|0x0000000090900000, 0x0000000090a00000, 0x0000000090a00000|100%| E|CS|TAMS 0x0000000090900000, 0x0000000090900000| Complete 
| 230|0x0000000090a00000, 0x0000000090b00000, 0x0000000090b00000|100%| E|CS|TAMS 0x0000000090a00000, 0x0000000090a00000| Complete 
| 231|0x0000000090b00000, 0x0000000090c00000, 0x0000000090c00000|100%| E|CS|TAMS 0x0000000090b00000, 0x0000000090b00000| Complete 
| 232|0x0000000090c00000, 0x0000000090d00000, 0x0000000090d00000|100%| E|CS|TAMS 0x0000000090c00000, 0x0000000090c00000| Complete 
| 233|0x0000000090d00000, 0x0000000090e00000, 0x0000000090e00000|100%| E|CS|TAMS 0x0000000090d00000, 0x0000000090d00000| Complete 
| 234|0x0000000090e00000, 0x0000000090f00000, 0x0000000090f00000|100%| E|CS|TAMS 0x0000000090e00000, 0x0000000090e00000| Complete 
| 235|0x0000000090f00000, 0x0000000091000000, 0x0000000091000000|100%| E|CS|TAMS 0x0000000090f00000, 0x0000000090f00000| Complete 

Card table byte_map: [0x0000024ade810000,0x0000024adec00000] _byte_map_base: 0x0000024ade3fe000

Marking Bits (Prev, Next): (CMBitMap*) 0x0000024ac7939530, (CMBitMap*) 0x0000024ac7939570
 Prev Bits: [0x0000024adeff0000, 0x0000024ae0f60000)
 Next Bits: [0x0000024ae0f60000, 0x0000024ae2ed0000)

Polling page: 0x0000024ac70a0000

Metaspace:

Usage:
  Non-class:     49.55 MB used.
      Class:      6.16 MB used.
       Both:     55.71 MB used.

Virtual space:
  Non-class space:       64.00 MB reserved,      49.69 MB ( 78%) committed,  1 nodes.
      Class space:        1.00 GB reserved,       6.31 MB ( <1%) committed,  1 nodes.
             Both:        1.06 GB reserved,      56.00 MB (  5%) committed. 

Chunk freelists:
   Non-Class:  13.27 MB
       Class:  9.72 MB
        Both:  22.99 MB

MaxMetaspaceSize: unlimited
CompressedClassSpaceSize: 1.00 GB
Initial GC threshold: 21.00 MB
Current GC threshold: 89.00 MB
CDS: on
MetaspaceReclaimPolicy: balanced
 - commit_granule_bytes: 65536.
 - commit_granule_words: 8192.
 - virtual_space_node_default_size: 8388608.
 - enlarge_chunks_in_place: 1.
 - new_chunks_are_fully_committed: 0.
 - uncommit_free_chunks: 1.
 - use_allocation_guard: 0.
 - handle_deallocations: 1.


Internal statistics:

num_allocs_failed_limit: 6.
num_arena_births: 324.
num_arena_deaths: 0.
num_vsnodes_births: 2.
num_vsnodes_deaths: 0.
num_space_committed: 894.
num_space_uncommitted: 0.
num_chunks_returned_to_freelist: 6.
num_chunks_taken_from_freelist: 2484.
num_chunk_merges: 6.
num_chunk_splits: 1907.
num_chunks_enlarged: 1628.
num_inconsistent_stats: 0.

CodeHeap 'non-profiled nmethods': size=120000Kb used=10365Kb max_used=10365Kb free=109634Kb
 bounds [0x0000024ad6ef0000, 0x0000024ad7910000, 0x0000024ade420000]
CodeHeap 'profiled nmethods': size=120000Kb used=32835Kb max_used=33258Kb free=87165Kb
 bounds [0x0000024acf420000, 0x0000024ad14a0000, 0x0000024ad6950000]
CodeHeap 'non-nmethods': size=5760Kb used=1308Kb max_used=1470Kb free=4451Kb
 bounds [0x0000024ad6950000, 0x0000024ad6bc0000, 0x0000024ad6ef0000]
 total_blobs=12081 nmethods=11469 adapters=520
 compilation: enabled
              stopped_count=0, restarted_count=0
 full_count=0

Compilation events (20 events):
Event: 62.739 Thread 0x0000024ae539df20 14616       1       org.jetbrains.kotlin.resolve.calls.components.PostponedArgumentsAnalyzer$SubstitutorAndStubsForLambdaAnalysis::getSubstitute (5 bytes)
Event: 62.739 Thread 0x0000024ae539df20 nmethod 14616 0x0000024ad7900910 code [0x0000024ad7900aa0, 0x0000024ad7900b78]
Event: 62.739 Thread 0x0000024ae539df20 14617       1       org.jetbrains.kotlin.resolve.calls.components.PostponedArgumentsAnalyzer$SubstitutorAndStubsForLambdaAnalysis::getStubsForPostponedVariables (5 bytes)
Event: 62.739 Thread 0x0000024ae539df20 nmethod 14617 0x0000024ad7900c10 code [0x0000024ad7900da0, 0x0000024ad7900e78]
Event: 62.739 Thread 0x0000024ae539df20 14618       1       org.jetbrains.kotlin.resolve.calls.tower.PSIFunctionKotlinCallArgument::getOuterCallContext (5 bytes)
Event: 62.740 Thread 0x0000024ae539df20 nmethod 14618 0x0000024ad7900f10 code [0x0000024ad79010a0, 0x0000024ad7901178]
Event: 62.740 Thread 0x0000024ae539df20 14619       1       org.jetbrains.kotlin.resolve.calls.tower.KotlinResolutionCallbacksImpl$LambdaInfo::getExpectedType (5 bytes)
Event: 62.740 Thread 0x0000024ae539df20 nmethod 14619 0x0000024ad7901210 code [0x0000024ad79013a0, 0x0000024ad7901478]
Event: 62.740 Thread 0x0000024ae539df20 14620       1       org.jetbrains.kotlin.resolve.calls.tower.KotlinResolutionCallbacksImpl$LambdaInfo::getContextDependency (5 bytes)
Event: 62.740 Thread 0x0000024ae539df20 nmethod 14620 0x0000024ad7901510 code [0x0000024ad79016a0, 0x0000024ad7901778]
Event: 62.740 Thread 0x0000024ae539df20 14621       1       org.jetbrains.kotlin.resolve.calls.tower.LambdaKotlinCallArgumentImpl::getExpression (5 bytes)
Event: 62.741 Thread 0x0000024ae539df20 nmethod 14621 0x0000024ad7901810 code [0x0000024ad79019a0, 0x0000024ad7901a78]
Event: 62.749 Thread 0x0000024ae539d470 nmethod 14590 0x0000024ad7901b10 code [0x0000024ad7901fc0, 0x0000024ad79092f8]
Event: 62.750 Thread 0x0000024ae539d470 14613       4       org.jetbrains.kotlin.resolve.calls.context.BasicCallResolutionContext::<init> (169 bytes)
Event: 62.758 Thread 0x0000024ae539d470 nmethod 14613 0x0000024ad790c110 code [0x0000024ad790c2c0, 0x0000024ad790cd88]
Event: 62.758 Thread 0x0000024ae539d470 14605       4       org.jetbrains.kotlin.resolve.jvm.platform.JavaGenericVarianceViolationTypeChecker::checkType (653 bytes)
Event: 62.838 Thread 0x0000024ae539df20 14622       3       org.jetbrains.kotlin.resolve.calls.tower.PSIFunctionKotlinCallArgument::getDataFlowInfoAfterThisArgument (5 bytes)
Event: 62.838 Thread 0x0000024ae539df20 nmethod 14622 0x0000024ad08b4a90 code [0x0000024ad08b4c20, 0x0000024ad08b4dd8]
Event: 62.841 Thread 0x0000024ae539df20 14623       3       org.jetbrains.kotlin.resolve.calls.tower.LambdaKotlinCallArgumentImpl::getKtFunction (8 bytes)
Event: 62.841 Thread 0x0000024ae539df20 nmethod 14623 0x0000024acf950a10 code [0x0000024acf950c00, 0x0000024acf951118]

GC Heap History (20 events):
Event: 25.247 GC heap before
{Heap before GC invocations=24 (full 0):
 garbage-first heap   total 153600K, used 111735K [0x0000000082400000, 0x0000000100000000)
  region size 1024K, 59 young (60416K), 1 survivors (1024K)
 Metaspace       used 47641K, committed 47936K, reserved 1114112K
  class space    used 5594K, committed 5760K, reserved 1048576K
}
Event: 25.267 GC heap after
{Heap after GC invocations=25 (full 0):
 garbage-first heap   total 153600K, used 62785K [0x0000000082400000, 0x0000000100000000)
  region size 1024K, 8 young (8192K), 8 survivors (8192K)
 Metaspace       used 47641K, committed 47936K, reserved 1114112K
  class space    used 5594K, committed 5760K, reserved 1048576K
}
Event: 27.260 GC heap before
{Heap before GC invocations=25 (full 0):
 garbage-first heap   total 153600K, used 115009K [0x0000000082400000, 0x0000000100000000)
  region size 1024K, 59 young (60416K), 8 survivors (8192K)
 Metaspace       used 48013K, committed 48256K, reserved 1114112K
  class space    used 5623K, committed 5760K, reserved 1048576K
}
Event: 27.287 GC heap after
{Heap after GC invocations=26 (full 0):
 garbage-first heap   total 153600K, used 71136K [0x0000000082400000, 0x0000000100000000)
  region size 1024K, 8 young (8192K), 8 survivors (8192K)
 Metaspace       used 48013K, committed 48256K, reserved 1114112K
  class space    used 5623K, committed 5760K, reserved 1048576K
}
Event: 27.960 GC heap before
{Heap before GC invocations=26 (full 0):
 garbage-first heap   total 153600K, used 117216K [0x0000000082400000, 0x0000000100000000)
  region size 1024K, 53 young (54272K), 8 survivors (8192K)
 Metaspace       used 48607K, committed 48832K, reserved 1114112K
  class space    used 5690K, committed 5824K, reserved 1048576K
}
Event: 27.977 GC heap after
{Heap after GC invocations=27 (full 0):
 garbage-first heap   total 153600K, used 73728K [0x0000000082400000, 0x0000000100000000)
  region size 1024K, 2 young (2048K), 2 survivors (2048K)
 Metaspace       used 48607K, committed 48832K, reserved 1114112K
  class space    used 5690K, committed 5824K, reserved 1048576K
}
Event: 29.000 GC heap before
{Heap before GC invocations=27 (full 0):
 garbage-first heap   total 153600K, used 104448K [0x0000000082400000, 0x0000000100000000)
  region size 1024K, 33 young (33792K), 2 survivors (2048K)
 Metaspace       used 49170K, committed 49472K, reserved 1114112K
  class space    used 5750K, committed 5888K, reserved 1048576K
}
Event: 29.009 GC heap after
{Heap after GC invocations=28 (full 0):
 garbage-first heap   total 153600K, used 74098K [0x0000000082400000, 0x0000000100000000)
  region size 1024K, 3 young (3072K), 3 survivors (3072K)
 Metaspace       used 49170K, committed 49472K, reserved 1114112K
  class space    used 5750K, committed 5888K, reserved 1048576K
}
Event: 32.336 GC heap before
{Heap before GC invocations=29 (full 0):
 garbage-first heap   total 153600K, used 125298K [0x0000000082400000, 0x0000000100000000)
  region size 1024K, 50 young (51200K), 3 survivors (3072K)
 Metaspace       used 52327K, committed 52672K, reserved 1114112K
  class space    used 6044K, committed 6208K, reserved 1048576K
}
Event: 32.352 GC heap after
{Heap after GC invocations=30 (full 0):
 garbage-first heap   total 153600K, used 80678K [0x0000000082400000, 0x0000000100000000)
  region size 1024K, 7 young (7168K), 7 survivors (7168K)
 Metaspace       used 52327K, committed 52672K, reserved 1114112K
  class space    used 6044K, committed 6208K, reserved 1048576K
}
Event: 32.543 GC heap before
{Heap before GC invocations=30 (full 0):
 garbage-first heap   total 153600K, used 81702K [0x0000000082400000, 0x0000000100000000)
  region size 1024K, 8 young (8192K), 7 survivors (7168K)
 Metaspace       used 52430K, committed 52736K, reserved 1114112K
  class space    used 6050K, committed 6208K, reserved 1048576K
}
Event: 32.560 GC heap after
{Heap after GC invocations=31 (full 0):
 garbage-first heap   total 153600K, used 80588K [0x0000000082400000, 0x0000000100000000)
  region size 1024K, 1 young (1024K), 1 survivors (1024K)
 Metaspace       used 52430K, committed 52736K, reserved 1114112K
  class space    used 6050K, committed 6208K, reserved 1048576K
}
Event: 36.932 GC heap before
{Heap before GC invocations=31 (full 0):
 garbage-first heap   total 153600K, used 124620K [0x0000000082400000, 0x0000000100000000)
  region size 1024K, 44 young (45056K), 1 survivors (1024K)
 Metaspace       used 54299K, committed 54656K, reserved 1114112K
  class space    used 6157K, committed 6336K, reserved 1048576K
}
Event: 36.944 GC heap after
{Heap after GC invocations=32 (full 0):
 garbage-first heap   total 241664K, used 84566K [0x0000000082400000, 0x0000000100000000)
  region size 1024K, 5 young (5120K), 5 survivors (5120K)
 Metaspace       used 54299K, committed 54656K, reserved 1114112K
  class space    used 6157K, committed 6336K, reserved 1048576K
}
Event: 47.852 GC heap before
{Heap before GC invocations=33 (full 0):
 garbage-first heap   total 241664K, used 187990K [0x0000000082400000, 0x0000000100000000)
  region size 1024K, 106 young (108544K), 5 survivors (5120K)
 Metaspace       used 56194K, committed 56512K, reserved 1114112K
  class space    used 6296K, committed 6464K, reserved 1048576K
}
Event: 47.875 GC heap after
{Heap after GC invocations=34 (full 0):
 garbage-first heap   total 241664K, used 94735K [0x0000000082400000, 0x0000000100000000)
  region size 1024K, 14 young (14336K), 14 survivors (14336K)
 Metaspace       used 56194K, committed 56512K, reserved 1114112K
  class space    used 6296K, committed 6464K, reserved 1048576K
}
Event: 47.904 GC heap before
{Heap before GC invocations=34 (full 0):
 garbage-first heap   total 241664K, used 95759K [0x0000000082400000, 0x0000000100000000)
  region size 1024K, 15 young (15360K), 14 survivors (14336K)
 Metaspace       used 56196K, committed 56512K, reserved 1114112K
  class space    used 6296K, committed 6464K, reserved 1048576K
}
Event: 47.926 GC heap after
{Heap after GC invocations=35 (full 0):
 garbage-first heap   total 241664K, used 96156K [0x0000000082400000, 0x0000000100000000)
  region size 1024K, 2 young (2048K), 2 survivors (2048K)
 Metaspace       used 56196K, committed 56512K, reserved 1114112K
  class space    used 6296K, committed 6464K, reserved 1048576K
}
Event: 56.602 GC heap before
{Heap before GC invocations=35 (full 0):
 garbage-first heap   total 241664K, used 186268K [0x0000000082400000, 0x0000000100000000)
  region size 1024K, 90 young (92160K), 2 survivors (2048K)
 Metaspace       used 56662K, committed 56960K, reserved 1114112K
  class space    used 6306K, committed 6464K, reserved 1048576K
}
Event: 56.614 GC heap after
{Heap after GC invocations=36 (full 0):
 garbage-first heap   total 241664K, used 100849K [0x0000000082400000, 0x0000000100000000)
  region size 1024K, 7 young (7168K), 7 survivors (7168K)
 Metaspace       used 56662K, committed 56960K, reserved 1114112K
  class space    used 6306K, committed 6464K, reserved 1048576K
}

Dll operation events (7 events):
Event: 0.015 Loaded shared library C:\Program Files\Microsoft\jdk-17.0.13.11-hotspot\bin\java.dll
Event: 0.098 Loaded shared library C:\Program Files\Microsoft\jdk-17.0.13.11-hotspot\bin\jsvml.dll
Event: 0.505 Loaded shared library C:\Program Files\Microsoft\jdk-17.0.13.11-hotspot\bin\net.dll
Event: 0.519 Loaded shared library C:\Program Files\Microsoft\jdk-17.0.13.11-hotspot\bin\nio.dll
Event: 0.582 Loaded shared library C:\Program Files\Microsoft\jdk-17.0.13.11-hotspot\bin\zip.dll
Event: 0.646 Loaded shared library C:\Program Files\Microsoft\jdk-17.0.13.11-hotspot\bin\jimage.dll
Event: 2.642 Loaded shared library C:\Program Files\Microsoft\jdk-17.0.13.11-hotspot\bin\verify.dll

Deoptimization events (20 events):
Event: 62.165 Thread 0x0000024ac78df900 Uncommon trap: trap_request=0xffffffc6 fr.pc=0x0000024ad7750b40 relative=0x0000000000002780
Event: 62.165 Thread 0x0000024ac78df900 Uncommon trap: reason=bimorphic_or_optimized_type_check action=maybe_recompile pc=0x0000024ad7750b40 method=org.jetbrains.kotlin.resolve.checkers.OptInUsageChecker$Companion.loadOptIns(Lorg/jetbrains/kotlin/descriptors/DeclarationDescriptor;Lorg/jetbrains
Event: 62.165 Thread 0x0000024ac78df900 DEOPT PACKING pc=0x0000024ad7750b40 sp=0x000000ef6b2fc1b0
Event: 62.165 Thread 0x0000024ac78df900 DEOPT UNPACKING pc=0x0000024ad69a69a3 sp=0x000000ef6b2fc118 mode 2
Event: 62.381 Thread 0x0000024ac78df900 Uncommon trap: trap_request=0xffffffde fr.pc=0x0000024ad756adfc relative=0x0000000000001c7c
Event: 62.381 Thread 0x0000024ac78df900 Uncommon trap: reason=class_check action=maybe_recompile pc=0x0000024ad756adfc method=org.jetbrains.kotlin.resolve.calls.tower.VariableAndObjectScopeTowerProcessor.process(Lorg/jetbrains/kotlin/resolve/calls/tower/TowerData;)Ljava/util/List; @ 40 c2
Event: 62.381 Thread 0x0000024ac78df900 DEOPT PACKING pc=0x0000024ad756adfc sp=0x000000ef6b2fbca0
Event: 62.381 Thread 0x0000024ac78df900 DEOPT UNPACKING pc=0x0000024ad69a69a3 sp=0x000000ef6b2fbc38 mode 2
Event: 62.462 Thread 0x0000024ac78df900 Uncommon trap: trap_request=0xffffffc6 fr.pc=0x0000024ad737b970 relative=0x00000000000021b0
Event: 62.462 Thread 0x0000024ac78df900 Uncommon trap: reason=bimorphic_or_optimized_type_check action=maybe_recompile pc=0x0000024ad737b970 method=org.jetbrains.kotlin.resolve.OverridingUtil.resolveUnknownVisibilityForMember(Lorg/jetbrains/kotlin/descriptors/CallableMemberDescriptor;Lkotlin/jv
Event: 62.462 Thread 0x0000024ac78df900 DEOPT PACKING pc=0x0000024ad737b970 sp=0x000000ef6b2fc690
Event: 62.462 Thread 0x0000024ac78df900 DEOPT UNPACKING pc=0x0000024ad69a69a3 sp=0x000000ef6b2fc6a0 mode 2
Event: 62.462 Thread 0x0000024ac78df900 Uncommon trap: trap_request=0xffffffc6 fr.pc=0x0000024ad737b970 relative=0x00000000000021b0
Event: 62.462 Thread 0x0000024ac78df900 Uncommon trap: reason=bimorphic_or_optimized_type_check action=maybe_recompile pc=0x0000024ad737b970 method=org.jetbrains.kotlin.resolve.OverridingUtil.resolveUnknownVisibilityForMember(Lorg/jetbrains/kotlin/descriptors/CallableMemberDescriptor;Lkotlin/jv
Event: 62.462 Thread 0x0000024ac78df900 DEOPT PACKING pc=0x0000024ad737b970 sp=0x000000ef6b2fc690
Event: 62.462 Thread 0x0000024ac78df900 DEOPT UNPACKING pc=0x0000024ad69a69a3 sp=0x000000ef6b2fc6a0 mode 2
Event: 62.840 Thread 0x0000024ac78df900 Uncommon trap: trap_request=0xffffffde fr.pc=0x0000024ad76bd210 relative=0x00000000000019d0
Event: 62.840 Thread 0x0000024ac78df900 Uncommon trap: reason=class_check action=maybe_recompile pc=0x0000024ad76bd210 method=org.jetbrains.kotlin.resolve.calls.tower.NewResolvedCallImpl.calculateExpectedTypeForConvertedArguments(Ljava/util/Map;Lorg/jetbrains/kotlin/resolve/calls/inference/comp
Event: 62.840 Thread 0x0000024ac78df900 DEOPT PACKING pc=0x0000024ad76bd210 sp=0x000000ef6b2f98c0
Event: 62.840 Thread 0x0000024ac78df900 DEOPT UNPACKING pc=0x0000024ad69a69a3 sp=0x000000ef6b2f98c0 mode 2

Classes loaded (20 events):
Event: 16.636 Loading class java/util/stream/Node$Builder done
Event: 16.636 Loading class java/util/stream/SpinedBuffer
Event: 16.636 Loading class java/util/stream/AbstractSpinedBuffer
Event: 16.637 Loading class java/util/stream/AbstractSpinedBuffer done
Event: 16.637 Loading class java/util/stream/SpinedBuffer done
Event: 16.637 Loading class java/util/stream/Nodes$SpinedNodeBuilder done
Event: 16.742 Loading class jdk/internal/math/FDBigInteger
Event: 16.772 Loading class jdk/internal/math/FDBigInteger done
Event: 16.922 Loading class java/util/RegularEnumSet$EnumSetIterator
Event: 16.922 Loading class java/util/RegularEnumSet$EnumSetIterator done
Event: 18.377 Loading class java/util/concurrent/locks/AbstractQueuedSynchronizer$Node
Event: 18.377 Loading class java/util/concurrent/locks/AbstractQueuedSynchronizer$Node done
Event: 30.818 Loading class java/util/regex/Pattern$Bound
Event: 30.819 Loading class java/util/regex/Pattern$Bound done
Event: 30.819 Loading class java/util/regex/Pattern$LookBehindEndNode
Event: 30.819 Loading class java/util/regex/Pattern$LookBehindEndNode done
Event: 30.819 Loading class java/util/regex/Pattern$NotBehind
Event: 30.819 Loading class java/util/regex/Pattern$NotBehind done
Event: 31.568 Loading class jdk/internal/math/FloatingDecimal$ASCIIToBinaryBuffer
Event: 31.569 Loading class jdk/internal/math/FloatingDecimal$ASCIIToBinaryBuffer done

Classes unloaded (0 events):
No events

Classes redefined (0 events):
No events

Internal exceptions (20 events):
Event: 22.323 Thread 0x0000024ac78df900 Implicit null exception at 0x0000024ad71c04e0 to 0x0000024ad71c0dc8
Event: 22.962 Thread 0x0000024ac78df900 Implicit null exception at 0x0000024ad7299340 to 0x0000024ad729a38c
Event: 22.986 Thread 0x0000024ac78df900 Exception <a 'java/lang/NoSuchMethodError'{0x000000008a91e158}: 'java.lang.Object java.lang.invoke.DirectMethodHandle$Holder.newInvokeSpecial(java.lang.Object, int, java.lang.Object, java.lang.Object)'> (0x000000008a91e158) 
thrown [s\src\hotspot\share\interpreter\linkResolver.cpp, line 759]
Event: 22.986 Thread 0x0000024ac78df900 Exception <a 'java/lang/NoSuchMethodError'{0x000000008a9228a8}: 'java.lang.Object java.lang.invoke.DirectMethodHandle$Holder.invokeSpecial(java.lang.Object, java.lang.Object, int, java.lang.Object, java.lang.Object)'> (0x000000008a9228a8) 
thrown [s\src\hotspot\share\interpreter\linkResolver.cpp, line 759]
Event: 22.988 Thread 0x0000024ac78df900 Implicit null exception at 0x0000024ad7285880 to 0x0000024ad7285c25
Event: 23.426 Thread 0x0000024ac78df900 Exception <a 'java/lang/NoSuchMethodError'{0x000000008a2369e8}: 'java.lang.Object java.lang.invoke.DirectMethodHandle$Holder.invokeStatic(java.lang.Object, int, java.lang.Object)'> (0x000000008a2369e8) 
thrown [s\src\hotspot\share\interpreter\linkResolver.cpp, line 759]
Event: 27.753 Thread 0x0000024ac78df900 Implicit null exception at 0x0000024ad7346ab2 to 0x0000024ad734ad62
Event: 28.717 Thread 0x0000024ac78df900 Exception <a 'java/lang/NoSuchMethodError'{0x000000008a1ff978}: 'java.lang.Object java.lang.invoke.DirectMethodHandle$Holder.newInvokeSpecial(java.lang.Object, java.lang.Object, java.lang.Object, java.lang.Object, java.lang.Object, java.lang.Object, java.lang.Object)'> (0x000000008a1ff978) 
thrown [s\src\hotspot\share\interpreter\linkResolver.cpp, line 759]
Event: 28.717 Thread 0x0000024ac78df900 Exception <a 'java/lang/NoSuchMethodError'{0x000000008a0047e0}: 'java.lang.Object java.lang.invoke.Invokers$Holder.linkToTargetMethod(java.lang.Object, java.lang.Object, java.lang.Object, java.lang.Object, java.lang.Object, java.lang.Object, java.lang.Object)'> (0x000000008a0047e0) 
thrown [s\src\hotspot\share\interpreter\linkResolver.cpp, line 759]
Event: 29.037 Thread 0x0000024ac78df900 Exception <a 'java/lang/NoSuchMethodError'{0x000000008b9395f0}: 'int java.lang.invoke.DirectMethodHandle$Holder.invokeStaticInit(java.lang.Object, int)'> (0x000000008b9395f0) 
thrown [s\src\hotspot\share\interpreter\linkResolver.cpp, line 759]
Event: 29.964 Thread 0x0000024ac78df900 Implicit null exception at 0x0000024ad73aae53 to 0x0000024ad73af7ec
Event: 29.972 Thread 0x0000024ac78df900 Implicit null exception at 0x0000024ad73cd903 to 0x0000024ad73cdc54
Event: 31.414 Thread 0x0000024ac78df900 Implicit null exception at 0x0000024ad7466200 to 0x0000024ad746b5d4
Event: 31.675 Thread 0x0000024ac78df900 Exception <a 'java/lang/NoSuchMethodError'{0x0000000089b3c2c8}: 'java.lang.Object java.lang.invoke.DirectMethodHandle$Holder.invokeInterface(java.lang.Object, java.lang.Object, java.lang.Object)'> (0x0000000089b3c2c8) 
thrown [s\src\hotspot\share\interpreter\linkResolver.cpp, line 759]
Event: 31.676 Thread 0x0000024ac78df900 Exception <a 'java/lang/IncompatibleClassChangeError'{0x0000000089b3fc38}: Found class java.lang.Object, but interface was expected> (0x0000000089b3fc38) 
thrown [s\src\hotspot\share\interpreter\linkResolver.cpp, line 826]
Event: 32.055 Thread 0x0000024ac78df900 Implicit null exception at 0x0000024ad7472fe0 to 0x0000024ad747309b
Event: 32.057 Thread 0x0000024ac78df900 Implicit null exception at 0x0000024ad7463c60 to 0x0000024ad7464284
Event: 40.350 Thread 0x0000024ac78df900 Implicit null exception at 0x0000024ad70c76e0 to 0x0000024ad70c777a
Event: 60.934 Thread 0x0000024ac78df900 Implicit null exception at 0x0000024ad734fcc0 to 0x0000024ad734fd51
Event: 62.159 Thread 0x0000024ac78df900 Implicit null exception at 0x0000024ad7549b6b to 0x0000024ad754b230

VM Operations (20 events):
Event: 57.254 Executing VM operation: HandshakeAllThreads
Event: 57.260 Executing VM operation: HandshakeAllThreads done
Event: 57.611 Executing VM operation: HandshakeAllThreads
Event: 57.659 Executing VM operation: HandshakeAllThreads done
Event: 57.659 Executing VM operation: Cleanup
Event: 57.659 Executing VM operation: Cleanup done
Event: 57.921 Executing VM operation: HandshakeAllThreads
Event: 57.923 Executing VM operation: HandshakeAllThreads done
Event: 58.591 Executing VM operation: ICBufferFull
Event: 58.592 Executing VM operation: ICBufferFull done
Event: 59.543 Executing VM operation: ICBufferFull
Event: 59.543 Executing VM operation: ICBufferFull done
Event: 60.147 Executing VM operation: HandshakeAllThreads
Event: 60.203 Executing VM operation: HandshakeAllThreads done
Event: 60.581 Executing VM operation: ICBufferFull
Event: 60.581 Executing VM operation: ICBufferFull done
Event: 61.585 Executing VM operation: Cleanup
Event: 61.586 Executing VM operation: Cleanup done
Event: 62.589 Executing VM operation: Cleanup
Event: 62.605 Executing VM operation: Cleanup done

Memory protections (0 events):
No events

Nmethod flushes (20 events):
Event: 57.949 Thread 0x0000024ae5418810 flushing  nmethod 0x0000024ad0cfa390
Event: 57.949 Thread 0x0000024ae5418810 flushing  nmethod 0x0000024ad0cfe310
Event: 57.949 Thread 0x0000024ae5418810 flushing  nmethod 0x0000024ad0d35610
Event: 57.949 Thread 0x0000024ae5418810 flushing  nmethod 0x0000024ad0d36f10
Event: 57.949 Thread 0x0000024ae5418810 flushing  nmethod 0x0000024ad0d50210
Event: 57.949 Thread 0x0000024ae5418810 flushing  nmethod 0x0000024ad0d6c910
Event: 57.949 Thread 0x0000024ae5418810 flushing  nmethod 0x0000024ad0dc5e90
Event: 57.949 Thread 0x0000024ae5418810 flushing  nmethod 0x0000024ad0de7d10
Event: 57.950 Thread 0x0000024ae5418810 flushing  nmethod 0x0000024ad0e38810
Event: 57.950 Thread 0x0000024ae5418810 flushing  nmethod 0x0000024ad0e3b410
Event: 57.950 Thread 0x0000024ae5418810 flushing  nmethod 0x0000024ad0e70190
Event: 57.950 Thread 0x0000024ae5418810 flushing  nmethod 0x0000024ad0e86a10
Event: 57.950 Thread 0x0000024ae5418810 flushing  nmethod 0x0000024ad0e8cc90
Event: 57.951 Thread 0x0000024ae5418810 flushing  nmethod 0x0000024ad1003210
Event: 57.951 Thread 0x0000024ae5418810 flushing  nmethod 0x0000024ad1011510
Event: 57.951 Thread 0x0000024ae5418810 flushing  nmethod 0x0000024ad1041190
Event: 57.951 Thread 0x0000024ae5418810 flushing  nmethod 0x0000024ad1080890
Event: 57.951 Thread 0x0000024ae5418810 flushing  nmethod 0x0000024ad1085110
Event: 57.953 Thread 0x0000024ae5418810 flushing  nmethod 0x0000024ad121d690
Event: 57.953 Thread 0x0000024ae5418810 flushing  nmethod 0x0000024ad125b610

Events (20 events):
Event: 6.077 Thread 0x0000024aeb433020 Thread exited: 0x0000024aeb433020
Event: 7.581 Thread 0x0000024ae539df20 Thread added: 0x0000024aea9b6840
Event: 9.413 Thread 0x0000024aea9b6840 Thread exited: 0x0000024aea9b6840
Event: 9.658 Thread 0x0000024ae539df20 Thread added: 0x0000024aec04a660
Event: 10.960 Thread 0x0000024aec04a660 Thread exited: 0x0000024aec04a660
Event: 11.144 Thread 0x0000024ae539df20 Thread added: 0x0000024aeb2655e0
Event: 16.424 Thread 0x0000024aeb2655e0 Thread exited: 0x0000024aeb2655e0
Event: 16.644 Thread 0x0000024ae539df20 Thread added: 0x0000024aebd56c80
Event: 30.735 Thread 0x0000024aebd56c80 Thread exited: 0x0000024aebd56c80
Event: 30.878 Thread 0x0000024ae539df20 Thread added: 0x0000024aeb2331c0
Event: 33.173 Thread 0x0000024aeb2331c0 Thread exited: 0x0000024aeb2331c0
Event: 33.203 Thread 0x0000024ae539df20 Thread added: 0x0000024aeb2331c0
Event: 42.050 Thread 0x0000024aeb2331c0 Thread exited: 0x0000024aeb2331c0
Event: 42.735 Thread 0x0000024ae539df20 Thread added: 0x0000024aeb2331c0
Event: 47.615 Thread 0x0000024aeb2331c0 Thread exited: 0x0000024aeb2331c0
Event: 47.792 Thread 0x0000024ae539df20 Thread added: 0x0000024aec2eb9d0
Event: 49.855 Thread 0x0000024aec2eb9d0 Thread exited: 0x0000024aec2eb9d0
Event: 50.094 Thread 0x0000024ae539df20 Thread added: 0x0000024aec2eb9d0
Event: 61.228 Thread 0x0000024aec2eb9d0 Thread exited: 0x0000024aec2eb9d0
Event: 61.591 Thread 0x0000024ae539df20 Thread added: 0x0000024aed680850


Dynamic libraries:
0x00007ff71eda0000 - 0x00007ff71edae000 	C:\Program Files\Microsoft\jdk-17.0.13.11-hotspot\bin\java.exe
0x00007ffd1f0d0000 - 0x00007ffd1f2c8000 	C:\WINDOWS\SYSTEM32\ntdll.dll
0x00007ffd1dd80000 - 0x00007ffd1de42000 	C:\WINDOWS\System32\KERNEL32.DLL
0x00007ffd1c840000 - 0x00007ffd1cb3e000 	C:\WINDOWS\System32\KERNELBASE.dll
0x00007ffd1cc80000 - 0x00007ffd1cd80000 	C:\WINDOWS\System32\ucrtbase.dll
0x00007ffd11a10000 - 0x00007ffd11a27000 	C:\Program Files\Microsoft\jdk-17.0.13.11-hotspot\bin\jli.dll
0x00007ffd1e690000 - 0x00007ffd1e82d000 	C:\WINDOWS\System32\USER32.dll
0x00007ffd1c810000 - 0x00007ffd1c832000 	C:\WINDOWS\System32\win32u.dll
0x00007ffd1e1b0000 - 0x00007ffd1e1db000 	C:\WINDOWS\System32\GDI32.dll
0x00007ffd1cee0000 - 0x00007ffd1cff7000 	C:\WINDOWS\System32\gdi32full.dll
0x00007ffd1d050000 - 0x00007ffd1d0ed000 	C:\WINDOWS\System32\msvcp_win.dll
0x00007ffd110d0000 - 0x00007ffd110ed000 	C:\Program Files\Microsoft\jdk-17.0.13.11-hotspot\bin\VCRUNTIME140.dll
0x00007ffd01fe0000 - 0x00007ffd0227a000 	C:\WINDOWS\WinSxS\amd64_microsoft.windows.common-controls_6595b64144ccf1df_6.0.19041.4355_none_60b8b9eb71f62e16\COMCTL32.dll
0x00007ffd1d870000 - 0x00007ffd1d90e000 	C:\WINDOWS\System32\msvcrt.dll
0x00007ffd1de50000 - 0x00007ffd1de7f000 	C:\WINDOWS\System32\IMM32.DLL
0x00007ffd171d0000 - 0x00007ffd171dc000 	C:\Program Files\Microsoft\jdk-17.0.13.11-hotspot\bin\vcruntime140_1.dll
0x00007ffd00ca0000 - 0x00007ffd00d2d000 	C:\Program Files\Microsoft\jdk-17.0.13.11-hotspot\bin\msvcp140.dll
0x00007ffcd1120000 - 0x00007ffcd1d91000 	C:\Program Files\Microsoft\jdk-17.0.13.11-hotspot\bin\server\jvm.dll
0x00007ffd1e090000 - 0x00007ffd1e141000 	C:\WINDOWS\System32\ADVAPI32.dll
0x00007ffd1ef90000 - 0x00007ffd1f02f000 	C:\WINDOWS\System32\sechost.dll
0x00007ffd1e430000 - 0x00007ffd1e553000 	C:\WINDOWS\System32\RPCRT4.dll
0x00007ffd1c7e0000 - 0x00007ffd1c807000 	C:\WINDOWS\System32\bcrypt.dll
0x00007ffd1e830000 - 0x00007ffd1e89b000 	C:\WINDOWS\System32\WS2_32.dll
0x00007ffd1bcb0000 - 0x00007ffd1bcfb000 	C:\WINDOWS\SYSTEM32\POWRPROF.dll
0x00007ffd062e0000 - 0x00007ffd06307000 	C:\WINDOWS\SYSTEM32\WINMM.dll
0x00007ffd0f560000 - 0x00007ffd0f56a000 	C:\WINDOWS\SYSTEM32\VERSION.dll
0x00007ffd1bb70000 - 0x00007ffd1bb82000 	C:\WINDOWS\SYSTEM32\UMPDC.dll
0x00007ffd1afe0000 - 0x00007ffd1aff2000 	C:\WINDOWS\SYSTEM32\kernel.appcore.dll
0x00007ffd170e0000 - 0x00007ffd170ea000 	C:\Program Files\Microsoft\jdk-17.0.13.11-hotspot\bin\jimage.dll
0x00007ffd193a0000 - 0x00007ffd19584000 	C:\WINDOWS\SYSTEM32\DBGHELP.DLL
0x00007ffcfea80000 - 0x00007ffcfeab4000 	C:\WINDOWS\SYSTEM32\dbgcore.DLL
0x00007ffd1cb40000 - 0x00007ffd1cbc2000 	C:\WINDOWS\System32\bcryptPrimitives.dll
0x00007ffd08510000 - 0x00007ffd08535000 	C:\Program Files\Microsoft\jdk-17.0.13.11-hotspot\bin\java.dll
0x00007ffcf1e20000 - 0x00007ffcf1ef7000 	C:\Program Files\Microsoft\jdk-17.0.13.11-hotspot\bin\jsvml.dll
0x00007ffd1d0f0000 - 0x00007ffd1d85d000 	C:\WINDOWS\System32\SHELL32.dll
0x00007ffd1a7a0000 - 0x00007ffd1af44000 	C:\WINDOWS\SYSTEM32\windows.storage.dll
0x00007ffd1eae0000 - 0x00007ffd1ee33000 	C:\WINDOWS\System32\combase.dll
0x00007ffd1c1a0000 - 0x00007ffd1c1ce000 	C:\WINDOWS\SYSTEM32\Wldp.dll
0x00007ffd1eec0000 - 0x00007ffd1ef8d000 	C:\WINDOWS\System32\OLEAUT32.dll
0x00007ffd1e900000 - 0x00007ffd1e9ad000 	C:\WINDOWS\System32\SHCORE.dll
0x00007ffd1e150000 - 0x00007ffd1e1a5000 	C:\WINDOWS\System32\shlwapi.dll
0x00007ffd1c6a0000 - 0x00007ffd1c6c4000 	C:\WINDOWS\SYSTEM32\profapi.dll
0x00007ffd11060000 - 0x00007ffd1107a000 	C:\Program Files\Microsoft\jdk-17.0.13.11-hotspot\bin\net.dll
0x00007ffd19ad0000 - 0x00007ffd19bdd000 	C:\WINDOWS\SYSTEM32\WINHTTP.dll
0x00007ffd1bf00000 - 0x00007ffd1bf6a000 	C:\WINDOWS\system32\mswsock.dll
0x00007ffd0a0f0000 - 0x00007ffd0a106000 	C:\Program Files\Microsoft\jdk-17.0.13.11-hotspot\bin\nio.dll
0x00007ffd06fd0000 - 0x00007ffd06fe8000 	C:\Program Files\Microsoft\jdk-17.0.13.11-hotspot\bin\zip.dll
0x00007ffd14190000 - 0x00007ffd141a0000 	C:\Program Files\Microsoft\jdk-17.0.13.11-hotspot\bin\verify.dll

dbghelp: loaded successfully - version: 4.0.5 - missing functions: none
symbol engine: initialized successfully - sym options: 0x614 - pdb path: .;C:\Program Files\Microsoft\jdk-17.0.13.11-hotspot\bin;C:\WINDOWS\SYSTEM32;C:\WINDOWS\WinSxS\amd64_microsoft.windows.common-controls_6595b64144ccf1df_6.0.19041.4355_none_60b8b9eb71f62e16;C:\Program Files\Microsoft\jdk-17.0.13.11-hotspot\bin\server

VM Arguments:
java_command: org.jetbrains.kotlin.cli.jvm.K2JVMCompiler @D:\React Native\MyProject\node_modules\react-native-screens\android\build\20250117_5400451867936504897.compiler.options
java_class_path (initial): C:\Users\aliah\.gradle\caches\modules-2\files-2.1\org.jetbrains.kotlin\kotlin-compiler-embeddable\1.9.24\78dab849090e6c5e2eadb6e59a11cdc28fb67a08\kotlin-compiler-embeddable-1.9.24.jar;C:\Users\aliah\.gradle\caches\modules-2\files-2.1\org.jetbrains.kotlin\kotlin-stdlib\1.9.24\9928532f12c66ad816a625b3f9984f8368ca6d2b\kotlin-stdlib-1.9.24.jar;C:\Users\aliah\.gradle\caches\modules-2\files-2.1\org.jetbrains.kotlin\kotlin-script-runtime\1.9.24\96771497da90fbc5af1c90fce148db2595a62502\kotlin-script-runtime-1.9.24.jar;C:\Users\aliah\.gradle\caches\modules-2\files-2.1\org.jetbrains.kotlin\kotlin-reflect\1.6.10\1cbe9c92c12a94eea200d23c2bbaedaf3daf5132\kotlin-reflect-1.6.10.jar;C:\Users\aliah\.gradle\caches\modules-2\files-2.1\org.jetbrains.kotlin\kotlin-daemon-embeddable\1.9.24\86685b9c5e8d170925bd9ddbdc263374a6a73281\kotlin-daemon-embeddable-1.9.24.jar;C:\Users\aliah\.gradle\caches\modules-2\files-2.1\org.jetbrains.intellij.deps\trove4j\1.0.20200330\3afb14d5f9ceb459d724e907a21145e8ff394f02\trove4j-1.0.20200330.jar;C:\Users\aliah\.gradle\caches\modules-2\files-2.1\org.jetbrains\annotations\13.0\919f0dfe192fb4e063e7dacadee7f8bb9a2672a9\annotations-13.0.jar
Launcher Type: SUN_STANDARD

[Global flags]
     intx CICompilerCount                          = 3                                         {product} {ergonomic}
     uint ConcGCThreads                            = 1                                         {product} {ergonomic}
     uint G1ConcRefinementThreads                  = 4                                         {product} {ergonomic}
   size_t G1HeapRegionSize                         = 1048576                                   {product} {ergonomic}
    uintx GCDrainStackTargetSize                   = 64                                        {product} {ergonomic}
   size_t InitialHeapSize                          = 132120576                                 {product} {ergonomic}
   size_t MarkStackSize                            = 4194304                                   {product} {ergonomic}
   size_t MaxHeapSize                              = 2109734912                                {product} {ergonomic}
   size_t MaxNewSize                               = 1265631232                                {product} {ergonomic}
   size_t MinHeapDeltaBytes                        = 1048576                                   {product} {ergonomic}
   size_t MinHeapSize                              = 8388608                                   {product} {ergonomic}
    uintx NonNMethodCodeHeapSize                   = 5832780                                {pd product} {ergonomic}
    uintx NonProfiledCodeHeapSize                  = 122912730                              {pd product} {ergonomic}
    uintx ProfiledCodeHeapSize                     = 122912730                              {pd product} {ergonomic}
    uintx ReservedCodeCacheSize                    = 251658240                              {pd product} {ergonomic}
     bool SegmentedCodeCache                       = true                                      {product} {ergonomic}
   size_t SoftMaxHeapSize                          = 2109734912                             {manageable} {ergonomic}
     bool UseCompressedClassPointers               = true                           {product lp64_product} {ergonomic}
     bool UseCompressedOops                        = true                           {product lp64_product} {ergonomic}
     bool UseG1GC                                  = true                                      {product} {ergonomic}
     bool UseLargePagesIndividualAllocation        = false                                  {pd product} {ergonomic}

Logging:
Log output configuration:
 #0: stdout all=warning uptime,level,tags
 #1: stderr all=off uptime,level,tags

Environment Variables:
JAVA_HOME=C:\Program Files\Microsoft\jdk-17.0.13.11-hotspot\
CLASSPATH=D:\React Native\MyProject\android\\gradle\wrapper\gradle-wrapper.jar
PATH=D:\React Native\MyProject\node_modules\.bin;D:\React Native\MyProject\node_modules\.bin;D:\React Native\node_modules\.bin;D:\node_modules\.bin;C:\Users\aliah\AppData\Roaming\npm\node_modules\npm\node_modules\@npmcli\run-script\lib\node-gyp-bin;C:\Program Files\Microsoft\jdk-17.0.13.11-hotspot\bin;C:\WINDOWS\system32;C:\WINDOWS;C:\WINDOWS\System32\Wbem;C:\WINDOWS\System32\WindowsPowerShell\v1.0\;C:\WINDOWS\System32\OpenSSH\;C:\Program Files\nodejs\;C:\Program Files\Git\cmd;C:\Users\aliah\AppData\Local\Android\Sdk\emulator;C:\Users\aliah\AppData\Local\Android\Sdk;C:\Users\aliah\AppData\Local\Android\Sdk\platform-tools;C:\ProgramData\chocolatey\bin;D:\React Native\MyProject\android\gradle-8.11.1\bin;C:\Users\aliah\AppData\Local\Microsoft\WindowsApps;C:\Users\aliah\AppData\Local\Programs\Microsoft VS Code\bin;C:\Users\aliah\AppData\Roaming\npm;C:\Program Files\Microsoft\jdk-17.0.13.11-hotspot\bin;D:\React Native\MyProject\android\gradle-8.11.1\bin;
USERNAME=aliah
OS=Windows_NT
PROCESSOR_IDENTIFIER=Intel64 Family 6 Model 142 Stepping 9, GenuineIntel
TMP=C:\Users\aliah\AppData\Local\Temp
TEMP=C:\Users\aliah\AppData\Local\Temp



Periodic native trim disabled


---------------  S Y S T E M  ---------------

OS:
 Windows 10 , 64 bit Build 19041 (10.0.19041.5198)
OS uptime: 8 days 10:23 hours

CPU: total 4 (initial active 4) (2 cores per cpu, 2 threads per core) family 6 model 142 stepping 9 microcode 0xf0, cx8, cmov, fxsr, ht, mmx, 3dnowpref, sse, sse2, sse3, ssse3, sse4.1, sse4.2, popcnt, lzcnt, tsc, tscinvbit, avx, avx2, aes, erms, clmul, bmi1, bmi2, adx, fma, vzeroupper, clflush, clflushopt
Processor Information for the first 4 processors :
  Max Mhz: 2904, Current Mhz: 2703, Mhz Limit: 2700

Memory: 4k page, system-wide physical 8042M (511M free)
TotalPageFile size 12138M (AvailPageFile size 5M)
current process WorkingSet (physical memory assigned to process): 441M, peak: 462M
current process commit charge ("private bytes"): 477M, peak: 498M

vm_info: OpenJDK 64-Bit Server VM (17.0.13+11-LTS) for windows-amd64 JRE (17.0.13+11-LTS), built on Oct 11 2024 23:25:05 by "MicrosoftCorporation" with unknown MS VC++:1939

END.
