#
# There is insufficient memory for the Java Runtime Environment to continue.
# Native memory allocation (malloc) failed to allocate 32784 bytes. Error detail: Chunk::new
# Possible reasons:
#   The system is out of physical RAM or swap space
#   This process is running with CompressedOops enabled, and the Java Heap may be blocking the growth of the native heap
# Possible solutions:
#   Reduce memory load on the system
#   Increase physical memory or swap space
#   Check if swap backing store is full
#   Decrease Java heap size (-Xmx/-Xms)
#   Decrease number of Java threads
#   Decrease Java thread stack sizes (-Xss)
#   Set larger code cache with -XX:ReservedCodeCacheSize=
#   JVM is running with Unscaled Compressed Oops mode in which the Java heap is
#     placed in the first 4GB address space. The Java Heap base address is the
#     maximum limit for the native heap growth. Please use -XX:HeapBaseMinAddress
#     to set the Java Heap base and to place the Java Heap above 4GB virtual address.
# This output file may be truncated or incomplete.
#
#  Out of Memory Error (arena.cpp:191), pid=18952, tid=15520
#
# JRE version: OpenJDK Runtime Environment Microsoft-10376486 (17.0.13+11) (build 17.0.13+11-LTS)
# Java VM: OpenJDK 64-Bit Server VM Microsoft-10376486 (17.0.13+11-LTS, mixed mode, sharing, tiered, compressed oops, compressed class ptrs, g1 gc, windows-amd64)
# No core dump will be written. Minidumps are not enabled by default on client versions of Windows
#

---------------  S U M M A R Y ------------

Command Line: -Xmx64m -Xms64m -Dorg.gradle.appname=gradlew org.gradle.wrapper.GradleWrapperMain app:installDebug -PreactNativeDevServerPort=8081

Host: Intel(R) Core(TM) i7-7500U CPU @ 2.70GHz, 4 cores, 7G,  Windows 10 , 64 bit Build 19041 (10.0.19041.5198)
Time: Fri Jan 17 20:28:47 2025 Pakistan Standard Time elapsed time: 27.807625 seconds (0d 0h 0m 27s)

---------------  T H R E A D  ---------------

Current thread (0x000001af6a424770):  JavaThread "C2 CompilerThread0" daemon [_thread_in_native, id=15520, stack(0x0000004154d00000,0x0000004154e00000)]


Current CompileTask:
C2:  27807 1774   !   4       java.util.concurrent.ConcurrentHashMap::transfer (849 bytes)

Stack: [0x0000004154d00000,0x0000004154e00000]
Native frames: (J=compiled Java code, j=interpreted, Vv=VM code, C=native code)
V  [jvm.dll+0x687fc9]
V  [jvm.dll+0x83eeb8]
V  [jvm.dll+0x840963]
V  [jvm.dll+0x840fd3]
V  [jvm.dll+0x24951f]
V  [jvm.dll+0xad0c4]
V  [jvm.dll+0xad75c]
V  [jvm.dll+0xad1d4]
V  [jvm.dll+0x6651bc]
V  [jvm.dll+0x222049]
V  [jvm.dll+0x6abaa1]
V  [jvm.dll+0x2198a5]
V  [jvm.dll+0x1a5506]
V  [jvm.dll+0x22a1ca]
V  [jvm.dll+0x22830b]
V  [jvm.dll+0x7f4708]
V  [jvm.dll+0x7eea6c]
V  [jvm.dll+0x686ea7]
C  [ucrtbase.dll+0x21bb2]
C  [KERNEL32.DLL+0x17374]
C  [ntdll.dll+0x4cc91]


---------------  P R O C E S S  ---------------

Threads class SMR info:
_java_thread_list=0x000001af6f662fb0, length=12, elements={
0x000001af5128eca0, 0x000001af6a4011d0, 0x000001af6a402050, 0x000001af6a418c20,
0x000001af6a41a950, 0x000001af6a41ebd0, 0x000001af6a41fd30, 0x000001af6a424770,
0x000001af6a4279d0, 0x000001af6a428b70, 0x000001af6a561880, 0x000001af6a588030
}

Java Threads: ( => current thread )
  0x000001af5128eca0 JavaThread "main" [_thread_blocked, id=1252, stack(0x0000004154000000,0x0000004154100000)]
  0x000001af6a4011d0 JavaThread "Reference Handler" daemon [_thread_blocked, id=13144, stack(0x0000004154700000,0x0000004154800000)]
  0x000001af6a402050 JavaThread "Finalizer" daemon [_thread_blocked, id=1680, stack(0x0000004154800000,0x0000004154900000)]
  0x000001af6a418c20 JavaThread "Signal Dispatcher" daemon [_thread_blocked, id=18956, stack(0x0000004154900000,0x0000004154a00000)]
  0x000001af6a41a950 JavaThread "Attach Listener" daemon [_thread_blocked, id=6164, stack(0x0000004154a00000,0x0000004154b00000)]
  0x000001af6a41ebd0 JavaThread "Service Thread" daemon [_thread_blocked, id=4956, stack(0x0000004154b00000,0x0000004154c00000)]
  0x000001af6a41fd30 JavaThread "Monitor Deflation Thread" daemon [_thread_blocked, id=19844, stack(0x0000004154c00000,0x0000004154d00000)]
=>0x000001af6a424770 JavaThread "C2 CompilerThread0" daemon [_thread_in_native, id=15520, stack(0x0000004154d00000,0x0000004154e00000)]
  0x000001af6a4279d0 JavaThread "C1 CompilerThread0" daemon [_thread_blocked, id=8240, stack(0x0000004154e00000,0x0000004154f00000)]
  0x000001af6a428b70 JavaThread "Sweeper thread" daemon [_thread_blocked, id=5164, stack(0x0000004154f00000,0x0000004155000000)]
  0x000001af6a561880 JavaThread "Notification Thread" daemon [_thread_blocked, id=3472, stack(0x0000004155000000,0x0000004155100000)]
  0x000001af6a588030 JavaThread "Common-Cleaner" daemon [_thread_blocked, id=19272, stack(0x0000004155200000,0x0000004155300000)]

Other Threads:
  0x000001af6a3fc390 VMThread "VM Thread" [stack: 0x0000004154600000,0x0000004154700000] [id=2728]
  0x000001af6a581d70 WatcherThread [stack: 0x0000004155100000,0x0000004155200000] [id=19892]
  0x000001af512ae650 GCTaskThread "GC Thread#0" [stack: 0x0000004154100000,0x0000004154200000] [id=996]
  0x000001af6a90eb70 GCTaskThread "GC Thread#1" [stack: 0x0000004155300000,0x0000004155400000] [id=15388]
  0x000001af6a72e440 GCTaskThread "GC Thread#2" [stack: 0x0000004155400000,0x0000004155500000] [id=4388]
  0x000001af6a739790 GCTaskThread "GC Thread#3" [stack: 0x0000004155500000,0x0000004155600000] [id=1696]
  0x000001af512afda0 ConcurrentGCThread "G1 Main Marker" [stack: 0x0000004154200000,0x0000004154300000] [id=15728]
  0x000001af512b07c0 ConcurrentGCThread "G1 Conc#0" [stack: 0x0000004154300000,0x0000004154400000] [id=12524]
  0x000001af513001c0 ConcurrentGCThread "G1 Refine#0" [stack: 0x0000004154400000,0x0000004154500000] [id=6272]
  0x000001af51300bf0 ConcurrentGCThread "G1 Service" [stack: 0x0000004154500000,0x0000004154600000] [id=17392]

Threads with active compile tasks:
C2 CompilerThread0    27846 1774   !   4       java.util.concurrent.ConcurrentHashMap::transfer (849 bytes)

VM state: not at safepoint (normal execution)

VM Mutex/Monitor currently owned by a thread: None

Heap address: 0x00000000fc000000, size: 64 MB, Compressed Oops mode: 32-bit

CDS archive(s) mapped at: [0x000001af00000000-0x000001af00bb0000-0x000001af00bb0000), size 12255232, SharedBaseAddress: 0x000001af00000000, ArchiveRelocationMode: 1.
Compressed class space mapped at: 0x000001af01000000-0x000001af41000000, reserved size: 1073741824
Narrow klass base: 0x000001af00000000, Narrow klass shift: 0, Narrow klass range: 0x100000000

GC Precious Log:
 CPUs: 4 total, 4 available
 Memory: 8042M
 Large Page Support: Disabled
 NUMA Support: Disabled
 Compressed Oops: Enabled (32-bit)
 Heap Region Size: 1M
 Heap Min Capacity: 64M
 Heap Initial Capacity: 64M
 Heap Max Capacity: 64M
 Pre-touch: Disabled
 Parallel Workers: 4
 Concurrent Workers: 1
 Concurrent Refinement Workers: 4
 Periodic GC: Disabled

Heap:
 garbage-first heap   total 65536K, used 36326K [0x00000000fc000000, 0x0000000100000000)
  region size 1024K, 30 young (30720K), 3 survivors (3072K)
 Metaspace       used 10142K, committed 10368K, reserved 1114112K
  class space    used 1341K, committed 1408K, reserved 1048576K

Heap Regions: E=young(eden), S=young(survivor), O=old, HS=humongous(starts), HC=humongous(continues), CS=collection set, F=free, OA=open archive, CA=closed archive, TAMS=top-at-mark-start (previous, next)
|   0|0x00000000fc000000, 0x00000000fc100000, 0x00000000fc100000|100%|HS|  |TAMS 0x00000000fc000000, 0x00000000fc000000| Complete 
|   1|0x00000000fc100000, 0x00000000fc200000, 0x00000000fc200000|100%|HC|  |TAMS 0x00000000fc100000, 0x00000000fc100000| Complete 
|   2|0x00000000fc200000, 0x00000000fc300000, 0x00000000fc300000|100%|HC|  |TAMS 0x00000000fc200000, 0x00000000fc200000| Complete 
|   3|0x00000000fc300000, 0x00000000fc400000, 0x00000000fc400000|100%| O|  |TAMS 0x00000000fc300000, 0x00000000fc300000| Untracked 
|   4|0x00000000fc400000, 0x00000000fc500000, 0x00000000fc500000|100%| O|  |TAMS 0x00000000fc400000, 0x00000000fc400000| Untracked 
|   5|0x00000000fc500000, 0x00000000fc600000, 0x00000000fc600000|100%| O|  |TAMS 0x00000000fc500000, 0x00000000fc500000| Untracked 
|   6|0x00000000fc600000, 0x00000000fc679800, 0x00000000fc700000| 47%| O|  |TAMS 0x00000000fc600000, 0x00000000fc600000| Untracked 
|   7|0x00000000fc700000, 0x00000000fc700000, 0x00000000fc800000|  0%| F|  |TAMS 0x00000000fc700000, 0x00000000fc700000| Untracked 
|   8|0x00000000fc800000, 0x00000000fc800000, 0x00000000fc900000|  0%| F|  |TAMS 0x00000000fc800000, 0x00000000fc800000| Untracked 
|   9|0x00000000fc900000, 0x00000000fc900000, 0x00000000fca00000|  0%| F|  |TAMS 0x00000000fc900000, 0x00000000fc900000| Untracked 
|  10|0x00000000fca00000, 0x00000000fca00000, 0x00000000fcb00000|  0%| F|  |TAMS 0x00000000fca00000, 0x00000000fca00000| Untracked 
|  11|0x00000000fcb00000, 0x00000000fcb00000, 0x00000000fcc00000|  0%| F|  |TAMS 0x00000000fcb00000, 0x00000000fcb00000| Untracked 
|  12|0x00000000fcc00000, 0x00000000fcc00000, 0x00000000fcd00000|  0%| F|  |TAMS 0x00000000fcc00000, 0x00000000fcc00000| Untracked 
|  13|0x00000000fcd00000, 0x00000000fcd00000, 0x00000000fce00000|  0%| F|  |TAMS 0x00000000fcd00000, 0x00000000fcd00000| Untracked 
|  14|0x00000000fce00000, 0x00000000fce00000, 0x00000000fcf00000|  0%| F|  |TAMS 0x00000000fce00000, 0x00000000fce00000| Untracked 
|  15|0x00000000fcf00000, 0x00000000fcf00000, 0x00000000fd000000|  0%| F|  |TAMS 0x00000000fcf00000, 0x00000000fcf00000| Untracked 
|  16|0x00000000fd000000, 0x00000000fd000000, 0x00000000fd100000|  0%| F|  |TAMS 0x00000000fd000000, 0x00000000fd000000| Untracked 
|  17|0x00000000fd100000, 0x00000000fd100000, 0x00000000fd200000|  0%| F|  |TAMS 0x00000000fd100000, 0x00000000fd100000| Untracked 
|  18|0x00000000fd200000, 0x00000000fd200000, 0x00000000fd300000|  0%| F|  |TAMS 0x00000000fd200000, 0x00000000fd200000| Untracked 
|  19|0x00000000fd300000, 0x00000000fd300000, 0x00000000fd400000|  0%| F|  |TAMS 0x00000000fd300000, 0x00000000fd300000| Untracked 
|  20|0x00000000fd400000, 0x00000000fd400000, 0x00000000fd500000|  0%| F|  |TAMS 0x00000000fd400000, 0x00000000fd400000| Untracked 
|  21|0x00000000fd500000, 0x00000000fd500000, 0x00000000fd600000|  0%| F|  |TAMS 0x00000000fd500000, 0x00000000fd500000| Untracked 
|  22|0x00000000fd600000, 0x00000000fd600000, 0x00000000fd700000|  0%| F|  |TAMS 0x00000000fd600000, 0x00000000fd600000| Untracked 
|  23|0x00000000fd700000, 0x00000000fd700000, 0x00000000fd800000|  0%| F|  |TAMS 0x00000000fd700000, 0x00000000fd700000| Untracked 
|  24|0x00000000fd800000, 0x00000000fd800000, 0x00000000fd900000|  0%| F|  |TAMS 0x00000000fd800000, 0x00000000fd800000| Untracked 
|  25|0x00000000fd900000, 0x00000000fd900000, 0x00000000fda00000|  0%| F|  |TAMS 0x00000000fd900000, 0x00000000fd900000| Untracked 
|  26|0x00000000fda00000, 0x00000000fda00000, 0x00000000fdb00000|  0%| F|  |TAMS 0x00000000fda00000, 0x00000000fda00000| Untracked 
|  27|0x00000000fdb00000, 0x00000000fdb00000, 0x00000000fdc00000|  0%| F|  |TAMS 0x00000000fdb00000, 0x00000000fdb00000| Untracked 
|  28|0x00000000fdc00000, 0x00000000fdc00000, 0x00000000fdd00000|  0%| F|  |TAMS 0x00000000fdc00000, 0x00000000fdc00000| Untracked 
|  29|0x00000000fdd00000, 0x00000000fdd00000, 0x00000000fde00000|  0%| F|  |TAMS 0x00000000fdd00000, 0x00000000fdd00000| Untracked 
|  30|0x00000000fde00000, 0x00000000fde00000, 0x00000000fdf00000|  0%| F|  |TAMS 0x00000000fde00000, 0x00000000fde00000| Untracked 
|  31|0x00000000fdf00000, 0x00000000fdf00000, 0x00000000fe000000|  0%| F|  |TAMS 0x00000000fdf00000, 0x00000000fdf00000| Untracked 
|  32|0x00000000fe000000, 0x00000000fe000000, 0x00000000fe100000|  0%| F|  |TAMS 0x00000000fe000000, 0x00000000fe000000| Untracked 
|  33|0x00000000fe100000, 0x00000000fe100000, 0x00000000fe200000|  0%| F|  |TAMS 0x00000000fe100000, 0x00000000fe100000| Untracked 
|  34|0x00000000fe200000, 0x00000000fe300000, 0x00000000fe300000|100%| E|  |TAMS 0x00000000fe200000, 0x00000000fe200000| Complete 
|  35|0x00000000fe300000, 0x00000000fe400000, 0x00000000fe400000|100%| E|CS|TAMS 0x00000000fe300000, 0x00000000fe300000| Complete 
|  36|0x00000000fe400000, 0x00000000fe500000, 0x00000000fe500000|100%| E|CS|TAMS 0x00000000fe400000, 0x00000000fe400000| Complete 
|  37|0x00000000fe500000, 0x00000000fe600000, 0x00000000fe600000|100%| E|CS|TAMS 0x00000000fe500000, 0x00000000fe500000| Complete 
|  38|0x00000000fe600000, 0x00000000fe700000, 0x00000000fe700000|100%| E|CS|TAMS 0x00000000fe600000, 0x00000000fe600000| Complete 
|  39|0x00000000fe700000, 0x00000000fe800000, 0x00000000fe800000|100%| E|CS|TAMS 0x00000000fe700000, 0x00000000fe700000| Complete 
|  40|0x00000000fe800000, 0x00000000fe900000, 0x00000000fe900000|100%| E|CS|TAMS 0x00000000fe800000, 0x00000000fe800000| Complete 
|  41|0x00000000fe900000, 0x00000000fea00000, 0x00000000fea00000|100%| S|CS|TAMS 0x00000000fe900000, 0x00000000fe900000| Complete 
|  42|0x00000000fea00000, 0x00000000feb00000, 0x00000000feb00000|100%| S|CS|TAMS 0x00000000fea00000, 0x00000000fea00000| Complete 
|  43|0x00000000feb00000, 0x00000000fec00000, 0x00000000fec00000|100%| S|CS|TAMS 0x00000000feb00000, 0x00000000feb00000| Complete 
|  44|0x00000000fec00000, 0x00000000fed00000, 0x00000000fed00000|100%| E|CS|TAMS 0x00000000fec00000, 0x00000000fec00000| Complete 
|  45|0x00000000fed00000, 0x00000000fee00000, 0x00000000fee00000|100%| E|CS|TAMS 0x00000000fed00000, 0x00000000fed00000| Complete 
|  46|0x00000000fee00000, 0x00000000fef00000, 0x00000000fef00000|100%| E|CS|TAMS 0x00000000fee00000, 0x00000000fee00000| Complete 
|  47|0x00000000fef00000, 0x00000000ff000000, 0x00000000ff000000|100%| E|CS|TAMS 0x00000000fef00000, 0x00000000fef00000| Complete 
|  48|0x00000000ff000000, 0x00000000ff100000, 0x00000000ff100000|100%| E|CS|TAMS 0x00000000ff000000, 0x00000000ff000000| Complete 
|  49|0x00000000ff100000, 0x00000000ff200000, 0x00000000ff200000|100%| E|CS|TAMS 0x00000000ff100000, 0x00000000ff100000| Complete 
|  50|0x00000000ff200000, 0x00000000ff300000, 0x00000000ff300000|100%| E|CS|TAMS 0x00000000ff200000, 0x00000000ff200000| Complete 
|  51|0x00000000ff300000, 0x00000000ff400000, 0x00000000ff400000|100%| E|CS|TAMS 0x00000000ff300000, 0x00000000ff300000| Complete 
|  52|0x00000000ff400000, 0x00000000ff500000, 0x00000000ff500000|100%| E|CS|TAMS 0x00000000ff400000, 0x00000000ff400000| Complete 
|  53|0x00000000ff500000, 0x00000000ff600000, 0x00000000ff600000|100%| E|CS|TAMS 0x00000000ff500000, 0x00000000ff500000| Complete 
|  54|0x00000000ff600000, 0x00000000ff700000, 0x00000000ff700000|100%| E|CS|TAMS 0x00000000ff600000, 0x00000000ff600000| Complete 
|  55|0x00000000ff700000, 0x00000000ff800000, 0x00000000ff800000|100%| E|CS|TAMS 0x00000000ff700000, 0x00000000ff700000| Complete 
|  56|0x00000000ff800000, 0x00000000ff900000, 0x00000000ff900000|100%| E|CS|TAMS 0x00000000ff800000, 0x00000000ff800000| Complete 
|  57|0x00000000ff900000, 0x00000000ffa00000, 0x00000000ffa00000|100%| E|CS|TAMS 0x00000000ff900000, 0x00000000ff900000| Complete 
|  58|0x00000000ffa00000, 0x00000000ffb00000, 0x00000000ffb00000|100%| E|CS|TAMS 0x00000000ffa00000, 0x00000000ffa00000| Complete 
|  59|0x00000000ffb00000, 0x00000000ffc00000, 0x00000000ffc00000|100%| E|CS|TAMS 0x00000000ffb00000, 0x00000000ffb00000| Complete 
|  60|0x00000000ffc00000, 0x00000000ffd00000, 0x00000000ffd00000|100%| E|CS|TAMS 0x00000000ffc00000, 0x00000000ffc00000| Complete 
|  61|0x00000000ffd00000, 0x00000000ffe00000, 0x00000000ffe00000|100%| E|CS|TAMS 0x00000000ffd00000, 0x00000000ffd00000| Complete 
|  62|0x00000000ffe00000, 0x00000000fff00000, 0x00000000fff00000|100%| E|CS|TAMS 0x00000000ffe00000, 0x00000000ffe00000| Complete 
|  63|0x00000000fff00000, 0x0000000100000000, 0x0000000100000000|100%| E|CS|TAMS 0x00000000fff00000, 0x00000000fff00000| Complete 

Card table byte_map: [0x000001af510d0000,0x000001af510f0000] _byte_map_base: 0x000001af508f0000

Marking Bits (Prev, Next): (CMBitMap*) 0x000001af512aec70, (CMBitMap*) 0x000001af512aecb0
 Prev Bits: [0x000001af51110000, 0x000001af51210000)
 Next Bits: [0x000001af67dd0000, 0x000001af67ed0000)

Polling page: 0x000001af50a50000

Metaspace:

Usage:
  Non-class:      8.59 MB used.
      Class:      1.31 MB used.
       Both:      9.90 MB used.

Virtual space:
  Non-class space:       64.00 MB reserved,       8.75 MB ( 14%) committed,  1 nodes.
      Class space:        1.00 GB reserved,       1.38 MB ( <1%) committed,  1 nodes.
             Both:        1.06 GB reserved,      10.12 MB ( <1%) committed. 

Chunk freelists:
   Non-Class:  7.23 MB
       Class:  14.44 MB
        Both:  21.68 MB

MaxMetaspaceSize: unlimited
CompressedClassSpaceSize: 1.00 GB
Initial GC threshold: 21.00 MB
Current GC threshold: 21.00 MB
CDS: on
MetaspaceReclaimPolicy: balanced
 - commit_granule_bytes: 65536.
 - commit_granule_words: 8192.
 - virtual_space_node_default_size: 8388608.
 - enlarge_chunks_in_place: 1.
 - new_chunks_are_fully_committed: 0.
 - uncommit_free_chunks: 1.
 - use_allocation_guard: 0.
 - handle_deallocations: 1.


Internal statistics:

num_allocs_failed_limit: 0.
num_arena_births: 78.
num_arena_deaths: 0.
num_vsnodes_births: 2.
num_vsnodes_deaths: 0.
num_space_committed: 162.
num_space_uncommitted: 0.
num_chunks_returned_to_freelist: 0.
num_chunks_taken_from_freelist: 372.
num_chunk_merges: 0.
num_chunk_splits: 242.
num_chunks_enlarged: 195.
num_inconsistent_stats: 0.

CodeHeap 'non-profiled nmethods': size=120000Kb used=757Kb max_used=757Kb free=119242Kb
 bounds [0x000001af608a0000, 0x000001af60b10000, 0x000001af67dd0000]
CodeHeap 'profiled nmethods': size=120000Kb used=3298Kb max_used=3298Kb free=116701Kb
 bounds [0x000001af58dd0000, 0x000001af59110000, 0x000001af60300000]
CodeHeap 'non-nmethods': size=5760Kb used=1173Kb max_used=1194Kb free=4586Kb
 bounds [0x000001af60300000, 0x000001af60570000, 0x000001af608a0000]
 total_blobs=2273 nmethods=1803 adapters=383
 compilation: enabled
              stopped_count=0, restarted_count=0
 full_count=0

Compilation events (20 events):
Event: 27.238 Thread 0x000001af6a4279d0 nmethod 1765 0x000001af6095be10 code [0x000001af6095bfa0, 0x000001af6095c058]
Event: 27.241 Thread 0x000001af6a4279d0 1766       3       org.gradle.internal.logging.console.ProgressBar::formatProgress (328 bytes)
Event: 27.244 Thread 0x000001af6a4279d0 nmethod 1766 0x000001af590f6c90 code [0x000001af590f7160, 0x000001af590f9398]
Event: 27.244 Thread 0x000001af6a4279d0 1767       3       org.gradle.internal.logging.format.TersePrettyDurationFormatter::format (5 bytes)
Event: 27.244 Thread 0x000001af6a4279d0 nmethod 1767 0x000001af590fa110 code [0x000001af590fa2a0, 0x000001af590fa3e8]
Event: 27.244 Thread 0x000001af6a4279d0 1768       3       org.gradle.internal.time.TimeFormatting::formatDurationTerse (123 bytes)
Event: 27.245 Thread 0x000001af6a4279d0 nmethod 1768 0x000001af590fa490 code [0x000001af590fa780, 0x000001af590fb488]
Event: 27.529 Thread 0x000001af6a4279d0 1769       3       org.gradle.internal.logging.console.DefaultRedrawableLabel::writeText (9 bytes)
Event: 27.529 Thread 0x000001af6a4279d0 nmethod 1769 0x000001af590fb990 code [0x000001af590fbb40, 0x000001af590fbd98]
Event: 27.529 Thread 0x000001af6a4279d0 1770       3       org.gradle.internal.logging.console.DefaultRedrawableLabel$1::execute (9 bytes)
Event: 27.530 Thread 0x000001af6a4279d0 nmethod 1770 0x000001af590fbe90 code [0x000001af590fc040, 0x000001af590fc368]
Event: 27.559 Thread 0x000001af6a4279d0 1771       3       java.nio.HeapCharBuffer::<init> (23 bytes)
Event: 27.560 Thread 0x000001af6a4279d0 nmethod 1771 0x000001af590fc490 code [0x000001af590fc640, 0x000001af590fc7c8]
Event: 27.608 Thread 0x000001af6a4279d0 1772       3       java.util.ArrayList::equals (62 bytes)
Event: 27.608 Thread 0x000001af6a4279d0 nmethod 1772 0x000001af590fc890 code [0x000001af590fcaa0, 0x000001af590fd1c8]
Event: 27.792 Thread 0x000001af6a4279d0 1773       3       java.lang.invoke.MethodHandles$Lookup::hasFullPrivilegeAccess (18 bytes)
Event: 27.793 Thread 0x000001af6a4279d0 nmethod 1773 0x000001af590fd390 code [0x000001af590fd520, 0x000001af590fd698]
Event: 27.794 Thread 0x000001af6a424770 1774   !   4       java.util.concurrent.ConcurrentHashMap::transfer (849 bytes)
Event: 27.796 Thread 0x000001af6a4279d0 1776       3       java.lang.invoke.MethodTypeForm::cachedLambdaForm (23 bytes)
Event: 27.797 Thread 0x000001af6a4279d0 nmethod 1776 0x000001af590fd710 code [0x000001af590fd8c0, 0x000001af590fdc28]

GC Heap History (4 events):
Event: 0.307 GC heap before
{Heap before GC invocations=0 (full 0):
 garbage-first heap   total 65536K, used 13312K [0x00000000fc000000, 0x0000000100000000)
  region size 1024K, 13 young (13312K), 0 survivors (0K)
 Metaspace       used 1651K, committed 1792K, reserved 1114112K
  class space    used 157K, committed 192K, reserved 1048576K
}
Event: 0.310 GC heap after
{Heap after GC invocations=1 (full 0):
 garbage-first heap   total 65536K, used 1552K [0x00000000fc000000, 0x0000000100000000)
  region size 1024K, 2 young (2048K), 2 survivors (2048K)
 Metaspace       used 1651K, committed 1792K, reserved 1114112K
  class space    used 157K, committed 192K, reserved 1048576K
}
Event: 0.634 GC heap before
{Heap before GC invocations=1 (full 0):
 garbage-first heap   total 65536K, used 22032K [0x00000000fc000000, 0x0000000100000000)
  region size 1024K, 20 young (20480K), 2 survivors (2048K)
 Metaspace       used 2838K, committed 3008K, reserved 1114112K
  class space    used 308K, committed 384K, reserved 1048576K
}
Event: 0.640 GC heap after
{Heap after GC invocations=2 (full 0):
 garbage-first heap   total 65536K, used 9702K [0x00000000fc000000, 0x0000000100000000)
  region size 1024K, 3 young (3072K), 3 survivors (3072K)
 Metaspace       used 2838K, committed 3008K, reserved 1114112K
  class space    used 308K, committed 384K, reserved 1048576K
}

Dll operation events (13 events):
Event: 0.006 Loaded shared library C:\Program Files\Microsoft\jdk-17.0.13.11-hotspot\bin\java.dll
Event: 0.022 Loaded shared library C:\Program Files\Microsoft\jdk-17.0.13.11-hotspot\bin\jsvml.dll
Event: 0.053 Loaded shared library C:\Program Files\Microsoft\jdk-17.0.13.11-hotspot\bin\net.dll
Event: 0.055 Loaded shared library C:\Program Files\Microsoft\jdk-17.0.13.11-hotspot\bin\nio.dll
Event: 0.057 Loaded shared library C:\Program Files\Microsoft\jdk-17.0.13.11-hotspot\bin\zip.dll
Event: 0.061 Loaded shared library C:\Program Files\Microsoft\jdk-17.0.13.11-hotspot\bin\verify.dll
Event: 0.378 Loaded shared library C:\Program Files\Microsoft\jdk-17.0.13.11-hotspot\bin\jimage.dll
Event: 0.818 Loaded shared library C:\Program Files\Microsoft\jdk-17.0.13.11-hotspot\bin\management.dll
Event: 0.820 Loaded shared library C:\Program Files\Microsoft\jdk-17.0.13.11-hotspot\bin\management_ext.dll
Event: 0.929 Loaded shared library C:\Users\aliah\.gradle\native\c067742578af261105cb4f569cf0c3c89f3d7b1fecec35dd04571415982c5e48\windows-amd64\native-platform.dll
Event: 0.947 Loaded shared library C:\Users\aliah\.gradle\native\jansi\1.18\windows64\jansi.dll
Event: 1.330 Loaded shared library C:\Program Files\Microsoft\jdk-17.0.13.11-hotspot\bin\extnet.dll
Event: 1.397 Loaded shared library C:\Program Files\Microsoft\jdk-17.0.13.11-hotspot\bin\sunmscapi.dll

Deoptimization events (20 events):
Event: 20.586 Thread 0x000001af6faa6990 Uncommon trap: trap_request=0xffffff45 fr.pc=0x000001af60950be8 relative=0x0000000000000568
Event: 20.586 Thread 0x000001af6faa6990 Uncommon trap: reason=unstable_if action=reinterpret pc=0x000001af60950be8 method=org.gradle.internal.logging.text.AbstractLineChoppingStyledTextOutput$2.execute(Lorg/gradle/internal/logging/text/AbstractLineChoppingStyledTextOutput$StateContext;)V @ 34 c
Event: 20.586 Thread 0x000001af6faa6990 DEOPT PACKING pc=0x000001af60950be8 sp=0x00000041557fe780
Event: 20.586 Thread 0x000001af6faa6990 DEOPT UNPACKING pc=0x000001af603569a3 sp=0x00000041557fe618 mode 2
Event: 20.598 Thread 0x000001af6faa6990 Uncommon trap: trap_request=0xffffff45 fr.pc=0x000001af6094f35c relative=0x000000000000057c
Event: 20.598 Thread 0x000001af6faa6990 Uncommon trap: reason=unstable_if action=reinterpret pc=0x000001af6094f35c method=org.gradle.internal.logging.text.AbstractLineChoppingStyledTextOutput$2.execute(Lorg/gradle/internal/logging/text/AbstractLineChoppingStyledTextOutput$StateContext;)V @ 34 c
Event: 20.598 Thread 0x000001af6faa6990 DEOPT PACKING pc=0x000001af6094f35c sp=0x00000041557fe3f0
Event: 20.598 Thread 0x000001af6faa6990 DEOPT UNPACKING pc=0x000001af603569a3 sp=0x00000041557fe2e0 mode 2
Event: 20.608 Thread 0x000001af6faa6990 Uncommon trap: trap_request=0xffffff45 fr.pc=0x000001af6094ff90 relative=0x00000000000003b0
Event: 20.608 Thread 0x000001af6faa6990 Uncommon trap: reason=unstable_if action=reinterpret pc=0x000001af6094ff90 method=org.gradle.internal.logging.text.AbstractLineChoppingStyledTextOutput$2.execute(Lorg/gradle/internal/logging/text/AbstractLineChoppingStyledTextOutput$StateContext;)V @ 34 c
Event: 20.608 Thread 0x000001af6faa6990 DEOPT PACKING pc=0x000001af6094ff90 sp=0x00000041557fe6c0
Event: 20.608 Thread 0x000001af6faa6990 DEOPT UNPACKING pc=0x000001af603569a3 sp=0x00000041557fe680 mode 2
Event: 27.787 Thread 0x000001af5128eca0 Uncommon trap: trap_request=0xffffff45 fr.pc=0x000001af609585fc relative=0x000000000000015c
Event: 27.787 Thread 0x000001af5128eca0 Uncommon trap: reason=unstable_if action=reinterpret pc=0x000001af609585fc method=com.esotericsoftware.kryo.io.Input.require(I)I @ 180 c2
Event: 27.787 Thread 0x000001af5128eca0 DEOPT PACKING pc=0x000001af609585fc sp=0x00000041540fd0f0
Event: 27.787 Thread 0x000001af5128eca0 DEOPT UNPACKING pc=0x000001af603569a3 sp=0x00000041540fd098 mode 2
Event: 27.794 Thread 0x000001af5128eca0 DEOPT PACKING pc=0x000001af59028d4a sp=0x00000041540f8720
Event: 27.794 Thread 0x000001af5128eca0 DEOPT UNPACKING pc=0x000001af60357143 sp=0x00000041540f7c30 mode 0
Event: 27.795 Thread 0x000001af5128eca0 DEOPT PACKING pc=0x000001af59028d29 sp=0x00000041540f8650
Event: 27.795 Thread 0x000001af5128eca0 DEOPT UNPACKING pc=0x000001af60357143 sp=0x00000041540f7b60 mode 0

Classes loaded (20 events):
Event: 20.371 Loading class java/io/Bits
Event: 20.371 Loading class java/io/Bits done
Event: 27.786 Loading class sun/net/ConnectionResetException
Event: 27.786 Loading class sun/net/ConnectionResetException done
Event: 27.790 Loading class java/nio/file/FileChannelLinesSpliterator
Event: 27.790 Loading class java/nio/file/FileChannelLinesSpliterator done
Event: 27.791 Loading class sun/nio/fs/WindowsSecurityDescriptor
Event: 27.791 Loading class sun/nio/fs/WindowsSecurityDescriptor done
Event: 27.791 Loading class sun/nio/fs/WindowsChannelFactory
Event: 27.791 Loading class sun/nio/fs/WindowsChannelFactory done
Event: 27.791 Loading class sun/nio/fs/WindowsChannelFactory$1
Event: 27.791 Loading class sun/nio/fs/WindowsChannelFactory$1 done
Event: 27.791 Loading class sun/nio/fs/WindowsChannelFactory$Flags
Event: 27.791 Loading class sun/nio/fs/WindowsChannelFactory$Flags done
Event: 27.791 Loading class sun/nio/fs/WindowsChannelFactory$2
Event: 27.791 Loading class sun/nio/fs/WindowsChannelFactory$2 done
Event: 27.791 Loading class sun/nio/ch/FileChannelImpl$Closer
Event: 27.791 Loading class sun/nio/ch/FileChannelImpl$Closer done
Event: 27.793 Loading class java/util/stream/Streams$1
Event: 27.793 Loading class java/util/stream/Streams$1 done

Classes unloaded (0 events):
No events

Classes redefined (0 events):
No events

Internal exceptions (20 events):
Event: 0.816 Thread 0x000001af5128eca0 Exception <a 'java/lang/NoSuchMethodError'{0x00000000ffbbfdd0}: 'java.lang.Object java.lang.invoke.DirectMethodHandle$Holder.invokeStaticInit(java.lang.Object)'> (0x00000000ffbbfdd0) 
thrown [s\src\hotspot\share\interpreter\linkResolver.cpp, line 759]
Event: 0.825 Thread 0x000001af5128eca0 Exception <a 'java/lang/NoSuchMethodError'{0x00000000ffbdabc0}: 'int java.lang.invoke.DirectMethodHandle$Holder.invokeSpecial(java.lang.Object, java.lang.Object, java.lang.Object)'> (0x00000000ffbdabc0) 
thrown [s\src\hotspot\share\interpreter\linkResolver.cpp, line 759]
Event: 0.857 Thread 0x000001af5128eca0 Exception <a 'java/lang/NoSuchMethodError'{0x00000000ff938f90}: 'void java.lang.invoke.DirectMethodHandle$Holder.invokeStatic(java.lang.Object, java.lang.Object)'> (0x00000000ff938f90) 
thrown [s\src\hotspot\share\interpreter\linkResolver.cpp, line 759]
Event: 0.859 Thread 0x000001af5128eca0 Implicit null exception at 0x000001af6090620f to 0x000001af6090679c
Event: 0.859 Thread 0x000001af5128eca0 Implicit null exception at 0x000001af6090218f to 0x000001af60902714
Event: 0.884 Thread 0x000001af5128eca0 Exception <a 'java/lang/NoClassDefFoundError'{0x00000000ff9b54d8}: org/slf4j/impl/StaticMarkerBinder> (0x00000000ff9b54d8) 
thrown [s\src\hotspot\share\classfile\systemDictionary.cpp, line 245]
Event: 0.905 Thread 0x000001af5128eca0 Exception <a 'java/lang/NoSuchMethodError'{0x00000000ff8644c8}: 'java.lang.Object java.lang.invoke.Invokers$Holder.invoker(java.lang.Object, java.lang.Object, java.lang.Object)'> (0x00000000ff8644c8) 
thrown [s\src\hotspot\share\interpreter\linkResolver.cpp, line 759]
Event: 0.906 Thread 0x000001af5128eca0 Exception <a 'java/lang/NoSuchMethodError'{0x00000000ff86d6a0}: 'java.lang.Object java.lang.invoke.DirectMethodHandle$Holder.invokeStatic(java.lang.Object, java.lang.Object, int)'> (0x00000000ff86d6a0) 
thrown [s\src\hotspot\share\interpreter\linkResolver.cpp, line 759]
Event: 0.908 Thread 0x000001af5128eca0 Exception <a 'java/lang/NoSuchMethodError'{0x00000000ff879390}: 'void java.lang.invoke.DelegatingMethodHandle$Holder.delegate(java.lang.Object, java.lang.Object, int, java.lang.Object)'> (0x00000000ff879390) 
thrown [s\src\hotspot\share\interpreter\linkResolver.cpp, line 759]
Event: 0.911 Thread 0x000001af5128eca0 Exception <a 'java/lang/NoSuchMethodError'{0x00000000ff88ccc0}: 'java.lang.Object java.lang.invoke.Invokers$Holder.invokeExact_MT(java.lang.Object, java.lang.Object, java.lang.Object, java.lang.Object)'> (0x00000000ff88ccc0) 
thrown [s\src\hotspot\share\interpreter\linkResolver.cpp, line 759]
Event: 0.916 Thread 0x000001af5128eca0 Exception <a 'java/lang/NoSuchMethodError'{0x00000000ff8b1c30}: 'java.lang.Object java.lang.invoke.DirectMethodHandle$Holder.invokeVirtual(java.lang.Object, java.lang.Object, java.lang.Object)'> (0x00000000ff8b1c30) 
thrown [s\src\hotspot\share\interpreter\linkResolver.cpp, line 759]
Event: 1.018 Thread 0x000001af5128eca0 Exception <a 'java/lang/NoSuchMethodError'{0x00000000ff4d18d0}: 'java.lang.Object java.lang.invoke.DirectMethodHandle$Holder.newInvokeSpecial(java.lang.Object, java.lang.Object, java.lang.Object, java.lang.Object, java.lang.Object)'> (0x00000000ff4d18d0) 
thrown [s\src\hotspot\share\interpreter\linkResolver.cpp, line 759]
Event: 1.041 Thread 0x000001af5128eca0 Exception <a 'java/lang/NoSuchMethodError'{0x00000000ff3e4cd0}: 'void java.lang.invoke.DirectMethodHandle$Holder.invokeSpecial(java.lang.Object, java.lang.Object, java.lang.Object)'> (0x00000000ff3e4cd0) 
thrown [s\src\hotspot\share\interpreter\linkResolver.cpp, line 759]
Event: 1.063 Thread 0x000001af5128eca0 Exception <a 'java/lang/NoSuchMethodError'{0x00000000ff2cf668}: 'int java.lang.invoke.DirectMethodHandle$Holder.invokeVirtual(java.lang.Object, java.lang.Object, java.lang.Object)'> (0x00000000ff2cf668) 
thrown [s\src\hotspot\share\interpreter\linkResolver.cpp, line 759]
Event: 1.121 Thread 0x000001af5128eca0 Exception <a 'java/lang/NoSuchMethodError'{0x00000000feffa020}: 'java.lang.Object java.lang.invoke.DirectMethodHandle$Holder.invokeSpecialIFC(java.lang.Object, java.lang.Object, java.lang.Object, java.lang.Object)'> (0x00000000feffa020) 
thrown [s\src\hotspot\share\interpreter\linkResolver.cpp, line 759]
Event: 1.175 Thread 0x000001af5128eca0 Exception <a 'java/lang/NoSuchMethodError'{0x00000000fecc69c8}: 'java.lang.Object java.lang.invoke.DirectMethodHandle$Holder.invokeStaticInit(java.lang.Object, int, int, int, int)'> (0x00000000fecc69c8) 
thrown [s\src\hotspot\share\interpreter\linkResolver.cpp, line 759]
Event: 1.227 Thread 0x000001af5128eca0 Exception <a 'java/lang/NoSuchMethodError'{0x00000000fe847918}: 'java.lang.Object java.lang.invoke.DirectMethodHandle$Holder.invokeStaticInit(java.lang.Object, java.lang.Object, int, int, int, int)'> (0x00000000fe847918) 
thrown [s\src\hotspot\share\interpreter\linkResolver.cpp, line 759]
Event: 1.331 Thread 0x000001af5128eca0 Exception <a 'java/lang/NoSuchMethodError'{0x00000000fe87ac38}: 'void java.lang.invoke.DirectMethodHandle$Holder.invokeStatic(java.lang.Object, java.lang.Object, java.lang.Object)'> (0x00000000fe87ac38) 
thrown [s\src\hotspot\share\interpreter\linkResolver.cpp, line 759]
Event: 1.353 Thread 0x000001af5128eca0 Implicit null exception at 0x000001af608e3172 to 0x000001af608e378c
Event: 27.787 Thread 0x000001af5128eca0 Exception <a 'sun/net/ConnectionResetException'{0x00000000fe4e9008}: Connection reset> (0x00000000fe4e9008) 
thrown [s\src\hotspot\share\prims\jni.cpp, line 535]

VM Operations (20 events):
Event: 10.087 Executing VM operation: Cleanup
Event: 10.087 Executing VM operation: Cleanup done
Event: 13.092 Executing VM operation: Cleanup
Event: 13.092 Executing VM operation: Cleanup done
Event: 14.093 Executing VM operation: Cleanup
Event: 14.093 Executing VM operation: Cleanup done
Event: 15.108 Executing VM operation: Cleanup
Event: 15.108 Executing VM operation: Cleanup done
Event: 16.114 Executing VM operation: Cleanup
Event: 16.114 Executing VM operation: Cleanup done
Event: 19.136 Executing VM operation: Cleanup
Event: 19.136 Executing VM operation: Cleanup done
Event: 21.147 Executing VM operation: Cleanup
Event: 21.147 Executing VM operation: Cleanup done
Event: 22.147 Executing VM operation: Cleanup
Event: 22.147 Executing VM operation: Cleanup done
Event: 25.165 Executing VM operation: Cleanup
Event: 25.165 Executing VM operation: Cleanup done
Event: 27.190 Executing VM operation: Cleanup
Event: 27.190 Executing VM operation: Cleanup done

Memory protections (0 events):
No events

Nmethod flushes (0 events):
No events

Events (15 events):
Event: 0.023 Thread 0x000001af5128eca0 Thread added: 0x000001af5128eca0
Event: 0.025 Thread 0x000001af5128eca0 Thread added: 0x000001af6a4011d0
Event: 0.025 Thread 0x000001af5128eca0 Thread added: 0x000001af6a402050
Event: 0.034 Thread 0x000001af5128eca0 Thread added: 0x000001af6a418c20
Event: 0.034 Thread 0x000001af5128eca0 Thread added: 0x000001af6a41a950
Event: 0.034 Thread 0x000001af5128eca0 Thread added: 0x000001af6a41ebd0
Event: 0.034 Thread 0x000001af5128eca0 Thread added: 0x000001af6a41fd30
Event: 0.034 Thread 0x000001af5128eca0 Thread added: 0x000001af6a424770
Event: 0.034 Thread 0x000001af5128eca0 Thread added: 0x000001af6a4279d0
Event: 0.034 Thread 0x000001af5128eca0 Thread added: 0x000001af6a428b70
Event: 0.049 Thread 0x000001af5128eca0 Thread added: 0x000001af6a561880
Event: 0.051 Thread 0x000001af5128eca0 Thread added: 0x000001af6a588030
Event: 0.371 Thread 0x000001af6a4279d0 Thread added: 0x000001af6a6ab050
Event: 0.975 Thread 0x000001af5128eca0 Thread added: 0x000001af6faa6990
Event: 1.340 Thread 0x000001af6a6ab050 Thread exited: 0x000001af6a6ab050


Dynamic libraries:
0x00007ff71eda0000 - 0x00007ff71edae000 	C:\Program Files\Microsoft\jdk-17.0.13.11-hotspot\bin\java.exe
0x00007ffd1f0d0000 - 0x00007ffd1f2c8000 	C:\WINDOWS\SYSTEM32\ntdll.dll
0x00007ffd1dd80000 - 0x00007ffd1de42000 	C:\WINDOWS\System32\KERNEL32.DLL
0x00007ffd1c840000 - 0x00007ffd1cb3e000 	C:\WINDOWS\System32\KERNELBASE.dll
0x00007ffd1cc80000 - 0x00007ffd1cd80000 	C:\WINDOWS\System32\ucrtbase.dll
0x00007ffd11060000 - 0x00007ffd11077000 	C:\Program Files\Microsoft\jdk-17.0.13.11-hotspot\bin\jli.dll
0x00007ffd06140000 - 0x00007ffd0615d000 	C:\Program Files\Microsoft\jdk-17.0.13.11-hotspot\bin\VCRUNTIME140.dll
0x00007ffd1e690000 - 0x00007ffd1e82d000 	C:\WINDOWS\System32\USER32.dll
0x00007ffd1c810000 - 0x00007ffd1c832000 	C:\WINDOWS\System32\win32u.dll
0x00007ffd01fe0000 - 0x00007ffd0227a000 	C:\WINDOWS\WinSxS\amd64_microsoft.windows.common-controls_6595b64144ccf1df_6.0.19041.4355_none_60b8b9eb71f62e16\COMCTL32.dll
0x00007ffd1e1b0000 - 0x00007ffd1e1db000 	C:\WINDOWS\System32\GDI32.dll
0x00007ffd1d870000 - 0x00007ffd1d90e000 	C:\WINDOWS\System32\msvcrt.dll
0x00007ffd1cee0000 - 0x00007ffd1cff7000 	C:\WINDOWS\System32\gdi32full.dll
0x00007ffd1d050000 - 0x00007ffd1d0ed000 	C:\WINDOWS\System32\msvcp_win.dll
0x00007ffd1de50000 - 0x00007ffd1de7f000 	C:\WINDOWS\System32\IMM32.DLL
0x00007ffd13af0000 - 0x00007ffd13afc000 	C:\Program Files\Microsoft\jdk-17.0.13.11-hotspot\bin\vcruntime140_1.dll
0x00007ffceff00000 - 0x00007ffceff8d000 	C:\Program Files\Microsoft\jdk-17.0.13.11-hotspot\bin\msvcp140.dll
0x00007ffcd1120000 - 0x00007ffcd1d91000 	C:\Program Files\Microsoft\jdk-17.0.13.11-hotspot\bin\server\jvm.dll
0x00007ffd1e090000 - 0x00007ffd1e141000 	C:\WINDOWS\System32\ADVAPI32.dll
0x00007ffd1ef90000 - 0x00007ffd1f02f000 	C:\WINDOWS\System32\sechost.dll
0x00007ffd1e430000 - 0x00007ffd1e553000 	C:\WINDOWS\System32\RPCRT4.dll
0x00007ffd1c7e0000 - 0x00007ffd1c807000 	C:\WINDOWS\System32\bcrypt.dll
0x00007ffd1e830000 - 0x00007ffd1e89b000 	C:\WINDOWS\System32\WS2_32.dll
0x00007ffd1bcb0000 - 0x00007ffd1bcfb000 	C:\WINDOWS\SYSTEM32\POWRPROF.dll
0x00007ffd0f560000 - 0x00007ffd0f56a000 	C:\WINDOWS\SYSTEM32\VERSION.dll
0x00007ffd062e0000 - 0x00007ffd06307000 	C:\WINDOWS\SYSTEM32\WINMM.dll
0x00007ffd1bb70000 - 0x00007ffd1bb82000 	C:\WINDOWS\SYSTEM32\UMPDC.dll
0x00007ffd1afe0000 - 0x00007ffd1aff2000 	C:\WINDOWS\SYSTEM32\kernel.appcore.dll
0x00007ffd11a10000 - 0x00007ffd11a1a000 	C:\Program Files\Microsoft\jdk-17.0.13.11-hotspot\bin\jimage.dll
0x00007ffd193a0000 - 0x00007ffd19584000 	C:\WINDOWS\SYSTEM32\DBGHELP.DLL
0x00007ffcfea80000 - 0x00007ffcfeab4000 	C:\WINDOWS\SYSTEM32\dbgcore.DLL
0x00007ffd1cb40000 - 0x00007ffd1cbc2000 	C:\WINDOWS\System32\bcryptPrimitives.dll
0x00007ffcfee00000 - 0x00007ffcfee25000 	C:\Program Files\Microsoft\jdk-17.0.13.11-hotspot\bin\java.dll
0x00007ffceec00000 - 0x00007ffceecd7000 	C:\Program Files\Microsoft\jdk-17.0.13.11-hotspot\bin\jsvml.dll
0x00007ffd1d0f0000 - 0x00007ffd1d85d000 	C:\WINDOWS\System32\SHELL32.dll
0x00007ffd1a7a0000 - 0x00007ffd1af44000 	C:\WINDOWS\SYSTEM32\windows.storage.dll
0x00007ffd1eae0000 - 0x00007ffd1ee33000 	C:\WINDOWS\System32\combase.dll
0x00007ffd1c1a0000 - 0x00007ffd1c1ce000 	C:\WINDOWS\SYSTEM32\Wldp.dll
0x00007ffd1eec0000 - 0x00007ffd1ef8d000 	C:\WINDOWS\System32\OLEAUT32.dll
0x00007ffd1e900000 - 0x00007ffd1e9ad000 	C:\WINDOWS\System32\SHCORE.dll
0x00007ffd1e150000 - 0x00007ffd1e1a5000 	C:\WINDOWS\System32\shlwapi.dll
0x00007ffd1c6a0000 - 0x00007ffd1c6c4000 	C:\WINDOWS\SYSTEM32\profapi.dll
0x00007ffd04bc0000 - 0x00007ffd04bda000 	C:\Program Files\Microsoft\jdk-17.0.13.11-hotspot\bin\net.dll
0x00007ffd19ad0000 - 0x00007ffd19bdd000 	C:\WINDOWS\SYSTEM32\WINHTTP.dll
0x00007ffd1bf00000 - 0x00007ffd1bf6a000 	C:\WINDOWS\system32\mswsock.dll
0x00007ffd029f0000 - 0x00007ffd02a06000 	C:\Program Files\Microsoft\jdk-17.0.13.11-hotspot\bin\nio.dll
0x00007ffcff6f0000 - 0x00007ffcff708000 	C:\Program Files\Microsoft\jdk-17.0.13.11-hotspot\bin\zip.dll
0x00007ffd17f00000 - 0x00007ffd17f10000 	C:\Program Files\Microsoft\jdk-17.0.13.11-hotspot\bin\verify.dll
0x00007ffd10db0000 - 0x00007ffd10dba000 	C:\Program Files\Microsoft\jdk-17.0.13.11-hotspot\bin\management.dll
0x00007ffd10cf0000 - 0x00007ffd10cfb000 	C:\Program Files\Microsoft\jdk-17.0.13.11-hotspot\bin\management_ext.dll
0x00007ffd1d860000 - 0x00007ffd1d868000 	C:\WINDOWS\System32\PSAPI.DLL
0x00007ffd16ff0000 - 0x00007ffd17017000 	C:\Users\aliah\.gradle\native\c067742578af261105cb4f569cf0c3c89f3d7b1fecec35dd04571415982c5e48\windows-amd64\native-platform.dll
0x00007ffd170e0000 - 0x00007ffd170ea000 	C:\Users\aliah\.gradle\native\jansi\1.18\windows64\jansi.dll
0x00007ffd1c0f0000 - 0x00007ffd1c108000 	C:\WINDOWS\SYSTEM32\CRYPTSP.dll
0x00007ffd1b7b0000 - 0x00007ffd1b7e4000 	C:\WINDOWS\system32\rsaenh.dll
0x00007ffd1c660000 - 0x00007ffd1c68e000 	C:\WINDOWS\SYSTEM32\USERENV.dll
0x00007ffd1c110000 - 0x00007ffd1c11c000 	C:\WINDOWS\SYSTEM32\CRYPTBASE.dll
0x00007ffd1bb90000 - 0x00007ffd1bbcb000 	C:\WINDOWS\SYSTEM32\IPHLPAPI.DLL
0x00007ffd1e680000 - 0x00007ffd1e688000 	C:\WINDOWS\System32\NSI.dll
0x00007ffd13500000 - 0x00007ffd13517000 	C:\WINDOWS\SYSTEM32\dhcpcsvc6.DLL
0x00007ffd136b0000 - 0x00007ffd136cd000 	C:\WINDOWS\SYSTEM32\dhcpcsvc.DLL
0x00007ffd1bbd0000 - 0x00007ffd1bc9a000 	C:\WINDOWS\SYSTEM32\DNSAPI.dll
0x00007ffd05d80000 - 0x00007ffd05d89000 	C:\Program Files\Microsoft\jdk-17.0.13.11-hotspot\bin\extnet.dll
0x00007ffd08530000 - 0x00007ffd0853e000 	C:\Program Files\Microsoft\jdk-17.0.13.11-hotspot\bin\sunmscapi.dll
0x00007ffd1cd80000 - 0x00007ffd1cedc000 	C:\WINDOWS\System32\CRYPT32.dll
0x00007ffd1c210000 - 0x00007ffd1c237000 	C:\WINDOWS\SYSTEM32\ncrypt.dll
0x00007ffd1c1d0000 - 0x00007ffd1c20b000 	C:\WINDOWS\SYSTEM32\NTASN1.dll
0x00007ffd00d00000 - 0x00007ffd00d07000 	C:\WINDOWS\system32\wshunix.dll

dbghelp: loaded successfully - version: 4.0.5 - missing functions: none
symbol engine: initialized successfully - sym options: 0x614 - pdb path: .;C:\Program Files\Microsoft\jdk-17.0.13.11-hotspot\bin;C:\WINDOWS\SYSTEM32;C:\WINDOWS\WinSxS\amd64_microsoft.windows.common-controls_6595b64144ccf1df_6.0.19041.4355_none_60b8b9eb71f62e16;C:\Program Files\Microsoft\jdk-17.0.13.11-hotspot\bin\server;C:\Users\aliah\.gradle\native\c067742578af261105cb4f569cf0c3c89f3d7b1fecec35dd04571415982c5e48\windows-amd64;C:\Users\aliah\.gradle\native\jansi\1.18\windows64

VM Arguments:
jvm_args: -Xmx64m -Xms64m -Dorg.gradle.appname=gradlew 
java_command: org.gradle.wrapper.GradleWrapperMain app:installDebug -PreactNativeDevServerPort=8081
java_class_path (initial): D:\React Native\MyProject\android\\gradle\wrapper\gradle-wrapper.jar
Launcher Type: SUN_STANDARD

[Global flags]
     intx CICompilerCount                          = 3                                         {product} {ergonomic}
     uint ConcGCThreads                            = 1                                         {product} {ergonomic}
     uint G1ConcRefinementThreads                  = 4                                         {product} {ergonomic}
   size_t G1HeapRegionSize                         = 1048576                                   {product} {ergonomic}
    uintx GCDrainStackTargetSize                   = 64                                        {product} {ergonomic}
   size_t InitialHeapSize                          = 67108864                                  {product} {command line}
   size_t MarkStackSize                            = 4194304                                   {product} {ergonomic}
   size_t MaxHeapSize                              = 67108864                                  {product} {command line}
   size_t MaxNewSize                               = 39845888                                  {product} {ergonomic}
   size_t MinHeapDeltaBytes                        = 1048576                                   {product} {ergonomic}
   size_t MinHeapSize                              = 67108864                                  {product} {command line}
    uintx NonNMethodCodeHeapSize                   = 5832780                                {pd product} {ergonomic}
    uintx NonProfiledCodeHeapSize                  = 122912730                              {pd product} {ergonomic}
    uintx ProfiledCodeHeapSize                     = 122912730                              {pd product} {ergonomic}
    uintx ReservedCodeCacheSize                    = 251658240                              {pd product} {ergonomic}
     bool SegmentedCodeCache                       = true                                      {product} {ergonomic}
   size_t SoftMaxHeapSize                          = 67108864                               {manageable} {ergonomic}
     bool UseCompressedClassPointers               = true                           {product lp64_product} {ergonomic}
     bool UseCompressedOops                        = true                           {product lp64_product} {ergonomic}
     bool UseG1GC                                  = true                                      {product} {ergonomic}
     bool UseLargePagesIndividualAllocation        = false                                  {pd product} {ergonomic}

Logging:
Log output configuration:
 #0: stdout all=warning uptime,level,tags
 #1: stderr all=off uptime,level,tags

Environment Variables:
JAVA_HOME=C:\Program Files\Microsoft\jdk-17.0.13.11-hotspot\
CLASSPATH=D:\React Native\MyProject\android\\gradle\wrapper\gradle-wrapper.jar
PATH=D:\React Native\MyProject\node_modules\.bin;D:\React Native\MyProject\node_modules\.bin;D:\React Native\node_modules\.bin;D:\node_modules\.bin;C:\Users\aliah\AppData\Roaming\npm\node_modules\npm\node_modules\@npmcli\run-script\lib\node-gyp-bin;C:\Program Files\Microsoft\jdk-17.0.13.11-hotspot\bin;C:\WINDOWS\system32;C:\WINDOWS;C:\WINDOWS\System32\Wbem;C:\WINDOWS\System32\WindowsPowerShell\v1.0\;C:\WINDOWS\System32\OpenSSH\;C:\Program Files\nodejs\;C:\Program Files\Git\cmd;C:\Users\aliah\AppData\Local\Android\Sdk\emulator;C:\Users\aliah\AppData\Local\Android\Sdk;C:\Users\aliah\AppData\Local\Android\Sdk\platform-tools;C:\ProgramData\chocolatey\bin;D:\React Native\MyProject\android\gradle-8.11.1\bin;C:\Users\aliah\AppData\Local\Microsoft\WindowsApps;C:\Users\aliah\AppData\Local\Programs\Microsoft VS Code\bin;C:\Users\aliah\AppData\Roaming\npm;C:\Program Files\Microsoft\jdk-17.0.13.11-hotspot\bin;D:\React Native\MyProject\android\gradle-8.11.1\bin;
USERNAME=aliah
OS=Windows_NT
PROCESSOR_IDENTIFIER=Intel64 Family 6 Model 142 Stepping 9, GenuineIntel
TMP=C:\Users\aliah\AppData\Local\Temp
TEMP=C:\Users\aliah\AppData\Local\Temp



Periodic native trim disabled


---------------  S Y S T E M  ---------------

OS:
 Windows 10 , 64 bit Build 19041 (10.0.19041.5198)
OS uptime: 8 days 10:18 hours

CPU: total 4 (initial active 4) (2 cores per cpu, 2 threads per core) family 6 model 142 stepping 9 microcode 0xf0, cx8, cmov, fxsr, ht, mmx, 3dnowpref, sse, sse2, sse3, ssse3, sse4.1, sse4.2, popcnt, lzcnt, tsc, tscinvbit, avx, avx2, aes, erms, clmul, bmi1, bmi2, adx, fma, vzeroupper, clflush, clflushopt
Processor Information for the first 4 processors :
  Max Mhz: 2904, Current Mhz: 2703, Mhz Limit: 2700

Memory: 4k page, system-wide physical 8042M (966M free)
TotalPageFile size 12138M (AvailPageFile size 9M)
current process WorkingSet (physical memory assigned to process): 96M, peak: 99M
current process commit charge ("private bytes"): 157M, peak: 162M

vm_info: OpenJDK 64-Bit Server VM (17.0.13+11-LTS) for windows-amd64 JRE (17.0.13+11-LTS), built on Oct 11 2024 23:25:05 by "MicrosoftCorporation" with unknown MS VC++:1939

END.
