#
# There is insufficient memory for the Java Runtime Environment to continue.
# Native memory allocation (malloc) failed to allocate 733584 bytes. Error detail: Chunk::new
# Possible reasons:
#   The system is out of physical RAM or swap space
#   This process is running with CompressedOops enabled, and the Java Heap may be blocking the growth of the native heap
# Possible solutions:
#   Reduce memory load on the system
#   Increase physical memory or swap space
#   Check if swap backing store is full
#   Decrease Java heap size (-Xmx/-Xms)
#   Decrease number of Java threads
#   Decrease Java thread stack sizes (-Xss)
#   Set larger code cache with -XX:ReservedCodeCacheSize=
#   JVM is running with Unscaled Compressed Oops mode in which the Java heap is
#     placed in the first 4GB address space. The Java Heap base address is the
#     maximum limit for the native heap growth. Please use -XX:HeapBaseMinAddress
#     to set the Java Heap base and to place the Java Heap above 4GB virtual address.
# This output file may be truncated or incomplete.
#
#  Out of Memory Error (arena.cpp:191), pid=8612, tid=5004
#
# JRE version: OpenJDK Runtime Environment Microsoft-10376486 (17.0.13+11) (build 17.0.13+11-LTS)
# Java VM: OpenJDK 64-Bit Server VM Microsoft-10376486 (17.0.13+11-LTS, mixed mode, sharing, tiered, compressed oops, compressed class ptrs, g1 gc, windows-amd64)
# No core dump will be written. Minidumps are not enabled by default on client versions of Windows
#

---------------  S U M M A R Y ------------

Command Line: -Xmx64m -Xms64m -Dorg.gradle.appname=gradlew org.gradle.wrapper.GradleWrapperMain app:installDebug -PreactNativeDevServerPort=8081

Host: Intel(R) Core(TM) i7-7500U CPU @ 2.70GHz, 4 cores, 7G,  Windows 10 , 64 bit Build 19041 (10.0.19041.5198)
Time: Wed Feb 12 19:48:15 2025 Pakistan Standard Time elapsed time: 70.855343 seconds (0d 0h 1m 10s)

---------------  T H R E A D  ---------------

Current thread (0x000001e249d6fe70):  JavaThread "C2 CompilerThread0" daemon [_thread_in_native, id=5004, stack(0x0000000446500000,0x0000000446600000)]


Current CompileTask:
C2:  70855 1902       4       org.gradle.internal.logging.text.AbstractLineChoppingStyledTextOutput::doAppend (43 bytes)

Stack: [0x0000000446500000,0x0000000446600000]
Native frames: (J=compiled Java code, j=interpreted, Vv=VM code, C=native code)
V  [jvm.dll+0x687fc9]
V  [jvm.dll+0x83eeb8]
V  [jvm.dll+0x840963]
V  [jvm.dll+0x840fd3]
V  [jvm.dll+0x24951f]
V  [jvm.dll+0xad0c4]
V  [jvm.dll+0xad75c]
V  [jvm.dll+0x36aafe]
V  [jvm.dll+0x1bcd72]
V  [jvm.dll+0x21a8bc]
V  [jvm.dll+0x219b7f]
V  [jvm.dll+0x1a5506]
V  [jvm.dll+0x22a1ca]
V  [jvm.dll+0x22830b]
V  [jvm.dll+0x7f4708]
V  [jvm.dll+0x7eea6c]
V  [jvm.dll+0x686ea7]
C  [ucrtbase.dll+0x21bb2]
C  [KERNEL32.DLL+0x17374]
C  [ntdll.dll+0x4cc91]


---------------  P R O C E S S  ---------------

Threads class SMR info:
_java_thread_list=0x000001e290100220, length=13, elements={
0x000001e230ba2d20, 0x000001e249d4d560, 0x000001e249d4e0f0, 0x000001e249d646a0,
0x000001e249d65230, 0x000001e249d682c0, 0x000001e249d6b340, 0x000001e249d6fe70,
0x000001e249d70f20, 0x000001e249d747f0, 0x000001e28f089ab0, 0x000001e28f096270,
0x000001e28fe07f20
}

Java Threads: ( => current thread )
  0x000001e230ba2d20 JavaThread "main" [_thread_in_native, id=13624, stack(0x0000000445800000,0x0000000445900000)]
  0x000001e249d4d560 JavaThread "Reference Handler" daemon [_thread_blocked, id=15296, stack(0x0000000445f00000,0x0000000446000000)]
  0x000001e249d4e0f0 JavaThread "Finalizer" daemon [_thread_blocked, id=4660, stack(0x0000000446000000,0x0000000446100000)]
  0x000001e249d646a0 JavaThread "Signal Dispatcher" daemon [_thread_blocked, id=2944, stack(0x0000000446100000,0x0000000446200000)]
  0x000001e249d65230 JavaThread "Attach Listener" daemon [_thread_blocked, id=3660, stack(0x0000000446200000,0x0000000446300000)]
  0x000001e249d682c0 JavaThread "Service Thread" daemon [_thread_blocked, id=15180, stack(0x0000000446300000,0x0000000446400000)]
  0x000001e249d6b340 JavaThread "Monitor Deflation Thread" daemon [_thread_blocked, id=8196, stack(0x0000000446400000,0x0000000446500000)]
=>0x000001e249d6fe70 JavaThread "C2 CompilerThread0" daemon [_thread_in_native, id=5004, stack(0x0000000446500000,0x0000000446600000)]
  0x000001e249d70f20 JavaThread "C1 CompilerThread0" daemon [_thread_blocked, id=2692, stack(0x0000000446600000,0x0000000446700000)]
  0x000001e249d747f0 JavaThread "Sweeper thread" daemon [_thread_blocked, id=15792, stack(0x0000000446700000,0x0000000446800000)]
  0x000001e28f089ab0 JavaThread "Notification Thread" daemon [_thread_blocked, id=10564, stack(0x0000000446800000,0x0000000446900000)]
  0x000001e28f096270 JavaThread "Common-Cleaner" daemon [_thread_blocked, id=5444, stack(0x0000000446a00000,0x0000000446b00000)]
  0x000001e28fe07f20 JavaThread "pool-1-thread-1" [_thread_blocked, id=3280, stack(0x0000000446f00000,0x0000000447000000)]

Other Threads:
  0x000001e249d49920 VMThread "VM Thread" [stack: 0x0000000445e00000,0x0000000445f00000] [id=16300]
  0x000001e28f095fd0 WatcherThread [stack: 0x0000000446900000,0x0000000446a00000] [id=1916]
  0x000001e230bc1e20 GCTaskThread "GC Thread#0" [stack: 0x0000000445900000,0x0000000445a00000] [id=8988]
  0x000001e28f20dbf0 GCTaskThread "GC Thread#1" [stack: 0x0000000446c00000,0x0000000446d00000] [id=3780]
  0x000001e28f2332b0 GCTaskThread "GC Thread#2" [stack: 0x0000000446d00000,0x0000000446e00000] [id=7212]
  0x000001e28f31af00 GCTaskThread "GC Thread#3" [stack: 0x0000000446e00000,0x0000000446f00000] [id=6004]
  0x000001e230bc3380 ConcurrentGCThread "G1 Main Marker" [stack: 0x0000000445a00000,0x0000000445b00000] [id=1704]
  0x000001e230bc3bb0 ConcurrentGCThread "G1 Conc#0" [stack: 0x0000000445b00000,0x0000000445c00000] [id=868]
  0x000001e230c51170 ConcurrentGCThread "G1 Refine#0" [stack: 0x0000000445c00000,0x0000000445d00000] [id=13236]
  0x000001e230c519b0 ConcurrentGCThread "G1 Service" [stack: 0x0000000445d00000,0x0000000445e00000] [id=7908]

Threads with active compile tasks:
C2 CompilerThread0    70887 1902       4       org.gradle.internal.logging.text.AbstractLineChoppingStyledTextOutput::doAppend (43 bytes)

VM state: not at safepoint (normal execution)

VM Mutex/Monitor currently owned by a thread: None

Heap address: 0x00000000fc000000, size: 64 MB, Compressed Oops mode: 32-bit

CDS archive(s) mapped at: [0x000001e24a000000-0x000001e24abb0000-0x000001e24abb0000), size 12255232, SharedBaseAddress: 0x000001e24a000000, ArchiveRelocationMode: 1.
Compressed class space mapped at: 0x000001e24b000000-0x000001e28b000000, reserved size: 1073741824
Narrow klass base: 0x000001e24a000000, Narrow klass shift: 0, Narrow klass range: 0x100000000

GC Precious Log:
 CPUs: 4 total, 4 available
 Memory: 8042M
 Large Page Support: Disabled
 NUMA Support: Disabled
 Compressed Oops: Enabled (32-bit)
 Heap Region Size: 1M
 Heap Min Capacity: 64M
 Heap Initial Capacity: 64M
 Heap Max Capacity: 64M
 Pre-touch: Disabled
 Parallel Workers: 4
 Concurrent Workers: 1
 Concurrent Refinement Workers: 4
 Periodic GC: Disabled

Heap:
 garbage-first heap   total 65536K, used 39155K [0x00000000fc000000, 0x0000000100000000)
  region size 1024K, 33 young (33792K), 3 survivors (3072K)
 Metaspace       used 10284K, committed 10496K, reserved 1114112K
  class space    used 1342K, committed 1408K, reserved 1048576K

Heap Regions: E=young(eden), S=young(survivor), O=old, HS=humongous(starts), HC=humongous(continues), CS=collection set, F=free, OA=open archive, CA=closed archive, TAMS=top-at-mark-start (previous, next)
|   0|0x00000000fc000000, 0x00000000fc100000, 0x00000000fc100000|100%|HS|  |TAMS 0x00000000fc000000, 0x00000000fc000000| Complete 
|   1|0x00000000fc100000, 0x00000000fc200000, 0x00000000fc200000|100%|HC|  |TAMS 0x00000000fc100000, 0x00000000fc100000| Complete 
|   2|0x00000000fc200000, 0x00000000fc300000, 0x00000000fc300000|100%|HC|  |TAMS 0x00000000fc200000, 0x00000000fc200000| Complete 
|   3|0x00000000fc300000, 0x00000000fc400000, 0x00000000fc400000|100%| O|  |TAMS 0x00000000fc300000, 0x00000000fc300000| Untracked 
|   4|0x00000000fc400000, 0x00000000fc500000, 0x00000000fc500000|100%| O|  |TAMS 0x00000000fc400000, 0x00000000fc400000| Untracked 
|   5|0x00000000fc500000, 0x00000000fc600000, 0x00000000fc600000|100%| O|  |TAMS 0x00000000fc500000, 0x00000000fc500000| Untracked 
|   6|0x00000000fc600000, 0x00000000fc63cc00, 0x00000000fc700000| 23%| O|  |TAMS 0x00000000fc600000, 0x00000000fc600000| Untracked 
|   7|0x00000000fc700000, 0x00000000fc700000, 0x00000000fc800000|  0%| F|  |TAMS 0x00000000fc700000, 0x00000000fc700000| Untracked 
|   8|0x00000000fc800000, 0x00000000fc800000, 0x00000000fc900000|  0%| F|  |TAMS 0x00000000fc800000, 0x00000000fc800000| Untracked 
|   9|0x00000000fc900000, 0x00000000fc900000, 0x00000000fca00000|  0%| F|  |TAMS 0x00000000fc900000, 0x00000000fc900000| Untracked 
|  10|0x00000000fca00000, 0x00000000fca00000, 0x00000000fcb00000|  0%| F|  |TAMS 0x00000000fca00000, 0x00000000fca00000| Untracked 
|  11|0x00000000fcb00000, 0x00000000fcb00000, 0x00000000fcc00000|  0%| F|  |TAMS 0x00000000fcb00000, 0x00000000fcb00000| Untracked 
|  12|0x00000000fcc00000, 0x00000000fcc00000, 0x00000000fcd00000|  0%| F|  |TAMS 0x00000000fcc00000, 0x00000000fcc00000| Untracked 
|  13|0x00000000fcd00000, 0x00000000fcd00000, 0x00000000fce00000|  0%| F|  |TAMS 0x00000000fcd00000, 0x00000000fcd00000| Untracked 
|  14|0x00000000fce00000, 0x00000000fce00000, 0x00000000fcf00000|  0%| F|  |TAMS 0x00000000fce00000, 0x00000000fce00000| Untracked 
|  15|0x00000000fcf00000, 0x00000000fcf00000, 0x00000000fd000000|  0%| F|  |TAMS 0x00000000fcf00000, 0x00000000fcf00000| Untracked 
|  16|0x00000000fd000000, 0x00000000fd000000, 0x00000000fd100000|  0%| F|  |TAMS 0x00000000fd000000, 0x00000000fd000000| Untracked 
|  17|0x00000000fd100000, 0x00000000fd100000, 0x00000000fd200000|  0%| F|  |TAMS 0x00000000fd100000, 0x00000000fd100000| Untracked 
|  18|0x00000000fd200000, 0x00000000fd200000, 0x00000000fd300000|  0%| F|  |TAMS 0x00000000fd200000, 0x00000000fd200000| Untracked 
|  19|0x00000000fd300000, 0x00000000fd300000, 0x00000000fd400000|  0%| F|  |TAMS 0x00000000fd300000, 0x00000000fd300000| Untracked 
|  20|0x00000000fd400000, 0x00000000fd400000, 0x00000000fd500000|  0%| F|  |TAMS 0x00000000fd400000, 0x00000000fd400000| Untracked 
|  21|0x00000000fd500000, 0x00000000fd500000, 0x00000000fd600000|  0%| F|  |TAMS 0x00000000fd500000, 0x00000000fd500000| Untracked 
|  22|0x00000000fd600000, 0x00000000fd600000, 0x00000000fd700000|  0%| F|  |TAMS 0x00000000fd600000, 0x00000000fd600000| Untracked 
|  23|0x00000000fd700000, 0x00000000fd700000, 0x00000000fd800000|  0%| F|  |TAMS 0x00000000fd700000, 0x00000000fd700000| Untracked 
|  24|0x00000000fd800000, 0x00000000fd800000, 0x00000000fd900000|  0%| F|  |TAMS 0x00000000fd800000, 0x00000000fd800000| Untracked 
|  25|0x00000000fd900000, 0x00000000fd900000, 0x00000000fda00000|  0%| F|  |TAMS 0x00000000fd900000, 0x00000000fd900000| Untracked 
|  26|0x00000000fda00000, 0x00000000fda00000, 0x00000000fdb00000|  0%| F|  |TAMS 0x00000000fda00000, 0x00000000fda00000| Untracked 
|  27|0x00000000fdb00000, 0x00000000fdb00000, 0x00000000fdc00000|  0%| F|  |TAMS 0x00000000fdb00000, 0x00000000fdb00000| Untracked 
|  28|0x00000000fdc00000, 0x00000000fdc00000, 0x00000000fdd00000|  0%| F|  |TAMS 0x00000000fdc00000, 0x00000000fdc00000| Untracked 
|  29|0x00000000fdd00000, 0x00000000fdd00000, 0x00000000fde00000|  0%| F|  |TAMS 0x00000000fdd00000, 0x00000000fdd00000| Untracked 
|  30|0x00000000fde00000, 0x00000000fde00000, 0x00000000fdf00000|  0%| F|  |TAMS 0x00000000fde00000, 0x00000000fde00000| Untracked 
|  31|0x00000000fdf00000, 0x00000000fe000000, 0x00000000fe000000|100%| E|  |TAMS 0x00000000fdf00000, 0x00000000fdf00000| Complete 
|  32|0x00000000fe000000, 0x00000000fe100000, 0x00000000fe100000|100%| E|CS|TAMS 0x00000000fe000000, 0x00000000fe000000| Complete 
|  33|0x00000000fe100000, 0x00000000fe200000, 0x00000000fe200000|100%| E|CS|TAMS 0x00000000fe100000, 0x00000000fe100000| Complete 
|  34|0x00000000fe200000, 0x00000000fe300000, 0x00000000fe300000|100%| E|CS|TAMS 0x00000000fe200000, 0x00000000fe200000| Complete 
|  35|0x00000000fe300000, 0x00000000fe400000, 0x00000000fe400000|100%| E|CS|TAMS 0x00000000fe300000, 0x00000000fe300000| Complete 
|  36|0x00000000fe400000, 0x00000000fe500000, 0x00000000fe500000|100%| E|CS|TAMS 0x00000000fe400000, 0x00000000fe400000| Complete 
|  37|0x00000000fe500000, 0x00000000fe600000, 0x00000000fe600000|100%| E|CS|TAMS 0x00000000fe500000, 0x00000000fe500000| Complete 
|  38|0x00000000fe600000, 0x00000000fe700000, 0x00000000fe700000|100%| E|CS|TAMS 0x00000000fe600000, 0x00000000fe600000| Complete 
|  39|0x00000000fe700000, 0x00000000fe800000, 0x00000000fe800000|100%| E|CS|TAMS 0x00000000fe700000, 0x00000000fe700000| Complete 
|  40|0x00000000fe800000, 0x00000000fe900000, 0x00000000fe900000|100%| E|CS|TAMS 0x00000000fe800000, 0x00000000fe800000| Complete 
|  41|0x00000000fe900000, 0x00000000fea00000, 0x00000000fea00000|100%| S|CS|TAMS 0x00000000fe900000, 0x00000000fe900000| Complete 
|  42|0x00000000fea00000, 0x00000000feb00000, 0x00000000feb00000|100%| S|CS|TAMS 0x00000000fea00000, 0x00000000fea00000| Complete 
|  43|0x00000000feb00000, 0x00000000fec00000, 0x00000000fec00000|100%| S|CS|TAMS 0x00000000feb00000, 0x00000000feb00000| Complete 
|  44|0x00000000fec00000, 0x00000000fed00000, 0x00000000fed00000|100%| E|CS|TAMS 0x00000000fec00000, 0x00000000fec00000| Complete 
|  45|0x00000000fed00000, 0x00000000fee00000, 0x00000000fee00000|100%| E|CS|TAMS 0x00000000fed00000, 0x00000000fed00000| Complete 
|  46|0x00000000fee00000, 0x00000000fef00000, 0x00000000fef00000|100%| E|CS|TAMS 0x00000000fee00000, 0x00000000fee00000| Complete 
|  47|0x00000000fef00000, 0x00000000ff000000, 0x00000000ff000000|100%| E|CS|TAMS 0x00000000fef00000, 0x00000000fef00000| Complete 
|  48|0x00000000ff000000, 0x00000000ff100000, 0x00000000ff100000|100%| E|CS|TAMS 0x00000000ff000000, 0x00000000ff000000| Complete 
|  49|0x00000000ff100000, 0x00000000ff200000, 0x00000000ff200000|100%| E|CS|TAMS 0x00000000ff100000, 0x00000000ff100000| Complete 
|  50|0x00000000ff200000, 0x00000000ff300000, 0x00000000ff300000|100%| E|CS|TAMS 0x00000000ff200000, 0x00000000ff200000| Complete 
|  51|0x00000000ff300000, 0x00000000ff400000, 0x00000000ff400000|100%| E|CS|TAMS 0x00000000ff300000, 0x00000000ff300000| Complete 
|  52|0x00000000ff400000, 0x00000000ff500000, 0x00000000ff500000|100%| E|CS|TAMS 0x00000000ff400000, 0x00000000ff400000| Complete 
|  53|0x00000000ff500000, 0x00000000ff600000, 0x00000000ff600000|100%| E|CS|TAMS 0x00000000ff500000, 0x00000000ff500000| Complete 
|  54|0x00000000ff600000, 0x00000000ff700000, 0x00000000ff700000|100%| E|CS|TAMS 0x00000000ff600000, 0x00000000ff600000| Complete 
|  55|0x00000000ff700000, 0x00000000ff800000, 0x00000000ff800000|100%| E|CS|TAMS 0x00000000ff700000, 0x00000000ff700000| Complete 
|  56|0x00000000ff800000, 0x00000000ff900000, 0x00000000ff900000|100%| E|CS|TAMS 0x00000000ff800000, 0x00000000ff800000| Complete 
|  57|0x00000000ff900000, 0x00000000ffa00000, 0x00000000ffa00000|100%| E|CS|TAMS 0x00000000ff900000, 0x00000000ff900000| Complete 
|  58|0x00000000ffa00000, 0x00000000ffb00000, 0x00000000ffb00000|100%| E|CS|TAMS 0x00000000ffa00000, 0x00000000ffa00000| Complete 
|  59|0x00000000ffb00000, 0x00000000ffc00000, 0x00000000ffc00000|100%| E|CS|TAMS 0x00000000ffb00000, 0x00000000ffb00000| Complete 
|  60|0x00000000ffc00000, 0x00000000ffd00000, 0x00000000ffd00000|100%| E|CS|TAMS 0x00000000ffc00000, 0x00000000ffc00000| Complete 
|  61|0x00000000ffd00000, 0x00000000ffe00000, 0x00000000ffe00000|100%| E|CS|TAMS 0x00000000ffd00000, 0x00000000ffd00000| Complete 
|  62|0x00000000ffe00000, 0x00000000fff00000, 0x00000000fff00000|100%| E|CS|TAMS 0x00000000ffe00000, 0x00000000ffe00000| Complete 
|  63|0x00000000fff00000, 0x0000000100000000, 0x0000000100000000|100%| E|CS|TAMS 0x00000000fff00000, 0x00000000fff00000| Complete 

Card table byte_map: [0x000001e2309d0000,0x000001e2309f0000] _byte_map_base: 0x000001e2301f0000

Marking Bits (Prev, Next): (CMBitMap*) 0x000001e230bc2250, (CMBitMap*) 0x000001e230bc2290
 Prev Bits: [0x000001e230a10000, 0x000001e230b10000)
 Next Bits: [0x000001e2476e0000, 0x000001e2477e0000)

Polling page: 0x000001e230360000

Metaspace:

Usage:
  Non-class:      8.73 MB used.
      Class:      1.31 MB used.
       Both:     10.04 MB used.

Virtual space:
  Non-class space:       64.00 MB reserved,       8.88 MB ( 14%) committed,  1 nodes.
      Class space:        1.00 GB reserved,       1.38 MB ( <1%) committed,  1 nodes.
             Both:        1.06 GB reserved,      10.25 MB ( <1%) committed. 

Chunk freelists:
   Non-Class:  6.36 MB
       Class:  14.58 MB
        Both:  20.93 MB

MaxMetaspaceSize: unlimited
CompressedClassSpaceSize: 1.00 GB
Initial GC threshold: 21.00 MB
Current GC threshold: 21.00 MB
CDS: on
MetaspaceReclaimPolicy: balanced
 - commit_granule_bytes: 65536.
 - commit_granule_words: 8192.
 - virtual_space_node_default_size: 8388608.
 - enlarge_chunks_in_place: 1.
 - new_chunks_are_fully_committed: 0.
 - uncommit_free_chunks: 1.
 - use_allocation_guard: 0.
 - handle_deallocations: 1.


Internal statistics:

num_allocs_failed_limit: 0.
num_arena_births: 86.
num_arena_deaths: 0.
num_vsnodes_births: 2.
num_vsnodes_deaths: 0.
num_space_committed: 164.
num_space_uncommitted: 0.
num_chunks_returned_to_freelist: 0.
num_chunks_taken_from_freelist: 367.
num_chunk_merges: 0.
num_chunk_splits: 236.
num_chunks_enlarged: 198.
num_inconsistent_stats: 0.

CodeHeap 'non-profiled nmethods': size=120000Kb used=791Kb max_used=791Kb free=119208Kb
 bounds [0x000001e2401b0000, 0x000001e240420000, 0x000001e2476e0000]
CodeHeap 'profiled nmethods': size=120000Kb used=3639Kb max_used=3639Kb free=116360Kb
 bounds [0x000001e2386e0000, 0x000001e238a70000, 0x000001e23fc10000]
CodeHeap 'non-nmethods': size=5760Kb used=1178Kb max_used=1203Kb free=4582Kb
 bounds [0x000001e23fc10000, 0x000001e23fe80000, 0x000001e2401b0000]
 total_blobs=2377 nmethods=1901 adapters=389
 compilation: enabled
              stopped_count=0, restarted_count=0
 full_count=0

Compilation events (20 events):
Event: 54.111 Thread 0x000001e249d6fe70 nmethod 1891 0x000001e240274910 code [0x000001e240274a80, 0x000001e240274af8]
Event: 54.211 Thread 0x000001e249d70f20 1892       3       java.util.concurrent.locks.AbstractQueuedSynchronizer$Node::setStatusRelaxed (12 bytes)
Event: 54.211 Thread 0x000001e249d70f20 nmethod 1892 0x000001e238a6a910 code [0x000001e238a6aaa0, 0x000001e238a6abb8]
Event: 68.187 Thread 0x000001e249d6fe70 1893       4       jdk.internal.misc.Unsafe::putReferenceOpaque (9 bytes)
Event: 68.189 Thread 0x000001e249d6fe70 nmethod 1893 0x000001e240274c10 code [0x000001e240274d80, 0x000001e240274ed8]
Event: 70.569 Thread 0x000001e249d70f20 1895       3       jdk.internal.org.objectweb.asm.Type::getDescriptor (93 bytes)
Event: 70.569 Thread 0x000001e249d70f20 nmethod 1895 0x000001e238a6ac90 code [0x000001e238a6af00, 0x000001e238a6b668]
Event: 70.570 Thread 0x000001e249d70f20 1896       3       java.lang.invoke.MethodHandles$Lookup::checkSecurityManager (97 bytes)
Event: 70.571 Thread 0x000001e249d70f20 nmethod 1896 0x000001e238a6b910 code [0x000001e238a6bc20, 0x000001e238a6cbf8]
Event: 70.575 Thread 0x000001e249d70f20 1897       1       java.util.concurrent.CopyOnWriteArrayList::setArray (6 bytes)
Event: 70.575 Thread 0x000001e249d70f20 nmethod 1897 0x000001e240275290 code [0x000001e240275420, 0x000001e240275538]
Event: 70.576 Thread 0x000001e249d70f20 1898       1       java.lang.reflect.Constructor::getRoot (5 bytes)
Event: 70.576 Thread 0x000001e249d70f20 nmethod 1898 0x000001e240275590 code [0x000001e240275720, 0x000001e2402757f8]
Event: 70.579 Thread 0x000001e249d70f20 1899       3       com.esotericsoftware.kryo.io.Input::readUtf8 (90 bytes)
Event: 70.579 Thread 0x000001e249d70f20 nmethod 1899 0x000001e238a6d190 code [0x000001e238a6d360, 0x000001e238a6d758]
Event: 70.646 Thread 0x000001e249d70f20 1900       3       org.gradle.internal.logging.text.AbstractLineChoppingStyledTextOutput$1::execute (9 bytes)
Event: 70.646 Thread 0x000001e249d70f20 nmethod 1900 0x000001e238a6d990 code [0x000001e238a6db40, 0x000001e238a6dd68]
Event: 70.646 Thread 0x000001e249d6fe70 1901       4       java.lang.StringCoding::implEncodeAsciiArray (47 bytes)
Event: 70.654 Thread 0x000001e249d6fe70 nmethod 1901 0x000001e240275890 code [0x000001e240275a00, 0x000001e240275dd8]
Event: 70.669 Thread 0x000001e249d6fe70 1902       4       org.gradle.internal.logging.text.AbstractLineChoppingStyledTextOutput::doAppend (43 bytes)

GC Heap History (4 events):
Event: 0.401 GC heap before
{Heap before GC invocations=0 (full 0):
 garbage-first heap   total 65536K, used 13312K [0x00000000fc000000, 0x0000000100000000)
  region size 1024K, 13 young (13312K), 0 survivors (0K)
 Metaspace       used 1657K, committed 1792K, reserved 1114112K
  class space    used 156K, committed 192K, reserved 1048576K
}
Event: 0.404 GC heap after
{Heap after GC invocations=1 (full 0):
 garbage-first heap   total 65536K, used 1496K [0x00000000fc000000, 0x0000000100000000)
  region size 1024K, 2 young (2048K), 2 survivors (2048K)
 Metaspace       used 1657K, committed 1792K, reserved 1114112K
  class space    used 156K, committed 192K, reserved 1048576K
}
Event: 1.183 GC heap before
{Heap before GC invocations=1 (full 0):
 garbage-first heap   total 65536K, used 21976K [0x00000000fc000000, 0x0000000100000000)
  region size 1024K, 20 young (20480K), 2 survivors (2048K)
 Metaspace       used 2856K, committed 3008K, reserved 1114112K
  class space    used 307K, committed 384K, reserved 1048576K
}
Event: 1.191 GC heap after
{Heap after GC invocations=2 (full 0):
 garbage-first heap   total 65536K, used 9459K [0x00000000fc000000, 0x0000000100000000)
  region size 1024K, 3 young (3072K), 3 survivors (3072K)
 Metaspace       used 2856K, committed 3008K, reserved 1114112K
  class space    used 307K, committed 384K, reserved 1048576K
}

Dll operation events (12 events):
Event: 0.006 Loaded shared library C:\Program Files\Microsoft\jdk-17.0.13.11-hotspot\bin\java.dll
Event: 0.022 Loaded shared library C:\Program Files\Microsoft\jdk-17.0.13.11-hotspot\bin\jsvml.dll
Event: 0.048 Loaded shared library C:\Program Files\Microsoft\jdk-17.0.13.11-hotspot\bin\net.dll
Event: 0.049 Loaded shared library C:\Program Files\Microsoft\jdk-17.0.13.11-hotspot\bin\nio.dll
Event: 0.053 Loaded shared library C:\Program Files\Microsoft\jdk-17.0.13.11-hotspot\bin\zip.dll
Event: 0.056 Loaded shared library C:\Program Files\Microsoft\jdk-17.0.13.11-hotspot\bin\verify.dll
Event: 0.498 Loaded shared library C:\Program Files\Microsoft\jdk-17.0.13.11-hotspot\bin\jimage.dll
Event: 1.334 Loaded shared library C:\Program Files\Microsoft\jdk-17.0.13.11-hotspot\bin\management.dll
Event: 1.335 Loaded shared library C:\Program Files\Microsoft\jdk-17.0.13.11-hotspot\bin\management_ext.dll
Event: 1.459 Loaded shared library C:\Users\aliah\.gradle\native\c067742578af261105cb4f569cf0c3c89f3d7b1fecec35dd04571415982c5e48\windows-amd64\native-platform.dll
Event: 1.886 Loaded shared library C:\Program Files\Microsoft\jdk-17.0.13.11-hotspot\bin\extnet.dll
Event: 5.496 Loaded shared library C:\Program Files\Microsoft\jdk-17.0.13.11-hotspot\bin\sunmscapi.dll

Deoptimization events (20 events):
Event: 2.170 Thread 0x000001e290337080 Uncommon trap: trap_request=0xffffff45 fr.pc=0x000001e2401ff4d0 relative=0x0000000000000510
Event: 2.170 Thread 0x000001e290337080 Uncommon trap: reason=unstable_if action=reinterpret pc=0x000001e2401ff4d0 method=java.lang.AbstractStringBuilder.putStringAt(ILjava/lang/String;II)V @ 8 c2
Event: 2.170 Thread 0x000001e290337080 DEOPT PACKING pc=0x000001e2401ff4d0 sp=0x00000004470fea40
Event: 2.170 Thread 0x000001e290337080 DEOPT UNPACKING pc=0x000001e23fc669a3 sp=0x00000004470fe930 mode 2
Event: 2.170 Thread 0x000001e290337080 Uncommon trap: trap_request=0xffffff45 fr.pc=0x000001e24021c820 relative=0x0000000000000400
Event: 2.170 Thread 0x000001e290337080 Uncommon trap: reason=unstable_if action=reinterpret pc=0x000001e24021c820 method=java.lang.AbstractStringBuilder.isLatin1()Z @ 10 c2
Event: 2.170 Thread 0x000001e290337080 DEOPT PACKING pc=0x000001e24021c820 sp=0x00000004470feac0
Event: 2.170 Thread 0x000001e290337080 DEOPT UNPACKING pc=0x000001e23fc669a3 sp=0x00000004470fea40 mode 2
Event: 5.454 Thread 0x000001e290337080 Uncommon trap: trap_request=0xffffff45 fr.pc=0x000001e2401bfc84 relative=0x0000000000000084
Event: 5.454 Thread 0x000001e290337080 Uncommon trap: reason=unstable_if action=reinterpret pc=0x000001e2401bfc84 method=java.lang.String.codePointAt(I)I @ 4 c2
Event: 5.454 Thread 0x000001e290337080 DEOPT PACKING pc=0x000001e2401bfc84 sp=0x00000004470fea30
Event: 5.454 Thread 0x000001e290337080 DEOPT UNPACKING pc=0x000001e23fc669a3 sp=0x00000004470fe9c8 mode 2
Event: 70.577 Thread 0x000001e230ba2d20 Uncommon trap: trap_request=0xffffff45 fr.pc=0x000001e240273564 relative=0x0000000000000544
Event: 70.577 Thread 0x000001e230ba2d20 Uncommon trap: reason=unstable_if action=reinterpret pc=0x000001e240273564 method=com.esotericsoftware.kryo.io.Input.readUtf8(I)V @ 79 c2
Event: 70.577 Thread 0x000001e230ba2d20 DEOPT PACKING pc=0x000001e240273564 sp=0x00000004458fd1a0
Event: 70.577 Thread 0x000001e230ba2d20 DEOPT UNPACKING pc=0x000001e23fc669a3 sp=0x00000004458fd138 mode 2
Event: 70.645 Thread 0x000001e28fe07f20 Uncommon trap: trap_request=0xffffff45 fr.pc=0x000001e24026dfe8 relative=0x0000000000000568
Event: 70.645 Thread 0x000001e28fe07f20 Uncommon trap: reason=unstable_if action=reinterpret pc=0x000001e24026dfe8 method=org.gradle.internal.logging.text.AbstractLineChoppingStyledTextOutput$2.execute(Lorg/gradle/internal/logging/text/AbstractLineChoppingStyledTextOutput$StateContext;)V @ 34 c
Event: 70.645 Thread 0x000001e28fe07f20 DEOPT PACKING pc=0x000001e24026dfe8 sp=0x0000000446ffebe0
Event: 70.645 Thread 0x000001e28fe07f20 DEOPT UNPACKING pc=0x000001e23fc669a3 sp=0x0000000446ffea68 mode 2

Classes loaded (20 events):
Event: 70.573 Loading class jdk/internal/logger/LazyLoggers$LazyLoggerFactories
Event: 70.573 Loading class jdk/internal/logger/LazyLoggers$LazyLoggerFactories done
Event: 70.574 Loading class jdk/internal/logger/LoggerFinderLoader
Event: 70.574 Loading class jdk/internal/logger/LoggerFinderLoader done
Event: 70.574 Loading class jdk/internal/logger/LoggerFinderLoader$TemporaryLoggerFinder
Event: 70.574 Loading class jdk/internal/logger/LoggerFinderLoader$TemporaryLoggerFinder done
Event: 70.575 Loading class sun/util/logging/internal/LoggingProviderImpl$JULWrapper
Event: 70.575 Loading class sun/util/logging/PlatformLogger$ConfigurableBridge$LoggerConfiguration
Event: 70.575 Loading class sun/util/logging/PlatformLogger$ConfigurableBridge$LoggerConfiguration done
Event: 70.575 Loading class sun/util/logging/internal/LoggingProviderImpl$JULWrapper done
Event: 70.575 Loading class java/io/ObjectInputFilter
Event: 70.575 Loading class java/io/ObjectInputFilter done
Event: 70.576 Loading class java/io/ObjectInputFilter$Config$BuiltinFilterFactory
Event: 70.576 Loading class java/io/ObjectInputFilter$Config$BuiltinFilterFactory done
Event: 70.576 Loading class jdk/internal/access/JavaObjectInputFilterAccess
Event: 70.576 Loading class jdk/internal/access/JavaObjectInputFilterAccess done
Event: 70.576 Loading class java/lang/System$Logger$Level
Event: 70.577 Loading class java/lang/System$Logger$Level done
Event: 70.577 Loading class java/io/Bits
Event: 70.577 Loading class java/io/Bits done

Classes unloaded (0 events):
No events

Classes redefined (0 events):
No events

Internal exceptions (20 events):
Event: 1.382 Thread 0x000001e230ba2d20 Implicit null exception at 0x000001e240203e8f to 0x000001e240204414
Event: 1.382 Thread 0x000001e230ba2d20 Implicit null exception at 0x000001e2401dcd0f to 0x000001e2401dcd89
Event: 1.406 Thread 0x000001e230ba2d20 Exception <a 'java/lang/NoClassDefFoundError'{0x00000000ff96d2b0}: org/slf4j/impl/StaticMarkerBinder> (0x00000000ff96d2b0) 
thrown [s\src\hotspot\share\classfile\systemDictionary.cpp, line 245]
Event: 1.427 Thread 0x000001e230ba2d20 Exception <a 'java/lang/NoSuchMethodError'{0x00000000ff81c688}: 'java.lang.Object java.lang.invoke.Invokers$Holder.invoker(java.lang.Object, java.lang.Object, java.lang.Object)'> (0x00000000ff81c688) 
thrown [s\src\hotspot\share\interpreter\linkResolver.cpp, line 759]
Event: 1.428 Thread 0x000001e230ba2d20 Exception <a 'java/lang/NoSuchMethodError'{0x00000000ff825860}: 'java.lang.Object java.lang.invoke.DirectMethodHandle$Holder.invokeStatic(java.lang.Object, java.lang.Object, int)'> (0x00000000ff825860) 
thrown [s\src\hotspot\share\interpreter\linkResolver.cpp, line 759]
Event: 1.430 Thread 0x000001e230ba2d20 Exception <a 'java/lang/NoSuchMethodError'{0x00000000ff831550}: 'void java.lang.invoke.DelegatingMethodHandle$Holder.delegate(java.lang.Object, java.lang.Object, int, java.lang.Object)'> (0x00000000ff831550) 
thrown [s\src\hotspot\share\interpreter\linkResolver.cpp, line 759]
Event: 1.433 Thread 0x000001e230ba2d20 Exception <a 'java/lang/NoSuchMethodError'{0x00000000ff844c18}: 'java.lang.Object java.lang.invoke.Invokers$Holder.invokeExact_MT(java.lang.Object, java.lang.Object, java.lang.Object, java.lang.Object)'> (0x00000000ff844c18) 
thrown [s\src\hotspot\share\interpreter\linkResolver.cpp, line 759]
Event: 1.439 Thread 0x000001e230ba2d20 Exception <a 'java/lang/NoSuchMethodError'{0x00000000ff8704d8}: 'java.lang.Object java.lang.invoke.DirectMethodHandle$Holder.invokeVirtual(java.lang.Object, java.lang.Object, java.lang.Object)'> (0x00000000ff8704d8) 
thrown [s\src\hotspot\share\interpreter\linkResolver.cpp, line 759]
Event: 1.547 Thread 0x000001e230ba2d20 Exception <a 'java/lang/NoSuchMethodError'{0x00000000ff5abde0}: 'java.lang.Object java.lang.invoke.DirectMethodHandle$Holder.newInvokeSpecial(java.lang.Object, java.lang.Object, java.lang.Object, java.lang.Object, java.lang.Object)'> (0x00000000ff5abde0) 
thrown [s\src\hotspot\share\interpreter\linkResolver.cpp, line 759]
Event: 1.583 Thread 0x000001e230ba2d20 Exception <a 'java/lang/NoSuchMethodError'{0x00000000ff4bedf8}: 'void java.lang.invoke.DirectMethodHandle$Holder.invokeSpecial(java.lang.Object, java.lang.Object, java.lang.Object)'> (0x00000000ff4bedf8) 
thrown [s\src\hotspot\share\interpreter\linkResolver.cpp, line 759]
Event: 1.603 Thread 0x000001e230ba2d20 Exception <a 'java/lang/NoSuchMethodError'{0x00000000ff3a8bf8}: 'int java.lang.invoke.DirectMethodHandle$Holder.invokeVirtual(java.lang.Object, java.lang.Object, java.lang.Object)'> (0x00000000ff3a8bf8) 
thrown [s\src\hotspot\share\interpreter\linkResolver.cpp, line 759]
Event: 1.673 Thread 0x000001e230ba2d20 Exception <a 'java/lang/NoSuchMethodError'{0x00000000ff0782f8}: 'java.lang.Object java.lang.invoke.DirectMethodHandle$Holder.invokeSpecialIFC(java.lang.Object, java.lang.Object, java.lang.Object, java.lang.Object)'> (0x00000000ff0782f8) 
thrown [s\src\hotspot\share\interpreter\linkResolver.cpp, line 759]
Event: 1.726 Thread 0x000001e230ba2d20 Exception <a 'java/lang/NoSuchMethodError'{0x00000000fed43d38}: 'java.lang.Object java.lang.invoke.DirectMethodHandle$Holder.invokeStaticInit(java.lang.Object, int, int, int, int)'> (0x00000000fed43d38) 
thrown [s\src\hotspot\share\interpreter\linkResolver.cpp, line 759]
Event: 1.784 Thread 0x000001e230ba2d20 Exception <a 'java/lang/NoSuchMethodError'{0x00000000fed94710}: 'java.lang.Object java.lang.invoke.DirectMethodHandle$Holder.invokeStaticInit(java.lang.Object, java.lang.Object, int, int, int, int)'> (0x00000000fed94710) 
thrown [s\src\hotspot\share\interpreter\linkResolver.cpp, line 759]
Event: 1.888 Thread 0x000001e230ba2d20 Exception <a 'java/lang/NoSuchMethodError'{0x00000000fedc7a30}: 'void java.lang.invoke.DirectMethodHandle$Holder.invokeStatic(java.lang.Object, java.lang.Object, java.lang.Object)'> (0x00000000fedc7a30) 
thrown [s\src\hotspot\share\interpreter\linkResolver.cpp, line 759]
Event: 2.139 Thread 0x000001e290337080 Exception <a 'java/lang/NoSuchMethodError'{0x00000000fe38d1c0}: 'void java.lang.invoke.DirectMethodHandle$Holder.invokeStatic(java.lang.Object, long)'> (0x00000000fe38d1c0) 
thrown [s\src\hotspot\share\interpreter\linkResolver.cpp, line 759]
Event: 2.139 Thread 0x000001e290337080 Exception <a 'java/lang/NoSuchMethodError'{0x00000000fe392b18}: 'java.lang.Object java.lang.invoke.DirectMethodHandle$Holder.newInvokeSpecial(java.lang.Object, long)'> (0x00000000fe392b18) 
thrown [s\src\hotspot\share\interpreter\linkResolver.cpp, line 759]
Event: 2.142 Thread 0x000001e290337080 Exception <a 'java/lang/NoSuchMethodError'{0x00000000fe39d6b0}: 'java.lang.Object java.lang.invoke.DirectMethodHandle$Holder.invokeStaticInit(java.lang.Object, java.lang.Object, long, java.lang.Object)'> (0x00000000fe39d6b0) 
thrown [s\src\hotspot\share\interpreter\linkResolver.cpp, line 759]
Event: 2.143 Thread 0x000001e290337080 Exception <a 'java/lang/NoSuchMethodError'{0x00000000fe3a3d38}: 'java.lang.Object java.lang.invoke.DirectMethodHandle$Holder.newInvokeSpecial(java.lang.Object, java.lang.Object, long)'> (0x00000000fe3a3d38) 
thrown [s\src\hotspot\share\interpreter\linkResolver.cpp, line 759]
Event: 2.144 Thread 0x000001e290337080 Exception <a 'java/lang/NoSuchMethodError'{0x00000000fe3a8028}: 'java.lang.Object java.lang.invoke.Invokers$Holder.linkToTargetMethod(java.lang.Object, long, java.lang.Object)'> (0x00000000fe3a8028) 
thrown [s\src\hotspot\share\interpreter\linkResolver.cpp, line 759]

VM Operations (20 events):
Event: 40.901 Executing VM operation: Cleanup
Event: 40.901 Executing VM operation: Cleanup done
Event: 43.932 Executing VM operation: Cleanup
Event: 43.932 Executing VM operation: Cleanup done
Event: 44.938 Executing VM operation: Cleanup
Event: 44.938 Executing VM operation: Cleanup done
Event: 45.942 Executing VM operation: Cleanup
Event: 45.942 Executing VM operation: Cleanup done
Event: 46.952 Executing VM operation: Cleanup
Event: 46.952 Executing VM operation: Cleanup done
Event: 48.980 Executing VM operation: Cleanup
Event: 48.980 Executing VM operation: Cleanup done
Event: 49.993 Executing VM operation: Cleanup
Event: 49.993 Executing VM operation: Cleanup done
Event: 51.005 Executing VM operation: Cleanup
Event: 51.005 Executing VM operation: Cleanup done
Event: 53.026 Executing VM operation: Cleanup
Event: 53.026 Executing VM operation: Cleanup done
Event: 60.074 Executing VM operation: HandshakeAllThreads
Event: 60.074 Executing VM operation: HandshakeAllThreads done

Memory protections (0 events):
No events

Nmethod flushes (0 events):
No events

Events (20 events):
Event: 0.032 Thread 0x000001e230ba2d20 Thread added: 0x000001e249d6fe70
Event: 0.032 Thread 0x000001e230ba2d20 Thread added: 0x000001e249d70f20
Event: 0.032 Thread 0x000001e230ba2d20 Thread added: 0x000001e249d747f0
Event: 0.044 Thread 0x000001e230ba2d20 Thread added: 0x000001e28f089ab0
Event: 0.046 Thread 0x000001e230ba2d20 Thread added: 0x000001e28f096270
Event: 0.244 Thread 0x000001e249d70f20 Thread added: 0x000001e28f1e3a90
Event: 0.867 Thread 0x000001e28f1e3a90 Thread exited: 0x000001e28f1e3a90
Event: 1.029 Thread 0x000001e249d6fe70 Thread added: 0x000001e28f61e270
Event: 1.497 Thread 0x000001e230ba2d20 Thread added: 0x000001e28fe07f20
Event: 1.889 Thread 0x000001e28f61e270 Thread exited: 0x000001e28f61e270
Event: 1.980 Thread 0x000001e249d70f20 Thread added: 0x000001e28feae7a0
Event: 2.133 Thread 0x000001e230ba2d20 Thread added: 0x000001e290337080
Event: 2.134 Thread 0x000001e28feae7a0 Thread exited: 0x000001e28feae7a0
Event: 2.146 Thread 0x000001e290337080 Thread added: 0x000001e290229aa0
Event: 2.147 Thread 0x000001e290337080 Thread added: 0x000001e28feae7a0
Event: 2.148 Thread 0x000001e290229aa0 Thread exited: 0x000001e290229aa0
Event: 5.457 Thread 0x000001e28feae7a0 Thread exited: 0x000001e28feae7a0
Event: 5.457 Thread 0x000001e290337080 Thread exited: 0x000001e290337080
Event: 5.527 Thread 0x000001e249d6fe70 Thread added: 0x000001e28feae7a0
Event: 6.308 Thread 0x000001e28feae7a0 Thread exited: 0x000001e28feae7a0


Dynamic libraries:
0x00007ff62a300000 - 0x00007ff62a30e000 	C:\Program Files\Microsoft\jdk-17.0.13.11-hotspot\bin\java.exe
0x00007fff7e1f0000 - 0x00007fff7e3e8000 	C:\WINDOWS\SYSTEM32\ntdll.dll
0x00007fff7c200000 - 0x00007fff7c2c2000 	C:\WINDOWS\System32\KERNEL32.DLL
0x00007fff7ba80000 - 0x00007fff7bd7f000 	C:\WINDOWS\System32\KERNELBASE.dll
0x00007fff7bf60000 - 0x00007fff7c060000 	C:\WINDOWS\System32\ucrtbase.dll
0x00007fff69670000 - 0x00007fff6968d000 	C:\Program Files\Microsoft\jdk-17.0.13.11-hotspot\bin\VCRUNTIME140.dll
0x00007fff72ce0000 - 0x00007fff72cf7000 	C:\Program Files\Microsoft\jdk-17.0.13.11-hotspot\bin\jli.dll
0x00007fff7dd60000 - 0x00007fff7defd000 	C:\WINDOWS\System32\USER32.dll
0x00007fff7bea0000 - 0x00007fff7bec2000 	C:\WINDOWS\System32\win32u.dll
0x00007fff606f0000 - 0x00007fff6098a000 	C:\WINDOWS\WinSxS\amd64_microsoft.windows.common-controls_6595b64144ccf1df_6.0.19041.4355_none_60b8b9eb71f62e16\COMCTL32.dll
0x00007fff7d8d0000 - 0x00007fff7d8fb000 	C:\WINDOWS\System32\GDI32.dll
0x00007fff7dcc0000 - 0x00007fff7dd5e000 	C:\WINDOWS\System32\msvcrt.dll
0x00007fff7bd80000 - 0x00007fff7be97000 	C:\WINDOWS\System32\gdi32full.dll
0x00007fff7b9e0000 - 0x00007fff7ba7d000 	C:\WINDOWS\System32\msvcp_win.dll
0x00007fff7dad0000 - 0x00007fff7daff000 	C:\WINDOWS\System32\IMM32.DLL
0x00007fff77870000 - 0x00007fff7787c000 	C:\Program Files\Microsoft\jdk-17.0.13.11-hotspot\bin\vcruntime140_1.dll
0x00007fff436f0000 - 0x00007fff4377d000 	C:\Program Files\Microsoft\jdk-17.0.13.11-hotspot\bin\msvcp140.dll
0x00007fff21250000 - 0x00007fff21ec1000 	C:\Program Files\Microsoft\jdk-17.0.13.11-hotspot\bin\server\jvm.dll
0x00007fff7c2d0000 - 0x00007fff7c381000 	C:\WINDOWS\System32\ADVAPI32.dll
0x00007fff7d900000 - 0x00007fff7d99f000 	C:\WINDOWS\System32\sechost.dll
0x00007fff7d9a0000 - 0x00007fff7dac3000 	C:\WINDOWS\System32\RPCRT4.dll
0x00007fff7c1d0000 - 0x00007fff7c1f7000 	C:\WINDOWS\System32\bcrypt.dll
0x00007fff7ccb0000 - 0x00007fff7cd1b000 	C:\WINDOWS\System32\WS2_32.dll
0x00007fff7ace0000 - 0x00007fff7ad2b000 	C:\WINDOWS\SYSTEM32\POWRPROF.dll
0x00007fff646e0000 - 0x00007fff64707000 	C:\WINDOWS\SYSTEM32\WINMM.dll
0x00007fff6d6b0000 - 0x00007fff6d6ba000 	C:\WINDOWS\SYSTEM32\VERSION.dll
0x00007fff7ac80000 - 0x00007fff7ac92000 	C:\WINDOWS\SYSTEM32\UMPDC.dll
0x00007fff7a310000 - 0x00007fff7a322000 	C:\WINDOWS\SYSTEM32\kernel.appcore.dll
0x00007fff73540000 - 0x00007fff7354a000 	C:\Program Files\Microsoft\jdk-17.0.13.11-hotspot\bin\jimage.dll
0x00007fff77210000 - 0x00007fff773f4000 	C:\WINDOWS\SYSTEM32\DBGHELP.DLL
0x00007fff5d520000 - 0x00007fff5d554000 	C:\WINDOWS\SYSTEM32\dbgcore.DLL
0x00007fff7bed0000 - 0x00007fff7bf52000 	C:\WINDOWS\System32\bcryptPrimitives.dll
0x00007fff548f0000 - 0x00007fff54915000 	C:\Program Files\Microsoft\jdk-17.0.13.11-hotspot\bin\java.dll
0x00007fff2b590000 - 0x00007fff2b667000 	C:\Program Files\Microsoft\jdk-17.0.13.11-hotspot\bin\jsvml.dll
0x00007fff7c390000 - 0x00007fff7cafe000 	C:\WINDOWS\System32\SHELL32.dll
0x00007fff798b0000 - 0x00007fff7a054000 	C:\WINDOWS\SYSTEM32\windows.storage.dll
0x00007fff7d3e0000 - 0x00007fff7d735000 	C:\WINDOWS\System32\combase.dll
0x00007fff7b2b0000 - 0x00007fff7b2df000 	C:\WINDOWS\SYSTEM32\Wldp.dll
0x00007fff7e030000 - 0x00007fff7e0fd000 	C:\WINDOWS\System32\OLEAUT32.dll
0x00007fff7d740000 - 0x00007fff7d7ed000 	C:\WINDOWS\System32\SHCORE.dll
0x00007fff7cd80000 - 0x00007fff7cdd5000 	C:\WINDOWS\System32\shlwapi.dll
0x00007fff7b7b0000 - 0x00007fff7b7d4000 	C:\WINDOWS\SYSTEM32\profapi.dll
0x00007fff670e0000 - 0x00007fff670fa000 	C:\Program Files\Microsoft\jdk-17.0.13.11-hotspot\bin\net.dll
0x00007fff788c0000 - 0x00007fff789cd000 	C:\WINDOWS\SYSTEM32\WINHTTP.dll
0x00007fff7b010000 - 0x00007fff7b07a000 	C:\WINDOWS\system32\mswsock.dll
0x00007fff63cc0000 - 0x00007fff63cd6000 	C:\Program Files\Microsoft\jdk-17.0.13.11-hotspot\bin\nio.dll
0x00007fff5f9c0000 - 0x00007fff5f9d8000 	C:\Program Files\Microsoft\jdk-17.0.13.11-hotspot\bin\zip.dll
0x00007fff761b0000 - 0x00007fff761c0000 	C:\Program Files\Microsoft\jdk-17.0.13.11-hotspot\bin\verify.dll
0x00007fff72b50000 - 0x00007fff72b5a000 	C:\Program Files\Microsoft\jdk-17.0.13.11-hotspot\bin\management.dll
0x00007fff72470000 - 0x00007fff7247b000 	C:\Program Files\Microsoft\jdk-17.0.13.11-hotspot\bin\management_ext.dll
0x00007fff7e180000 - 0x00007fff7e188000 	C:\WINDOWS\System32\PSAPI.DLL
0x00007fff47920000 - 0x00007fff47947000 	C:\Users\aliah\.gradle\native\c067742578af261105cb4f569cf0c3c89f3d7b1fecec35dd04571415982c5e48\windows-amd64\native-platform.dll
0x00007fff7b200000 - 0x00007fff7b218000 	C:\WINDOWS\SYSTEM32\CRYPTSP.dll
0x00007fff7a8c0000 - 0x00007fff7a8f4000 	C:\WINDOWS\system32\rsaenh.dll
0x00007fff7b770000 - 0x00007fff7b79e000 	C:\WINDOWS\SYSTEM32\USERENV.dll
0x00007fff7b220000 - 0x00007fff7b22c000 	C:\WINDOWS\SYSTEM32\CRYPTBASE.dll
0x00007fff7aca0000 - 0x00007fff7acdb000 	C:\WINDOWS\SYSTEM32\IPHLPAPI.DLL
0x00007fff7db90000 - 0x00007fff7db98000 	C:\WINDOWS\System32\NSI.dll
0x00007fff737d0000 - 0x00007fff737e7000 	C:\WINDOWS\SYSTEM32\dhcpcsvc6.DLL
0x00007fff73e10000 - 0x00007fff73e2d000 	C:\WINDOWS\SYSTEM32\dhcpcsvc.DLL
0x00007fff7ad30000 - 0x00007fff7adfa000 	C:\WINDOWS\SYSTEM32\DNSAPI.dll
0x00007fff70b70000 - 0x00007fff70b79000 	C:\Program Files\Microsoft\jdk-17.0.13.11-hotspot\bin\extnet.dll
0x00007fff72390000 - 0x00007fff7239e000 	C:\Program Files\Microsoft\jdk-17.0.13.11-hotspot\bin\sunmscapi.dll
0x00007fff7b880000 - 0x00007fff7b9dc000 	C:\WINDOWS\System32\CRYPT32.dll
0x00007fff7b320000 - 0x00007fff7b347000 	C:\WINDOWS\SYSTEM32\ncrypt.dll
0x00007fff7b2e0000 - 0x00007fff7b31b000 	C:\WINDOWS\SYSTEM32\NTASN1.dll
0x00007fff71140000 - 0x00007fff71147000 	C:\WINDOWS\system32\wshunix.dll

dbghelp: loaded successfully - version: 4.0.5 - missing functions: none
symbol engine: initialized successfully - sym options: 0x614 - pdb path: .;C:\Program Files\Microsoft\jdk-17.0.13.11-hotspot\bin;C:\WINDOWS\SYSTEM32;C:\WINDOWS\WinSxS\amd64_microsoft.windows.common-controls_6595b64144ccf1df_6.0.19041.4355_none_60b8b9eb71f62e16;C:\Program Files\Microsoft\jdk-17.0.13.11-hotspot\bin\server;C:\Users\aliah\.gradle\native\c067742578af261105cb4f569cf0c3c89f3d7b1fecec35dd04571415982c5e48\windows-amd64

VM Arguments:
jvm_args: -Xmx64m -Xms64m -Dorg.gradle.appname=gradlew 
java_command: org.gradle.wrapper.GradleWrapperMain app:installDebug -PreactNativeDevServerPort=8081
java_class_path (initial): D:\React Native\MyProject\android\\gradle\wrapper\gradle-wrapper.jar
Launcher Type: SUN_STANDARD

[Global flags]
     intx CICompilerCount                          = 3                                         {product} {ergonomic}
     uint ConcGCThreads                            = 1                                         {product} {ergonomic}
     uint G1ConcRefinementThreads                  = 4                                         {product} {ergonomic}
   size_t G1HeapRegionSize                         = 1048576                                   {product} {ergonomic}
    uintx GCDrainStackTargetSize                   = 64                                        {product} {ergonomic}
   size_t InitialHeapSize                          = 67108864                                  {product} {command line}
   size_t MarkStackSize                            = 4194304                                   {product} {ergonomic}
   size_t MaxHeapSize                              = 67108864                                  {product} {command line}
   size_t MaxNewSize                               = 39845888                                  {product} {ergonomic}
   size_t MinHeapDeltaBytes                        = 1048576                                   {product} {ergonomic}
   size_t MinHeapSize                              = 67108864                                  {product} {command line}
    uintx NonNMethodCodeHeapSize                   = 5832780                                {pd product} {ergonomic}
    uintx NonProfiledCodeHeapSize                  = 122912730                              {pd product} {ergonomic}
    uintx ProfiledCodeHeapSize                     = 122912730                              {pd product} {ergonomic}
    uintx ReservedCodeCacheSize                    = 251658240                              {pd product} {ergonomic}
     bool SegmentedCodeCache                       = true                                      {product} {ergonomic}
   size_t SoftMaxHeapSize                          = 67108864                               {manageable} {ergonomic}
     bool UseCompressedClassPointers               = true                           {product lp64_product} {ergonomic}
     bool UseCompressedOops                        = true                           {product lp64_product} {ergonomic}
     bool UseG1GC                                  = true                                      {product} {ergonomic}
     bool UseLargePagesIndividualAllocation        = false                                  {pd product} {ergonomic}

Logging:
Log output configuration:
 #0: stdout all=warning uptime,level,tags
 #1: stderr all=off uptime,level,tags

Environment Variables:
JAVA_HOME=C:\Program Files\Microsoft\jdk-17.0.13.11-hotspot\
CLASSPATH=D:\React Native\MyProject\android\\gradle\wrapper\gradle-wrapper.jar
PATH=D:\React Native\MyProject\node_modules\.bin;D:\React Native\MyProject\node_modules\.bin;D:\React Native\node_modules\.bin;D:\node_modules\.bin;C:\Users\aliah\AppData\Roaming\npm\node_modules\npm\node_modules\@npmcli\run-script\lib\node-gyp-bin;D:\React Native\MyProject\node_modules\.bin;D:\React Native\node_modules\.bin;D:\node_modules\.bin;C:\Users\aliah\AppData\Roaming\npm\node_modules\npm\node_modules\@npmcli\run-script\lib\node-gyp-bin;C:\Program Files\Microsoft\jdk-17.0.13.11-hotspot\bin;C:\WINDOWS\system32;C:\WINDOWS;C:\WINDOWS\System32\Wbem;C:\WINDOWS\System32\WindowsPowerShell\v1.0\;C:\WINDOWS\System32\OpenSSH\;C:\Program Files\nodejs\;C:\Program Files\Git\cmd;C:\Users\aliah\AppData\Local\Android\Sdk\emulator;C:\Users\aliah\AppData\Local\Android\Sdk;C:\Users\aliah\AppData\Local\Android\Sdk\platform-tools;C:\ProgramData\chocolatey\bin;D:\React Native\MyProject\android\gradle-8.11.1\bin;C:\Users\aliah\AppData\Local\Microsoft\WindowsApps;C:\Users\aliah\AppData\Local\Programs\Microsoft VS Code\bin;C:\Users\aliah\AppData\Roaming\npm;C:\Program Files\Microsoft\jdk-17.0.13.11-hotspot\bin;D:\React Native\MyProject\android\gradle-8.11.1\bin;
USERNAME=aliah
OS=Windows_NT
PROCESSOR_IDENTIFIER=Intel64 Family 6 Model 142 Stepping 9, GenuineIntel
TMP=C:\Users\aliah\AppData\Local\Temp
TEMP=C:\Users\aliah\AppData\Local\Temp



Periodic native trim disabled


---------------  S Y S T E M  ---------------

OS:
 Windows 10 , 64 bit Build 19041 (10.0.19041.5198)
OS uptime: 1 days 21:44 hours

CPU: total 4 (initial active 4) (2 cores per cpu, 2 threads per core) family 6 model 142 stepping 9 microcode 0xf0, cx8, cmov, fxsr, ht, mmx, 3dnowpref, sse, sse2, sse3, ssse3, sse4.1, sse4.2, popcnt, lzcnt, tsc, tscinvbit, avx, avx2, aes, erms, clmul, bmi1, bmi2, adx, fma, vzeroupper, clflush, clflushopt
Processor Information for the first 4 processors :
  Max Mhz: 2904, Current Mhz: 2703, Mhz Limit: 2700

Memory: 4k page, system-wide physical 8042M (529M free)
TotalPageFile size 12138M (AvailPageFile size 1M)
current process WorkingSet (physical memory assigned to process): 110M, peak: 111M
current process commit charge ("private bytes"): 169M, peak: 171M

vm_info: OpenJDK 64-Bit Server VM (17.0.13+11-LTS) for windows-amd64 JRE (17.0.13+11-LTS), built on Oct 11 2024 23:25:05 by "MicrosoftCorporation" with unknown MS VC++:1939

END.
