#
# There is insufficient memory for the Java Runtime Environment to continue.
# Native memory allocation (mmap) failed to map 88080384 bytes. Error detail: G1 virtual space
# Possible reasons:
#   The system is out of physical RAM or swap space
#   This process is running with CompressedOops enabled, and the Java Heap may be blocking the growth of the native heap
# Possible solutions:
#   Reduce memory load on the system
#   Increase physical memory or swap space
#   Check if swap backing store is full
#   Decrease Java heap size (-Xmx/-Xms)
#   Decrease number of Java threads
#   Decrease Java thread stack sizes (-Xss)
#   Set larger code cache with -XX:ReservedCodeCacheSize=
#   JVM is running with Unscaled Compressed Oops mode in which the Java heap is
#     placed in the first 4GB address space. The Java Heap base address is the
#     maximum limit for the native heap growth. Please use -XX:HeapBaseMinAddress
#     to set the Java Heap base and to place the Java Heap above 4GB virtual address.
# This output file may be truncated or incomplete.
#
#  Out of Memory Error (os_windows.cpp:3679), pid=4452, tid=3780
#
# JRE version: OpenJDK Runtime Environment Microsoft-10376486 (17.0.13+11) (build 17.0.13+11-LTS)
# Java VM: OpenJDK 64-Bit Server VM Microsoft-10376486 (17.0.13+11-LTS, mixed mode, sharing, tiered, compressed oops, compressed class ptrs, g1 gc, windows-amd64)
# No core dump will be written. Minidumps are not enabled by default on client versions of Windows
#

---------------  S U M M A R Y ------------

Command Line: org.jetbrains.kotlin.cli.jvm.K2JVMCompiler @D:\React Native\MyProject\node_modules\react-native-screens\android\build\20250203_9140044362249867014.compiler.options

Host: Intel(R) Core(TM) i7-7500U CPU @ 2.70GHz, 4 cores, 7G,  Windows 10 , 64 bit Build 19041 (10.0.19041.5198)
Time: Mon Feb  3 16:55:27 2025 Pakistan Standard Time elapsed time: 32.390232 seconds (0d 0h 0m 32s)

---------------  T H R E A D  ---------------

Current thread (0x000001612e509fa0):  VMThread "VM Thread" [stack: 0x000000059e300000,0x000000059e400000] [id=3780]

Stack: [0x000000059e300000,0x000000059e400000]
Native frames: (J=compiled Java code, j=interpreted, Vv=VM code, C=native code)
V  [jvm.dll+0x687fc9]
V  [jvm.dll+0x83eeb8]
V  [jvm.dll+0x840963]
V  [jvm.dll+0x840fd3]
V  [jvm.dll+0x24951f]
V  [jvm.dll+0x684f89]
V  [jvm.dll+0x6794aa]
V  [jvm.dll+0x30ad27]
V  [jvm.dll+0x312296]
V  [jvm.dll+0x362bde]
V  [jvm.dll+0x362e1d]
V  [jvm.dll+0x2e1fbc]
V  [jvm.dll+0x2e0369]
V  [jvm.dll+0x2dfacc]
V  [jvm.dll+0x32267b]
V  [jvm.dll+0x84580d]
V  [jvm.dll+0x846543]
V  [jvm.dll+0x846a6f]
V  [jvm.dll+0x846e54]
V  [jvm.dll+0x846f1e]
V  [jvm.dll+0x7eea6c]
V  [jvm.dll+0x686ea7]
C  [ucrtbase.dll+0x21bb2]
C  [KERNEL32.DLL+0x17374]
C  [ntdll.dll+0x4cc91]

VM_Operation (0x000000059ddfc1c0): G1CollectForAllocation, mode: safepoint, requested by thread 0x0000016110a80990


---------------  P R O C E S S  ---------------

Threads class SMR info:
_java_thread_list=0x00000161757f5ce0, length=13, elements={
0x0000016110a80990, 0x000001612e512100, 0x000001612e513520, 0x000001612e528360,
0x000001612e528fe0, 0x000001612e52c160, 0x000001612e52d2c0, 0x000001612e533d10,
0x000001612e534f60, 0x000001612e536100, 0x000001612e664a40, 0x000001612e66d7a0,
0x0000016174c11290
}

Java Threads: ( => current thread )
  0x0000016110a80990 JavaThread "main" [_thread_blocked, id=15556, stack(0x000000059dd00000,0x000000059de00000)]
  0x000001612e512100 JavaThread "Reference Handler" daemon [_thread_blocked, id=16712, stack(0x000000059e400000,0x000000059e500000)]
  0x000001612e513520 JavaThread "Finalizer" daemon [_thread_blocked, id=17448, stack(0x000000059e500000,0x000000059e600000)]
  0x000001612e528360 JavaThread "Signal Dispatcher" daemon [_thread_blocked, id=18780, stack(0x000000059e600000,0x000000059e700000)]
  0x000001612e528fe0 JavaThread "Attach Listener" daemon [_thread_blocked, id=12296, stack(0x000000059e700000,0x000000059e800000)]
  0x000001612e52c160 JavaThread "Service Thread" daemon [_thread_blocked, id=15236, stack(0x000000059e800000,0x000000059e900000)]
  0x000001612e52d2c0 JavaThread "Monitor Deflation Thread" daemon [_thread_blocked, id=17788, stack(0x000000059e900000,0x000000059ea00000)]
  0x000001612e533d10 JavaThread "C2 CompilerThread0" daemon [_thread_blocked, id=20836, stack(0x000000059ea00000,0x000000059eb00000)]
  0x000001612e534f60 JavaThread "C1 CompilerThread0" daemon [_thread_blocked, id=1888, stack(0x000000059eb00000,0x000000059ec00000)]
  0x000001612e536100 JavaThread "Sweeper thread" daemon [_thread_blocked, id=6848, stack(0x000000059ec00000,0x000000059ed00000)]
  0x000001612e664a40 JavaThread "Notification Thread" daemon [_thread_blocked, id=17816, stack(0x000000059ed00000,0x000000059ee00000)]
  0x000001612e66d7a0 JavaThread "Common-Cleaner" daemon [_thread_blocked, id=6096, stack(0x000000059ef00000,0x000000059f000000)]
  0x0000016174c11290 JavaThread "C2 CompilerThread1" daemon [_thread_in_native, id=20964, stack(0x000000059f000000,0x000000059f100000)]

Other Threads:
=>0x000001612e509fa0 VMThread "VM Thread" [stack: 0x000000059e300000,0x000000059e400000] [id=3780]
  0x000001612e669340 WatcherThread [stack: 0x000000059ee00000,0x000000059ef00000] [id=17540]
  0x0000016110ad9eb0 GCTaskThread "GC Thread#0" [stack: 0x000000059de00000,0x000000059df00000] [id=16684]
  0x000001612e871f40 GCTaskThread "GC Thread#1" [stack: 0x000000059f100000,0x000000059f200000] [id=17812]
  0x000001612e872200 GCTaskThread "GC Thread#2" [stack: 0x000000059f200000,0x000000059f300000] [id=452]
  0x00000161740c54a0 GCTaskThread "GC Thread#3" [stack: 0x000000059f300000,0x000000059f400000] [id=12836]
  0x0000016110aea980 ConcurrentGCThread "G1 Main Marker" [stack: 0x000000059df00000,0x000000059e000000] [id=19492]
  0x0000016110aebb40 ConcurrentGCThread "G1 Conc#0" [stack: 0x000000059e000000,0x000000059e100000] [id=21260]
  0x0000016110b3df90 ConcurrentGCThread "G1 Refine#0" [stack: 0x000000059e100000,0x000000059e200000] [id=10820]
  0x000001617517a510 ConcurrentGCThread "G1 Refine#1" [stack: 0x000000059f400000,0x000000059f500000] [id=11012]
  0x0000016110b3e8c0 ConcurrentGCThread "G1 Service" [stack: 0x000000059e200000,0x000000059e300000] [id=8960]

Threads with active compile tasks:
C2 CompilerThread0    32415 21928       4       org.jetbrains.kotlin.ir.declarations.IrFunction::transformChildren (99 bytes)
C2 CompilerThread1    32415 21352       4       jdk.internal.loader.ClassLoaders$AppClassLoader::loadClass (40 bytes)

VM state: at safepoint (normal execution)

VM Mutex/Monitor currently owned by a thread:  ([mutex/lock_event])
[0x0000016110a7c280] Threads_lock - owner thread: 0x000001612e509fa0
[0x0000016110a7c8b0] Heap_lock - owner thread: 0x0000016110a80990

Heap address: 0x0000000082400000, size: 2012 MB, Compressed Oops mode: 32-bit

CDS archive(s) mapped at: [0x000001612f000000-0x000001612fbb0000-0x000001612fbb0000), size 12255232, SharedBaseAddress: 0x000001612f000000, ArchiveRelocationMode: 1.
Compressed class space mapped at: 0x0000016130000000-0x0000016170000000, reserved size: 1073741824
Narrow klass base: 0x000001612f000000, Narrow klass shift: 0, Narrow klass range: 0x100000000

GC Precious Log:
 CPUs: 4 total, 4 available
 Memory: 8042M
 Large Page Support: Disabled
 NUMA Support: Disabled
 Compressed Oops: Enabled (32-bit)
 Heap Region Size: 1M
 Heap Min Capacity: 8M
 Heap Initial Capacity: 126M
 Heap Max Capacity: 2012M
 Pre-touch: Disabled
 Parallel Workers: 4
 Concurrent Workers: 1
 Concurrent Refinement Workers: 4
 Periodic GC: Disabled

Heap:
 garbage-first heap   total 260096K, used 138741K [0x0000000082400000, 0x0000000100000000)
  region size 1024K, 3 young (3072K), 3 survivors (3072K)
 Metaspace       used 75454K, committed 75776K, reserved 1179648K
  class space    used 7957K, committed 8128K, reserved 1048576K

Heap Regions: E=young(eden), S=young(survivor), O=old, HS=humongous(starts), HC=humongous(continues), CS=collection set, F=free, OA=open archive, CA=closed archive, TAMS=top-at-mark-start (previous, next)
|   0|0x0000000082400000, 0x0000000082500000, 0x0000000082500000|100%|HS|  |TAMS 0x0000000082500000, 0x0000000082500000| Complete 
|   1|0x0000000082500000, 0x0000000082600000, 0x0000000082600000|100%|HC|  |TAMS 0x0000000082600000, 0x0000000082600000| Complete 
|   2|0x0000000082600000, 0x0000000082700000, 0x0000000082700000|100%|HC|  |TAMS 0x0000000082700000, 0x0000000082700000| Complete 
|   3|0x0000000082700000, 0x0000000082800000, 0x0000000082800000|100%|HC|  |TAMS 0x0000000082800000, 0x0000000082800000| Complete 
|   4|0x0000000082800000, 0x0000000082900000, 0x0000000082900000|100%| O|  |TAMS 0x0000000082900000, 0x0000000082900000| Untracked 
|   5|0x0000000082900000, 0x0000000082a00000, 0x0000000082a00000|100%| O|  |TAMS 0x0000000082a00000, 0x0000000082a00000| Untracked 
|   6|0x0000000082a00000, 0x0000000082b00000, 0x0000000082b00000|100%| O|  |TAMS 0x0000000082b00000, 0x0000000082b00000| Untracked 
|   7|0x0000000082b00000, 0x0000000082c00000, 0x0000000082c00000|100%| O|  |TAMS 0x0000000082c00000, 0x0000000082c00000| Untracked 
|   8|0x0000000082c00000, 0x0000000082d00000, 0x0000000082d00000|100%| O|  |TAMS 0x0000000082d00000, 0x0000000082d00000| Untracked 
|   9|0x0000000082d00000, 0x0000000082e00000, 0x0000000082e00000|100%| O|  |TAMS 0x0000000082e00000, 0x0000000082e00000| Untracked 
|  10|0x0000000082e00000, 0x0000000082f00000, 0x0000000082f00000|100%| O|  |TAMS 0x0000000082f00000, 0x0000000082f00000| Untracked 
|  11|0x0000000082f00000, 0x0000000083000000, 0x0000000083000000|100%| O|  |TAMS 0x0000000083000000, 0x0000000083000000| Untracked 
|  12|0x0000000083000000, 0x0000000083100000, 0x0000000083100000|100%| O|  |TAMS 0x0000000083100000, 0x0000000083100000| Untracked 
|  13|0x0000000083100000, 0x0000000083200000, 0x0000000083200000|100%| O|  |TAMS 0x0000000083200000, 0x0000000083200000| Untracked 
|  14|0x0000000083200000, 0x0000000083300000, 0x0000000083300000|100%| O|  |TAMS 0x0000000083300000, 0x0000000083300000| Untracked 
|  15|0x0000000083300000, 0x0000000083400000, 0x0000000083400000|100%| O|  |TAMS 0x0000000083400000, 0x0000000083400000| Untracked 
|  16|0x0000000083400000, 0x0000000083500000, 0x0000000083500000|100%| O|  |TAMS 0x0000000083500000, 0x0000000083500000| Untracked 
|  17|0x0000000083500000, 0x0000000083600000, 0x0000000083600000|100%| O|  |TAMS 0x0000000083600000, 0x0000000083600000| Untracked 
|  18|0x0000000083600000, 0x0000000083700000, 0x0000000083700000|100%|HS|  |TAMS 0x0000000083700000, 0x0000000083700000| Complete 
|  19|0x0000000083700000, 0x0000000083800000, 0x0000000083800000|100%|HC|  |TAMS 0x0000000083800000, 0x0000000083800000| Complete 
|  20|0x0000000083800000, 0x0000000083900000, 0x0000000083900000|100%| O|  |TAMS 0x0000000083900000, 0x0000000083900000| Untracked 
|  21|0x0000000083900000, 0x0000000083a00000, 0x0000000083a00000|100%| O|  |TAMS 0x0000000083a00000, 0x0000000083a00000| Untracked 
|  22|0x0000000083a00000, 0x0000000083b00000, 0x0000000083b00000|100%| O|  |TAMS 0x0000000083b00000, 0x0000000083b00000| Untracked 
|  23|0x0000000083b00000, 0x0000000083c00000, 0x0000000083c00000|100%| O|  |TAMS 0x0000000083c00000, 0x0000000083c00000| Untracked 
|  24|0x0000000083c00000, 0x0000000083d00000, 0x0000000083d00000|100%| O|  |TAMS 0x0000000083d00000, 0x0000000083d00000| Untracked 
|  25|0x0000000083d00000, 0x0000000083e00000, 0x0000000083e00000|100%| O|  |TAMS 0x0000000083e00000, 0x0000000083e00000| Untracked 
|  26|0x0000000083e00000, 0x0000000083e8c600, 0x0000000083f00000| 54%| O|  |TAMS 0x0000000083e8c600, 0x0000000083e8c600| Untracked 
|  27|0x0000000083f00000, 0x0000000084000000, 0x0000000084000000|100%| O|  |TAMS 0x0000000084000000, 0x0000000084000000| Untracked 
|  28|0x0000000084000000, 0x0000000084100000, 0x0000000084100000|100%| O|  |TAMS 0x0000000084100000, 0x0000000084100000| Untracked 
|  29|0x0000000084100000, 0x0000000084200000, 0x0000000084200000|100%| O|  |TAMS 0x0000000084200000, 0x0000000084200000| Untracked 
|  30|0x0000000084200000, 0x0000000084300000, 0x0000000084300000|100%| O|  |TAMS 0x0000000084300000, 0x0000000084300000| Untracked 
|  31|0x0000000084300000, 0x0000000084400000, 0x0000000084400000|100%| O|  |TAMS 0x0000000084400000, 0x0000000084400000| Untracked 
|  32|0x0000000084400000, 0x0000000084500000, 0x0000000084500000|100%| O|  |TAMS 0x0000000084500000, 0x0000000084500000| Untracked 
|  33|0x0000000084500000, 0x0000000084600000, 0x0000000084600000|100%| O|  |TAMS 0x0000000084600000, 0x0000000084600000| Untracked 
|  34|0x0000000084600000, 0x0000000084700000, 0x0000000084700000|100%| O|  |TAMS 0x0000000084700000, 0x0000000084700000| Untracked 
|  35|0x0000000084700000, 0x0000000084800000, 0x0000000084800000|100%| O|  |TAMS 0x0000000084800000, 0x0000000084800000| Untracked 
|  36|0x0000000084800000, 0x0000000084900000, 0x0000000084900000|100%| O|  |TAMS 0x0000000084900000, 0x0000000084900000| Untracked 
|  37|0x0000000084900000, 0x0000000084a00000, 0x0000000084a00000|100%| O|  |TAMS 0x0000000084a00000, 0x0000000084a00000| Untracked 
|  38|0x0000000084a00000, 0x0000000084b00000, 0x0000000084b00000|100%| O|  |TAMS 0x0000000084b00000, 0x0000000084b00000| Untracked 
|  39|0x0000000084b00000, 0x0000000084c00000, 0x0000000084c00000|100%| O|  |TAMS 0x0000000084c00000, 0x0000000084c00000| Untracked 
|  40|0x0000000084c00000, 0x0000000084d00000, 0x0000000084d00000|100%| O|  |TAMS 0x0000000084d00000, 0x0000000084d00000| Untracked 
|  41|0x0000000084d00000, 0x0000000084e00000, 0x0000000084e00000|100%| O|  |TAMS 0x0000000084e00000, 0x0000000084e00000| Untracked 
|  42|0x0000000084e00000, 0x0000000084f00000, 0x0000000084f00000|100%| O|  |TAMS 0x0000000084f00000, 0x0000000084f00000| Untracked 
|  43|0x0000000084f00000, 0x0000000085000000, 0x0000000085000000|100%| O|  |TAMS 0x0000000085000000, 0x0000000085000000| Untracked 
|  44|0x0000000085000000, 0x0000000085100000, 0x0000000085100000|100%| O|  |TAMS 0x0000000085100000, 0x0000000085100000| Untracked 
|  45|0x0000000085100000, 0x0000000085200000, 0x0000000085200000|100%| O|  |TAMS 0x0000000085200000, 0x0000000085200000| Untracked 
|  46|0x0000000085200000, 0x0000000085300000, 0x0000000085300000|100%| O|  |TAMS 0x0000000085300000, 0x0000000085300000| Untracked 
|  47|0x0000000085300000, 0x0000000085400000, 0x0000000085400000|100%| O|  |TAMS 0x0000000085400000, 0x0000000085400000| Untracked 
|  48|0x0000000085400000, 0x0000000085500000, 0x0000000085500000|100%| O|  |TAMS 0x0000000085500000, 0x0000000085500000| Untracked 
|  49|0x0000000085500000, 0x0000000085600000, 0x0000000085600000|100%| O|  |TAMS 0x0000000085600000, 0x0000000085600000| Untracked 
|  50|0x0000000085600000, 0x0000000085700000, 0x0000000085700000|100%| O|  |TAMS 0x0000000085700000, 0x0000000085700000| Untracked 
|  51|0x0000000085700000, 0x0000000085800000, 0x0000000085800000|100%| O|  |TAMS 0x0000000085800000, 0x0000000085800000| Untracked 
|  52|0x0000000085800000, 0x0000000085900000, 0x0000000085900000|100%| O|  |TAMS 0x0000000085900000, 0x0000000085900000| Untracked 
|  53|0x0000000085900000, 0x0000000085a00000, 0x0000000085a00000|100%| O|  |TAMS 0x0000000085a00000, 0x0000000085a00000| Untracked 
|  54|0x0000000085a00000, 0x0000000085b00000, 0x0000000085b00000|100%| O|  |TAMS 0x0000000085b00000, 0x0000000085b00000| Untracked 
|  55|0x0000000085b00000, 0x0000000085c00000, 0x0000000085c00000|100%| O|  |TAMS 0x0000000085c00000, 0x0000000085c00000| Untracked 
|  56|0x0000000085c00000, 0x0000000085d00000, 0x0000000085d00000|100%| O|  |TAMS 0x0000000085d00000, 0x0000000085d00000| Untracked 
|  57|0x0000000085d00000, 0x0000000085e00000, 0x0000000085e00000|100%| O|  |TAMS 0x0000000085e00000, 0x0000000085e00000| Untracked 
|  58|0x0000000085e00000, 0x0000000085f00000, 0x0000000085f00000|100%| O|  |TAMS 0x0000000085f00000, 0x0000000085f00000| Untracked 
|  59|0x0000000085f00000, 0x0000000086000000, 0x0000000086000000|100%| O|  |TAMS 0x0000000086000000, 0x0000000086000000| Untracked 
|  60|0x0000000086000000, 0x0000000086100000, 0x0000000086100000|100%| O|  |TAMS 0x0000000086100000, 0x0000000086100000| Untracked 
|  61|0x0000000086100000, 0x0000000086200000, 0x0000000086200000|100%| O|  |TAMS 0x0000000086200000, 0x0000000086200000| Untracked 
|  62|0x0000000086200000, 0x0000000086300000, 0x0000000086300000|100%| O|  |TAMS 0x0000000086300000, 0x0000000086300000| Untracked 
|  63|0x0000000086300000, 0x0000000086400000, 0x0000000086400000|100%| O|  |TAMS 0x0000000086400000, 0x0000000086400000| Untracked 
|  64|0x0000000086400000, 0x0000000086500000, 0x0000000086500000|100%| O|  |TAMS 0x0000000086500000, 0x0000000086500000| Untracked 
|  65|0x0000000086500000, 0x0000000086600000, 0x0000000086600000|100%| O|  |TAMS 0x0000000086600000, 0x0000000086600000| Untracked 
|  66|0x0000000086600000, 0x0000000086700000, 0x0000000086700000|100%| O|  |TAMS 0x0000000086700000, 0x0000000086700000| Untracked 
|  67|0x0000000086700000, 0x0000000086800000, 0x0000000086800000|100%| O|  |TAMS 0x0000000086800000, 0x0000000086800000| Untracked 
|  68|0x0000000086800000, 0x0000000086900000, 0x0000000086900000|100%| O|  |TAMS 0x0000000086900000, 0x0000000086900000| Untracked 
|  69|0x0000000086900000, 0x0000000086a00000, 0x0000000086a00000|100%| O|  |TAMS 0x0000000086a00000, 0x0000000086a00000| Untracked 
|  70|0x0000000086a00000, 0x0000000086b00000, 0x0000000086b00000|100%| O|  |TAMS 0x0000000086a00000, 0x0000000086b00000| Untracked 
|  71|0x0000000086b00000, 0x0000000086c00000, 0x0000000086c00000|100%| O|  |TAMS 0x0000000086b00000, 0x0000000086c00000| Untracked 
|  72|0x0000000086c00000, 0x0000000086d00000, 0x0000000086d00000|100%| O|  |TAMS 0x0000000086d00000, 0x0000000086d00000| Untracked 
|  73|0x0000000086d00000, 0x0000000086e00000, 0x0000000086e00000|100%| O|  |TAMS 0x0000000086e00000, 0x0000000086e00000| Untracked 
|  74|0x0000000086e00000, 0x0000000086f00000, 0x0000000086f00000|100%| O|  |TAMS 0x0000000086f00000, 0x0000000086f00000| Untracked 
|  75|0x0000000086f00000, 0x0000000087000000, 0x0000000087000000|100%| O|  |TAMS 0x0000000087000000, 0x0000000087000000| Untracked 
|  76|0x0000000087000000, 0x0000000087100000, 0x0000000087100000|100%| O|  |TAMS 0x0000000087100000, 0x0000000087100000| Untracked 
|  77|0x0000000087100000, 0x0000000087200000, 0x0000000087200000|100%| O|  |TAMS 0x0000000087200000, 0x0000000087200000| Untracked 
|  78|0x0000000087200000, 0x0000000087300000, 0x0000000087300000|100%| O|  |TAMS 0x0000000087300000, 0x0000000087300000| Untracked 
|  79|0x0000000087300000, 0x0000000087400000, 0x0000000087400000|100%| O|  |TAMS 0x0000000087400000, 0x0000000087400000| Untracked 
|  80|0x0000000087400000, 0x0000000087500000, 0x0000000087500000|100%| O|  |TAMS 0x0000000087500000, 0x0000000087500000| Untracked 
|  81|0x0000000087500000, 0x0000000087600000, 0x0000000087600000|100%| O|  |TAMS 0x0000000087600000, 0x0000000087600000| Untracked 
|  82|0x0000000087600000, 0x0000000087700000, 0x0000000087700000|100%| O|  |TAMS 0x0000000087700000, 0x0000000087700000| Untracked 
|  83|0x0000000087700000, 0x0000000087800000, 0x0000000087800000|100%| O|  |TAMS 0x0000000087800000, 0x0000000087800000| Untracked 
|  84|0x0000000087800000, 0x0000000087900000, 0x0000000087900000|100%| O|  |TAMS 0x0000000087900000, 0x0000000087900000| Untracked 
|  85|0x0000000087900000, 0x0000000087a00000, 0x0000000087a00000|100%| O|  |TAMS 0x0000000087a00000, 0x0000000087a00000| Untracked 
|  86|0x0000000087a00000, 0x0000000087b00000, 0x0000000087b00000|100%| O|  |TAMS 0x0000000087b00000, 0x0000000087b00000| Untracked 
|  87|0x0000000087b00000, 0x0000000087c00000, 0x0000000087c00000|100%| O|  |TAMS 0x0000000087c00000, 0x0000000087c00000| Untracked 
|  88|0x0000000087c00000, 0x0000000087d00000, 0x0000000087d00000|100%| O|  |TAMS 0x0000000087d00000, 0x0000000087d00000| Untracked 
|  89|0x0000000087d00000, 0x0000000087e00000, 0x0000000087e00000|100%| O|  |TAMS 0x0000000087e00000, 0x0000000087e00000| Untracked 
|  90|0x0000000087e00000, 0x0000000087f00000, 0x0000000087f00000|100%| O|  |TAMS 0x0000000087f00000, 0x0000000087f00000| Untracked 
|  91|0x0000000087f00000, 0x0000000088000000, 0x0000000088000000|100%| O|  |TAMS 0x0000000088000000, 0x0000000088000000| Untracked 
|  92|0x0000000088000000, 0x0000000088100000, 0x0000000088100000|100%| O|  |TAMS 0x0000000088100000, 0x0000000088100000| Untracked 
|  93|0x0000000088100000, 0x0000000088100000, 0x0000000088200000|  0%| F|  |TAMS 0x0000000088100000, 0x0000000088100000| Untracked 
|  94|0x0000000088200000, 0x0000000088300000, 0x0000000088300000|100%| O|  |TAMS 0x0000000088300000, 0x0000000088300000| Untracked 
|  95|0x0000000088300000, 0x0000000088300000, 0x0000000088400000|  0%| F|  |TAMS 0x0000000088300000, 0x0000000088300000| Untracked 
|  96|0x0000000088400000, 0x0000000088500000, 0x0000000088500000|100%| O|  |TAMS 0x0000000088500000, 0x0000000088500000| Untracked 
|  97|0x0000000088500000, 0x0000000088600000, 0x0000000088600000|100%| O|  |TAMS 0x0000000088600000, 0x0000000088600000| Untracked 
|  98|0x0000000088600000, 0x0000000088700000, 0x0000000088700000|100%| O|  |TAMS 0x0000000088700000, 0x0000000088700000| Untracked 
|  99|0x0000000088700000, 0x0000000088700000, 0x0000000088800000|  0%| F|  |TAMS 0x0000000088700000, 0x0000000088700000| Untracked 
| 100|0x0000000088800000, 0x0000000088800000, 0x0000000088900000|  0%| F|  |TAMS 0x0000000088800000, 0x0000000088800000| Untracked 
| 101|0x0000000088900000, 0x0000000088a00000, 0x0000000088a00000|100%| O|  |TAMS 0x0000000088a00000, 0x0000000088a00000| Untracked 
| 102|0x0000000088a00000, 0x0000000088b00000, 0x0000000088b00000|100%| O|  |TAMS 0x0000000088b00000, 0x0000000088b00000| Untracked 
| 103|0x0000000088b00000, 0x0000000088c00000, 0x0000000088c00000|100%| O|  |TAMS 0x0000000088c00000, 0x0000000088c00000| Untracked 
| 104|0x0000000088c00000, 0x0000000088d00000, 0x0000000088d00000|100%| O|  |TAMS 0x0000000088d00000, 0x0000000088d00000| Untracked 
| 105|0x0000000088d00000, 0x0000000088e00000, 0x0000000088e00000|100%| O|  |TAMS 0x0000000088e00000, 0x0000000088e00000| Untracked 
| 106|0x0000000088e00000, 0x0000000088e00000, 0x0000000088f00000|  0%| F|  |TAMS 0x0000000088e00000, 0x0000000088e00000| Untracked 
| 107|0x0000000088f00000, 0x0000000089000000, 0x0000000089000000|100%| O|  |TAMS 0x0000000089000000, 0x0000000089000000| Untracked 
| 108|0x0000000089000000, 0x0000000089100000, 0x0000000089100000|100%| O|  |TAMS 0x0000000089100000, 0x0000000089100000| Untracked 
| 109|0x0000000089100000, 0x0000000089200000, 0x0000000089200000|100%| O|  |TAMS 0x0000000089200000, 0x0000000089200000| Untracked 
| 110|0x0000000089200000, 0x0000000089300000, 0x0000000089300000|100%| O|  |TAMS 0x0000000089300000, 0x0000000089300000| Untracked 
| 111|0x0000000089300000, 0x0000000089400000, 0x0000000089400000|100%| O|  |TAMS 0x0000000089400000, 0x0000000089400000| Untracked 
| 112|0x0000000089400000, 0x0000000089500000, 0x0000000089500000|100%| O|  |TAMS 0x0000000089500000, 0x0000000089500000| Untracked 
| 113|0x0000000089500000, 0x0000000089600000, 0x0000000089600000|100%| O|  |TAMS 0x0000000089600000, 0x0000000089600000| Untracked 
| 114|0x0000000089600000, 0x0000000089700000, 0x0000000089700000|100%| O|  |TAMS 0x0000000089700000, 0x0000000089700000| Untracked 
| 115|0x0000000089700000, 0x0000000089800000, 0x0000000089800000|100%| O|  |TAMS 0x0000000089800000, 0x0000000089800000| Untracked 
| 116|0x0000000089800000, 0x0000000089900000, 0x0000000089900000|100%| O|  |TAMS 0x0000000089900000, 0x0000000089900000| Untracked 
| 117|0x0000000089900000, 0x0000000089a00000, 0x0000000089a00000|100%| O|  |TAMS 0x0000000089937e00, 0x0000000089a00000| Untracked 
| 118|0x0000000089a00000, 0x0000000089b00000, 0x0000000089b00000|100%| O|  |TAMS 0x0000000089a00000, 0x0000000089b00000| Untracked 
| 119|0x0000000089b00000, 0x0000000089c00000, 0x0000000089c00000|100%| O|  |TAMS 0x0000000089b00000, 0x0000000089c00000| Untracked 
| 120|0x0000000089c00000, 0x0000000089d00000, 0x0000000089d00000|100%| O|  |TAMS 0x0000000089c00000, 0x0000000089d00000| Untracked 
| 121|0x0000000089d00000, 0x0000000089e00000, 0x0000000089e00000|100%| O|  |TAMS 0x0000000089d00000, 0x0000000089e00000| Untracked 
| 122|0x0000000089e00000, 0x0000000089f00000, 0x0000000089f00000|100%| O|  |TAMS 0x0000000089e00000, 0x0000000089f00000| Untracked 
| 123|0x0000000089f00000, 0x000000008a000000, 0x000000008a000000|100%| O|  |TAMS 0x0000000089f00000, 0x000000008a000000| Untracked 
| 124|0x000000008a000000, 0x000000008a100000, 0x000000008a100000|100%| O|  |TAMS 0x000000008a000000, 0x000000008a100000| Untracked 
| 125|0x000000008a100000, 0x000000008a200000, 0x000000008a200000|100%| O|  |TAMS 0x000000008a100000, 0x000000008a200000| Untracked 
| 126|0x000000008a200000, 0x000000008a300000, 0x000000008a300000|100%| O|  |TAMS 0x000000008a200000, 0x000000008a300000| Untracked 
| 127|0x000000008a300000, 0x000000008a400000, 0x000000008a400000|100%| O|  |TAMS 0x000000008a300000, 0x000000008a400000| Untracked 
| 128|0x000000008a400000, 0x000000008a500000, 0x000000008a500000|100%| O|  |TAMS 0x000000008a400000, 0x000000008a500000| Untracked 
| 129|0x000000008a500000, 0x000000008a600000, 0x000000008a600000|100%| O|  |TAMS 0x000000008a500000, 0x000000008a600000| Untracked 
| 130|0x000000008a600000, 0x000000008a700000, 0x000000008a700000|100%| O|  |TAMS 0x000000008a600000, 0x000000008a700000| Untracked 
| 131|0x000000008a700000, 0x000000008a800000, 0x000000008a800000|100%| O|  |TAMS 0x000000008a700000, 0x000000008a800000| Untracked 
| 132|0x000000008a800000, 0x000000008a900000, 0x000000008a900000|100%| O|  |TAMS 0x000000008a800000, 0x000000008a900000| Untracked 
| 133|0x000000008a900000, 0x000000008aa00000, 0x000000008aa00000|100%| O|  |TAMS 0x000000008a900000, 0x000000008aa00000| Untracked 
| 134|0x000000008aa00000, 0x000000008ab00000, 0x000000008ab00000|100%| O|  |TAMS 0x000000008aa00000, 0x000000008ab00000| Untracked 
| 135|0x000000008ab00000, 0x000000008ac00000, 0x000000008ac00000|100%| O|  |TAMS 0x000000008ab00000, 0x000000008ac00000| Untracked 
| 136|0x000000008ac00000, 0x000000008ad00000, 0x000000008ad00000|100%| O|  |TAMS 0x000000008ac00000, 0x000000008ad00000| Untracked 
| 137|0x000000008ad00000, 0x000000008ae00000, 0x000000008ae00000|100%| O|  |TAMS 0x000000008ad00000, 0x000000008ae00000| Untracked 
| 138|0x000000008ae00000, 0x000000008ae58e00, 0x000000008af00000| 34%| O|  |TAMS 0x000000008ae00000, 0x000000008ae58e00| Untracked 
| 139|0x000000008af00000, 0x000000008af00000, 0x000000008b000000|  0%| F|  |TAMS 0x000000008af00000, 0x000000008af00000| Untracked 
| 140|0x000000008b000000, 0x000000008b000000, 0x000000008b100000|  0%| F|  |TAMS 0x000000008b000000, 0x000000008b000000| Untracked 
| 141|0x000000008b100000, 0x000000008b100000, 0x000000008b200000|  0%| F|  |TAMS 0x000000008b100000, 0x000000008b100000| Untracked 
| 142|0x000000008b200000, 0x000000008b200000, 0x000000008b300000|  0%| F|  |TAMS 0x000000008b200000, 0x000000008b200000| Untracked 
| 143|0x000000008b300000, 0x000000008b300000, 0x000000008b400000|  0%| F|  |TAMS 0x000000008b300000, 0x000000008b300000| Untracked 
| 144|0x000000008b400000, 0x000000008b400000, 0x000000008b500000|  0%| F|  |TAMS 0x000000008b400000, 0x000000008b400000| Untracked 
| 145|0x000000008b500000, 0x000000008b500000, 0x000000008b600000|  0%| F|  |TAMS 0x000000008b500000, 0x000000008b500000| Untracked 
| 146|0x000000008b600000, 0x000000008b600000, 0x000000008b700000|  0%| F|  |TAMS 0x000000008b600000, 0x000000008b600000| Untracked 
| 147|0x000000008b700000, 0x000000008b700000, 0x000000008b800000|  0%| F|  |TAMS 0x000000008b700000, 0x000000008b700000| Untracked 
| 148|0x000000008b800000, 0x000000008b800000, 0x000000008b900000|  0%| F|  |TAMS 0x000000008b800000, 0x000000008b800000| Untracked 
| 149|0x000000008b900000, 0x000000008b900000, 0x000000008ba00000|  0%| F|  |TAMS 0x000000008b900000, 0x000000008b900000| Untracked 
| 150|0x000000008ba00000, 0x000000008ba00000, 0x000000008bb00000|  0%| F|  |TAMS 0x000000008ba00000, 0x000000008ba00000| Untracked 
| 151|0x000000008bb00000, 0x000000008bb00000, 0x000000008bc00000|  0%| F|  |TAMS 0x000000008bb00000, 0x000000008bb00000| Untracked 
| 152|0x000000008bc00000, 0x000000008bc00000, 0x000000008bd00000|  0%| F|  |TAMS 0x000000008bc00000, 0x000000008bc00000| Untracked 
| 153|0x000000008bd00000, 0x000000008bd00000, 0x000000008be00000|  0%| F|  |TAMS 0x000000008bd00000, 0x000000008bd00000| Untracked 
| 154|0x000000008be00000, 0x000000008be00000, 0x000000008bf00000|  0%| F|  |TAMS 0x000000008be00000, 0x000000008be00000| Untracked 
| 155|0x000000008bf00000, 0x000000008bf00000, 0x000000008c000000|  0%| F|  |TAMS 0x000000008bf00000, 0x000000008bf00000| Untracked 
| 156|0x000000008c000000, 0x000000008c000000, 0x000000008c100000|  0%| F|  |TAMS 0x000000008c000000, 0x000000008c000000| Untracked 
| 157|0x000000008c100000, 0x000000008c100000, 0x000000008c200000|  0%| F|  |TAMS 0x000000008c100000, 0x000000008c100000| Untracked 
| 158|0x000000008c200000, 0x000000008c200000, 0x000000008c300000|  0%| F|  |TAMS 0x000000008c200000, 0x000000008c200000| Untracked 
| 159|0x000000008c300000, 0x000000008c300000, 0x000000008c400000|  0%| F|  |TAMS 0x000000008c300000, 0x000000008c300000| Untracked 
| 160|0x000000008c400000, 0x000000008c400000, 0x000000008c500000|  0%| F|  |TAMS 0x000000008c400000, 0x000000008c400000| Untracked 
| 161|0x000000008c500000, 0x000000008c500000, 0x000000008c600000|  0%| F|  |TAMS 0x000000008c500000, 0x000000008c500000| Untracked 
| 162|0x000000008c600000, 0x000000008c600000, 0x000000008c700000|  0%| F|  |TAMS 0x000000008c600000, 0x000000008c600000| Untracked 
| 163|0x000000008c700000, 0x000000008c700000, 0x000000008c800000|  0%| F|  |TAMS 0x000000008c700000, 0x000000008c700000| Untracked 
| 164|0x000000008c800000, 0x000000008c800000, 0x000000008c900000|  0%| F|  |TAMS 0x000000008c800000, 0x000000008c800000| Untracked 
| 165|0x000000008c900000, 0x000000008c900000, 0x000000008ca00000|  0%| F|  |TAMS 0x000000008c900000, 0x000000008c900000| Untracked 
| 166|0x000000008ca00000, 0x000000008ca00000, 0x000000008cb00000|  0%| F|  |TAMS 0x000000008ca00000, 0x000000008ca00000| Untracked 
| 167|0x000000008cb00000, 0x000000008cb00000, 0x000000008cc00000|  0%| F|  |TAMS 0x000000008cb00000, 0x000000008cb00000| Untracked 
| 168|0x000000008cc00000, 0x000000008cc00000, 0x000000008cd00000|  0%| F|  |TAMS 0x000000008cc00000, 0x000000008cc00000| Untracked 
| 169|0x000000008cd00000, 0x000000008cd00000, 0x000000008ce00000|  0%| F|  |TAMS 0x000000008cd00000, 0x000000008cd00000| Untracked 
| 170|0x000000008ce00000, 0x000000008ce00000, 0x000000008cf00000|  0%| F|  |TAMS 0x000000008ce00000, 0x000000008ce00000| Untracked 
| 171|0x000000008cf00000, 0x000000008cf00000, 0x000000008d000000|  0%| F|  |TAMS 0x000000008cf00000, 0x000000008cf00000| Untracked 
| 172|0x000000008d000000, 0x000000008d000000, 0x000000008d100000|  0%| F|  |TAMS 0x000000008d000000, 0x000000008d000000| Untracked 
| 173|0x000000008d100000, 0x000000008d100000, 0x000000008d200000|  0%| F|  |TAMS 0x000000008d100000, 0x000000008d100000| Untracked 
| 174|0x000000008d200000, 0x000000008d200000, 0x000000008d300000|  0%| F|  |TAMS 0x000000008d200000, 0x000000008d200000| Untracked 
| 175|0x000000008d300000, 0x000000008d300000, 0x000000008d400000|  0%| F|  |TAMS 0x000000008d300000, 0x000000008d300000| Untracked 
| 176|0x000000008d400000, 0x000000008d400000, 0x000000008d500000|  0%| F|  |TAMS 0x000000008d400000, 0x000000008d400000| Untracked 
| 177|0x000000008d500000, 0x000000008d500000, 0x000000008d600000|  0%| F|  |TAMS 0x000000008d500000, 0x000000008d500000| Untracked 
| 178|0x000000008d600000, 0x000000008d600000, 0x000000008d700000|  0%| F|  |TAMS 0x000000008d600000, 0x000000008d600000| Untracked 
| 179|0x000000008d700000, 0x000000008d700000, 0x000000008d800000|  0%| F|  |TAMS 0x000000008d700000, 0x000000008d700000| Untracked 
| 180|0x000000008d800000, 0x000000008d800000, 0x000000008d900000|  0%| F|  |TAMS 0x000000008d800000, 0x000000008d800000| Untracked 
| 181|0x000000008d900000, 0x000000008d900000, 0x000000008da00000|  0%| F|  |TAMS 0x000000008d900000, 0x000000008d900000| Untracked 
| 182|0x000000008da00000, 0x000000008da00000, 0x000000008db00000|  0%| F|  |TAMS 0x000000008da00000, 0x000000008da00000| Untracked 
| 183|0x000000008db00000, 0x000000008db98160, 0x000000008dc00000| 59%| S|CS|TAMS 0x000000008db00000, 0x000000008db00000| Complete 
| 184|0x000000008dc00000, 0x000000008dd00000, 0x000000008dd00000|100%| S|CS|TAMS 0x000000008dc00000, 0x000000008dc00000| Complete 
| 185|0x000000008dd00000, 0x000000008de00000, 0x000000008de00000|100%| S|CS|TAMS 0x000000008dd00000, 0x000000008dd00000| Complete 
| 186|0x000000008de00000, 0x000000008de00000, 0x000000008df00000|  0%| F|  |TAMS 0x000000008de00000, 0x000000008de00000| Untracked 
| 187|0x000000008df00000, 0x000000008df00000, 0x000000008e000000|  0%| F|  |TAMS 0x000000008df00000, 0x000000008df00000| Untracked 
| 188|0x000000008e000000, 0x000000008e000000, 0x000000008e100000|  0%| F|  |TAMS 0x000000008e000000, 0x000000008e000000| Untracked 
| 189|0x000000008e100000, 0x000000008e100000, 0x000000008e200000|  0%| F|  |TAMS 0x000000008e100000, 0x000000008e100000| Untracked 
| 190|0x000000008e200000, 0x000000008e200000, 0x000000008e300000|  0%| F|  |TAMS 0x000000008e200000, 0x000000008e200000| Untracked 
| 191|0x000000008e300000, 0x000000008e300000, 0x000000008e400000|  0%| F|  |TAMS 0x000000008e300000, 0x000000008e300000| Untracked 
| 192|0x000000008e400000, 0x000000008e400000, 0x000000008e500000|  0%| F|  |TAMS 0x000000008e400000, 0x000000008e400000| Untracked 
| 193|0x000000008e500000, 0x000000008e500000, 0x000000008e600000|  0%| F|  |TAMS 0x000000008e500000, 0x000000008e500000| Untracked 
| 194|0x000000008e600000, 0x000000008e600000, 0x000000008e700000|  0%| F|  |TAMS 0x000000008e600000, 0x000000008e600000| Untracked 
| 195|0x000000008e700000, 0x000000008e700000, 0x000000008e800000|  0%| F|  |TAMS 0x000000008e700000, 0x000000008e700000| Untracked 
| 196|0x000000008e800000, 0x000000008e800000, 0x000000008e900000|  0%| F|  |TAMS 0x000000008e800000, 0x000000008e800000| Untracked 
| 197|0x000000008e900000, 0x000000008e900000, 0x000000008ea00000|  0%| F|  |TAMS 0x000000008e900000, 0x000000008e900000| Untracked 
| 198|0x000000008ea00000, 0x000000008ea00000, 0x000000008eb00000|  0%| F|  |TAMS 0x000000008ea00000, 0x000000008ea00000| Untracked 
| 199|0x000000008eb00000, 0x000000008eb00000, 0x000000008ec00000|  0%| F|  |TAMS 0x000000008eb00000, 0x000000008eb00000| Untracked 
| 200|0x000000008ec00000, 0x000000008ec00000, 0x000000008ed00000|  0%| F|  |TAMS 0x000000008ec00000, 0x000000008ec00000| Untracked 
| 201|0x000000008ed00000, 0x000000008ed00000, 0x000000008ee00000|  0%| F|  |TAMS 0x000000008ed00000, 0x000000008ed00000| Untracked 
| 202|0x000000008ee00000, 0x000000008ee00000, 0x000000008ef00000|  0%| F|  |TAMS 0x000000008ee00000, 0x000000008ee00000| Untracked 
| 203|0x000000008ef00000, 0x000000008ef00000, 0x000000008f000000|  0%| F|  |TAMS 0x000000008ef00000, 0x000000008ef00000| Untracked 
| 204|0x000000008f000000, 0x000000008f000000, 0x000000008f100000|  0%| F|  |TAMS 0x000000008f000000, 0x000000008f000000| Untracked 
| 205|0x000000008f100000, 0x000000008f100000, 0x000000008f200000|  0%| F|  |TAMS 0x000000008f100000, 0x000000008f100000| Untracked 
| 206|0x000000008f200000, 0x000000008f200000, 0x000000008f300000|  0%| F|  |TAMS 0x000000008f200000, 0x000000008f200000| Untracked 
| 207|0x000000008f300000, 0x000000008f300000, 0x000000008f400000|  0%| F|  |TAMS 0x000000008f300000, 0x000000008f300000| Untracked 
| 208|0x000000008f400000, 0x000000008f400000, 0x000000008f500000|  0%| F|  |TAMS 0x000000008f400000, 0x000000008f400000| Untracked 
| 209|0x000000008f500000, 0x000000008f500000, 0x000000008f600000|  0%| F|  |TAMS 0x000000008f500000, 0x000000008f500000| Untracked 
| 210|0x000000008f600000, 0x000000008f600000, 0x000000008f700000|  0%| F|  |TAMS 0x000000008f600000, 0x000000008f600000| Untracked 
| 211|0x000000008f700000, 0x000000008f700000, 0x000000008f800000|  0%| F|  |TAMS 0x000000008f700000, 0x000000008f700000| Untracked 
| 212|0x000000008f800000, 0x000000008f800000, 0x000000008f900000|  0%| F|  |TAMS 0x000000008f800000, 0x000000008f800000| Untracked 
| 213|0x000000008f900000, 0x000000008f900000, 0x000000008fa00000|  0%| F|  |TAMS 0x000000008f900000, 0x000000008f900000| Untracked 
| 214|0x000000008fa00000, 0x000000008fa00000, 0x000000008fb00000|  0%| F|  |TAMS 0x000000008fa00000, 0x000000008fa00000| Untracked 
| 215|0x000000008fb00000, 0x000000008fb00000, 0x000000008fc00000|  0%| F|  |TAMS 0x000000008fb00000, 0x000000008fb00000| Untracked 
| 216|0x000000008fc00000, 0x000000008fc00000, 0x000000008fd00000|  0%| F|  |TAMS 0x000000008fc00000, 0x000000008fc00000| Untracked 
| 217|0x000000008fd00000, 0x000000008fd00000, 0x000000008fe00000|  0%| F|  |TAMS 0x000000008fd00000, 0x000000008fd00000| Untracked 
| 218|0x000000008fe00000, 0x000000008fe00000, 0x000000008ff00000|  0%| F|  |TAMS 0x000000008fe00000, 0x000000008fe00000| Untracked 
| 219|0x000000008ff00000, 0x000000008ff00000, 0x0000000090000000|  0%| F|  |TAMS 0x000000008ff00000, 0x000000008ff00000| Untracked 
| 220|0x0000000090000000, 0x0000000090000000, 0x0000000090100000|  0%| F|  |TAMS 0x0000000090000000, 0x0000000090000000| Untracked 
| 221|0x0000000090100000, 0x0000000090100000, 0x0000000090200000|  0%| F|  |TAMS 0x0000000090100000, 0x0000000090100000| Untracked 
| 222|0x0000000090200000, 0x0000000090200000, 0x0000000090300000|  0%| F|  |TAMS 0x0000000090200000, 0x0000000090200000| Untracked 
| 223|0x0000000090300000, 0x0000000090300000, 0x0000000090400000|  0%| F|  |TAMS 0x0000000090300000, 0x0000000090300000| Untracked 
| 224|0x0000000090400000, 0x0000000090400000, 0x0000000090500000|  0%| F|  |TAMS 0x0000000090400000, 0x0000000090400000| Untracked 
| 225|0x0000000090500000, 0x0000000090500000, 0x0000000090600000|  0%| F|  |TAMS 0x0000000090500000, 0x0000000090500000| Untracked 
| 226|0x0000000090600000, 0x0000000090600000, 0x0000000090700000|  0%| F|  |TAMS 0x0000000090600000, 0x0000000090600000| Untracked 
| 227|0x0000000090700000, 0x0000000090700000, 0x0000000090800000|  0%| F|  |TAMS 0x0000000090700000, 0x0000000090700000| Untracked 
| 228|0x0000000090800000, 0x0000000090800000, 0x0000000090900000|  0%| F|  |TAMS 0x0000000090800000, 0x0000000090800000| Untracked 
| 229|0x0000000090900000, 0x0000000090900000, 0x0000000090a00000|  0%| F|  |TAMS 0x0000000090900000, 0x0000000090900000| Untracked 
| 230|0x0000000090a00000, 0x0000000090a00000, 0x0000000090b00000|  0%| F|  |TAMS 0x0000000090a00000, 0x0000000090a00000| Untracked 
| 231|0x0000000090b00000, 0x0000000090b00000, 0x0000000090c00000|  0%| F|  |TAMS 0x0000000090b00000, 0x0000000090b00000| Untracked 
| 232|0x0000000090c00000, 0x0000000090c00000, 0x0000000090d00000|  0%| F|  |TAMS 0x0000000090c00000, 0x0000000090c00000| Untracked 
| 233|0x0000000090d00000, 0x0000000090d00000, 0x0000000090e00000|  0%| F|  |TAMS 0x0000000090d00000, 0x0000000090d00000| Untracked 
| 234|0x0000000090e00000, 0x0000000090e00000, 0x0000000090f00000|  0%| F|  |TAMS 0x0000000090e00000, 0x0000000090e00000| Untracked 
| 235|0x0000000090f00000, 0x0000000090f00000, 0x0000000091000000|  0%| F|  |TAMS 0x0000000090f00000, 0x0000000090f00000| Untracked 
| 236|0x0000000091000000, 0x0000000091000000, 0x0000000091100000|  0%| F|  |TAMS 0x0000000091000000, 0x0000000091000000| Untracked 
| 237|0x0000000091100000, 0x0000000091100000, 0x0000000091200000|  0%| F|  |TAMS 0x0000000091100000, 0x0000000091100000| Untracked 
| 238|0x0000000091200000, 0x0000000091200000, 0x0000000091300000|  0%| F|  |TAMS 0x0000000091200000, 0x0000000091200000| Untracked 
| 239|0x0000000091300000, 0x0000000091300000, 0x0000000091400000|  0%| F|  |TAMS 0x0000000091300000, 0x0000000091300000| Untracked 
| 240|0x0000000091400000, 0x0000000091400000, 0x0000000091500000|  0%| F|  |TAMS 0x0000000091400000, 0x0000000091400000| Untracked 
| 241|0x0000000091500000, 0x0000000091500000, 0x0000000091600000|  0%| F|  |TAMS 0x0000000091500000, 0x0000000091500000| Untracked 
| 242|0x0000000091600000, 0x0000000091600000, 0x0000000091700000|  0%| F|  |TAMS 0x0000000091600000, 0x0000000091600000| Untracked 
| 243|0x0000000091700000, 0x0000000091700000, 0x0000000091800000|  0%| F|  |TAMS 0x0000000091700000, 0x0000000091700000| Untracked 
| 244|0x0000000091800000, 0x0000000091800000, 0x0000000091900000|  0%| F|  |TAMS 0x0000000091800000, 0x0000000091800000| Untracked 
| 245|0x0000000091900000, 0x0000000091900000, 0x0000000091a00000|  0%| F|  |TAMS 0x0000000091900000, 0x0000000091900000| Untracked 
| 246|0x0000000091a00000, 0x0000000091a00000, 0x0000000091b00000|  0%| F|  |TAMS 0x0000000091a00000, 0x0000000091a00000| Untracked 
| 247|0x0000000091b00000, 0x0000000091b00000, 0x0000000091c00000|  0%| F|  |TAMS 0x0000000091b00000, 0x0000000091b00000| Untracked 
| 248|0x0000000091c00000, 0x0000000091c00000, 0x0000000091d00000|  0%| F|  |TAMS 0x0000000091c00000, 0x0000000091c00000| Untracked 
| 249|0x0000000091d00000, 0x0000000091d00000, 0x0000000091e00000|  0%| F|  |TAMS 0x0000000091d00000, 0x0000000091d00000| Untracked 
| 250|0x0000000091e00000, 0x0000000091e00000, 0x0000000091f00000|  0%| F|  |TAMS 0x0000000091e00000, 0x0000000091e00000| Untracked 
| 251|0x0000000091f00000, 0x0000000091f00000, 0x0000000092000000|  0%| F|  |TAMS 0x0000000091f00000, 0x0000000091f00000| Untracked 
| 252|0x0000000092000000, 0x0000000092000000, 0x0000000092100000|  0%| F|  |TAMS 0x0000000092000000, 0x0000000092000000| Untracked 
| 253|0x0000000092100000, 0x0000000092100000, 0x0000000092200000|  0%| F|  |TAMS 0x0000000092100000, 0x0000000092100000| Untracked 

Card table byte_map: [0x00000161279b0000,0x0000016127da0000] _byte_map_base: 0x000001612759e000

Marking Bits (Prev, Next): (CMBitMap*) 0x0000016110ada510, (CMBitMap*) 0x0000016110ada4d0
 Prev Bits: [0x000001612a100000, 0x000001612c070000)
 Next Bits: [0x0000016128190000, 0x000001612a100000)

Polling page: 0x000001610e7c0000

Metaspace:

Usage:
  Non-class:     65.91 MB used.
      Class:      7.77 MB used.
       Both:     73.69 MB used.

Virtual space:
  Non-class space:      128.00 MB reserved,      66.06 MB ( 52%) committed,  2 nodes.
      Class space:        1.00 GB reserved,       7.94 MB ( <1%) committed,  1 nodes.
             Both:        1.12 GB reserved,      74.00 MB (  6%) committed. 

Chunk freelists:
   Non-Class:  13.00 MB
       Class:  8.09 MB
        Both:  21.09 MB

MaxMetaspaceSize: unlimited
CompressedClassSpaceSize: 1.00 GB
Initial GC threshold: 21.00 MB
Current GC threshold: 120.44 MB
CDS: on
MetaspaceReclaimPolicy: balanced
 - commit_granule_bytes: 65536.
 - commit_granule_words: 8192.
 - virtual_space_node_default_size: 8388608.
 - enlarge_chunks_in_place: 1.
 - new_chunks_are_fully_committed: 0.
 - uncommit_free_chunks: 1.
 - use_allocation_guard: 0.
 - handle_deallocations: 1.


Internal statistics:

num_allocs_failed_limit: 6.
num_arena_births: 374.
num_arena_deaths: 0.
num_vsnodes_births: 3.
num_vsnodes_deaths: 0.
num_space_committed: 1182.
num_space_uncommitted: 0.
num_chunks_returned_to_freelist: 6.
num_chunks_taken_from_freelist: 3167.
num_chunk_merges: 6.
num_chunk_splits: 2506.
num_chunks_enlarged: 2201.
num_inconsistent_stats: 0.

CodeHeap 'non-profiled nmethods': size=120000Kb used=7856Kb max_used=7882Kb free=112143Kb
 bounds [0x0000016120090000, 0x0000016120860000, 0x00000161275c0000]
CodeHeap 'profiled nmethods': size=120000Kb used=40535Kb max_used=40535Kb free=79465Kb
 bounds [0x00000161185c0000, 0x000001611ad70000, 0x000001611faf0000]
CodeHeap 'non-nmethods': size=5760Kb used=1412Kb max_used=1509Kb free=4347Kb
 bounds [0x000001611faf0000, 0x000001611fd60000, 0x0000016120090000]
 total_blobs=16382 nmethods=15648 adapters=641
 compilation: enabled
              stopped_count=0, restarted_count=0
 full_count=0

Compilation events (20 events):
Event: 32.345 Thread 0x000001612e534f60 22014       1       org.jetbrains.kotlin.backend.common.IrElementTransformerVoidWithContext::getAllScopes (5 bytes)
Event: 32.345 Thread 0x000001612e534f60 nmethod 22014 0x0000016120749110 code [0x00000161207492a0, 0x0000016120749378]
Event: 32.345 Thread 0x000001612e534f60 22015       2       org.jetbrains.kotlin.ir.declarations.lazy.IrLazyClass$valueClassRepresentation$2::invoke (5 bytes)
Event: 32.346 Thread 0x000001612e534f60 nmethod 22015 0x000001611a7b1110 code [0x000001611a7b12a0, 0x000001611a7b13c8]
Event: 32.346 Thread 0x000001612e534f60 22016       2       org.jetbrains.kotlin.ir.declarations.lazy.IrLazyClass$valueClassRepresentation$2::invoke (39 bytes)
Event: 32.346 Thread 0x000001612e534f60 nmethod 22016 0x0000016119a6b510 code [0x0000016119a6b6e0, 0x0000016119a6b948]
Event: 32.348 Thread 0x000001612e534f60 22017       2       org.jetbrains.kotlin.backend.jvm.lower.AnonymousObjectSuperConstructorLowering::visitBlock (840 bytes)
Event: 32.355 Thread 0x000001612e534f60 nmethod 22017 0x000001611ad5b910 code [0x000001611ad5c2a0, 0x000001611ad5fa08]
Event: 32.355 Thread 0x000001612e534f60 22019       2       org.jetbrains.kotlin.backend.common.lower.loops.ForLoopsLowering::lower (76 bytes)
Event: 32.356 Thread 0x000001612e534f60 nmethod 22019 0x000001611ad62610 code [0x000001611ad62900, 0x000001611ad63348]
Event: 32.356 Thread 0x000001612e534f60 22020       2       org.jetbrains.kotlin.backend.common.lower.loops.RangeLoopTransformer::<init> (103 bytes)
Event: 32.358 Thread 0x000001612e534f60 nmethod 22020 0x000001611ad63910 code [0x000001611ad63be0, 0x000001611ad64818]
Event: 32.358 Thread 0x000001612e534f60 22021       2       org.jetbrains.kotlin.backend.common.lower.loops.RangeLoopTransformer$headerInfoBuilder$1::<init> (7 bytes)
Event: 32.358 Thread 0x000001612e534f60 nmethod 22021 0x000001611a8d3f90 code [0x000001611a8d4120, 0x000001611a8d4248]
Event: 32.358 Thread 0x000001612e534f60 22022       2       org.jetbrains.kotlin.backend.common.lower.loops.DefaultHeaderInfoBuilder::<init> (133 bytes)
Event: 32.361 Thread 0x000001612e534f60 nmethod 22022 0x000001611ad64d90 code [0x000001611ad65280, 0x000001611ad66fc8]
Event: 32.361 Thread 0x000001612e534f60 22018       2       org.jetbrains.kotlin.backend.common.lower.ComparableRangeToHandler::<init> (16 bytes)
Event: 32.361 Thread 0x000001612e534f60 nmethod 22018 0x000001611ad67f10 code [0x000001611ad680e0, 0x000001611ad683f8]
Event: 32.361 Thread 0x000001612e534f60 22023       2       org.jetbrains.kotlin.backend.jvm.lower.JvmValueClassAbstractLowering::visitConst (13 bytes)
Event: 32.362 Thread 0x000001612e534f60 nmethod 22023 0x000001611ad68610 code [0x000001611ad688c0, 0x000001611ad68ff8]

GC Heap History (20 events):
Event: 12.883 GC heap after
{Heap after GC invocations=24 (full 0):
 garbage-first heap   total 246784K, used 77703K [0x0000000082400000, 0x0000000100000000)
  region size 1024K, 2 young (2048K), 2 survivors (2048K)
 Metaspace       used 51916K, committed 52224K, reserved 1114112K
  class space    used 6033K, committed 6208K, reserved 1048576K
}
Event: 16.176 GC heap before
{Heap before GC invocations=24 (full 0):
 garbage-first heap   total 246784K, used 188295K [0x0000000082400000, 0x0000000100000000)
  region size 1024K, 109 young (111616K), 2 survivors (2048K)
 Metaspace       used 55526K, committed 55808K, reserved 1114112K
  class space    used 6268K, committed 6400K, reserved 1048576K
}
Event: 16.197 GC heap after
{Heap after GC invocations=25 (full 0):
 garbage-first heap   total 246784K, used 90021K [0x0000000082400000, 0x0000000100000000)
  region size 1024K, 14 young (14336K), 14 survivors (14336K)
 Metaspace       used 55526K, committed 55808K, reserved 1114112K
  class space    used 6268K, committed 6400K, reserved 1048576K
}
Event: 20.159 GC heap before
{Heap before GC invocations=25 (full 0):
 garbage-first heap   total 246784K, used 184229K [0x0000000082400000, 0x0000000100000000)
  region size 1024K, 106 young (108544K), 14 survivors (14336K)
 Metaspace       used 56252K, committed 56576K, reserved 1114112K
  class space    used 6301K, committed 6464K, reserved 1048576K
}
Event: 20.187 GC heap after
{Heap after GC invocations=26 (full 0):
 garbage-first heap   total 246784K, used 98111K [0x0000000082400000, 0x0000000100000000)
  region size 1024K, 8 young (8192K), 8 survivors (8192K)
 Metaspace       used 56252K, committed 56576K, reserved 1114112K
  class space    used 6301K, committed 6464K, reserved 1048576K
}
Event: 22.882 GC heap before
{Heap before GC invocations=26 (full 0):
 garbage-first heap   total 246784K, used 190271K [0x0000000082400000, 0x0000000100000000)
  region size 1024K, 98 young (100352K), 8 survivors (8192K)
 Metaspace       used 56719K, committed 57024K, reserved 1114112K
  class space    used 6306K, committed 6464K, reserved 1048576K
}
Event: 22.901 GC heap after
{Heap after GC invocations=27 (full 0):
 garbage-first heap   total 246784K, used 103956K [0x0000000082400000, 0x0000000100000000)
  region size 1024K, 6 young (6144K), 6 survivors (6144K)
 Metaspace       used 56719K, committed 57024K, reserved 1114112K
  class space    used 6306K, committed 6464K, reserved 1048576K
}
Event: 25.310 GC heap before
{Heap before GC invocations=27 (full 0):
 garbage-first heap   total 246784K, used 196116K [0x0000000082400000, 0x0000000100000000)
  region size 1024K, 96 young (98304K), 6 survivors (6144K)
 Metaspace       used 57565K, committed 57856K, reserved 1114112K
  class space    used 6349K, committed 6528K, reserved 1048576K
}
Event: 25.329 GC heap after
{Heap after GC invocations=28 (full 0):
 garbage-first heap   total 246784K, used 108687K [0x0000000082400000, 0x0000000100000000)
  region size 1024K, 11 young (11264K), 11 survivors (11264K)
 Metaspace       used 57565K, committed 57856K, reserved 1114112K
  class space    used 6349K, committed 6528K, reserved 1048576K
}
Event: 27.428 GC heap before
{Heap before GC invocations=28 (full 0):
 garbage-first heap   total 246784K, used 199823K [0x0000000082400000, 0x0000000100000000)
  region size 1024K, 100 young (102400K), 11 survivors (11264K)
 Metaspace       used 64178K, committed 64512K, reserved 1114112K
  class space    used 6944K, committed 7104K, reserved 1048576K
}
Event: 27.454 GC heap after
{Heap after GC invocations=29 (full 0):
 garbage-first heap   total 246784K, used 116095K [0x0000000082400000, 0x0000000100000000)
  region size 1024K, 13 young (13312K), 13 survivors (13312K)
 Metaspace       used 64178K, committed 64512K, reserved 1114112K
  class space    used 6944K, committed 7104K, reserved 1048576K
}
Event: 28.730 GC heap before
{Heap before GC invocations=29 (full 0):
 garbage-first heap   total 246784K, used 199039K [0x0000000082400000, 0x0000000100000000)
  region size 1024K, 94 young (96256K), 13 survivors (13312K)
 Metaspace       used 65027K, committed 65408K, reserved 1114112K
  class space    used 7005K, committed 7168K, reserved 1048576K
}
Event: 28.768 GC heap after
{Heap after GC invocations=30 (full 0):
 garbage-first heap   total 246784K, used 131857K [0x0000000082400000, 0x0000000100000000)
  region size 1024K, 12 young (12288K), 12 survivors (12288K)
 Metaspace       used 65027K, committed 65408K, reserved 1114112K
  class space    used 7005K, committed 7168K, reserved 1048576K
}
Event: 30.394 GC heap before
{Heap before GC invocations=30 (full 0):
 garbage-first heap   total 246784K, used 196369K [0x0000000082400000, 0x0000000100000000)
  region size 1024K, 75 young (76800K), 12 survivors (12288K)
 Metaspace       used 72789K, committed 73152K, reserved 1179648K
  class space    used 7729K, committed 7872K, reserved 1048576K
}
Event: 30.422 GC heap after
{Heap after GC invocations=31 (full 0):
 garbage-first heap   total 246784K, used 138866K [0x0000000082400000, 0x0000000100000000)
  region size 1024K, 7 young (7168K), 7 survivors (7168K)
 Metaspace       used 72789K, committed 73152K, reserved 1179648K
  class space    used 7729K, committed 7872K, reserved 1048576K
}
Event: 31.567 GC heap before
{Heap before GC invocations=32 (full 0):
 garbage-first heap   total 260096K, used 197234K [0x0000000082400000, 0x0000000100000000)
  region size 1024K, 66 young (67584K), 7 survivors (7168K)
 Metaspace       used 74333K, committed 74624K, reserved 1179648K
  class space    used 7875K, committed 8000K, reserved 1048576K
}
Event: 31.592 GC heap after
{Heap after GC invocations=33 (full 0):
 garbage-first heap   total 260096K, used 140693K [0x0000000082400000, 0x0000000100000000)
  region size 1024K, 5 young (5120K), 5 survivors (5120K)
 Metaspace       used 74333K, committed 74624K, reserved 1179648K
  class space    used 7875K, committed 8000K, reserved 1048576K
}
Event: 31.732 GC heap before
{Heap before GC invocations=33 (full 0):
 garbage-first heap   total 260096K, used 147861K [0x0000000082400000, 0x0000000100000000)
  region size 1024K, 12 young (12288K), 5 survivors (5120K)
 Metaspace       used 74671K, committed 75008K, reserved 1179648K
  class space    used 7895K, committed 8064K, reserved 1048576K
}
Event: 31.745 GC heap after
{Heap after GC invocations=34 (full 0):
 garbage-first heap   total 260096K, used 137018K [0x0000000082400000, 0x0000000100000000)
  region size 1024K, 1 young (1024K), 1 survivors (1024K)
 Metaspace       used 74671K, committed 75008K, reserved 1179648K
  class space    used 7895K, committed 8064K, reserved 1048576K
}
Event: 32.376 GC heap before
{Heap before GC invocations=34 (full 0):
 garbage-first heap   total 260096K, used 205626K [0x0000000082400000, 0x0000000100000000)
  region size 1024K, 68 young (69632K), 1 survivors (1024K)
 Metaspace       used 75454K, committed 75776K, reserved 1179648K
  class space    used 7957K, committed 8128K, reserved 1048576K
}

Dll operation events (7 events):
Event: 0.019 Loaded shared library C:\Program Files\Microsoft\jdk-17.0.13.11-hotspot\bin\java.dll
Event: 0.066 Loaded shared library C:\Program Files\Microsoft\jdk-17.0.13.11-hotspot\bin\jsvml.dll
Event: 0.196 Loaded shared library C:\Program Files\Microsoft\jdk-17.0.13.11-hotspot\bin\net.dll
Event: 0.202 Loaded shared library C:\Program Files\Microsoft\jdk-17.0.13.11-hotspot\bin\nio.dll
Event: 0.262 Loaded shared library C:\Program Files\Microsoft\jdk-17.0.13.11-hotspot\bin\zip.dll
Event: 0.297 Loaded shared library C:\Program Files\Microsoft\jdk-17.0.13.11-hotspot\bin\jimage.dll
Event: 1.681 Loaded shared library C:\Program Files\Microsoft\jdk-17.0.13.11-hotspot\bin\verify.dll

Deoptimization events (20 events):
Event: 32.219 Thread 0x0000016110a80990 Uncommon trap: trap_request=0xffffffde fr.pc=0x0000016120831de4 relative=0x00000000000000c4
Event: 32.219 Thread 0x0000016110a80990 Uncommon trap: reason=class_check action=maybe_recompile pc=0x0000016120831de4 method=org.jetbrains.kotlin.backend.common.DeclarationTransformer.transformFlatRestricted(Lorg/jetbrains/kotlin/ir/declarations/IrDeclaration;)Ljava/util/List; @ 27 c2
Event: 32.219 Thread 0x0000016110a80990 DEOPT PACKING pc=0x0000016120831de4 sp=0x000000059ddfd810
Event: 32.219 Thread 0x0000016110a80990 DEOPT UNPACKING pc=0x000001611fb469a3 sp=0x000000059ddfd7a0 mode 2
Event: 32.219 Thread 0x0000016110a80990 Uncommon trap: trap_request=0xffffffde fr.pc=0x00000161207fce4c relative=0x000000000000084c
Event: 32.219 Thread 0x0000016110a80990 Uncommon trap: reason=class_check action=maybe_recompile pc=0x00000161207fce4c method=org.jetbrains.kotlin.ir.util.TransformKt.replaceInPlace(Ljava/util/List;Ljava/util/List;I)I @ 95 c2
Event: 32.219 Thread 0x0000016110a80990 DEOPT PACKING pc=0x00000161207fce4c sp=0x000000059ddfd7d0
Event: 32.219 Thread 0x0000016110a80990 DEOPT UNPACKING pc=0x000001611fb469a3 sp=0x000000059ddfd770 mode 2
Event: 32.252 Thread 0x0000016110a80990 Uncommon trap: trap_request=0xffffff76 fr.pc=0x0000016120820a48 relative=0x0000000000002008
Event: 32.252 Thread 0x0000016110a80990 Uncommon trap: reason=predicate action=maybe_recompile pc=0x0000016120820a48 method=org.jetbrains.kotlin.ir.util.TransformKt.transformIfNeeded(Ljava/util/List;Lorg/jetbrains/kotlin/ir/visitors/IrElementTransformer;Ljava/lang/Object;)Ljava/util/List; @ 32 
Event: 32.252 Thread 0x0000016110a80990 DEOPT PACKING pc=0x0000016120820a48 sp=0x000000059ddfd1f0
Event: 32.252 Thread 0x0000016110a80990 DEOPT UNPACKING pc=0x000001611fb469a3 sp=0x000000059ddfd190 mode 2
Event: 32.263 Thread 0x0000016110a80990 Uncommon trap: trap_request=0xffffff76 fr.pc=0x0000016120822ff8 relative=0x0000000000000758
Event: 32.263 Thread 0x0000016110a80990 Uncommon trap: reason=predicate action=maybe_recompile pc=0x0000016120822ff8 method=org.jetbrains.kotlin.ir.util.TransformKt.transformIfNeeded(Ljava/util/List;Lorg/jetbrains/kotlin/ir/visitors/IrElementTransformer;Ljava/lang/Object;)Ljava/util/List; @ 32 
Event: 32.263 Thread 0x0000016110a80990 DEOPT PACKING pc=0x0000016120822ff8 sp=0x000000059ddfd300
Event: 32.263 Thread 0x0000016110a80990 DEOPT UNPACKING pc=0x000001611fb469a3 sp=0x000000059ddfd2b0 mode 2
Event: 32.265 Thread 0x0000016110a80990 Uncommon trap: trap_request=0xffffff76 fr.pc=0x00000161207fe560 relative=0x0000000000000a00
Event: 32.265 Thread 0x0000016110a80990 Uncommon trap: reason=predicate action=maybe_recompile pc=0x00000161207fe560 method=org.jetbrains.kotlin.ir.declarations.IrFunction.acceptChildren(Lorg/jetbrains/kotlin/ir/visitors/IrElementVisitor;Ljava/lang/Object;)V @ 129 c2
Event: 32.265 Thread 0x0000016110a80990 DEOPT PACKING pc=0x00000161207fe560 sp=0x000000059ddfd1a0
Event: 32.265 Thread 0x0000016110a80990 DEOPT UNPACKING pc=0x000001611fb469a3 sp=0x000000059ddfd148 mode 2

Classes loaded (20 events):
Event: 12.425 Loading class java/util/regex/Pattern$NotBehind
Event: 12.425 Loading class java/util/regex/Pattern$NotBehind done
Event: 12.697 Loading class jdk/internal/math/FloatingDecimal$ASCIIToBinaryBuffer
Event: 12.697 Loading class jdk/internal/math/FloatingDecimal$ASCIIToBinaryBuffer done
Event: 14.851 Loading class java/util/concurrent/locks/AbstractQueuedSynchronizer$Node
Event: 14.851 Loading class java/util/concurrent/locks/AbstractQueuedSynchronizer$Node done
Event: 24.404 Loading class java/lang/Short$ShortCache
Event: 24.405 Loading class java/lang/Short$ShortCache done
Event: 26.105 Loading class java/text/MessageFormat
Event: 26.106 Loading class java/text/MessageFormat done
Event: 26.114 Loading class jdk/internal/reflect/UnsafeBooleanFieldAccessorImpl
Event: 26.114 Loading class jdk/internal/reflect/UnsafeBooleanFieldAccessorImpl done
Event: 26.114 Loading class jdk/internal/reflect/UnsafeQualifiedObjectFieldAccessorImpl
Event: 26.114 Loading class jdk/internal/reflect/UnsafeQualifiedFieldAccessorImpl
Event: 26.114 Loading class jdk/internal/reflect/UnsafeQualifiedFieldAccessorImpl done
Event: 26.114 Loading class jdk/internal/reflect/UnsafeQualifiedObjectFieldAccessorImpl done
Event: 26.143 Loading class java/text/ChoiceFormat
Event: 26.143 Loading class java/text/ChoiceFormat done
Event: 26.159 Loading class java/text/MessageFormat$Field
Event: 26.159 Loading class java/text/MessageFormat$Field done

Classes unloaded (0 events):
No events

Classes redefined (0 events):
No events

Internal exceptions (20 events):
Event: 9.543 Thread 0x0000016110a80990 Implicit null exception at 0x000001612033cee0 to 0x000001612033deb0
Event: 9.567 Thread 0x0000016110a80990 Exception <a 'java/lang/NoSuchMethodError'{0x0000000087d392c0}: 'java.lang.Object java.lang.invoke.DirectMethodHandle$Holder.newInvokeSpecial(java.lang.Object, int, java.lang.Object, java.lang.Object)'> (0x0000000087d392c0) 
thrown [s\src\hotspot\share\interpreter\linkResolver.cpp, line 759]
Event: 9.568 Thread 0x0000016110a80990 Exception <a 'java/lang/NoSuchMethodError'{0x0000000087d3da10}: 'java.lang.Object java.lang.invoke.DirectMethodHandle$Holder.invokeSpecial(java.lang.Object, java.lang.Object, int, java.lang.Object, java.lang.Object)'> (0x0000000087d3da10) 
thrown [s\src\hotspot\share\interpreter\linkResolver.cpp, line 759]
Event: 9.687 Thread 0x0000016110a80990 Exception <a 'java/lang/NoSuchMethodError'{0x000000008765a2e0}: 'java.lang.Object java.lang.invoke.DirectMethodHandle$Holder.invokeStatic(java.lang.Object, int, java.lang.Object)'> (0x000000008765a2e0) 
thrown [s\src\hotspot\share\interpreter\linkResolver.cpp, line 759]
Event: 11.731 Thread 0x0000016110a80990 Exception <a 'java/lang/NoSuchMethodError'{0x000000008adb41a0}: 'java.lang.Object java.lang.invoke.DirectMethodHandle$Holder.newInvokeSpecial(java.lang.Object, java.lang.Object, java.lang.Object, java.lang.Object, java.lang.Object, java.lang.Object, java.lang.Object)'> (0x000000008adb41a0) 
thrown [s\src\hotspot\share\interpreter\linkResolver.cpp, line 759]
Event: 11.732 Thread 0x0000016110a80990 Exception <a 'java/lang/NoSuchMethodError'{0x000000008adb8d58}: 'java.lang.Object java.lang.invoke.Invokers$Holder.linkToTargetMethod(java.lang.Object, java.lang.Object, java.lang.Object, java.lang.Object, java.lang.Object, java.lang.Object, java.lang.Object)'> (0x000000008adb8d58) 
thrown [s\src\hotspot\share\interpreter\linkResolver.cpp, line 759]
Event: 11.835 Thread 0x0000016110a80990 Exception <a 'java/lang/NoSuchMethodError'{0x000000008a7ff898}: 'int java.lang.invoke.DirectMethodHandle$Holder.invokeStaticInit(java.lang.Object, int)'> (0x000000008a7ff898) 
thrown [s\src\hotspot\share\interpreter\linkResolver.cpp, line 759]
Event: 12.417 Thread 0x0000016110a80990 Implicit null exception at 0x0000016120445a49 to 0x00000161204463a0
Event: 12.732 Thread 0x0000016110a80990 Exception <a 'java/lang/NoSuchMethodError'{0x000000008ba19f38}: 'java.lang.Object java.lang.invoke.DirectMethodHandle$Holder.invokeInterface(java.lang.Object, java.lang.Object, java.lang.Object)'> (0x000000008ba19f38) 
thrown [s\src\hotspot\share\interpreter\linkResolver.cpp, line 759]
Event: 12.732 Thread 0x0000016110a80990 Exception <a 'java/lang/IncompatibleClassChangeError'{0x000000008ba1d8a8}: Found class java.lang.Object, but interface was expected> (0x000000008ba1d8a8) 
thrown [s\src\hotspot\share\interpreter\linkResolver.cpp, line 826]
Event: 13.454 Thread 0x0000016110a80990 Implicit null exception at 0x000001612048a1c7 to 0x000001612048d474
Event: 18.080 Thread 0x0000016110a80990 Implicit null exception at 0x0000016120508620 to 0x0000016120508898
Event: 23.640 Thread 0x0000016110a80990 Implicit null exception at 0x00000161203cbdc0 to 0x00000161203cbe51
Event: 26.136 Thread 0x0000016110a80990 Exception <a 'java/lang/NoSuchMethodError'{0x000000008ee41998}: 'java.lang.Object java.lang.invoke.DirectMethodHandle$Holder.invokeStaticInit(java.lang.Object, java.lang.Object, java.lang.Object, java.lang.Object)'> (0x000000008ee41998) 
thrown [s\src\hotspot\share\interpreter\linkResolver.cpp, line 759]
Event: 26.497 Thread 0x0000016110a80990 Exception <a 'java/lang/NoSuchMethodError'{0x000000008de18b60}: 'java.lang.Object java.lang.invoke.DirectMethodHandle$Holder.newInvokeSpecial(java.lang.Object, java.lang.Object, java.lang.Object, int, int)'> (0x000000008de18b60) 
thrown [s\src\hotspot\share\interpreter\linkResolver.cpp, line 759]
Event: 26.498 Thread 0x0000016110a80990 Exception <a 'java/lang/NoSuchMethodError'{0x000000008de1c9a0}: 'java.lang.Object java.lang.invoke.DirectMethodHandle$Holder.invokeSpecial(java.lang.Object, java.lang.Object, java.lang.Object, java.lang.Object, int, int)'> (0x000000008de1c9a0) 
thrown [s\src\hotspot\share\interpreter\linkResolver.cpp, line 759]
Event: 26.968 Thread 0x0000016110a80990 Exception <a 'java/lang/NoSuchMethodError'{0x000000008d02b240}: 'java.lang.Object java.lang.invoke.DirectMethodHandle$Holder.invokeSpecial(java.lang.Object, java.lang.Object, int, int, java.lang.Object, java.lang.Object, java.lang.Object, java.lang.Object, java.lang.Object)'> (0x000000008d02b240) 
thrown [s\src\hotspot\share\interpreter\linkResolver.cpp, line 759]
Event: 27.254 Thread 0x0000016110a80990 Exception <a 'java/lang/NoSuchMethodError'{0x000000008c2988c8}: 'java.lang.Object java.lang.invoke.DirectMethodHandle$Holder.invokeStatic(java.lang.Object, java.lang.Object, java.lang.Object, int, int, java.lang.Object, java.lang.Object, java.lang.Object, java.lang.Object)'> (0x000000008c2988c8) 
thrown [s\src\hotspot\share\interpreter\linkResolver.cpp, line 759]
Event: 27.255 Thread 0x0000016110a80990 Exception <a 'java/lang/NoSuchMethodError'{0x000000008c2a2b90}: 'java.lang.Object java.lang.invoke.DirectMethodHandle$Holder.newInvokeSpecial(java.lang.Object, java.lang.Object, java.lang.Object, int, int, java.lang.Object)'> (0x000000008c2a2b90) 
thrown [s\src\hotspot\share\interpreter\linkResolver.cpp, line 759]
Event: 27.256 Thread 0x0000016110a80990 Exception <a 'java/lang/NoSuchMethodError'{0x000000008c2aa530}: 'java.lang.Object java.lang.invoke.Invokers$Holder.linkToTargetMethod(java.lang.Object, java.lang.Object, int, int, java.lang.Object, java.lang.Object)'> (0x000000008c2aa530) 
thrown [s\src\hotspot\share\interpreter\linkResolver.cpp, line 759]

VM Operations (20 events):
Event: 31.330 Executing VM operation: HandshakeAllThreads done
Event: 31.421 Executing VM operation: ICBufferFull
Event: 31.421 Executing VM operation: ICBufferFull done
Event: 31.529 Executing VM operation: ICBufferFull
Event: 31.529 Executing VM operation: ICBufferFull done
Event: 31.567 Executing VM operation: G1CollectForAllocation
Event: 31.592 Executing VM operation: G1CollectForAllocation done
Event: 31.628 Executing VM operation: HandshakeAllThreads
Event: 31.629 Executing VM operation: HandshakeAllThreads done
Event: 31.726 Executing VM operation: HandshakeAllThreads
Event: 31.726 Executing VM operation: HandshakeAllThreads done
Event: 31.732 Executing VM operation: G1CollectForAllocation
Event: 31.745 Executing VM operation: G1CollectForAllocation done
Event: 31.768 Executing VM operation: HandshakeAllThreads
Event: 31.769 Executing VM operation: HandshakeAllThreads done
Event: 31.946 Executing VM operation: ICBufferFull
Event: 31.946 Executing VM operation: ICBufferFull done
Event: 32.124 Executing VM operation: ICBufferFull
Event: 32.125 Executing VM operation: ICBufferFull done
Event: 32.376 Executing VM operation: G1CollectForAllocation

Memory protections (0 events):
No events

Nmethod flushes (20 events):
Event: 31.815 Thread 0x000001612e536100 flushing  nmethod 0x000001611aac4a10
Event: 31.815 Thread 0x000001612e536100 flushing  nmethod 0x000001611aac5190
Event: 31.815 Thread 0x000001612e536100 flushing  nmethod 0x000001611aaccf90
Event: 31.815 Thread 0x000001612e536100 flushing  nmethod 0x000001611aace090
Event: 31.815 Thread 0x000001612e536100 flushing  nmethod 0x000001611aad5590
Event: 31.815 Thread 0x000001612e536100 flushing  nmethod 0x000001611aad6690
Event: 31.815 Thread 0x000001612e536100 flushing  nmethod 0x000001611aadc490
Event: 31.815 Thread 0x000001612e536100 flushing  nmethod 0x000001611aae0310
Event: 31.816 Thread 0x000001612e536100 flushing  nmethod 0x000001611ab01390
Event: 31.816 Thread 0x000001612e536100 flushing  nmethod 0x000001611ab03b10
Event: 31.816 Thread 0x000001612e536100 flushing  nmethod 0x000001611ab06d90
Event: 31.816 Thread 0x000001612e536100 flushing  nmethod 0x000001611ab09e10
Event: 31.816 Thread 0x000001612e536100 flushing  nmethod 0x000001611ab0b190
Event: 31.816 Thread 0x000001612e536100 flushing  nmethod 0x000001611ab0bc10
Event: 31.816 Thread 0x000001612e536100 flushing  nmethod 0x000001611ab0c490
Event: 31.816 Thread 0x000001612e536100 flushing  nmethod 0x000001611ab0d310
Event: 31.816 Thread 0x000001612e536100 flushing  nmethod 0x000001611ab0ef90
Event: 31.816 Thread 0x000001612e536100 flushing  nmethod 0x000001611ab0fa90
Event: 31.816 Thread 0x000001612e536100 flushing  nmethod 0x000001611ab12890
Event: 31.816 Thread 0x000001612e536100 flushing  nmethod 0x000001611ab12c10

Events (17 events):
Event: 0.066 Thread 0x0000016110a80990 Thread added: 0x0000016110a80990
Event: 0.074 Thread 0x0000016110a80990 Thread added: 0x000001612e512100
Event: 0.075 Thread 0x0000016110a80990 Thread added: 0x000001612e513520
Event: 0.102 Thread 0x0000016110a80990 Thread added: 0x000001612e528360
Event: 0.102 Thread 0x0000016110a80990 Thread added: 0x000001612e528fe0
Event: 0.102 Thread 0x0000016110a80990 Thread added: 0x000001612e52c160
Event: 0.102 Thread 0x0000016110a80990 Thread added: 0x000001612e52d2c0
Event: 0.103 Thread 0x0000016110a80990 Thread added: 0x000001612e533d10
Event: 0.103 Thread 0x0000016110a80990 Thread added: 0x000001612e534f60
Event: 0.103 Thread 0x0000016110a80990 Thread added: 0x000001612e536100
Event: 0.181 Thread 0x0000016110a80990 Thread added: 0x000001612e664a40
Event: 0.187 Thread 0x0000016110a80990 Thread added: 0x000001612e66d7a0
Event: 0.253 Thread 0x000001612e533d10 Thread added: 0x000001612e6d02c0
Event: 0.813 Thread 0x000001612e6d02c0 Thread exited: 0x000001612e6d02c0
Event: 2.154 Thread 0x000001612e534f60 Thread added: 0x00000161742ff100
Event: 3.531 Thread 0x00000161742ff100 Thread exited: 0x00000161742ff100
Event: 4.301 Thread 0x000001612e534f60 Thread added: 0x0000016174c11290


Dynamic libraries:
0x00007ff68a080000 - 0x00007ff68a08e000 	C:\Program Files\Microsoft\jdk-17.0.13.11-hotspot\bin\java.exe
0x00007fff00a30000 - 0x00007fff00c28000 	C:\WINDOWS\SYSTEM32\ntdll.dll
0x00007fff005d0000 - 0x00007fff00692000 	C:\WINDOWS\System32\KERNEL32.DLL
0x00007ffefe620000 - 0x00007ffefe91f000 	C:\WINDOWS\System32\KERNELBASE.dll
0x00007ffefe160000 - 0x00007ffefe260000 	C:\WINDOWS\System32\ucrtbase.dll
0x00007ffedc750000 - 0x00007ffedc76d000 	C:\Program Files\Microsoft\jdk-17.0.13.11-hotspot\bin\VCRUNTIME140.dll
0x00007ffef5e50000 - 0x00007ffef5e67000 	C:\Program Files\Microsoft\jdk-17.0.13.11-hotspot\bin\jli.dll
0x00007ffeff180000 - 0x00007ffeff31d000 	C:\WINDOWS\System32\USER32.dll
0x00007ffefe5f0000 - 0x00007ffefe612000 	C:\WINDOWS\System32\win32u.dll
0x00007ffeea4e0000 - 0x00007ffeea77a000 	C:\WINDOWS\WinSxS\amd64_microsoft.windows.common-controls_6595b64144ccf1df_6.0.19041.4355_none_60b8b9eb71f62e16\COMCTL32.dll
0x00007fff009c0000 - 0x00007fff009eb000 	C:\WINDOWS\System32\GDI32.dll
0x00007ffefed80000 - 0x00007ffefee1e000 	C:\WINDOWS\System32\msvcrt.dll
0x00007ffefe920000 - 0x00007ffefea37000 	C:\WINDOWS\System32\gdi32full.dll
0x00007ffefe550000 - 0x00007ffefe5ed000 	C:\WINDOWS\System32\msvcp_win.dll
0x00007ffeffc10000 - 0x00007ffeffc3f000 	C:\WINDOWS\System32\IMM32.DLL
0x00007ffef65c0000 - 0x00007ffef65cc000 	C:\Program Files\Microsoft\jdk-17.0.13.11-hotspot\bin\vcruntime140_1.dll
0x00007ffe8f430000 - 0x00007ffe8f4bd000 	C:\Program Files\Microsoft\jdk-17.0.13.11-hotspot\bin\msvcp140.dll
0x00007ffe8a500000 - 0x00007ffe8b171000 	C:\Program Files\Microsoft\jdk-17.0.13.11-hotspot\bin\server\jvm.dll
0x00007fff006a0000 - 0x00007fff00751000 	C:\WINDOWS\System32\ADVAPI32.dll
0x00007ffefece0000 - 0x00007ffefed7f000 	C:\WINDOWS\System32\sechost.dll
0x00007ffefeba0000 - 0x00007ffefecc3000 	C:\WINDOWS\System32\RPCRT4.dll
0x00007ffefe0c0000 - 0x00007ffefe0e7000 	C:\WINDOWS\System32\bcrypt.dll
0x00007ffeff390000 - 0x00007ffeff3fb000 	C:\WINDOWS\System32\WS2_32.dll
0x00007ffefd650000 - 0x00007ffefd69b000 	C:\WINDOWS\SYSTEM32\POWRPROF.dll
0x00007ffef40f0000 - 0x00007ffef40fa000 	C:\WINDOWS\SYSTEM32\VERSION.dll
0x00007ffee7fe0000 - 0x00007ffee8007000 	C:\WINDOWS\SYSTEM32\WINMM.dll
0x00007ffefd4c0000 - 0x00007ffefd4d2000 	C:\WINDOWS\SYSTEM32\UMPDC.dll
0x00007ffefc930000 - 0x00007ffefc942000 	C:\WINDOWS\SYSTEM32\kernel.appcore.dll
0x00007ffeeb5f0000 - 0x00007ffeeb5fa000 	C:\Program Files\Microsoft\jdk-17.0.13.11-hotspot\bin\jimage.dll
0x00007ffefaf80000 - 0x00007ffefb164000 	C:\WINDOWS\SYSTEM32\DBGHELP.DLL
0x00007ffee1090000 - 0x00007ffee10c4000 	C:\WINDOWS\SYSTEM32\dbgcore.DLL
0x00007ffefe2b0000 - 0x00007ffefe332000 	C:\WINDOWS\System32\bcryptPrimitives.dll
0x00007ffedc5f0000 - 0x00007ffedc615000 	C:\Program Files\Microsoft\jdk-17.0.13.11-hotspot\bin\java.dll
0x00007ffe8e8e0000 - 0x00007ffe8e9b7000 	C:\Program Files\Microsoft\jdk-17.0.13.11-hotspot\bin\jsvml.dll
0x00007ffeffc40000 - 0x00007fff003ae000 	C:\WINDOWS\System32\SHELL32.dll
0x00007ffefc0f0000 - 0x00007ffefc894000 	C:\WINDOWS\SYSTEM32\windows.storage.dll
0x00007ffefee20000 - 0x00007ffeff175000 	C:\WINDOWS\System32\combase.dll
0x00007ffefdaf0000 - 0x00007ffefdb1f000 	C:\WINDOWS\SYSTEM32\Wldp.dll
0x00007fff00760000 - 0x00007fff0082d000 	C:\WINDOWS\System32\OLEAUT32.dll
0x00007ffeff6d0000 - 0x00007ffeff77d000 	C:\WINDOWS\System32\SHCORE.dll
0x00007fff00440000 - 0x00007fff00495000 	C:\WINDOWS\System32\shlwapi.dll
0x00007ffefdff0000 - 0x00007ffefe014000 	C:\WINDOWS\SYSTEM32\profapi.dll
0x00007ffedba20000 - 0x00007ffedba3a000 	C:\Program Files\Microsoft\jdk-17.0.13.11-hotspot\bin\net.dll
0x00007ffefb190000 - 0x00007ffefb29d000 	C:\WINDOWS\SYSTEM32\WINHTTP.dll
0x00007ffefd850000 - 0x00007ffefd8ba000 	C:\WINDOWS\system32\mswsock.dll
0x00007ffed94f0000 - 0x00007ffed9506000 	C:\Program Files\Microsoft\jdk-17.0.13.11-hotspot\bin\nio.dll
0x00007ffec7db0000 - 0x00007ffec7dc8000 	C:\Program Files\Microsoft\jdk-17.0.13.11-hotspot\bin\zip.dll
0x00007ffef9150000 - 0x00007ffef9160000 	C:\Program Files\Microsoft\jdk-17.0.13.11-hotspot\bin\verify.dll

dbghelp: loaded successfully - version: 4.0.5 - missing functions: none
symbol engine: initialized successfully - sym options: 0x614 - pdb path: .;C:\Program Files\Microsoft\jdk-17.0.13.11-hotspot\bin;C:\WINDOWS\SYSTEM32;C:\WINDOWS\WinSxS\amd64_microsoft.windows.common-controls_6595b64144ccf1df_6.0.19041.4355_none_60b8b9eb71f62e16;C:\Program Files\Microsoft\jdk-17.0.13.11-hotspot\bin\server

VM Arguments:
java_command: org.jetbrains.kotlin.cli.jvm.K2JVMCompiler @D:\React Native\MyProject\node_modules\react-native-screens\android\build\20250203_9140044362249867014.compiler.options
java_class_path (initial): C:\Users\aliah\.gradle\caches\modules-2\files-2.1\org.jetbrains.kotlin\kotlin-compiler-embeddable\1.9.24\78dab849090e6c5e2eadb6e59a11cdc28fb67a08\kotlin-compiler-embeddable-1.9.24.jar;C:\Users\aliah\.gradle\caches\modules-2\files-2.1\org.jetbrains.kotlin\kotlin-stdlib\1.9.24\9928532f12c66ad816a625b3f9984f8368ca6d2b\kotlin-stdlib-1.9.24.jar;C:\Users\aliah\.gradle\caches\modules-2\files-2.1\org.jetbrains.kotlin\kotlin-script-runtime\1.9.24\96771497da90fbc5af1c90fce148db2595a62502\kotlin-script-runtime-1.9.24.jar;C:\Users\aliah\.gradle\caches\modules-2\files-2.1\org.jetbrains.kotlin\kotlin-reflect\1.6.10\1cbe9c92c12a94eea200d23c2bbaedaf3daf5132\kotlin-reflect-1.6.10.jar;C:\Users\aliah\.gradle\caches\modules-2\files-2.1\org.jetbrains.kotlin\kotlin-daemon-embeddable\1.9.24\86685b9c5e8d170925bd9ddbdc263374a6a73281\kotlin-daemon-embeddable-1.9.24.jar;C:\Users\aliah\.gradle\caches\modules-2\files-2.1\org.jetbrains.intellij.deps\trove4j\1.0.20200330\3afb14d5f9ceb459d724e907a21145e8ff394f02\trove4j-1.0.20200330.jar;C:\Users\aliah\.gradle\caches\modules-2\files-2.1\org.jetbrains\annotations\13.0\919f0dfe192fb4e063e7dacadee7f8bb9a2672a9\annotations-13.0.jar
Launcher Type: SUN_STANDARD

[Global flags]
     intx CICompilerCount                          = 3                                         {product} {ergonomic}
     uint ConcGCThreads                            = 1                                         {product} {ergonomic}
     uint G1ConcRefinementThreads                  = 4                                         {product} {ergonomic}
   size_t G1HeapRegionSize                         = 1048576                                   {product} {ergonomic}
    uintx GCDrainStackTargetSize                   = 64                                        {product} {ergonomic}
   size_t InitialHeapSize                          = 132120576                                 {product} {ergonomic}
   size_t MarkStackSize                            = 4194304                                   {product} {ergonomic}
   size_t MaxHeapSize                              = 2109734912                                {product} {ergonomic}
   size_t MaxNewSize                               = 1265631232                                {product} {ergonomic}
   size_t MinHeapDeltaBytes                        = 1048576                                   {product} {ergonomic}
   size_t MinHeapSize                              = 8388608                                   {product} {ergonomic}
    uintx NonNMethodCodeHeapSize                   = 5832780                                {pd product} {ergonomic}
    uintx NonProfiledCodeHeapSize                  = 122912730                              {pd product} {ergonomic}
    uintx ProfiledCodeHeapSize                     = 122912730                              {pd product} {ergonomic}
    uintx ReservedCodeCacheSize                    = 251658240                              {pd product} {ergonomic}
     bool SegmentedCodeCache                       = true                                      {product} {ergonomic}
   size_t SoftMaxHeapSize                          = 2109734912                             {manageable} {ergonomic}
     bool UseCompressedClassPointers               = true                           {product lp64_product} {ergonomic}
     bool UseCompressedOops                        = true                           {product lp64_product} {ergonomic}
     bool UseG1GC                                  = true                                      {product} {ergonomic}
     bool UseLargePagesIndividualAllocation        = false                                  {pd product} {ergonomic}

Logging:
Log output configuration:
 #0: stdout all=warning uptime,level,tags
 #1: stderr all=off uptime,level,tags

Environment Variables:
JAVA_HOME=C:\Program Files\Microsoft\jdk-17.0.13.11-hotspot\
CLASSPATH=D:\React Native\MyProject\android\\gradle\wrapper\gradle-wrapper.jar
PATH=D:\React Native\MyProject\node_modules\.bin;D:\React Native\MyProject\android\node_modules\.bin;D:\React Native\MyProject\node_modules\.bin;D:\React Native\node_modules\.bin;D:\node_modules\.bin;C:\Users\aliah\AppData\Roaming\npm\node_modules\npm\node_modules\@npmcli\run-script\lib\node-gyp-bin;C:\Program Files\Microsoft\jdk-17.0.13.11-hotspot\bin;C:\WINDOWS\system32;C:\WINDOWS;C:\WINDOWS\System32\Wbem;C:\WINDOWS\System32\WindowsPowerShell\v1.0\;C:\WINDOWS\System32\OpenSSH\;C:\Program Files\nodejs\;C:\Program Files\Git\cmd;C:\Users\aliah\AppData\Local\Android\Sdk\emulator;C:\Users\aliah\AppData\Local\Android\Sdk;C:\Users\aliah\AppData\Local\Android\Sdk\platform-tools;C:\ProgramData\chocolatey\bin;D:\React Native\MyProject\android\gradle-8.11.1\bin;C:\Users\aliah\AppData\Local\Microsoft\WindowsApps;C:\Users\aliah\AppData\Local\Programs\Microsoft VS Code\bin;C:\Users\aliah\AppData\Roaming\npm;C:\Program Files\Microsoft\jdk-17.0.13.11-hotspot\bin;D:\React Native\MyProject\android\gradle-8.11.1\bin;
USERNAME=aliah
OS=Windows_NT
PROCESSOR_IDENTIFIER=Intel64 Family 6 Model 142 Stepping 9, GenuineIntel
TMP=C:\Users\aliah\AppData\Local\Temp
TEMP=C:\Users\aliah\AppData\Local\Temp



Periodic native trim disabled


---------------  S Y S T E M  ---------------

OS:
 Windows 10 , 64 bit Build 19041 (10.0.19041.5198)
OS uptime: 1 days 18:28 hours

CPU: total 4 (initial active 4) (2 cores per cpu, 2 threads per core) family 6 model 142 stepping 9 microcode 0xf0, cx8, cmov, fxsr, ht, mmx, 3dnowpref, sse, sse2, sse3, ssse3, sse4.1, sse4.2, popcnt, lzcnt, tsc, tscinvbit, avx, avx2, aes, erms, clmul, bmi1, bmi2, adx, fma, vzeroupper, clflush, clflushopt
Processor Information for processor 0
  Max Mhz: 2904, Current Mhz: 2703, Mhz Limit: 2700
Processor Information for processor 1
  Max Mhz: 2904, Current Mhz: 1502, Mhz Limit: 2700
Processor Information for processor 2
  Max Mhz: 2904, Current Mhz: 2703, Mhz Limit: 2700
Processor Information for processor 3
  Max Mhz: 2904, Current Mhz: 2703, Mhz Limit: 2700

Memory: 4k page, system-wide physical 8042M (834M free)
TotalPageFile size 12138M (AvailPageFile size 92M)
current process WorkingSet (physical memory assigned to process): 506M, peak: 508M
current process commit charge ("private bytes"): 539M, peak: 623M

vm_info: OpenJDK 64-Bit Server VM (17.0.13+11-LTS) for windows-amd64 JRE (17.0.13+11-LTS), built on Oct 11 2024 23:25:05 by "MicrosoftCorporation" with unknown MS VC++:1939

END.
