#
# There is insufficient memory for the Java Runtime Environment to continue.
# Native memory allocation (malloc) failed to allocate 61472 bytes. Error detail: Chunk::new
# Possible reasons:
#   The system is out of physical RAM or swap space
#   This process is running with CompressedOops enabled, and the Java Heap may be blocking the growth of the native heap
# Possible solutions:
#   Reduce memory load on the system
#   Increase physical memory or swap space
#   Check if swap backing store is full
#   Decrease Java heap size (-Xmx/-Xms)
#   Decrease number of Java threads
#   Decrease Java thread stack sizes (-Xss)
#   Set larger code cache with -XX:ReservedCodeCacheSize=
#   JVM is running with Unscaled Compressed Oops mode in which the Java heap is
#     placed in the first 4GB address space. The Java Heap base address is the
#     maximum limit for the native heap growth. Please use -XX:HeapBaseMinAddress
#     to set the Java Heap base and to place the Java Heap above 4GB virtual address.
# This output file may be truncated or incomplete.
#
#  Out of Memory Error (arena.cpp:191), pid=15032, tid=14168
#
# JRE version: OpenJDK Runtime Environment Microsoft-10376486 (17.0.13+11) (build 17.0.13+11-LTS)
# Java VM: OpenJDK 64-Bit Server VM Microsoft-10376486 (17.0.13+11-LTS, mixed mode, sharing, tiered, compressed oops, compressed class ptrs, g1 gc, windows-amd64)
# No core dump will be written. Minidumps are not enabled by default on client versions of Windows
#

---------------  S U M M A R Y ------------

Command Line: org.jetbrains.kotlin.cli.jvm.K2JVMCompiler @D:\React Native\MyProject\node_modules\react-native-screens\android\build\20250203_11399681091538402814.compiler.options

Host: Intel(R) Core(TM) i7-7500U CPU @ 2.70GHz, 4 cores, 7G,  Windows 10 , 64 bit Build 19041 (10.0.19041.5198)
Time: Mon Feb  3 17:01:56 2025 Pakistan Standard Time elapsed time: 37.755584 seconds (0d 0h 0m 37s)

---------------  T H R E A D  ---------------

Current thread (0x000002164d41f740):  JavaThread "C2 CompilerThread0" daemon [_thread_in_native, id=14168, stack(0x000000f8b1f00000,0x000000f8b2000000)]


Current CompileTask:
C2:  37755 17383       4       java.lang.ClassLoader::loadClass (7 bytes)

Stack: [0x000000f8b1f00000,0x000000f8b2000000]
Native frames: (J=compiled Java code, j=interpreted, Vv=VM code, C=native code)
V  [jvm.dll+0x687fc9]
V  [jvm.dll+0x83eeb8]
V  [jvm.dll+0x840963]
V  [jvm.dll+0x840fd3]
V  [jvm.dll+0x24951f]
V  [jvm.dll+0xad0c4]
V  [jvm.dll+0xad75c]
V  [jvm.dll+0x58e016]
V  [jvm.dll+0x2237a2]
V  [jvm.dll+0x21c359]
V  [jvm.dll+0x219a7b]
V  [jvm.dll+0x1a5506]
V  [jvm.dll+0x22a1ca]
V  [jvm.dll+0x22830b]
V  [jvm.dll+0x7f4708]
V  [jvm.dll+0x7eea6c]
V  [jvm.dll+0x686ea7]
C  [ucrtbase.dll+0x21bb2]
C  [KERNEL32.DLL+0x17374]
C  [ntdll.dll+0x4cc91]


---------------  P R O C E S S  ---------------

Threads class SMR info:
_java_thread_list=0x0000021693bdecc0, length=13, elements={
0x000002162f9607d0, 0x000002164d3ffdd0, 0x000002164d4016e0, 0x000002164d418370,
0x000002164d41a200, 0x000002164d41dfe0, 0x000002164d41e9a0, 0x000002164d41f740,
0x000002164d47dcb0, 0x000002164d498810, 0x000002164d56fc40, 0x000002164d573580,
0x000002169578a810
}

Java Threads: ( => current thread )
  0x000002162f9607d0 JavaThread "main" [_thread_in_native, id=16392, stack(0x000000f8b1200000,0x000000f8b1300000)]
  0x000002164d3ffdd0 JavaThread "Reference Handler" daemon [_thread_blocked, id=3552, stack(0x000000f8b1900000,0x000000f8b1a00000)]
  0x000002164d4016e0 JavaThread "Finalizer" daemon [_thread_blocked, id=3460, stack(0x000000f8b1a00000,0x000000f8b1b00000)]
  0x000002164d418370 JavaThread "Signal Dispatcher" daemon [_thread_blocked, id=18052, stack(0x000000f8b1b00000,0x000000f8b1c00000)]
  0x000002164d41a200 JavaThread "Attach Listener" daemon [_thread_blocked, id=10092, stack(0x000000f8b1c00000,0x000000f8b1d00000)]
  0x000002164d41dfe0 JavaThread "Service Thread" daemon [_thread_blocked, id=7144, stack(0x000000f8b1d00000,0x000000f8b1e00000)]
  0x000002164d41e9a0 JavaThread "Monitor Deflation Thread" daemon [_thread_blocked, id=10124, stack(0x000000f8b1e00000,0x000000f8b1f00000)]
=>0x000002164d41f740 JavaThread "C2 CompilerThread0" daemon [_thread_in_native, id=14168, stack(0x000000f8b1f00000,0x000000f8b2000000)]
  0x000002164d47dcb0 JavaThread "C1 CompilerThread0" daemon [_thread_blocked, id=20148, stack(0x000000f8b2000000,0x000000f8b2100000)]
  0x000002164d498810 JavaThread "Sweeper thread" daemon [_thread_blocked, id=9392, stack(0x000000f8b2100000,0x000000f8b2200000)]
  0x000002164d56fc40 JavaThread "Notification Thread" daemon [_thread_blocked, id=16500, stack(0x000000f8b2200000,0x000000f8b2300000)]
  0x000002164d573580 JavaThread "Common-Cleaner" daemon [_thread_blocked, id=3248, stack(0x000000f8b2400000,0x000000f8b2500000)]
  0x000002169578a810 JavaThread "C2 CompilerThread1" daemon [_thread_in_native, id=13776, stack(0x000000f8b2500000,0x000000f8b2600000)]

Other Threads:
  0x000002164d3f7d50 VMThread "VM Thread" [stack: 0x000000f8b1800000,0x000000f8b1900000] [id=14180]
  0x000002164d570930 WatcherThread [stack: 0x000000f8b2300000,0x000000f8b2400000] [id=5840]
  0x000002162f9b9cf0 GCTaskThread "GC Thread#0" [stack: 0x000000f8b1300000,0x000000f8b1400000] [id=15480]
  0x000002169309ca70 GCTaskThread "GC Thread#1" [stack: 0x000000f8b2600000,0x000000f8b2700000] [id=11616]
  0x000002169309cd30 GCTaskThread "GC Thread#2" [stack: 0x000000f8b2700000,0x000000f8b2800000] [id=20288]
  0x00000216930d3a40 GCTaskThread "GC Thread#3" [stack: 0x000000f8b2800000,0x000000f8b2900000] [id=18164]
  0x000002162f9ca7c0 ConcurrentGCThread "G1 Main Marker" [stack: 0x000000f8b1400000,0x000000f8b1500000] [id=11040]
  0x000002162f9cb1e0 ConcurrentGCThread "G1 Conc#0" [stack: 0x000000f8b1500000,0x000000f8b1600000] [id=14644]
  0x000002162fa1e2c0 ConcurrentGCThread "G1 Refine#0" [stack: 0x000000f8b1600000,0x000000f8b1700000] [id=20384]
  0x00000216942680c0 ConcurrentGCThread "G1 Refine#1" [stack: 0x000000f8b2900000,0x000000f8b2a00000] [id=5716]
  0x000002164d2b24b0 ConcurrentGCThread "G1 Service" [stack: 0x000000f8b1700000,0x000000f8b1800000] [id=18980]

Threads with active compile tasks:
C2 CompilerThread0    37785 17383       4       java.lang.ClassLoader::loadClass (7 bytes)
C2 CompilerThread1    37785 17382   !   4       jdk.internal.loader.BuiltinClassLoader::findClassOnClassPathOrNull (64 bytes)

VM state: not at safepoint (normal execution)

VM Mutex/Monitor currently owned by a thread:  ([mutex/lock_event])
[0x000002162f95c660] Metaspace_lock - owner thread: 0x000002162f9607d0

Heap address: 0x0000000082400000, size: 2012 MB, Compressed Oops mode: 32-bit

CDS archive(s) mapped at: [0x000002164e000000-0x000002164ebb0000-0x000002164ebb0000), size 12255232, SharedBaseAddress: 0x000002164e000000, ArchiveRelocationMode: 1.
Compressed class space mapped at: 0x000002164f000000-0x000002168f000000, reserved size: 1073741824
Narrow klass base: 0x000002164e000000, Narrow klass shift: 0, Narrow klass range: 0x100000000

GC Precious Log:
 CPUs: 4 total, 4 available
 Memory: 8042M
 Large Page Support: Disabled
 NUMA Support: Disabled
 Compressed Oops: Enabled (32-bit)
 Heap Region Size: 1M
 Heap Min Capacity: 8M
 Heap Initial Capacity: 126M
 Heap Max Capacity: 2012M
 Pre-touch: Disabled
 Parallel Workers: 4
 Concurrent Workers: 1
 Concurrent Refinement Workers: 4
 Periodic GC: Disabled

Heap:
 garbage-first heap   total 196608K, used 150269K [0x0000000082400000, 0x0000000100000000)
  region size 1024K, 44 young (45056K), 3 survivors (3072K)
 Metaspace       used 59197K, committed 59456K, reserved 1114112K
  class space    used 6471K, committed 6592K, reserved 1048576K

Heap Regions: E=young(eden), S=young(survivor), O=old, HS=humongous(starts), HC=humongous(continues), CS=collection set, F=free, OA=open archive, CA=closed archive, TAMS=top-at-mark-start (previous, next)
|   0|0x0000000082400000, 0x0000000082500000, 0x0000000082500000|100%|HS|  |TAMS 0x0000000082500000, 0x0000000082400000| Complete 
|   1|0x0000000082500000, 0x0000000082600000, 0x0000000082600000|100%|HC|  |TAMS 0x0000000082600000, 0x0000000082500000| Complete 
|   2|0x0000000082600000, 0x0000000082700000, 0x0000000082700000|100%|HC|  |TAMS 0x0000000082700000, 0x0000000082600000| Complete 
|   3|0x0000000082700000, 0x0000000082800000, 0x0000000082800000|100%|HC|  |TAMS 0x0000000082800000, 0x0000000082700000| Complete 
|   4|0x0000000082800000, 0x0000000082900000, 0x0000000082900000|100%| O|  |TAMS 0x0000000082900000, 0x0000000082800000| Untracked 
|   5|0x0000000082900000, 0x0000000082a00000, 0x0000000082a00000|100%| O|  |TAMS 0x0000000082a00000, 0x0000000082900000| Untracked 
|   6|0x0000000082a00000, 0x0000000082a00000, 0x0000000082b00000|  0%| F|  |TAMS 0x0000000082a00000, 0x0000000082a00000| Untracked 
|   7|0x0000000082b00000, 0x0000000082c00000, 0x0000000082c00000|100%| O|  |TAMS 0x0000000082c00000, 0x0000000082b00000| Untracked 
|   8|0x0000000082c00000, 0x0000000082d00000, 0x0000000082d00000|100%| O|  |TAMS 0x0000000082d00000, 0x0000000082c00000| Untracked 
|   9|0x0000000082d00000, 0x0000000082e00000, 0x0000000082e00000|100%| O|  |TAMS 0x0000000082e00000, 0x0000000082d00000| Untracked 
|  10|0x0000000082e00000, 0x0000000082f00000, 0x0000000082f00000|100%| O|  |TAMS 0x0000000082f00000, 0x0000000082e00000| Untracked 
|  11|0x0000000082f00000, 0x0000000083000000, 0x0000000083000000|100%| O|  |TAMS 0x0000000083000000, 0x0000000082f00000| Untracked 
|  12|0x0000000083000000, 0x0000000083100000, 0x0000000083100000|100%| O|  |TAMS 0x0000000083100000, 0x0000000083000000| Untracked 
|  13|0x0000000083100000, 0x0000000083200000, 0x0000000083200000|100%| O|  |TAMS 0x0000000083200000, 0x0000000083100000| Untracked 
|  14|0x0000000083200000, 0x0000000083300000, 0x0000000083300000|100%| O|  |TAMS 0x0000000083300000, 0x0000000083200000| Untracked 
|  15|0x0000000083300000, 0x0000000083400000, 0x0000000083400000|100%| O|  |TAMS 0x0000000083400000, 0x0000000083300000| Untracked 
|  16|0x0000000083400000, 0x0000000083500000, 0x0000000083500000|100%| O|  |TAMS 0x0000000083500000, 0x0000000083400000| Untracked 
|  17|0x0000000083500000, 0x0000000083600000, 0x0000000083600000|100%| O|  |TAMS 0x0000000083600000, 0x0000000083500000| Untracked 
|  18|0x0000000083600000, 0x0000000083700000, 0x0000000083700000|100%| O|  |TAMS 0x0000000083700000, 0x0000000083600000| Untracked 
|  19|0x0000000083700000, 0x0000000083800000, 0x0000000083800000|100%|HS|  |TAMS 0x0000000083800000, 0x0000000083700000| Complete 
|  20|0x0000000083800000, 0x0000000083900000, 0x0000000083900000|100%|HC|  |TAMS 0x0000000083900000, 0x0000000083800000| Complete 
|  21|0x0000000083900000, 0x0000000083a00000, 0x0000000083a00000|100%| O|  |TAMS 0x0000000083a00000, 0x0000000083900000| Untracked 
|  22|0x0000000083a00000, 0x0000000083b00000, 0x0000000083b00000|100%| O|  |TAMS 0x0000000083b00000, 0x0000000083a00000| Untracked 
|  23|0x0000000083b00000, 0x0000000083c00000, 0x0000000083c00000|100%| O|  |TAMS 0x0000000083c00000, 0x0000000083b00000| Untracked 
|  24|0x0000000083c00000, 0x0000000083d00000, 0x0000000083d00000|100%| O|  |TAMS 0x0000000083d00000, 0x0000000083c00000| Untracked 
|  25|0x0000000083d00000, 0x0000000083e00000, 0x0000000083e00000|100%| O|  |TAMS 0x0000000083e00000, 0x0000000083d00000| Untracked 
|  26|0x0000000083e00000, 0x0000000083f00000, 0x0000000083f00000|100%| O|  |TAMS 0x0000000083f00000, 0x0000000083e00000| Untracked 
|  27|0x0000000083f00000, 0x0000000083fc0e00, 0x0000000084000000| 75%| O|  |TAMS 0x0000000083fc0e00, 0x0000000083f00000| Untracked 
|  28|0x0000000084000000, 0x0000000084100000, 0x0000000084100000|100%| O|  |TAMS 0x0000000084100000, 0x0000000084000000| Untracked 
|  29|0x0000000084100000, 0x0000000084200000, 0x0000000084200000|100%| O|  |TAMS 0x0000000084200000, 0x0000000084100000| Untracked 
|  30|0x0000000084200000, 0x0000000084300000, 0x0000000084300000|100%| O|  |TAMS 0x0000000084300000, 0x0000000084200000| Untracked 
|  31|0x0000000084300000, 0x0000000084400000, 0x0000000084400000|100%| O|  |TAMS 0x0000000084400000, 0x0000000084300000| Untracked 
|  32|0x0000000084400000, 0x0000000084500000, 0x0000000084500000|100%| O|  |TAMS 0x0000000084500000, 0x0000000084400000| Untracked 
|  33|0x0000000084500000, 0x0000000084600000, 0x0000000084600000|100%| O|  |TAMS 0x0000000084600000, 0x0000000084500000| Untracked 
|  34|0x0000000084600000, 0x0000000084700000, 0x0000000084700000|100%| O|  |TAMS 0x0000000084700000, 0x0000000084600000| Untracked 
|  35|0x0000000084700000, 0x0000000084800000, 0x0000000084800000|100%| O|  |TAMS 0x0000000084800000, 0x0000000084700000| Untracked 
|  36|0x0000000084800000, 0x0000000084900000, 0x0000000084900000|100%| O|  |TAMS 0x0000000084900000, 0x0000000084800000| Untracked 
|  37|0x0000000084900000, 0x0000000084a00000, 0x0000000084a00000|100%| O|  |TAMS 0x0000000084a00000, 0x0000000084900000| Untracked 
|  38|0x0000000084a00000, 0x0000000084b00000, 0x0000000084b00000|100%| O|  |TAMS 0x0000000084b00000, 0x0000000084a00000| Untracked 
|  39|0x0000000084b00000, 0x0000000084c00000, 0x0000000084c00000|100%| O|  |TAMS 0x0000000084c00000, 0x0000000084b00000| Untracked 
|  40|0x0000000084c00000, 0x0000000084d00000, 0x0000000084d00000|100%| O|  |TAMS 0x0000000084d00000, 0x0000000084c00000| Untracked 
|  41|0x0000000084d00000, 0x0000000084e00000, 0x0000000084e00000|100%| O|  |TAMS 0x0000000084e00000, 0x0000000084d00000| Untracked 
|  42|0x0000000084e00000, 0x0000000084f00000, 0x0000000084f00000|100%| O|  |TAMS 0x0000000084f00000, 0x0000000084e00000| Untracked 
|  43|0x0000000084f00000, 0x0000000085000000, 0x0000000085000000|100%| O|  |TAMS 0x0000000085000000, 0x0000000084f00000| Untracked 
|  44|0x0000000085000000, 0x0000000085100000, 0x0000000085100000|100%| O|  |TAMS 0x0000000085100000, 0x0000000085000000| Untracked 
|  45|0x0000000085100000, 0x0000000085200000, 0x0000000085200000|100%| O|  |TAMS 0x0000000085200000, 0x0000000085100000| Untracked 
|  46|0x0000000085200000, 0x0000000085300000, 0x0000000085300000|100%| O|  |TAMS 0x0000000085300000, 0x0000000085200000| Untracked 
|  47|0x0000000085300000, 0x0000000085400000, 0x0000000085400000|100%| O|  |TAMS 0x0000000085400000, 0x0000000085300000| Untracked 
|  48|0x0000000085400000, 0x0000000085500000, 0x0000000085500000|100%| O|  |TAMS 0x0000000085500000, 0x0000000085400000| Untracked 
|  49|0x0000000085500000, 0x0000000085600000, 0x0000000085600000|100%| O|  |TAMS 0x0000000085600000, 0x0000000085500000| Untracked 
|  50|0x0000000085600000, 0x0000000085700000, 0x0000000085700000|100%| O|  |TAMS 0x0000000085700000, 0x0000000085600000| Untracked 
|  51|0x0000000085700000, 0x0000000085800000, 0x0000000085800000|100%| O|  |TAMS 0x0000000085800000, 0x0000000085700000| Untracked 
|  52|0x0000000085800000, 0x0000000085900000, 0x0000000085900000|100%| O|  |TAMS 0x0000000085900000, 0x0000000085800000| Untracked 
|  53|0x0000000085900000, 0x0000000085a00000, 0x0000000085a00000|100%| O|  |TAMS 0x0000000085a00000, 0x0000000085900000| Untracked 
|  54|0x0000000085a00000, 0x0000000085b00000, 0x0000000085b00000|100%| O|  |TAMS 0x0000000085b00000, 0x0000000085a00000| Untracked 
|  55|0x0000000085b00000, 0x0000000085c00000, 0x0000000085c00000|100%| O|  |TAMS 0x0000000085c00000, 0x0000000085b00000| Untracked 
|  56|0x0000000085c00000, 0x0000000085d00000, 0x0000000085d00000|100%| O|  |TAMS 0x0000000085d00000, 0x0000000085c00000| Untracked 
|  57|0x0000000085d00000, 0x0000000085e00000, 0x0000000085e00000|100%| O|  |TAMS 0x0000000085e00000, 0x0000000085d00000| Untracked 
|  58|0x0000000085e00000, 0x0000000085f00000, 0x0000000085f00000|100%| O|  |TAMS 0x0000000085f00000, 0x0000000085e00000| Untracked 
|  59|0x0000000085f00000, 0x0000000086000000, 0x0000000086000000|100%| O|  |TAMS 0x0000000085f00000, 0x0000000085f00000| Untracked 
|  60|0x0000000086000000, 0x0000000086100000, 0x0000000086100000|100%| O|  |TAMS 0x0000000086100000, 0x0000000086000000| Untracked 
|  61|0x0000000086100000, 0x0000000086200000, 0x0000000086200000|100%| O|  |TAMS 0x0000000086200000, 0x0000000086100000| Untracked 
|  62|0x0000000086200000, 0x0000000086300000, 0x0000000086300000|100%| O|  |TAMS 0x0000000086300000, 0x0000000086200000| Untracked 
|  63|0x0000000086300000, 0x0000000086400000, 0x0000000086400000|100%| O|  |TAMS 0x0000000086400000, 0x0000000086300000| Untracked 
|  64|0x0000000086400000, 0x0000000086500000, 0x0000000086500000|100%| O|  |TAMS 0x0000000086500000, 0x0000000086400000| Untracked 
|  65|0x0000000086500000, 0x0000000086600000, 0x0000000086600000|100%| O|  |TAMS 0x0000000086600000, 0x0000000086500000| Untracked 
|  66|0x0000000086600000, 0x0000000086700000, 0x0000000086700000|100%| O|  |TAMS 0x0000000086700000, 0x0000000086600000| Untracked 
|  67|0x0000000086700000, 0x0000000086800000, 0x0000000086800000|100%| O|  |TAMS 0x0000000086800000, 0x0000000086700000| Untracked 
|  68|0x0000000086800000, 0x0000000086900000, 0x0000000086900000|100%| O|  |TAMS 0x0000000086900000, 0x0000000086800000| Untracked 
|  69|0x0000000086900000, 0x0000000086a00000, 0x0000000086a00000|100%| O|  |TAMS 0x0000000086a00000, 0x0000000086900000| Untracked 
|  70|0x0000000086a00000, 0x0000000086b00000, 0x0000000086b00000|100%| O|  |TAMS 0x0000000086b00000, 0x0000000086a00000| Untracked 
|  71|0x0000000086b00000, 0x0000000086c00000, 0x0000000086c00000|100%| O|  |TAMS 0x0000000086c00000, 0x0000000086b00000| Untracked 
|  72|0x0000000086c00000, 0x0000000086d00000, 0x0000000086d00000|100%|HS|  |TAMS 0x0000000086d00000, 0x0000000086c00000| Complete 
|  73|0x0000000086d00000, 0x0000000086e00000, 0x0000000086e00000|100%|HC|  |TAMS 0x0000000086e00000, 0x0000000086d00000| Complete 
|  74|0x0000000086e00000, 0x0000000086f00000, 0x0000000086f00000|100%| O|  |TAMS 0x0000000086f00000, 0x0000000086e00000| Untracked 
|  75|0x0000000086f00000, 0x0000000087000000, 0x0000000087000000|100%| O|  |TAMS 0x0000000087000000, 0x0000000086f00000| Untracked 
|  76|0x0000000087000000, 0x0000000087100000, 0x0000000087100000|100%| O|  |TAMS 0x0000000087100000, 0x0000000087000000| Untracked 
|  77|0x0000000087100000, 0x0000000087200000, 0x0000000087200000|100%| O|  |TAMS 0x0000000087200000, 0x0000000087100000| Untracked 
|  78|0x0000000087200000, 0x0000000087300000, 0x0000000087300000|100%| O|  |TAMS 0x0000000087300000, 0x0000000087200000| Untracked 
|  79|0x0000000087300000, 0x0000000087400000, 0x0000000087400000|100%| O|  |TAMS 0x0000000087400000, 0x0000000087300000| Untracked 
|  80|0x0000000087400000, 0x0000000087500000, 0x0000000087500000|100%| O|  |TAMS 0x0000000087500000, 0x0000000087400000| Untracked 
|  81|0x0000000087500000, 0x0000000087600000, 0x0000000087600000|100%| O|  |TAMS 0x0000000087600000, 0x0000000087500000| Untracked 
|  82|0x0000000087600000, 0x0000000087700000, 0x0000000087700000|100%| O|  |TAMS 0x0000000087700000, 0x0000000087600000| Untracked 
|  83|0x0000000087700000, 0x0000000087800000, 0x0000000087800000|100%| O|  |TAMS 0x0000000087800000, 0x0000000087700000| Untracked 
|  84|0x0000000087800000, 0x0000000087900000, 0x0000000087900000|100%| O|  |TAMS 0x0000000087900000, 0x0000000087800000| Untracked 
|  85|0x0000000087900000, 0x0000000087a00000, 0x0000000087a00000|100%| O|  |TAMS 0x0000000087a00000, 0x0000000087900000| Untracked 
|  86|0x0000000087a00000, 0x0000000087b00000, 0x0000000087b00000|100%| O|  |TAMS 0x0000000087b00000, 0x0000000087a00000| Untracked 
|  87|0x0000000087b00000, 0x0000000087c00000, 0x0000000087c00000|100%| O|  |TAMS 0x0000000087c00000, 0x0000000087b00000| Untracked 
|  88|0x0000000087c00000, 0x0000000087d00000, 0x0000000087d00000|100%| O|  |TAMS 0x0000000087d00000, 0x0000000087c00000| Untracked 
|  89|0x0000000087d00000, 0x0000000087e00000, 0x0000000087e00000|100%| O|  |TAMS 0x0000000087e00000, 0x0000000087d00000| Untracked 
|  90|0x0000000087e00000, 0x0000000087f00000, 0x0000000087f00000|100%| O|  |TAMS 0x0000000087f00000, 0x0000000087e00000| Untracked 
|  91|0x0000000087f00000, 0x0000000088000000, 0x0000000088000000|100%| O|  |TAMS 0x0000000088000000, 0x0000000087f00000| Untracked 
|  92|0x0000000088000000, 0x0000000088100000, 0x0000000088100000|100%| O|  |TAMS 0x0000000088100000, 0x0000000088000000| Untracked 
|  93|0x0000000088100000, 0x0000000088200000, 0x0000000088200000|100%| O|  |TAMS 0x0000000088200000, 0x0000000088100000| Untracked 
|  94|0x0000000088200000, 0x0000000088300000, 0x0000000088300000|100%| O|  |TAMS 0x0000000088300000, 0x0000000088200000| Untracked 
|  95|0x0000000088300000, 0x0000000088400000, 0x0000000088400000|100%| O|  |TAMS 0x0000000088400000, 0x0000000088300000| Untracked 
|  96|0x0000000088400000, 0x0000000088500000, 0x0000000088500000|100%| O|  |TAMS 0x0000000088500000, 0x0000000088400000| Untracked 
|  97|0x0000000088500000, 0x0000000088600000, 0x0000000088600000|100%| O|  |TAMS 0x0000000088600000, 0x0000000088500000| Untracked 
|  98|0x0000000088600000, 0x0000000088700000, 0x0000000088700000|100%| O|  |TAMS 0x00000000886fec00, 0x0000000088600000| Untracked 
|  99|0x0000000088700000, 0x0000000088800000, 0x0000000088800000|100%| O|  |TAMS 0x0000000088700000, 0x0000000088700000| Untracked 
| 100|0x0000000088800000, 0x0000000088900000, 0x0000000088900000|100%| O|  |TAMS 0x0000000088800000, 0x0000000088800000| Untracked 
| 101|0x0000000088900000, 0x0000000088a00000, 0x0000000088a00000|100%| O|  |TAMS 0x0000000088900000, 0x0000000088900000| Untracked 
| 102|0x0000000088a00000, 0x0000000088b00000, 0x0000000088b00000|100%| O|  |TAMS 0x0000000088a00000, 0x0000000088a00000| Untracked 
| 103|0x0000000088b00000, 0x0000000088c00000, 0x0000000088c00000|100%| O|  |TAMS 0x0000000088b00000, 0x0000000088b00000| Untracked 
| 104|0x0000000088c00000, 0x0000000088d00000, 0x0000000088d00000|100%| O|  |TAMS 0x0000000088c00000, 0x0000000088c00000| Untracked 
| 105|0x0000000088d00000, 0x0000000088d00000, 0x0000000088e00000|  0%| F|  |TAMS 0x0000000088d00000, 0x0000000088d00000| Untracked 
| 106|0x0000000088e00000, 0x0000000088e00000, 0x0000000088f00000|  0%| F|  |TAMS 0x0000000088e00000, 0x0000000088e00000| Untracked 
| 107|0x0000000088f00000, 0x0000000088f00000, 0x0000000089000000|  0%| F|  |TAMS 0x0000000088f00000, 0x0000000088f00000| Untracked 
| 108|0x0000000089000000, 0x0000000089000000, 0x0000000089100000|  0%| F|  |TAMS 0x0000000089000000, 0x0000000089000000| Untracked 
| 109|0x0000000089100000, 0x0000000089100000, 0x0000000089200000|  0%| F|  |TAMS 0x0000000089100000, 0x0000000089100000| Untracked 
| 110|0x0000000089200000, 0x0000000089200000, 0x0000000089300000|  0%| F|  |TAMS 0x0000000089200000, 0x0000000089200000| Untracked 
| 111|0x0000000089300000, 0x0000000089300000, 0x0000000089400000|  0%| F|  |TAMS 0x0000000089300000, 0x0000000089300000| Untracked 
| 112|0x0000000089400000, 0x0000000089400000, 0x0000000089500000|  0%| F|  |TAMS 0x0000000089400000, 0x0000000089400000| Untracked 
| 113|0x0000000089500000, 0x0000000089500000, 0x0000000089600000|  0%| F|  |TAMS 0x0000000089500000, 0x0000000089500000| Untracked 
| 114|0x0000000089600000, 0x0000000089600000, 0x0000000089700000|  0%| F|  |TAMS 0x0000000089600000, 0x0000000089600000| Untracked 
| 115|0x0000000089700000, 0x0000000089700000, 0x0000000089800000|  0%| F|  |TAMS 0x0000000089700000, 0x0000000089700000| Untracked 
| 116|0x0000000089800000, 0x0000000089800000, 0x0000000089900000|  0%| F|  |TAMS 0x0000000089800000, 0x0000000089800000| Untracked 
| 117|0x0000000089900000, 0x0000000089900000, 0x0000000089a00000|  0%| F|  |TAMS 0x0000000089900000, 0x0000000089900000| Untracked 
| 118|0x0000000089a00000, 0x0000000089a00000, 0x0000000089b00000|  0%| F|  |TAMS 0x0000000089a00000, 0x0000000089a00000| Untracked 
| 119|0x0000000089b00000, 0x0000000089b00000, 0x0000000089c00000|  0%| F|  |TAMS 0x0000000089b00000, 0x0000000089b00000| Untracked 
| 120|0x0000000089c00000, 0x0000000089c00000, 0x0000000089d00000|  0%| F|  |TAMS 0x0000000089c00000, 0x0000000089c00000| Untracked 
| 121|0x0000000089d00000, 0x0000000089d00000, 0x0000000089e00000|  0%| F|  |TAMS 0x0000000089d00000, 0x0000000089d00000| Untracked 
| 122|0x0000000089e00000, 0x0000000089e00000, 0x0000000089f00000|  0%| F|  |TAMS 0x0000000089e00000, 0x0000000089e00000| Untracked 
| 123|0x0000000089f00000, 0x0000000089f00000, 0x000000008a000000|  0%| F|  |TAMS 0x0000000089f00000, 0x0000000089f00000| Untracked 
| 124|0x000000008a000000, 0x000000008a000000, 0x000000008a100000|  0%| F|  |TAMS 0x000000008a000000, 0x000000008a000000| Untracked 
| 125|0x000000008a100000, 0x000000008a100000, 0x000000008a200000|  0%| F|  |TAMS 0x000000008a100000, 0x000000008a100000| Untracked 
| 126|0x000000008a200000, 0x000000008a200000, 0x000000008a300000|  0%| F|  |TAMS 0x000000008a200000, 0x000000008a200000| Untracked 
| 127|0x000000008a300000, 0x000000008a300000, 0x000000008a400000|  0%| F|  |TAMS 0x000000008a300000, 0x000000008a300000| Untracked 
| 128|0x000000008a400000, 0x000000008a400000, 0x000000008a500000|  0%| F|  |TAMS 0x000000008a400000, 0x000000008a400000| Untracked 
| 129|0x000000008a500000, 0x000000008a500000, 0x000000008a600000|  0%| F|  |TAMS 0x000000008a500000, 0x000000008a500000| Untracked 
| 130|0x000000008a600000, 0x000000008a600000, 0x000000008a700000|  0%| F|  |TAMS 0x000000008a600000, 0x000000008a600000| Untracked 
| 131|0x000000008a700000, 0x000000008a700000, 0x000000008a800000|  0%| F|  |TAMS 0x000000008a700000, 0x000000008a700000| Untracked 
| 132|0x000000008a800000, 0x000000008a800000, 0x000000008a900000|  0%| F|  |TAMS 0x000000008a800000, 0x000000008a800000| Untracked 
| 133|0x000000008a900000, 0x000000008a9fe600, 0x000000008aa00000| 99%| S|CS|TAMS 0x000000008a900000, 0x000000008a900000| Complete 
| 134|0x000000008aa00000, 0x000000008ab00000, 0x000000008ab00000|100%| S|CS|TAMS 0x000000008aa00000, 0x000000008aa00000| Complete 
| 135|0x000000008ab00000, 0x000000008ac00000, 0x000000008ac00000|100%| S|CS|TAMS 0x000000008ab00000, 0x000000008ab00000| Complete 
| 136|0x000000008ac00000, 0x000000008ac00000, 0x000000008ad00000|  0%| F|  |TAMS 0x000000008ac00000, 0x000000008ac00000| Untracked 
| 137|0x000000008ad00000, 0x000000008ad00000, 0x000000008ae00000|  0%| F|  |TAMS 0x000000008ad00000, 0x000000008ad00000| Untracked 
| 138|0x000000008ae00000, 0x000000008ae00000, 0x000000008af00000|  0%| F|  |TAMS 0x000000008ae00000, 0x000000008ae00000| Untracked 
| 139|0x000000008af00000, 0x000000008af00000, 0x000000008b000000|  0%| F|  |TAMS 0x000000008af00000, 0x000000008af00000| Untracked 
| 140|0x000000008b000000, 0x000000008b000000, 0x000000008b100000|  0%| F|  |TAMS 0x000000008b000000, 0x000000008b000000| Untracked 
| 141|0x000000008b100000, 0x000000008b100000, 0x000000008b200000|  0%| F|  |TAMS 0x000000008b100000, 0x000000008b100000| Untracked 
| 142|0x000000008b200000, 0x000000008b200000, 0x000000008b300000|  0%| F|  |TAMS 0x000000008b200000, 0x000000008b200000| Untracked 
| 143|0x000000008b300000, 0x000000008b300000, 0x000000008b400000|  0%| F|  |TAMS 0x000000008b300000, 0x000000008b300000| Untracked 
| 144|0x000000008b400000, 0x000000008b400000, 0x000000008b500000|  0%| F|  |TAMS 0x000000008b400000, 0x000000008b400000| Untracked 
| 145|0x000000008b500000, 0x000000008b500000, 0x000000008b600000|  0%| F|  |TAMS 0x000000008b500000, 0x000000008b500000| Untracked 
| 146|0x000000008b600000, 0x000000008b600000, 0x000000008b700000|  0%| F|  |TAMS 0x000000008b600000, 0x000000008b600000| Untracked 
| 147|0x000000008b700000, 0x000000008b700000, 0x000000008b800000|  0%| F|  |TAMS 0x000000008b700000, 0x000000008b700000| Untracked 
| 148|0x000000008b800000, 0x000000008b800000, 0x000000008b900000|  0%| F|  |TAMS 0x000000008b800000, 0x000000008b800000| Untracked 
| 149|0x000000008b900000, 0x000000008b900000, 0x000000008ba00000|  0%| F|  |TAMS 0x000000008b900000, 0x000000008b900000| Untracked 
| 150|0x000000008ba00000, 0x000000008ba00000, 0x000000008bb00000|  0%| F|  |TAMS 0x000000008ba00000, 0x000000008ba00000| Untracked 
| 151|0x000000008bb00000, 0x000000008bc00000, 0x000000008bc00000|100%| E|  |TAMS 0x000000008bb00000, 0x000000008bb00000| Complete 
| 152|0x000000008bc00000, 0x000000008bd00000, 0x000000008bd00000|100%| E|CS|TAMS 0x000000008bc00000, 0x000000008bc00000| Complete 
| 153|0x000000008bd00000, 0x000000008be00000, 0x000000008be00000|100%| E|CS|TAMS 0x000000008bd00000, 0x000000008bd00000| Complete 
| 154|0x000000008be00000, 0x000000008bf00000, 0x000000008bf00000|100%| E|CS|TAMS 0x000000008be00000, 0x000000008be00000| Complete 
| 155|0x000000008bf00000, 0x000000008c000000, 0x000000008c000000|100%| E|CS|TAMS 0x000000008bf00000, 0x000000008bf00000| Complete 
| 156|0x000000008c000000, 0x000000008c100000, 0x000000008c100000|100%| E|CS|TAMS 0x000000008c000000, 0x000000008c000000| Complete 
| 157|0x000000008c100000, 0x000000008c200000, 0x000000008c200000|100%| E|CS|TAMS 0x000000008c100000, 0x000000008c100000| Complete 
| 158|0x000000008c200000, 0x000000008c300000, 0x000000008c300000|100%| E|CS|TAMS 0x000000008c200000, 0x000000008c200000| Complete 
| 159|0x000000008c300000, 0x000000008c400000, 0x000000008c400000|100%| E|CS|TAMS 0x000000008c300000, 0x000000008c300000| Complete 
| 160|0x000000008c400000, 0x000000008c500000, 0x000000008c500000|100%| E|CS|TAMS 0x000000008c400000, 0x000000008c400000| Complete 
| 161|0x000000008c500000, 0x000000008c600000, 0x000000008c600000|100%| E|CS|TAMS 0x000000008c500000, 0x000000008c500000| Complete 
| 162|0x000000008c600000, 0x000000008c700000, 0x000000008c700000|100%| E|CS|TAMS 0x000000008c600000, 0x000000008c600000| Complete 
| 163|0x000000008c700000, 0x000000008c800000, 0x000000008c800000|100%| E|CS|TAMS 0x000000008c700000, 0x000000008c700000| Complete 
| 164|0x000000008c800000, 0x000000008c900000, 0x000000008c900000|100%| E|CS|TAMS 0x000000008c800000, 0x000000008c800000| Complete 
| 165|0x000000008c900000, 0x000000008ca00000, 0x000000008ca00000|100%| E|CS|TAMS 0x000000008c900000, 0x000000008c900000| Complete 
| 166|0x000000008ca00000, 0x000000008cb00000, 0x000000008cb00000|100%| E|CS|TAMS 0x000000008ca00000, 0x000000008ca00000| Complete 
| 167|0x000000008cb00000, 0x000000008cc00000, 0x000000008cc00000|100%| E|CS|TAMS 0x000000008cb00000, 0x000000008cb00000| Complete 
| 168|0x000000008cc00000, 0x000000008cd00000, 0x000000008cd00000|100%| E|CS|TAMS 0x000000008cc00000, 0x000000008cc00000| Complete 
| 169|0x000000008cd00000, 0x000000008ce00000, 0x000000008ce00000|100%| E|CS|TAMS 0x000000008cd00000, 0x000000008cd00000| Complete 
| 170|0x000000008ce00000, 0x000000008cf00000, 0x000000008cf00000|100%| E|CS|TAMS 0x000000008ce00000, 0x000000008ce00000| Complete 
| 171|0x000000008cf00000, 0x000000008d000000, 0x000000008d000000|100%| E|CS|TAMS 0x000000008cf00000, 0x000000008cf00000| Complete 
| 172|0x000000008d000000, 0x000000008d100000, 0x000000008d100000|100%| E|CS|TAMS 0x000000008d000000, 0x000000008d000000| Complete 
| 173|0x000000008d100000, 0x000000008d200000, 0x000000008d200000|100%| E|CS|TAMS 0x000000008d100000, 0x000000008d100000| Complete 
| 174|0x000000008d200000, 0x000000008d300000, 0x000000008d300000|100%| E|CS|TAMS 0x000000008d200000, 0x000000008d200000| Complete 
| 175|0x000000008d300000, 0x000000008d400000, 0x000000008d400000|100%| E|CS|TAMS 0x000000008d300000, 0x000000008d300000| Complete 
| 176|0x000000008d400000, 0x000000008d500000, 0x000000008d500000|100%| E|CS|TAMS 0x000000008d400000, 0x000000008d400000| Complete 
| 177|0x000000008d500000, 0x000000008d600000, 0x000000008d600000|100%| E|CS|TAMS 0x000000008d500000, 0x000000008d500000| Complete 
| 178|0x000000008d600000, 0x000000008d700000, 0x000000008d700000|100%| E|CS|TAMS 0x000000008d600000, 0x000000008d600000| Complete 
| 179|0x000000008d700000, 0x000000008d800000, 0x000000008d800000|100%| E|CS|TAMS 0x000000008d700000, 0x000000008d700000| Complete 
| 180|0x000000008d800000, 0x000000008d900000, 0x000000008d900000|100%| E|CS|TAMS 0x000000008d800000, 0x000000008d800000| Complete 
| 181|0x000000008d900000, 0x000000008da00000, 0x000000008da00000|100%| E|CS|TAMS 0x000000008d900000, 0x000000008d900000| Complete 
| 182|0x000000008da00000, 0x000000008db00000, 0x000000008db00000|100%| E|CS|TAMS 0x000000008da00000, 0x000000008da00000| Complete 
| 183|0x000000008db00000, 0x000000008dc00000, 0x000000008dc00000|100%| E|CS|TAMS 0x000000008db00000, 0x000000008db00000| Complete 
| 184|0x000000008dc00000, 0x000000008dd00000, 0x000000008dd00000|100%| E|CS|TAMS 0x000000008dc00000, 0x000000008dc00000| Complete 
| 185|0x000000008dd00000, 0x000000008de00000, 0x000000008de00000|100%| E|CS|TAMS 0x000000008dd00000, 0x000000008dd00000| Complete 
| 186|0x000000008de00000, 0x000000008df00000, 0x000000008df00000|100%| E|CS|TAMS 0x000000008de00000, 0x000000008de00000| Complete 
| 187|0x000000008df00000, 0x000000008e000000, 0x000000008e000000|100%| E|CS|TAMS 0x000000008df00000, 0x000000008df00000| Complete 
| 188|0x000000008e000000, 0x000000008e100000, 0x000000008e100000|100%| E|CS|TAMS 0x000000008e000000, 0x000000008e000000| Complete 
| 189|0x000000008e100000, 0x000000008e200000, 0x000000008e200000|100%| E|CS|TAMS 0x000000008e100000, 0x000000008e100000| Complete 
| 190|0x000000008e200000, 0x000000008e300000, 0x000000008e300000|100%| E|CS|TAMS 0x000000008e200000, 0x000000008e200000| Complete 
| 191|0x000000008e300000, 0x000000008e400000, 0x000000008e400000|100%| E|CS|TAMS 0x000000008e300000, 0x000000008e300000| Complete 

Card table byte_map: [0x0000021646890000,0x0000021646c80000] _byte_map_base: 0x000002164647e000

Marking Bits (Prev, Next): (CMBitMap*) 0x000002162f9ba350, (CMBitMap*) 0x000002162f9ba310
 Prev Bits: [0x0000021648fe0000, 0x000002164af50000)
 Next Bits: [0x0000021647070000, 0x0000021648fe0000)

Polling page: 0x000002162d7b0000

Metaspace:

Usage:
  Non-class:     51.49 MB used.
      Class:      6.32 MB used.
       Both:     57.81 MB used.

Virtual space:
  Non-class space:       64.00 MB reserved,      51.62 MB ( 81%) committed,  1 nodes.
      Class space:        1.00 GB reserved,       6.44 MB ( <1%) committed,  1 nodes.
             Both:        1.06 GB reserved,      58.06 MB (  5%) committed. 

Chunk freelists:
   Non-Class:  11.42 MB
       Class:  9.57 MB
        Both:  20.99 MB

MaxMetaspaceSize: unlimited
CompressedClassSpaceSize: 1.00 GB
Initial GC threshold: 21.00 MB
Current GC threshold: 92.94 MB
CDS: on
MetaspaceReclaimPolicy: balanced
 - commit_granule_bytes: 65536.
 - commit_granule_words: 8192.
 - virtual_space_node_default_size: 8388608.
 - enlarge_chunks_in_place: 1.
 - new_chunks_are_fully_committed: 0.
 - uncommit_free_chunks: 1.
 - use_allocation_guard: 0.
 - handle_deallocations: 1.


Internal statistics:

num_allocs_failed_limit: 6.
num_arena_births: 334.
num_arena_deaths: 0.
num_vsnodes_births: 2.
num_vsnodes_deaths: 0.
num_space_committed: 927.
num_space_uncommitted: 0.
num_chunks_returned_to_freelist: 6.
num_chunks_taken_from_freelist: 2567.
num_chunk_merges: 6.
num_chunk_splits: 1984.
num_chunks_enlarged: 1697.
num_inconsistent_stats: 0.

CodeHeap 'non-profiled nmethods': size=120000Kb used=8792Kb max_used=8792Kb free=111207Kb
 bounds [0x000002163ef70000, 0x000002163f810000, 0x00000216464a0000]
CodeHeap 'profiled nmethods': size=120000Kb used=34715Kb max_used=34715Kb free=85284Kb
 bounds [0x00000216374a0000, 0x0000021639690000, 0x000002163e9d0000]
CodeHeap 'non-nmethods': size=5760Kb used=1304Kb max_used=1478Kb free=4455Kb
 bounds [0x000002163e9d0000, 0x000002163ec40000, 0x000002163ef70000]
 total_blobs=13092 nmethods=12480 adapters=521
 compilation: enabled
              stopped_count=0, restarted_count=0
 full_count=0

Compilation events (20 events):
Event: 37.721 Thread 0x000002164d47dcb0 nmethod 17392 0x000002163967cf10 code [0x000002163967d3c0, 0x0000021639680168]
Event: 37.721 Thread 0x000002164d47dcb0 17393       3       java.lang.invoke.MethodHandles::makeIdentity (23 bytes)
Event: 37.722 Thread 0x000002164d47dcb0 nmethod 17393 0x0000021639681010 code [0x0000021639681280, 0x0000021639681c28]
Event: 37.723 Thread 0x000002164d47dcb0 17394       3       java.lang.invoke.LambdaForm::identityForm (27 bytes)
Event: 37.723 Thread 0x000002164d47dcb0 nmethod 17394 0x0000021639682010 code [0x00000216396821c0, 0x00000216396823a8]
Event: 37.723 Thread 0x000002164d47dcb0 17395       3       java.lang.reflect.Constructor::checkCanSetAccessible (29 bytes)
Event: 37.724 Thread 0x000002164d47dcb0 nmethod 17395 0x0000021639682490 code [0x0000021639682660, 0x0000021639682938]
Event: 37.731 Thread 0x000002164d47dcb0 17396   !   3       java.text.MessageFormat::makeFormat (696 bytes)
Event: 37.735 Thread 0x000002164d47dcb0 nmethod 17396 0x0000021639682a90 code [0x0000021639683120, 0x00000216396865a8]
Event: 37.736 Thread 0x000002164d47dcb0 17397       3       org.jetbrains.kotlin.diagnostics.rendering.DiagnosticFactoryToRendererMap::put (40 bytes)
Event: 37.737 Thread 0x000002164d47dcb0 nmethod 17397 0x0000021639687b10 code [0x0000021639687d20, 0x0000021639688368]
Event: 37.739 Thread 0x000002164d47dcb0 17398       3       org.jetbrains.kotlin.diagnostics.rendering.AbstractDiagnosticWithParametersRenderer::<init> (23 bytes)
Event: 37.741 Thread 0x000002164d47dcb0 nmethod 17398 0x0000021639688590 code [0x00000216396887c0, 0x0000021639688ee8]
Event: 37.741 Thread 0x000002164d47dcb0 17399       3       java.text.Format::<init> (5 bytes)
Event: 37.741 Thread 0x000002164d47dcb0 nmethod 17399 0x0000021638dd9710 code [0x0000021638dd98a0, 0x0000021638dd99f8]
Event: 37.750 Thread 0x000002164d47dcb0 17400       3       java.text.MessageFormat::<init> (56 bytes)
Event: 37.750 Thread 0x000002164d47dcb0 nmethod 17400 0x0000021639689190 code [0x0000021639689380, 0x0000021639689998]
Event: 37.753 Thread 0x000002164d47dcb0 17401       3       java.lang.String::equals (56 bytes)
Event: 37.753 Thread 0x000002164d47dcb0 nmethod 17401 0x0000021639689b10 code [0x0000021639689ce0, 0x000002163968a148]
Event: 37.754 Thread 0x000002164d47dcb0 17402       3       org.jetbrains.kotlin.diagnostics.rendering.DiagnosticWithParameters1Renderer::<init> (17 bytes)

GC Heap History (20 events):
Event: 12.605 GC heap before
{Heap before GC invocations=20 (full 0):
 garbage-first heap   total 150528K, used 81872K [0x0000000082400000, 0x0000000100000000)
  region size 1024K, 7 young (7168K), 3 survivors (3072K)
 Metaspace       used 49510K, committed 49792K, reserved 1114112K
  class space    used 5783K, committed 5952K, reserved 1048576K
}
Event: 12.612 GC heap after
{Heap after GC invocations=21 (full 0):
 garbage-first heap   total 187392K, used 77145K [0x0000000082400000, 0x0000000100000000)
  region size 1024K, 1 young (1024K), 1 survivors (1024K)
 Metaspace       used 49510K, committed 49792K, reserved 1114112K
  class space    used 5783K, committed 5952K, reserved 1048576K
}
Event: 15.512 GC heap before
{Heap before GC invocations=21 (full 0):
 garbage-first heap   total 187392K, used 146777K [0x0000000082400000, 0x0000000100000000)
  region size 1024K, 68 young (69632K), 1 survivors (1024K)
 Metaspace       used 53796K, committed 54080K, reserved 1114112K
  class space    used 6135K, committed 6272K, reserved 1048576K
}
Event: 15.529 GC heap after
{Heap after GC invocations=22 (full 0):
 garbage-first heap   total 187392K, used 84457K [0x0000000082400000, 0x0000000100000000)
  region size 1024K, 8 young (8192K), 8 survivors (8192K)
 Metaspace       used 53796K, committed 54080K, reserved 1114112K
  class space    used 6135K, committed 6272K, reserved 1048576K
}
Event: 19.400 GC heap before
{Heap before GC invocations=22 (full 0):
 garbage-first heap   total 187392K, used 145897K [0x0000000082400000, 0x0000000100000000)
  region size 1024K, 68 young (69632K), 8 survivors (8192K)
 Metaspace       used 55604K, committed 55872K, reserved 1114112K
  class space    used 6267K, committed 6400K, reserved 1048576K
}
Event: 19.426 GC heap after
{Heap after GC invocations=23 (full 0):
 garbage-first heap   total 187392K, used 91900K [0x0000000082400000, 0x0000000100000000)
  region size 1024K, 8 young (8192K), 8 survivors (8192K)
 Metaspace       used 55604K, committed 55872K, reserved 1114112K
  class space    used 6267K, committed 6400K, reserved 1048576K
}
Event: 22.687 GC heap before
{Heap before GC invocations=23 (full 0):
 garbage-first heap   total 187392K, used 148220K [0x0000000082400000, 0x0000000100000000)
  region size 1024K, 63 young (64512K), 8 survivors (8192K)
 Metaspace       used 56144K, committed 56448K, reserved 1114112K
  class space    used 6296K, committed 6464K, reserved 1048576K
}
Event: 22.706 GC heap after
{Heap after GC invocations=24 (full 0):
 garbage-first heap   total 187392K, used 97027K [0x0000000082400000, 0x0000000100000000)
  region size 1024K, 5 young (5120K), 5 survivors (5120K)
 Metaspace       used 56144K, committed 56448K, reserved 1114112K
  class space    used 6296K, committed 6464K, reserved 1048576K
}
Event: 26.292 GC heap before
{Heap before GC invocations=25 (full 0):
 garbage-first heap   total 187392K, used 151299K [0x0000000082400000, 0x0000000100000000)
  region size 1024K, 58 young (59392K), 5 survivors (5120K)
 Metaspace       used 56438K, committed 56704K, reserved 1114112K
  class space    used 6302K, committed 6464K, reserved 1048576K
}
Event: 26.311 GC heap after
{Heap after GC invocations=26 (full 0):
 garbage-first heap   total 187392K, used 100950K [0x0000000082400000, 0x0000000100000000)
  region size 1024K, 4 young (4096K), 4 survivors (4096K)
 Metaspace       used 56438K, committed 56704K, reserved 1114112K
  class space    used 6302K, committed 6464K, reserved 1048576K
}
Event: 26.553 GC heap before
{Heap before GC invocations=26 (full 0):
 garbage-first heap   total 187392K, used 106070K [0x0000000082400000, 0x0000000100000000)
  region size 1024K, 9 young (9216K), 4 survivors (4096K)
 Metaspace       used 56459K, committed 56768K, reserved 1114112K
  class space    used 6302K, committed 6464K, reserved 1048576K
}
Event: 26.565 GC heap after
{Heap after GC invocations=27 (full 0):
 garbage-first heap   total 187392K, used 100645K [0x0000000082400000, 0x0000000100000000)
  region size 1024K, 1 young (1024K), 1 survivors (1024K)
 Metaspace       used 56459K, committed 56768K, reserved 1114112K
  class space    used 6302K, committed 6464K, reserved 1048576K
}
Event: 29.859 GC heap before
{Heap before GC invocations=27 (full 0):
 garbage-first heap   total 187392K, used 152869K [0x0000000082400000, 0x0000000100000000)
  region size 1024K, 52 young (53248K), 1 survivors (1024K)
 Metaspace       used 56751K, committed 57088K, reserved 1114112K
  class space    used 6305K, committed 6464K, reserved 1048576K
}
Event: 29.870 GC heap after
{Heap after GC invocations=28 (full 0):
 garbage-first heap   total 187392K, used 104356K [0x0000000082400000, 0x0000000100000000)
  region size 1024K, 5 young (5120K), 5 survivors (5120K)
 Metaspace       used 56751K, committed 57088K, reserved 1114112K
  class space    used 6305K, committed 6464K, reserved 1048576K
}
Event: 32.743 GC heap before
{Heap before GC invocations=29 (full 0):
 garbage-first heap   total 196608K, used 153508K [0x0000000082400000, 0x0000000100000000)
  region size 1024K, 53 young (54272K), 5 survivors (5120K)
 Metaspace       used 57004K, committed 57344K, reserved 1114112K
  class space    used 6307K, committed 6464K, reserved 1048576K
}
Event: 32.755 GC heap after
{Heap after GC invocations=30 (full 0):
 garbage-first heap   total 196608K, used 107196K [0x0000000082400000, 0x0000000100000000)
  region size 1024K, 3 young (3072K), 3 survivors (3072K)
 Metaspace       used 57004K, committed 57344K, reserved 1114112K
  class space    used 6307K, committed 6464K, reserved 1048576K
}
Event: 32.941 GC heap before
{Heap before GC invocations=30 (full 0):
 garbage-first heap   total 196608K, used 113340K [0x0000000082400000, 0x0000000100000000)
  region size 1024K, 9 young (9216K), 3 survivors (3072K)
 Metaspace       used 57036K, committed 57344K, reserved 1114112K
  class space    used 6307K, committed 6464K, reserved 1048576K
}
Event: 32.964 GC heap after
{Heap after GC invocations=31 (full 0):
 garbage-first heap   total 196608K, used 106951K [0x0000000082400000, 0x0000000100000000)
  region size 1024K, 1 young (1024K), 1 survivors (1024K)
 Metaspace       used 57036K, committed 57344K, reserved 1114112K
  class space    used 6307K, committed 6464K, reserved 1048576K
}
Event: 35.785 GC heap before
{Heap before GC invocations=31 (full 0):
 garbage-first heap   total 196608K, used 163271K [0x0000000082400000, 0x0000000100000000)
  region size 1024K, 56 young (57344K), 1 survivors (1024K)
 Metaspace       used 57704K, committed 58048K, reserved 1114112K
  class space    used 6350K, committed 6528K, reserved 1048576K
}
Event: 35.792 GC heap after
{Heap after GC invocations=32 (full 0):
 garbage-first heap   total 196608K, used 109309K [0x0000000082400000, 0x0000000100000000)
  region size 1024K, 3 young (3072K), 3 survivors (3072K)
 Metaspace       used 57704K, committed 58048K, reserved 1114112K
  class space    used 6350K, committed 6528K, reserved 1048576K
}

Dll operation events (7 events):
Event: 0.009 Loaded shared library C:\Program Files\Microsoft\jdk-17.0.13.11-hotspot\bin\java.dll
Event: 0.044 Loaded shared library C:\Program Files\Microsoft\jdk-17.0.13.11-hotspot\bin\jsvml.dll
Event: 0.177 Loaded shared library C:\Program Files\Microsoft\jdk-17.0.13.11-hotspot\bin\net.dll
Event: 0.179 Loaded shared library C:\Program Files\Microsoft\jdk-17.0.13.11-hotspot\bin\nio.dll
Event: 0.212 Loaded shared library C:\Program Files\Microsoft\jdk-17.0.13.11-hotspot\bin\zip.dll
Event: 0.246 Loaded shared library C:\Program Files\Microsoft\jdk-17.0.13.11-hotspot\bin\jimage.dll
Event: 1.361 Loaded shared library C:\Program Files\Microsoft\jdk-17.0.13.11-hotspot\bin\verify.dll

Deoptimization events (20 events):
Event: 37.239 Thread 0x000002162f9607d0 Uncommon trap: trap_request=0xffffff76 fr.pc=0x000002163f5b9bc8 relative=0x0000000000001c48
Event: 37.239 Thread 0x000002162f9607d0 Uncommon trap: reason=predicate action=maybe_recompile pc=0x000002163f5b9bc8 method=org.jetbrains.kotlin.resolve.checkers.OptInUsageChecker$Companion.loadOptIns(Lorg/jetbrains/kotlin/descriptors/DeclarationDescriptor;Lorg/jetbrains/kotlin/resolve/ModuleAn
Event: 37.239 Thread 0x000002162f9607d0 DEOPT PACKING pc=0x000002163f5b9bc8 sp=0x000000f8b12fad50
Event: 37.239 Thread 0x000002162f9607d0 DEOPT UNPACKING pc=0x000002163ea269a3 sp=0x000000f8b12facb8 mode 2
Event: 37.654 Thread 0x000002162f9607d0 Uncommon trap: trap_request=0xffffff45 fr.pc=0x000002163f421f48 relative=0x0000000000000228
Event: 37.654 Thread 0x000002162f9607d0 Uncommon trap: reason=unstable_if action=reinterpret pc=0x000002163f421f48 method=org.jetbrains.kotlin.com.intellij.psi.util.PsiTreeUtil.getParentOfType(Lorg/jetbrains/kotlin/com/intellij/psi/PsiElement;Ljava/lang/Class;ZI)Lorg/jetbrains/kotlin/com/intell
Event: 37.654 Thread 0x000002162f9607d0 DEOPT PACKING pc=0x000002163f421f48 sp=0x000000f8b12fdf60
Event: 37.655 Thread 0x000002162f9607d0 DEOPT UNPACKING pc=0x000002163ea269a3 sp=0x000000f8b12fdef0 mode 2
Event: 37.657 Thread 0x000002162f9607d0 Uncommon trap: trap_request=0xffffffde fr.pc=0x000002163f6fed2c relative=0x000000000000018c
Event: 37.657 Thread 0x000002162f9607d0 Uncommon trap: reason=class_check action=maybe_recompile pc=0x000002163f6fed2c method=kotlin.collections.CollectionsKt___CollectionsKt.first(Ljava/lang/Iterable;)Ljava/lang/Object; @ 22 c2
Event: 37.657 Thread 0x000002162f9607d0 DEOPT PACKING pc=0x000002163f6fed2c sp=0x000000f8b12fe2e0
Event: 37.657 Thread 0x000002162f9607d0 DEOPT UNPACKING pc=0x000002163ea269a3 sp=0x000000f8b12fe278 mode 2
Event: 37.657 Thread 0x000002162f9607d0 Uncommon trap: trap_request=0xffffffde fr.pc=0x000002163f6fed2c relative=0x000000000000018c
Event: 37.657 Thread 0x000002162f9607d0 Uncommon trap: reason=class_check action=maybe_recompile pc=0x000002163f6fed2c method=kotlin.collections.CollectionsKt___CollectionsKt.first(Ljava/lang/Iterable;)Ljava/lang/Object; @ 22 c2
Event: 37.657 Thread 0x000002162f9607d0 DEOPT PACKING pc=0x000002163f6fed2c sp=0x000000f8b12fe2e0
Event: 37.657 Thread 0x000002162f9607d0 DEOPT UNPACKING pc=0x000002163ea269a3 sp=0x000000f8b12fe278 mode 2
Event: 37.744 Thread 0x000002162f9607d0 Uncommon trap: trap_request=0xffffff45 fr.pc=0x000002163ef8e494 relative=0x0000000000000194
Event: 37.744 Thread 0x000002162f9607d0 Uncommon trap: reason=unstable_if action=reinterpret pc=0x000002163ef8e494 method=java.lang.String.equals(Ljava/lang/Object;)Z @ 33 c2
Event: 37.744 Thread 0x000002162f9607d0 DEOPT PACKING pc=0x000002163ef8e494 sp=0x000000f8b12fd500
Event: 37.744 Thread 0x000002162f9607d0 DEOPT UNPACKING pc=0x000002163ea269a3 sp=0x000000f8b12fd4a0 mode 2

Classes loaded (20 events):
Event: 13.120 Loading class java/util/regex/Pattern$LookBehindEndNode
Event: 13.120 Loading class java/util/regex/Pattern$LookBehindEndNode done
Event: 13.120 Loading class java/util/regex/Pattern$NotBehind
Event: 13.120 Loading class java/util/regex/Pattern$NotBehind done
Event: 13.422 Loading class jdk/internal/math/FloatingDecimal$ASCIIToBinaryBuffer
Event: 13.422 Loading class jdk/internal/math/FloatingDecimal$ASCIIToBinaryBuffer done
Event: 16.714 Loading class java/util/concurrent/locks/AbstractQueuedSynchronizer$Node
Event: 16.715 Loading class java/util/concurrent/locks/AbstractQueuedSynchronizer$Node done
Event: 33.753 Loading class java/lang/Short$ShortCache
Event: 33.757 Loading class java/lang/Short$ShortCache done
Event: 37.681 Loading class java/text/MessageFormat
Event: 37.682 Loading class java/text/MessageFormat done
Event: 37.689 Loading class jdk/internal/reflect/UnsafeBooleanFieldAccessorImpl
Event: 37.690 Loading class jdk/internal/reflect/UnsafeBooleanFieldAccessorImpl done
Event: 37.690 Loading class jdk/internal/reflect/UnsafeQualifiedObjectFieldAccessorImpl
Event: 37.690 Loading class jdk/internal/reflect/UnsafeQualifiedFieldAccessorImpl
Event: 37.691 Loading class jdk/internal/reflect/UnsafeQualifiedFieldAccessorImpl done
Event: 37.691 Loading class jdk/internal/reflect/UnsafeQualifiedObjectFieldAccessorImpl done
Event: 37.742 Loading class java/text/ChoiceFormat
Event: 37.742 Loading class java/text/ChoiceFormat done

Classes unloaded (0 events):
No events

Classes redefined (0 events):
No events

Internal exceptions (20 events):
Event: 7.341 Thread 0x000002162f9607d0 Exception <a 'java/lang/IncompatibleClassChangeError'{0x0000000086df74c0}: Found class java.lang.Object, but interface was expected> (0x0000000086df74c0) 
thrown [s\src\hotspot\share\interpreter\linkResolver.cpp, line 826]
Event: 7.772 Thread 0x000002162f9607d0 Exception <a 'java/lang/NoSuchMethodError'{0x00000000883b9c20}: 'java.lang.Object java.lang.invoke.DirectMethodHandle$Holder.invokeSpecial(java.lang.Object, java.lang.Object, java.lang.Object, java.lang.Object, java.lang.Object, java.lang.Object, int)'> (0x00000000883b9c20) 
thrown [s\src\hotspot\share\interpreter\linkResolver.cpp, line 759]
Event: 7.773 Thread 0x000002162f9607d0 Exception <a 'java/lang/NoSuchMethodError'{0x00000000883c3418}: 'java.lang.Object java.lang.invoke.DirectMethodHandle$Holder.newInvokeSpecial(java.lang.Object, java.lang.Object, java.lang.Object, java.lang.Object, java.lang.Object, java.lang.Object)'> (0x00000000883c3418) 
thrown [s\src\hotspot\share\interpreter\linkResolver.cpp, line 759]
Event: 8.709 Thread 0x000002162f9607d0 Implicit null exception at 0x000002163f1c75e0 to 0x000002163f1c7e40
Event: 8.956 Thread 0x000002162f9607d0 Exception <a 'java/lang/NoSuchMethodError'{0x0000000088b2a3d8}: 'java.lang.Object java.lang.invoke.DirectMethodHandle$Holder.newInvokeSpecial(java.lang.Object, int, java.lang.Object, java.lang.Object)'> (0x0000000088b2a3d8) 
thrown [s\src\hotspot\share\interpreter\linkResolver.cpp, line 759]
Event: 8.956 Thread 0x000002162f9607d0 Exception <a 'java/lang/NoSuchMethodError'{0x0000000088b2eb28}: 'java.lang.Object java.lang.invoke.DirectMethodHandle$Holder.invokeSpecial(java.lang.Object, java.lang.Object, int, java.lang.Object, java.lang.Object)'> (0x0000000088b2eb28) 
thrown [s\src\hotspot\share\interpreter\linkResolver.cpp, line 759]
Event: 9.072 Thread 0x000002162f9607d0 Exception <a 'java/lang/NoSuchMethodError'{0x0000000088454b60}: 'java.lang.Object java.lang.invoke.DirectMethodHandle$Holder.invokeStatic(java.lang.Object, int, java.lang.Object)'> (0x0000000088454b60) 
thrown [s\src\hotspot\share\interpreter\linkResolver.cpp, line 759]
Event: 11.374 Thread 0x000002162f9607d0 Implicit null exception at 0x000002163f056f20 to 0x000002163f057018
Event: 11.374 Thread 0x000002162f9607d0 Implicit null exception at 0x000002163f027d40 to 0x000002163f028558
Event: 12.198 Thread 0x000002162f9607d0 Exception <a 'java/lang/NoSuchMethodError'{0x000000008b0caa10}: 'java.lang.Object java.lang.invoke.DirectMethodHandle$Holder.newInvokeSpecial(java.lang.Object, java.lang.Object, java.lang.Object, java.lang.Object, java.lang.Object, java.lang.Object, java.lang.Object)'> (0x000000008b0caa10) 
thrown [s\src\hotspot\share\interpreter\linkResolver.cpp, line 759]
Event: 12.199 Thread 0x000002162f9607d0 Exception <a 'java/lang/NoSuchMethodError'{0x000000008b0cf5c8}: 'java.lang.Object java.lang.invoke.Invokers$Holder.linkToTargetMethod(java.lang.Object, java.lang.Object, java.lang.Object, java.lang.Object, java.lang.Object, java.lang.Object, java.lang.Object)'> (0x000000008b0cf5c8) 
thrown [s\src\hotspot\share\interpreter\linkResolver.cpp, line 759]
Event: 12.320 Thread 0x000002162f9607d0 Exception <a 'java/lang/NoSuchMethodError'{0x0000000089a1d238}: 'int java.lang.invoke.DirectMethodHandle$Holder.invokeStaticInit(java.lang.Object, int)'> (0x0000000089a1d238) 
thrown [s\src\hotspot\share\interpreter\linkResolver.cpp, line 759]
Event: 13.457 Thread 0x000002162f9607d0 Exception <a 'java/lang/NoSuchMethodError'{0x000000008c9394d0}: 'java.lang.Object java.lang.invoke.DirectMethodHandle$Holder.invokeInterface(java.lang.Object, java.lang.Object, java.lang.Object)'> (0x000000008c9394d0) 
thrown [s\src\hotspot\share\interpreter\linkResolver.cpp, line 759]
Event: 13.458 Thread 0x000002162f9607d0 Exception <a 'java/lang/IncompatibleClassChangeError'{0x000000008c93ce40}: Found class java.lang.Object, but interface was expected> (0x000000008c93ce40) 
thrown [s\src\hotspot\share\interpreter\linkResolver.cpp, line 826]
Event: 15.705 Thread 0x000002162f9607d0 Implicit null exception at 0x000002163f23a1c7 to 0x000002163f23d484
Event: 21.316 Thread 0x000002162f9607d0 Implicit null exception at 0x000002163f3823ab to 0x000002163f384028
Event: 24.001 Thread 0x000002162f9607d0 Implicit null exception at 0x000002163f3e41f4 to 0x000002163f3e7050
Event: 31.323 Thread 0x000002162f9607d0 Implicit null exception at 0x000002163f66f7e0 to 0x000002163f670528
Event: 32.512 Thread 0x000002162f9607d0 Implicit null exception at 0x000002163f2f27c0 to 0x000002163f2f2851
Event: 37.725 Thread 0x000002162f9607d0 Exception <a 'java/lang/NoSuchMethodError'{0x000000008bc88648}: 'java.lang.Object java.lang.invoke.DirectMethodHandle$Holder.invokeStaticInit(java.lang.Object, java.lang.Object, java.lang.Object, java.lang.Object)'> (0x000000008bc88648) 
thrown [s\src\hotspot\share\interpreter\linkResolver.cpp, line 759]

VM Operations (20 events):
Event: 35.289 Executing VM operation: HandshakeAllThreads
Event: 35.290 Executing VM operation: HandshakeAllThreads done
Event: 35.378 Executing VM operation: HandshakeAllThreads
Event: 35.379 Executing VM operation: HandshakeAllThreads done
Event: 35.550 Executing VM operation: ICBufferFull
Event: 35.550 Executing VM operation: ICBufferFull done
Event: 35.785 Executing VM operation: G1CollectForAllocation
Event: 35.792 Executing VM operation: G1CollectForAllocation done
Event: 36.530 Executing VM operation: ICBufferFull
Event: 36.530 Executing VM operation: ICBufferFull done
Event: 36.540 Executing VM operation: HandshakeAllThreads
Event: 36.540 Executing VM operation: HandshakeAllThreads done
Event: 36.831 Executing VM operation: ICBufferFull
Event: 36.831 Executing VM operation: ICBufferFull done
Event: 37.095 Executing VM operation: ICBufferFull
Event: 37.095 Executing VM operation: ICBufferFull done
Event: 37.591 Executing VM operation: ICBufferFull
Event: 37.591 Executing VM operation: ICBufferFull done
Event: 37.744 Executing VM operation: HandshakeAllThreads
Event: 37.744 Executing VM operation: HandshakeAllThreads done

Memory protections (0 events):
No events

Nmethod flushes (20 events):
Event: 35.406 Thread 0x000002164d498810 flushing  nmethod 0x0000021638cfae10
Event: 35.406 Thread 0x000002164d498810 flushing  nmethod 0x0000021638cfd510
Event: 35.406 Thread 0x000002164d498810 flushing  nmethod 0x0000021638cfec10
Event: 35.406 Thread 0x000002164d498810 flushing  nmethod 0x0000021638cffe10
Event: 35.407 Thread 0x000002164d498810 flushing  nmethod 0x0000021638d17390
Event: 35.407 Thread 0x000002164d498810 flushing  nmethod 0x0000021638d26c90
Event: 35.407 Thread 0x000002164d498810 flushing  nmethod 0x0000021638d4d690
Event: 35.407 Thread 0x000002164d498810 flushing  nmethod 0x0000021638d4db10
Event: 35.407 Thread 0x000002164d498810 flushing  nmethod 0x0000021638d99090
Event: 35.407 Thread 0x000002164d498810 flushing  nmethod 0x0000021638dd9710
Event: 35.407 Thread 0x000002164d498810 flushing  nmethod 0x0000021638de3b90
Event: 35.407 Thread 0x000002164d498810 flushing  nmethod 0x0000021638debd90
Event: 35.408 Thread 0x000002164d498810 flushing  nmethod 0x0000021638e36e90
Event: 35.408 Thread 0x000002164d498810 flushing  nmethod 0x0000021638e4a790
Event: 35.409 Thread 0x000002164d498810 flushing  nmethod 0x0000021638f6f390
Event: 35.410 Thread 0x000002164d498810 flushing  nmethod 0x00000216390e1710
Event: 35.410 Thread 0x000002164d498810 flushing  nmethod 0x0000021639147d10
Event: 35.412 Thread 0x000002164d498810 flushing  nmethod 0x00000216392fce90
Event: 35.412 Thread 0x000002164d498810 flushing  nmethod 0x000002163933d190
Event: 35.413 Thread 0x000002164d498810 flushing  nmethod 0x000002163942b710

Events (20 events):
Event: 0.052 Thread 0x000002162f9607d0 Thread added: 0x000002164d3ffdd0
Event: 0.052 Thread 0x000002162f9607d0 Thread added: 0x000002164d4016e0
Event: 0.118 Thread 0x000002162f9607d0 Thread added: 0x000002164d418370
Event: 0.118 Thread 0x000002162f9607d0 Thread added: 0x000002164d41a200
Event: 0.118 Thread 0x000002162f9607d0 Thread added: 0x000002164d41dfe0
Event: 0.118 Thread 0x000002162f9607d0 Thread added: 0x000002164d41e9a0
Event: 0.118 Thread 0x000002162f9607d0 Thread added: 0x000002164d41f740
Event: 0.126 Thread 0x000002162f9607d0 Thread added: 0x000002164d47dcb0
Event: 0.129 Thread 0x000002162f9607d0 Thread added: 0x000002164d498810
Event: 0.170 Thread 0x000002162f9607d0 Thread added: 0x000002164d56fc40
Event: 0.173 Thread 0x000002162f9607d0 Thread added: 0x000002164d573580
Event: 0.221 Thread 0x000002164d41f740 Thread added: 0x000002164d636e00
Event: 1.658 Thread 0x000002164d636e00 Thread exited: 0x000002164d636e00
Event: 1.855 Thread 0x000002164d47dcb0 Thread added: 0x00000216936a50b0
Event: 10.376 Thread 0x00000216936a50b0 Thread exited: 0x00000216936a50b0
Event: 10.391 Thread 0x000002164d47dcb0 Thread added: 0x000002169578a810
Event: 14.999 Thread 0x000002169578a810 Thread exited: 0x000002169578a810
Event: 15.033 Thread 0x000002164d47dcb0 Thread added: 0x000002169578a810
Event: 17.497 Thread 0x000002169578a810 Thread exited: 0x000002169578a810
Event: 17.523 Thread 0x000002164d41f740 Thread added: 0x000002169578a810


Dynamic libraries:
0x00007ff68a080000 - 0x00007ff68a08e000 	C:\Program Files\Microsoft\jdk-17.0.13.11-hotspot\bin\java.exe
0x00007fff00a30000 - 0x00007fff00c28000 	C:\WINDOWS\SYSTEM32\ntdll.dll
0x00007fff005d0000 - 0x00007fff00692000 	C:\WINDOWS\System32\KERNEL32.DLL
0x00007ffefe620000 - 0x00007ffefe91f000 	C:\WINDOWS\System32\KERNELBASE.dll
0x00007ffefe160000 - 0x00007ffefe260000 	C:\WINDOWS\System32\ucrtbase.dll
0x00007ffef5e50000 - 0x00007ffef5e67000 	C:\Program Files\Microsoft\jdk-17.0.13.11-hotspot\bin\jli.dll
0x00007ffeff180000 - 0x00007ffeff31d000 	C:\WINDOWS\System32\USER32.dll
0x00007ffefe5f0000 - 0x00007ffefe612000 	C:\WINDOWS\System32\win32u.dll
0x00007fff009c0000 - 0x00007fff009eb000 	C:\WINDOWS\System32\GDI32.dll
0x00007ffefe920000 - 0x00007ffefea37000 	C:\WINDOWS\System32\gdi32full.dll
0x00007ffefe550000 - 0x00007ffefe5ed000 	C:\WINDOWS\System32\msvcp_win.dll
0x00007ffedc750000 - 0x00007ffedc76d000 	C:\Program Files\Microsoft\jdk-17.0.13.11-hotspot\bin\VCRUNTIME140.dll
0x00007ffeea4e0000 - 0x00007ffeea77a000 	C:\WINDOWS\WinSxS\amd64_microsoft.windows.common-controls_6595b64144ccf1df_6.0.19041.4355_none_60b8b9eb71f62e16\COMCTL32.dll
0x00007ffefed80000 - 0x00007ffefee1e000 	C:\WINDOWS\System32\msvcrt.dll
0x00007ffeffc10000 - 0x00007ffeffc3f000 	C:\WINDOWS\System32\IMM32.DLL
0x00007ffef65c0000 - 0x00007ffef65cc000 	C:\Program Files\Microsoft\jdk-17.0.13.11-hotspot\bin\vcruntime140_1.dll
0x00007ffe8f430000 - 0x00007ffe8f4bd000 	C:\Program Files\Microsoft\jdk-17.0.13.11-hotspot\bin\msvcp140.dll
0x00007ffe8a500000 - 0x00007ffe8b171000 	C:\Program Files\Microsoft\jdk-17.0.13.11-hotspot\bin\server\jvm.dll
0x00007fff006a0000 - 0x00007fff00751000 	C:\WINDOWS\System32\ADVAPI32.dll
0x00007ffefece0000 - 0x00007ffefed7f000 	C:\WINDOWS\System32\sechost.dll
0x00007ffefeba0000 - 0x00007ffefecc3000 	C:\WINDOWS\System32\RPCRT4.dll
0x00007ffefe0c0000 - 0x00007ffefe0e7000 	C:\WINDOWS\System32\bcrypt.dll
0x00007ffeff390000 - 0x00007ffeff3fb000 	C:\WINDOWS\System32\WS2_32.dll
0x00007ffefd650000 - 0x00007ffefd69b000 	C:\WINDOWS\SYSTEM32\POWRPROF.dll
0x00007ffee7fe0000 - 0x00007ffee8007000 	C:\WINDOWS\SYSTEM32\WINMM.dll
0x00007ffef40f0000 - 0x00007ffef40fa000 	C:\WINDOWS\SYSTEM32\VERSION.dll
0x00007ffefd4c0000 - 0x00007ffefd4d2000 	C:\WINDOWS\SYSTEM32\UMPDC.dll
0x00007ffefc930000 - 0x00007ffefc942000 	C:\WINDOWS\SYSTEM32\kernel.appcore.dll
0x00007ffeeb5f0000 - 0x00007ffeeb5fa000 	C:\Program Files\Microsoft\jdk-17.0.13.11-hotspot\bin\jimage.dll
0x00007ffefaf80000 - 0x00007ffefb164000 	C:\WINDOWS\SYSTEM32\DBGHELP.DLL
0x00007ffee1090000 - 0x00007ffee10c4000 	C:\WINDOWS\SYSTEM32\dbgcore.DLL
0x00007ffefe2b0000 - 0x00007ffefe332000 	C:\WINDOWS\System32\bcryptPrimitives.dll
0x00007ffedc5f0000 - 0x00007ffedc615000 	C:\Program Files\Microsoft\jdk-17.0.13.11-hotspot\bin\java.dll
0x00007ffe8e8e0000 - 0x00007ffe8e9b7000 	C:\Program Files\Microsoft\jdk-17.0.13.11-hotspot\bin\jsvml.dll
0x00007ffeffc40000 - 0x00007fff003ae000 	C:\WINDOWS\System32\SHELL32.dll
0x00007ffefc0f0000 - 0x00007ffefc894000 	C:\WINDOWS\SYSTEM32\windows.storage.dll
0x00007ffefee20000 - 0x00007ffeff175000 	C:\WINDOWS\System32\combase.dll
0x00007ffefdaf0000 - 0x00007ffefdb1f000 	C:\WINDOWS\SYSTEM32\Wldp.dll
0x00007fff00760000 - 0x00007fff0082d000 	C:\WINDOWS\System32\OLEAUT32.dll
0x00007ffeff6d0000 - 0x00007ffeff77d000 	C:\WINDOWS\System32\SHCORE.dll
0x00007fff00440000 - 0x00007fff00495000 	C:\WINDOWS\System32\shlwapi.dll
0x00007ffefdff0000 - 0x00007ffefe014000 	C:\WINDOWS\SYSTEM32\profapi.dll
0x00007ffedba20000 - 0x00007ffedba3a000 	C:\Program Files\Microsoft\jdk-17.0.13.11-hotspot\bin\net.dll
0x00007ffefb190000 - 0x00007ffefb29d000 	C:\WINDOWS\SYSTEM32\WINHTTP.dll
0x00007ffefd850000 - 0x00007ffefd8ba000 	C:\WINDOWS\system32\mswsock.dll
0x00007ffed94f0000 - 0x00007ffed9506000 	C:\Program Files\Microsoft\jdk-17.0.13.11-hotspot\bin\nio.dll
0x00007ffec7db0000 - 0x00007ffec7dc8000 	C:\Program Files\Microsoft\jdk-17.0.13.11-hotspot\bin\zip.dll
0x00007ffef9150000 - 0x00007ffef9160000 	C:\Program Files\Microsoft\jdk-17.0.13.11-hotspot\bin\verify.dll

dbghelp: loaded successfully - version: 4.0.5 - missing functions: none
symbol engine: initialized successfully - sym options: 0x614 - pdb path: .;C:\Program Files\Microsoft\jdk-17.0.13.11-hotspot\bin;C:\WINDOWS\SYSTEM32;C:\WINDOWS\WinSxS\amd64_microsoft.windows.common-controls_6595b64144ccf1df_6.0.19041.4355_none_60b8b9eb71f62e16;C:\Program Files\Microsoft\jdk-17.0.13.11-hotspot\bin\server

VM Arguments:
java_command: org.jetbrains.kotlin.cli.jvm.K2JVMCompiler @D:\React Native\MyProject\node_modules\react-native-screens\android\build\20250203_11399681091538402814.compiler.options
java_class_path (initial): C:\Users\aliah\.gradle\caches\modules-2\files-2.1\org.jetbrains.kotlin\kotlin-compiler-embeddable\1.9.24\78dab849090e6c5e2eadb6e59a11cdc28fb67a08\kotlin-compiler-embeddable-1.9.24.jar;C:\Users\aliah\.gradle\caches\modules-2\files-2.1\org.jetbrains.kotlin\kotlin-stdlib\1.9.24\9928532f12c66ad816a625b3f9984f8368ca6d2b\kotlin-stdlib-1.9.24.jar;C:\Users\aliah\.gradle\caches\modules-2\files-2.1\org.jetbrains.kotlin\kotlin-script-runtime\1.9.24\96771497da90fbc5af1c90fce148db2595a62502\kotlin-script-runtime-1.9.24.jar;C:\Users\aliah\.gradle\caches\modules-2\files-2.1\org.jetbrains.kotlin\kotlin-reflect\1.6.10\1cbe9c92c12a94eea200d23c2bbaedaf3daf5132\kotlin-reflect-1.6.10.jar;C:\Users\aliah\.gradle\caches\modules-2\files-2.1\org.jetbrains.kotlin\kotlin-daemon-embeddable\1.9.24\86685b9c5e8d170925bd9ddbdc263374a6a73281\kotlin-daemon-embeddable-1.9.24.jar;C:\Users\aliah\.gradle\caches\modules-2\files-2.1\org.jetbrains.intellij.deps\trove4j\1.0.20200330\3afb14d5f9ceb459d724e907a21145e8ff394f02\trove4j-1.0.20200330.jar;C:\Users\aliah\.gradle\caches\modules-2\files-2.1\org.jetbrains\annotations\13.0\919f0dfe192fb4e063e7dacadee7f8bb9a2672a9\annotations-13.0.jar
Launcher Type: SUN_STANDARD

[Global flags]
     intx CICompilerCount                          = 3                                         {product} {ergonomic}
     uint ConcGCThreads                            = 1                                         {product} {ergonomic}
     uint G1ConcRefinementThreads                  = 4                                         {product} {ergonomic}
   size_t G1HeapRegionSize                         = 1048576                                   {product} {ergonomic}
    uintx GCDrainStackTargetSize                   = 64                                        {product} {ergonomic}
   size_t InitialHeapSize                          = 132120576                                 {product} {ergonomic}
   size_t MarkStackSize                            = 4194304                                   {product} {ergonomic}
   size_t MaxHeapSize                              = 2109734912                                {product} {ergonomic}
   size_t MaxNewSize                               = 1265631232                                {product} {ergonomic}
   size_t MinHeapDeltaBytes                        = 1048576                                   {product} {ergonomic}
   size_t MinHeapSize                              = 8388608                                   {product} {ergonomic}
    uintx NonNMethodCodeHeapSize                   = 5832780                                {pd product} {ergonomic}
    uintx NonProfiledCodeHeapSize                  = 122912730                              {pd product} {ergonomic}
    uintx ProfiledCodeHeapSize                     = 122912730                              {pd product} {ergonomic}
    uintx ReservedCodeCacheSize                    = 251658240                              {pd product} {ergonomic}
     bool SegmentedCodeCache                       = true                                      {product} {ergonomic}
   size_t SoftMaxHeapSize                          = 2109734912                             {manageable} {ergonomic}
     bool UseCompressedClassPointers               = true                           {product lp64_product} {ergonomic}
     bool UseCompressedOops                        = true                           {product lp64_product} {ergonomic}
     bool UseG1GC                                  = true                                      {product} {ergonomic}
     bool UseLargePagesIndividualAllocation        = false                                  {pd product} {ergonomic}

Logging:
Log output configuration:
 #0: stdout all=warning uptime,level,tags
 #1: stderr all=off uptime,level,tags

Environment Variables:
JAVA_HOME=C:\Program Files\Microsoft\jdk-17.0.13.11-hotspot\
CLASSPATH=D:\React Native\MyProject\android\\gradle\wrapper\gradle-wrapper.jar
PATH=D:\React Native\MyProject\node_modules\.bin;D:\React Native\MyProject\node_modules\.bin;D:\React Native\node_modules\.bin;D:\node_modules\.bin;C:\Users\aliah\AppData\Roaming\npm\node_modules\npm\node_modules\@npmcli\run-script\lib\node-gyp-bin;C:\Program Files\Microsoft\jdk-17.0.13.11-hotspot\bin;C:\WINDOWS\system32;C:\WINDOWS;C:\WINDOWS\System32\Wbem;C:\WINDOWS\System32\WindowsPowerShell\v1.0\;C:\WINDOWS\System32\OpenSSH\;C:\Program Files\nodejs\;C:\Program Files\Git\cmd;C:\Users\aliah\AppData\Local\Android\Sdk\emulator;C:\Users\aliah\AppData\Local\Android\Sdk;C:\Users\aliah\AppData\Local\Android\Sdk\platform-tools;C:\ProgramData\chocolatey\bin;D:\React Native\MyProject\android\gradle-8.11.1\bin;C:\Users\aliah\AppData\Local\Microsoft\WindowsApps;C:\Users\aliah\AppData\Local\Programs\Microsoft VS Code\bin;C:\Users\aliah\AppData\Roaming\npm;C:\Program Files\Microsoft\jdk-17.0.13.11-hotspot\bin;D:\React Native\MyProject\android\gradle-8.11.1\bin;
USERNAME=aliah
OS=Windows_NT
PROCESSOR_IDENTIFIER=Intel64 Family 6 Model 142 Stepping 9, GenuineIntel
TMP=C:\Users\aliah\AppData\Local\Temp
TEMP=C:\Users\aliah\AppData\Local\Temp



Periodic native trim disabled


---------------  S Y S T E M  ---------------

OS:
 Windows 10 , 64 bit Build 19041 (10.0.19041.5198)
OS uptime: 1 days 18:35 hours

CPU: total 4 (initial active 4) (2 cores per cpu, 2 threads per core) family 6 model 142 stepping 9 microcode 0xf0, cx8, cmov, fxsr, ht, mmx, 3dnowpref, sse, sse2, sse3, ssse3, sse4.1, sse4.2, popcnt, lzcnt, tsc, tscinvbit, avx, avx2, aes, erms, clmul, bmi1, bmi2, adx, fma, vzeroupper, clflush, clflushopt
Processor Information for processor 0
  Max Mhz: 2904, Current Mhz: 2703, Mhz Limit: 2700
Processor Information for processor 1
  Max Mhz: 2904, Current Mhz: 1502, Mhz Limit: 2700
Processor Information for processor 2
  Max Mhz: 2904, Current Mhz: 2703, Mhz Limit: 2700
Processor Information for processor 3
  Max Mhz: 2904, Current Mhz: 2703, Mhz Limit: 2700

Memory: 4k page, system-wide physical 8042M (458M free)
TotalPageFile size 12138M (AvailPageFile size 32M)
current process WorkingSet (physical memory assigned to process): 398M, peak: 406M
current process commit charge ("private bytes"): 430M, peak: 439M

vm_info: OpenJDK 64-Bit Server VM (17.0.13+11-LTS) for windows-amd64 JRE (17.0.13+11-LTS), built on Oct 11 2024 23:25:05 by "MicrosoftCorporation" with unknown MS VC++:1939

END.
