#
# There is insufficient memory for the Java Runtime Environment to continue.
# Native memory allocation (malloc) failed to allocate 1958896 bytes. Error detail: Chunk::new
# Possible reasons:
#   The system is out of physical RAM or swap space
#   This process is running with CompressedOops enabled, and the Java Heap may be blocking the growth of the native heap
# Possible solutions:
#   Reduce memory load on the system
#   Increase physical memory or swap space
#   Check if swap backing store is full
#   Decrease Java heap size (-Xmx/-Xms)
#   Decrease number of Java threads
#   Decrease Java thread stack sizes (-Xss)
#   Set larger code cache with -XX:ReservedCodeCacheSize=
#   JVM is running with Unscaled Compressed Oops mode in which the Java heap is
#     placed in the first 4GB address space. The Java Heap base address is the
#     maximum limit for the native heap growth. Please use -XX:HeapBaseMinAddress
#     to set the Java Heap base and to place the Java Heap above 4GB virtual address.
# This output file may be truncated or incomplete.
#
#  Out of Memory Error (arena.cpp:191), pid=11224, tid=9256
#
# JRE version: OpenJDK Runtime Environment Microsoft-10376486 (17.0.13+11) (build 17.0.13+11-LTS)
# Java VM: OpenJDK 64-Bit Server VM Microsoft-10376486 (17.0.13+11-LTS, mixed mode, sharing, tiered, compressed oops, compressed class ptrs, g1 gc, windows-amd64)
# No core dump will be written. Minidumps are not enabled by default on client versions of Windows
#

---------------  S U M M A R Y ------------

Command Line: --add-opens=java.base/java.lang=ALL-UNNAMED --add-opens=java.base/java.lang.invoke=ALL-UNNAMED --add-opens=java.base/java.util=ALL-UNNAMED --add-opens=java.prefs/java.util.prefs=ALL-UNNAMED --add-exports=jdk.compiler/com.sun.tools.javac.api=ALL-UNNAMED --add-exports=jdk.compiler/com.sun.tools.javac.util=ALL-UNNAMED --add-opens=java.base/java.util=ALL-UNNAMED --add-opens=java.prefs/java.util.prefs=ALL-UNNAMED --add-opens=java.base/java.nio.charset=ALL-UNNAMED --add-opens=java.base/java.net=ALL-UNNAMED --add-opens=java.base/java.util.concurrent.atomic=ALL-UNNAMED --add-opens=java.xml/javax.xml.namespace=ALL-UNNAMED -XX:MaxMetaspaceSize=512m -Xmx2048m -Dfile.encoding=windows-1252 -Duser.country=US -Duser.language=en -Duser.variant -javaagent:C:\Users\aliah\.gradle\wrapper\dists\gradle-8.11.1-bin\bpt9gzteqjrbo1mjrsomdt32c\gradle-8.11.1\lib\agents\gradle-instrumentation-agent-8.11.1.jar org.gradle.launcher.daemon.bootstrap.GradleDaemon 8.11.1

Host: Intel(R) Core(TM) i7-7500U CPU @ 2.70GHz, 4 cores, 7G,  Windows 10 , 64 bit Build 19041 (10.0.19041.5198)
Time: Wed Jan 29 19:43:20 2025 Pakistan Standard Time elapsed time: 27.354966 seconds (0d 0h 0m 27s)

---------------  T H R E A D  ---------------

Current thread (0x000002449c2d1b30):  JavaThread "C2 CompilerThread1" daemon [_thread_in_native, id=9256, stack(0x000000897bd00000,0x000000897be00000)]


Current CompileTask:
C2:  27355 11156       4       jdk.internal.loader.URLClassPath$JarLoader$2::getBytes (48 bytes)

Stack: [0x000000897bd00000,0x000000897be00000]
Native frames: (J=compiled Java code, j=interpreted, Vv=VM code, C=native code)
V  [jvm.dll+0x687fc9]
V  [jvm.dll+0x83eeb8]
V  [jvm.dll+0x840963]
V  [jvm.dll+0x840fd3]
V  [jvm.dll+0x24951f]
V  [jvm.dll+0xad0c4]
V  [jvm.dll+0xad75c]
V  [jvm.dll+0x36aaaf]
V  [jvm.dll+0x335153]
V  [jvm.dll+0x3345ea]
V  [jvm.dll+0x21a748]
V  [jvm.dll+0x219b7f]
V  [jvm.dll+0x1a5506]
V  [jvm.dll+0x22a1ca]
V  [jvm.dll+0x22830b]
V  [jvm.dll+0x7f4708]
V  [jvm.dll+0x7eea6c]
V  [jvm.dll+0x686ea7]
C  [ucrtbase.dll+0x21bb2]
C  [KERNEL32.DLL+0x17374]
C  [ntdll.dll+0x4cc91]


---------------  P R O C E S S  ---------------

Threads class SMR info:
_java_thread_list=0x000002449e1c9050, length=90, elements={
0x00000244db9a0050, 0x00000244f9583900, 0x00000244f9584780, 0x00000244f959b670,
0x00000244f959c4f0, 0x00000244f95a03d0, 0x00000244f95a0d90, 0x00000244f95a1a80,
0x00000244f95a2530, 0x00000244f95c16c0, 0x00000244f96adb30, 0x00000244f97f7250,
0x00000244ff6fc4c0, 0x00000244ff73d850, 0x000002449b015650, 0x000002449b17a460,
0x00000244ff799010, 0x000002449b05c960, 0x000002449b05d890, 0x000002449b05ce70,
0x000002449b05c450, 0x000002449b05ecd0, 0x000002449b05b520, 0x000002449b05dda0,
0x000002449b05d380, 0x000002449b05e2b0, 0x000002449b05e7c0, 0x000002449b05ba30,
0x000002449b05bf40, 0x000002449b921790, 0x000002449b91f930, 0x000002449b921ca0,
0x000002449b9230e0, 0x000002449b921280, 0x000002449b920d70, 0x000002449b9221b0,
0x000002449b91fe40, 0x000002449b922bd0, 0x000002449c95f520, 0x000002449c95e5f0,
0x000002449c95ff40, 0x000002449c961380, 0x000002449c95cca0, 0x000002449c960e70,
0x000002449c95d1b0, 0x000002449c9627c0, 0x000002449c9631e0, 0x000002449c961890,
0x000002449c95d6c0, 0x000002449c95eb00, 0x000002449c95dbd0, 0x000002449c961da0,
0x000002449c960450, 0x000002449c962cd0, 0x000002449c95bd70, 0x000002449c9636f0,
0x000002449c95c280, 0x000002449c95e0e0, 0x000002449dbd1aa0, 0x000002449dbd1590,
0x000002449dbd3900, 0x000002449dbd4320, 0x000002449dbd0b70, 0x000002449dbd3e10,
0x000002449dbd24c0, 0x000002449dbd1080, 0x000002449dbd1fb0, 0x000002449dbd29d0,
0x000002449dbd2ee0, 0x000002449dbd33f0, 0x000002449d091ef0, 0x000002449d0956a0,
0x000002449d097f20, 0x000002449d092910, 0x000002449d092400, 0x000002449d093d50,
0x000002449d0919e0, 0x000002449d092e20, 0x000002449d0960c0, 0x000002449d094260,
0x000002449d094c80, 0x000002449d098430, 0x000002449d090fc0, 0x000002449d093330,
0x000002449d097a10, 0x000002449d0965d0, 0x000002449d094770, 0x000002449d096ff0,
0x000002449d0914d0, 0x000002449c2d1b30
}

Java Threads: ( => current thread )
  0x00000244db9a0050 JavaThread "main" [_thread_blocked, id=2448, stack(0x0000008978e00000,0x0000008978f00000)]
  0x00000244f9583900 JavaThread "Reference Handler" daemon [_thread_blocked, id=18048, stack(0x0000008979500000,0x0000008979600000)]
  0x00000244f9584780 JavaThread "Finalizer" daemon [_thread_blocked, id=4112, stack(0x0000008979600000,0x0000008979700000)]
  0x00000244f959b670 JavaThread "Signal Dispatcher" daemon [_thread_blocked, id=992, stack(0x0000008979700000,0x0000008979800000)]
  0x00000244f959c4f0 JavaThread "Attach Listener" daemon [_thread_blocked, id=3952, stack(0x0000008979800000,0x0000008979900000)]
  0x00000244f95a03d0 JavaThread "Service Thread" daemon [_thread_blocked, id=12884, stack(0x0000008979900000,0x0000008979a00000)]
  0x00000244f95a0d90 JavaThread "Monitor Deflation Thread" daemon [_thread_blocked, id=15576, stack(0x0000008979a00000,0x0000008979b00000)]
  0x00000244f95a1a80 JavaThread "C2 CompilerThread0" daemon [_thread_in_native, id=12652, stack(0x0000008979b00000,0x0000008979c00000)]
  0x00000244f95a2530 JavaThread "C1 CompilerThread0" daemon [_thread_blocked, id=6468, stack(0x0000008979c00000,0x0000008979d00000)]
  0x00000244f95c16c0 JavaThread "Sweeper thread" daemon [_thread_blocked, id=17256, stack(0x0000008979d00000,0x0000008979e00000)]
  0x00000244f96adb30 JavaThread "Common-Cleaner" daemon [_thread_blocked, id=3912, stack(0x0000008979e00000,0x0000008979f00000)]
  0x00000244f97f7250 JavaThread "Notification Thread" daemon [_thread_blocked, id=7900, stack(0x0000008979f00000,0x000000897a000000)]
  0x00000244ff6fc4c0 JavaThread "Daemon health stats" [_thread_blocked, id=18044, stack(0x000000897a500000,0x000000897a600000)]
  0x00000244ff73d850 JavaThread "Incoming local TCP Connector on port 56045" [_thread_in_native, id=11712, stack(0x000000897a600000,0x000000897a700000)]
  0x000002449b015650 JavaThread "Daemon periodic checks" [_thread_blocked, id=7180, stack(0x000000897a700000,0x000000897a800000)]
  0x000002449b17a460 JavaThread "Daemon" [_thread_blocked, id=14700, stack(0x000000897a800000,0x000000897a900000)]
  0x00000244ff799010 JavaThread "Handler for socket connection from /127.0.0.1:56045 to /127.0.0.1:56046" [_thread_in_native, id=8516, stack(0x000000897a900000,0x000000897aa00000)]
  0x000002449b05c960 JavaThread "Cancel handler" [_thread_blocked, id=3736, stack(0x000000897aa00000,0x000000897ab00000)]
  0x000002449b05d890 JavaThread "Daemon worker" [_thread_in_vm, id=18376, stack(0x000000897ab00000,0x000000897ac00000)]
  0x000002449b05ce70 JavaThread "Asynchronous log dispatcher for DefaultDaemonConnection: socket connection from /127.0.0.1:56045 to /127.0.0.1:56046" [_thread_blocked, id=6152, stack(0x000000897ac00000,0x000000897ad00000)]
  0x000002449b05c450 JavaThread "Stdin handler" [_thread_blocked, id=3648, stack(0x000000897ad00000,0x000000897ae00000)]
  0x000002449b05ecd0 JavaThread "Daemon client event forwarder" [_thread_blocked, id=4760, stack(0x000000897ae00000,0x000000897af00000)]
  0x000002449b05b520 JavaThread "Cache worker for journal cache (C:\Users\aliah\.gradle\caches\journal-1)" [_thread_blocked, id=5128, stack(0x000000897af00000,0x000000897b000000)]
  0x000002449b05dda0 JavaThread "File lock request listener" [_thread_in_native, id=10320, stack(0x000000897b000000,0x000000897b100000)]
  0x000002449b05d380 JavaThread "Cache worker for file hash cache (C:\Users\aliah\.gradle\caches\8.11.1\fileHashes)" [_thread_blocked, id=13748, stack(0x000000897b100000,0x000000897b200000)]
  0x000002449b05e2b0 JavaThread "Cache worker for file content cache (C:\Users\aliah\.gradle\caches\8.11.1\fileContent)" [_thread_blocked, id=6520, stack(0x000000897b200000,0x000000897b300000)]
  0x000002449b05e7c0 JavaThread "Cache worker for file hash cache (D:\React Native\MyProject\android\.gradle\8.11.1\fileHashes)" [_thread_blocked, id=3684, stack(0x000000897b300000,0x000000897b400000)]
  0x000002449b05ba30 JavaThread "Cache worker for Build Output Cleanup Cache (D:\React Native\MyProject\android\.gradle\buildOutputCleanup)" [_thread_blocked, id=9704, stack(0x000000897b400000,0x000000897b500000)]
  0x000002449b05bf40 JavaThread "File watcher server" daemon [_thread_in_native, id=4536, stack(0x000000897b500000,0x000000897b600000)]
  0x000002449b921790 JavaThread "File watcher consumer" daemon [_thread_blocked, id=5252, stack(0x000000897b600000,0x000000897b700000)]
  0x000002449b91f930 JavaThread "Cache worker for checksums cache (D:\React Native\MyProject\android\.gradle\8.11.1\checksums)" [_thread_blocked, id=8848, stack(0x000000897b700000,0x000000897b800000)]
  0x000002449b921ca0 JavaThread "Cache worker for cache directory md-rule (C:\Users\aliah\.gradle\caches\8.11.1\md-rule)" [_thread_blocked, id=14980, stack(0x000000897b800000,0x000000897b900000)]
  0x000002449b9230e0 JavaThread "Cache worker for cache directory md-supplier (C:\Users\aliah\.gradle\caches\8.11.1\md-supplier)" [_thread_blocked, id=2044, stack(0x000000897b900000,0x000000897ba00000)]
  0x000002449b921280 JavaThread "File lock release action executor" [_thread_blocked, id=4336, stack(0x000000897bc00000,0x000000897bd00000)]
  0x000002449b920d70 JavaThread "jar transforms" [_thread_blocked, id=9004, stack(0x000000897be00000,0x000000897bf00000)]
  0x000002449b9221b0 JavaThread "Cache worker for Build Output Cleanup Cache (D:\React Native\MyProject\node_modules\@react-native\gradle-plugin\.gradle\buildOutputCleanup)" [_thread_blocked, id=17424, stack(0x000000897bf00000,0x000000897c000000)]
  0x000002449b91fe40 JavaThread "Unconstrained build operations" [_thread_blocked, id=2348, stack(0x000000897c000000,0x000000897c100000)]
  0x000002449b922bd0 JavaThread "Unconstrained build operations Thread 2" [_thread_blocked, id=16980, stack(0x000000897c100000,0x000000897c200000)]
  0x000002449c95f520 JavaThread "Unconstrained build operations Thread 3" [_thread_blocked, id=2008, stack(0x000000897c200000,0x000000897c300000)]
  0x000002449c95e5f0 JavaThread "Unconstrained build operations Thread 4" [_thread_blocked, id=17116, stack(0x000000897c300000,0x000000897c400000)]
  0x000002449c95ff40 JavaThread "Unconstrained build operations Thread 5" [_thread_blocked, id=6908, stack(0x000000897c400000,0x000000897c500000)]
  0x000002449c961380 JavaThread "Unconstrained build operations Thread 6" [_thread_blocked, id=5796, stack(0x000000897c500000,0x000000897c600000)]
  0x000002449c95cca0 JavaThread "Unconstrained build operations Thread 7" [_thread_blocked, id=10684, stack(0x000000897c600000,0x000000897c700000)]
  0x000002449c960e70 JavaThread "Unconstrained build operations Thread 8" [_thread_blocked, id=10536, stack(0x000000897c700000,0x000000897c800000)]
  0x000002449c95d1b0 JavaThread "Unconstrained build operations Thread 9" [_thread_blocked, id=13848, stack(0x000000897c800000,0x000000897c900000)]
  0x000002449c9627c0 JavaThread "Unconstrained build operations Thread 10" [_thread_blocked, id=2688, stack(0x000000897c900000,0x000000897ca00000)]
  0x000002449c9631e0 JavaThread "Unconstrained build operations Thread 11" [_thread_blocked, id=16304, stack(0x000000897ca00000,0x000000897cb00000)]
  0x000002449c961890 JavaThread "Unconstrained build operations Thread 12" [_thread_blocked, id=6156, stack(0x000000897cb00000,0x000000897cc00000)]
  0x000002449c95d6c0 JavaThread "Unconstrained build operations Thread 13" [_thread_blocked, id=6112, stack(0x000000897cc00000,0x000000897cd00000)]
  0x000002449c95eb00 JavaThread "Unconstrained build operations Thread 14" [_thread_blocked, id=1552, stack(0x000000897cd00000,0x000000897ce00000)]
  0x000002449c95dbd0 JavaThread "Unconstrained build operations Thread 15" [_thread_blocked, id=7612, stack(0x000000897ce00000,0x000000897cf00000)]
  0x000002449c961da0 JavaThread "Memory manager" [_thread_blocked, id=13632, stack(0x000000897cf00000,0x000000897d000000)]
  0x000002449c960450 JavaThread "build event listener" [_thread_blocked, id=13424, stack(0x000000897d000000,0x000000897d100000)]
  0x000002449c962cd0 JavaThread "ForkJoinPool.commonPool-worker-1" daemon [_thread_blocked, id=12956, stack(0x000000897d100000,0x000000897d200000)]
  0x000002449c95bd70 JavaThread "ForkJoinPool.commonPool-worker-2" daemon [_thread_blocked, id=16016, stack(0x000000897d200000,0x000000897d300000)]
  0x000002449c9636f0 JavaThread "ForkJoinPool.commonPool-worker-3" daemon [_thread_blocked, id=17184, stack(0x000000897d300000,0x000000897d400000)]
  0x000002449c95c280 JavaThread "included builds" [_thread_blocked, id=11592, stack(0x000000897d400000,0x000000897d500000)]
  0x000002449c95e0e0 JavaThread "Execution worker" [_thread_blocked, id=11148, stack(0x000000897d500000,0x000000897d600000)]
  0x000002449dbd1aa0 JavaThread "Execution worker Thread 2" [_thread_blocked, id=13792, stack(0x000000897d600000,0x000000897d700000)]
  0x000002449dbd1590 JavaThread "Execution worker Thread 3" [_thread_blocked, id=15820, stack(0x000000897d700000,0x000000897d800000)]
  0x000002449dbd3900 JavaThread "Cache worker for execution history cache (D:\React Native\MyProject\node_modules\@react-native\gradle-plugin\.gradle\8.11.1\executionHistory)" [_thread_blocked, id=364, stack(0x000000897d800000,0x000000897d900000)]
  0x000002449dbd4320 JavaThread "Unconstrained build operations Thread 16" [_thread_blocked, id=17580, stack(0x000000897d900000,0x000000897da00000)]
  0x000002449dbd0b70 JavaThread "Unconstrained build operations Thread 17" [_thread_blocked, id=8908, stack(0x000000897da00000,0x000000897db00000)]
  0x000002449dbd3e10 JavaThread "Unconstrained build operations Thread 18" [_thread_blocked, id=4196, stack(0x000000897db00000,0x000000897dc00000)]
  0x000002449dbd24c0 JavaThread "Unconstrained build operations Thread 19" [_thread_blocked, id=8552, stack(0x000000897dc00000,0x000000897dd00000)]
  0x000002449dbd1080 JavaThread "Unconstrained build operations Thread 20" [_thread_blocked, id=10092, stack(0x000000897dd00000,0x000000897de00000)]
  0x000002449dbd1fb0 JavaThread "Unconstrained build operations Thread 21" [_thread_blocked, id=6068, stack(0x000000897de00000,0x000000897df00000)]
  0x000002449dbd29d0 JavaThread "Unconstrained build operations Thread 22" [_thread_blocked, id=15108, stack(0x000000897df00000,0x000000897e000000)]
  0x000002449dbd2ee0 JavaThread "Unconstrained build operations Thread 23" [_thread_blocked, id=11792, stack(0x000000897e000000,0x000000897e100000)]
  0x000002449dbd33f0 JavaThread "Unconstrained build operations Thread 24" [_thread_blocked, id=1724, stack(0x000000897e100000,0x000000897e200000)]
  0x000002449d091ef0 JavaThread "Unconstrained build operations Thread 25" [_thread_blocked, id=1264, stack(0x000000897e200000,0x000000897e300000)]
  0x000002449d0956a0 JavaThread "Unconstrained build operations Thread 26" [_thread_blocked, id=7216, stack(0x000000897e300000,0x000000897e400000)]
  0x000002449d097f20 JavaThread "Unconstrained build operations Thread 27" [_thread_blocked, id=17132, stack(0x000000897e400000,0x000000897e500000)]
  0x000002449d092910 JavaThread "Unconstrained build operations Thread 28" [_thread_blocked, id=15144, stack(0x000000897e500000,0x000000897e600000)]
  0x000002449d092400 JavaThread "Unconstrained build operations Thread 29" [_thread_blocked, id=14480, stack(0x000000897e600000,0x000000897e700000)]
  0x000002449d093d50 JavaThread "Unconstrained build operations Thread 30" [_thread_blocked, id=10220, stack(0x000000897e700000,0x000000897e800000)]
  0x000002449d0919e0 JavaThread "Unconstrained build operations Thread 31" [_thread_blocked, id=2392, stack(0x000000897e800000,0x000000897e900000)]
  0x000002449d092e20 JavaThread "Unconstrained build operations Thread 32" [_thread_blocked, id=4064, stack(0x000000897e900000,0x000000897ea00000)]
  0x000002449d0960c0 JavaThread "Unconstrained build operations Thread 33" [_thread_blocked, id=3876, stack(0x000000897ea00000,0x000000897eb00000)]
  0x000002449d094260 JavaThread "Unconstrained build operations Thread 34" [_thread_blocked, id=13892, stack(0x000000897eb00000,0x000000897ec00000)]
  0x000002449d094c80 JavaThread "Unconstrained build operations Thread 35" [_thread_blocked, id=14196, stack(0x000000897ec00000,0x000000897ed00000)]
  0x000002449d098430 JavaThread "Unconstrained build operations Thread 36" [_thread_blocked, id=6216, stack(0x000000897ed00000,0x000000897ee00000)]
  0x000002449d090fc0 JavaThread "jar transforms Thread 2" [_thread_blocked, id=10496, stack(0x000000897ee00000,0x000000897ef00000)]
  0x000002449d093330 JavaThread "jar transforms Thread 3" [_thread_blocked, id=13088, stack(0x000000897ef00000,0x000000897f000000)]
  0x000002449d097a10 JavaThread "Unconstrained build operations Thread 37" [_thread_blocked, id=7772, stack(0x000000897f000000,0x000000897f100000)]
  0x000002449d0965d0 JavaThread "Unconstrained build operations Thread 38" [_thread_blocked, id=15136, stack(0x000000897f100000,0x000000897f200000)]
  0x000002449d094770 JavaThread "Unconstrained build operations Thread 39" [_thread_blocked, id=17736, stack(0x000000897f200000,0x000000897f300000)]
  0x000002449d096ff0 JavaThread "Unconstrained build operations Thread 40" [_thread_blocked, id=14552, stack(0x000000897f300000,0x000000897f400000)]
  0x000002449d0914d0 JavaThread "jar transforms Thread 4" [_thread_blocked, id=16680, stack(0x000000897f400000,0x000000897f500000)]
=>0x000002449c2d1b30 JavaThread "C2 CompilerThread1" daemon [_thread_in_native, id=9256, stack(0x000000897bd00000,0x000000897be00000)]

Other Threads:
  0x00000244f957d2e0 VMThread "VM Thread" [stack: 0x0000008979400000,0x0000008979500000] [id=7564]
  0x00000244db9a2020 WatcherThread [stack: 0x000000897a000000,0x000000897a100000] [id=9816]
  0x00000244db9ff4e0 GCTaskThread "GC Thread#0" [stack: 0x0000008978f00000,0x0000008979000000] [id=448]
  0x00000244f9860500 GCTaskThread "GC Thread#1" [stack: 0x000000897a100000,0x000000897a200000] [id=5380]
  0x00000244f992d0a0 GCTaskThread "GC Thread#2" [stack: 0x000000897a200000,0x000000897a300000] [id=16820]
  0x00000244fe595ad0 GCTaskThread "GC Thread#3" [stack: 0x000000897a400000,0x000000897a500000] [id=11352]
  0x00000244dba10430 ConcurrentGCThread "G1 Main Marker" [stack: 0x0000008979000000,0x0000008979100000] [id=10976]
  0x00000244dba115f0 ConcurrentGCThread "G1 Conc#0" [stack: 0x0000008979100000,0x0000008979200000] [id=8316]
  0x00000244dba555e0 ConcurrentGCThread "G1 Refine#0" [stack: 0x0000008979200000,0x0000008979300000] [id=9376]
  0x000002449d271c00 ConcurrentGCThread "G1 Refine#1" [stack: 0x000000897a300000,0x000000897a400000] [id=16704]
  0x000002449ca59f50 ConcurrentGCThread "G1 Refine#2" [stack: 0x000000897ba00000,0x000000897bb00000] [id=11572]
  0x000002449ca5a540 ConcurrentGCThread "G1 Refine#3" [stack: 0x000000897bb00000,0x000000897bc00000] [id=3024]
  0x00000244dba56010 ConcurrentGCThread "G1 Service" [stack: 0x0000008979300000,0x0000008979400000] [id=2640]

Threads with active compile tasks:
C2 CompilerThread0    27405 11228   !   4       org.gradle.internal.deprecation.DeprecationLogger::whileDisabled (22 bytes)
C2 CompilerThread1    27405 11156       4       jdk.internal.loader.URLClassPath$JarLoader$2::getBytes (48 bytes)

VM state: not at safepoint (normal execution)

VM Mutex/Monitor currently owned by a thread: None

Heap address: 0x0000000080000000, size: 2048 MB, Compressed Oops mode: 32-bit

CDS archive(s) mapped at: [0x0000024480000000-0x0000024480bb0000-0x0000024480bb0000), size 12255232, SharedBaseAddress: 0x0000024480000000, ArchiveRelocationMode: 1.
Compressed class space mapped at: 0x0000024481000000-0x000002449b000000, reserved size: 436207616
Narrow klass base: 0x0000024480000000, Narrow klass shift: 0, Narrow klass range: 0x100000000

GC Precious Log:
 CPUs: 4 total, 4 available
 Memory: 8042M
 Large Page Support: Disabled
 NUMA Support: Disabled
 Compressed Oops: Enabled (32-bit)
 Heap Region Size: 1M
 Heap Min Capacity: 8M
 Heap Initial Capacity: 126M
 Heap Max Capacity: 2G
 Pre-touch: Disabled
 Parallel Workers: 4
 Concurrent Workers: 1
 Concurrent Refinement Workers: 4
 Periodic GC: Disabled

Heap:
 garbage-first heap   total 294912K, used 232806K [0x0000000080000000, 0x0000000100000000)
  region size 1024K, 140 young (143360K), 4 survivors (4096K)
 Metaspace       used 79371K, committed 80256K, reserved 557056K
  class space    used 11060K, committed 11456K, reserved 425984K

Heap Regions: E=young(eden), S=young(survivor), O=old, HS=humongous(starts), HC=humongous(continues), CS=collection set, F=free, OA=open archive, CA=closed archive, TAMS=top-at-mark-start (previous, next)
|   0|0x0000000080000000, 0x0000000080100000, 0x0000000080100000|100%|HS|  |TAMS 0x0000000080100000, 0x0000000080000000| Complete 
|   1|0x0000000080100000, 0x0000000080200000, 0x0000000080200000|100%|HC|  |TAMS 0x0000000080200000, 0x0000000080100000| Complete 
|   2|0x0000000080200000, 0x0000000080300000, 0x0000000080300000|100%|HC|  |TAMS 0x0000000080300000, 0x0000000080200000| Complete 
|   3|0x0000000080300000, 0x0000000080400000, 0x0000000080400000|100%| O|  |TAMS 0x0000000080400000, 0x0000000080300000| Untracked 
|   4|0x0000000080400000, 0x0000000080500000, 0x0000000080500000|100%| O|  |TAMS 0x0000000080500000, 0x0000000080400000| Untracked 
|   5|0x0000000080500000, 0x0000000080600000, 0x0000000080600000|100%| O|  |TAMS 0x0000000080600000, 0x0000000080500000| Untracked 
|   6|0x0000000080600000, 0x0000000080700000, 0x0000000080700000|100%| O|  |TAMS 0x0000000080700000, 0x0000000080600000| Untracked 
|   7|0x0000000080700000, 0x0000000080800000, 0x0000000080800000|100%|HS|  |TAMS 0x0000000080800000, 0x0000000080700000| Complete 
|   8|0x0000000080800000, 0x0000000080900000, 0x0000000080900000|100%| O|  |TAMS 0x0000000080900000, 0x0000000080800000| Untracked 
|   9|0x0000000080900000, 0x0000000080a00000, 0x0000000080a00000|100%| O|  |TAMS 0x0000000080a00000, 0x0000000080900000| Untracked 
|  10|0x0000000080a00000, 0x0000000080b00000, 0x0000000080b00000|100%| O|  |TAMS 0x0000000080b00000, 0x0000000080a00000| Untracked 
|  11|0x0000000080b00000, 0x0000000080c00000, 0x0000000080c00000|100%| O|  |TAMS 0x0000000080c00000, 0x0000000080b00000| Untracked 
|  12|0x0000000080c00000, 0x0000000080d00000, 0x0000000080d00000|100%| O|  |TAMS 0x0000000080d00000, 0x0000000080c00000| Untracked 
|  13|0x0000000080d00000, 0x0000000080e00000, 0x0000000080e00000|100%| O|  |TAMS 0x0000000080e00000, 0x0000000080d00000| Untracked 
|  14|0x0000000080e00000, 0x0000000080f00000, 0x0000000080f00000|100%| O|  |TAMS 0x0000000080f00000, 0x0000000080e00000| Untracked 
|  15|0x0000000080f00000, 0x0000000081000000, 0x0000000081000000|100%| O|  |TAMS 0x0000000081000000, 0x0000000080f00000| Untracked 
|  16|0x0000000081000000, 0x0000000081100000, 0x0000000081100000|100%| O|  |TAMS 0x0000000081100000, 0x0000000081000000| Untracked 
|  17|0x0000000081100000, 0x0000000081200000, 0x0000000081200000|100%| O|  |TAMS 0x0000000081200000, 0x0000000081100000| Untracked 
|  18|0x0000000081200000, 0x0000000081300000, 0x0000000081300000|100%| O|  |TAMS 0x0000000081300000, 0x0000000081200000| Untracked 
|  19|0x0000000081300000, 0x0000000081400000, 0x0000000081400000|100%| O|  |TAMS 0x0000000081400000, 0x0000000081300000| Untracked 
|  20|0x0000000081400000, 0x0000000081500000, 0x0000000081500000|100%| O|  |TAMS 0x0000000081500000, 0x0000000081400000| Untracked 
|  21|0x0000000081500000, 0x0000000081600000, 0x0000000081600000|100%| O|  |TAMS 0x0000000081600000, 0x0000000081500000| Untracked 
|  22|0x0000000081600000, 0x0000000081700000, 0x0000000081700000|100%| O|  |TAMS 0x0000000081700000, 0x0000000081600000| Untracked 
|  23|0x0000000081700000, 0x0000000081800000, 0x0000000081800000|100%| O|  |TAMS 0x0000000081800000, 0x0000000081700000| Untracked 
|  24|0x0000000081800000, 0x0000000081900000, 0x0000000081900000|100%| O|  |TAMS 0x0000000081900000, 0x0000000081800000| Untracked 
|  25|0x0000000081900000, 0x0000000081a00000, 0x0000000081a00000|100%| O|  |TAMS 0x0000000081a00000, 0x0000000081900000| Untracked 
|  26|0x0000000081a00000, 0x0000000081b00000, 0x0000000081b00000|100%| O|  |TAMS 0x0000000081b00000, 0x0000000081a00000| Untracked 
|  27|0x0000000081b00000, 0x0000000081c00000, 0x0000000081c00000|100%| O|  |TAMS 0x0000000081c00000, 0x0000000081b00000| Untracked 
|  28|0x0000000081c00000, 0x0000000081d00000, 0x0000000081d00000|100%| O|  |TAMS 0x0000000081d00000, 0x0000000081c00000| Untracked 
|  29|0x0000000081d00000, 0x0000000081e00000, 0x0000000081e00000|100%| O|  |TAMS 0x0000000081e00000, 0x0000000081d00000| Untracked 
|  30|0x0000000081e00000, 0x0000000081f00000, 0x0000000081f00000|100%| O|  |TAMS 0x0000000081f00000, 0x0000000081e00000| Untracked 
|  31|0x0000000081f00000, 0x0000000082000000, 0x0000000082000000|100%| O|  |TAMS 0x0000000082000000, 0x0000000081f00000| Untracked 
|  32|0x0000000082000000, 0x0000000082100000, 0x0000000082100000|100%| O|  |TAMS 0x0000000082100000, 0x0000000082000000| Untracked 
|  33|0x0000000082100000, 0x0000000082200000, 0x0000000082200000|100%|HS|  |TAMS 0x0000000082200000, 0x0000000082100000| Complete 
|  34|0x0000000082200000, 0x0000000082300000, 0x0000000082300000|100%|HC|  |TAMS 0x0000000082300000, 0x0000000082200000| Complete 
|  35|0x0000000082300000, 0x0000000082400000, 0x0000000082400000|100%|HS|  |TAMS 0x0000000082400000, 0x0000000082300000| Complete 
|  36|0x0000000082400000, 0x0000000082500000, 0x0000000082500000|100%|HC|  |TAMS 0x0000000082500000, 0x0000000082400000| Complete 
|  37|0x0000000082500000, 0x0000000082600000, 0x0000000082600000|100%|HS|  |TAMS 0x0000000082600000, 0x0000000082500000| Complete 
|  38|0x0000000082600000, 0x0000000082700000, 0x0000000082700000|100%|HC|  |TAMS 0x0000000082700000, 0x0000000082600000| Complete 
|  39|0x0000000082700000, 0x0000000082800000, 0x0000000082800000|100%|HC|  |TAMS 0x0000000082800000, 0x0000000082700000| Complete 
|  40|0x0000000082800000, 0x0000000082900000, 0x0000000082900000|100%|HC|  |TAMS 0x0000000082900000, 0x0000000082800000| Complete 
|  41|0x0000000082900000, 0x0000000082a00000, 0x0000000082a00000|100%|HS|  |TAMS 0x0000000082a00000, 0x0000000082900000| Complete 
|  42|0x0000000082a00000, 0x0000000082b00000, 0x0000000082b00000|100%|HC|  |TAMS 0x0000000082b00000, 0x0000000082a00000| Complete 
|  43|0x0000000082b00000, 0x0000000082c00000, 0x0000000082c00000|100%|HC|  |TAMS 0x0000000082c00000, 0x0000000082b00000| Complete 
|  44|0x0000000082c00000, 0x0000000082d00000, 0x0000000082d00000|100%|HC|  |TAMS 0x0000000082d00000, 0x0000000082c00000| Complete 
|  45|0x0000000082d00000, 0x0000000082e00000, 0x0000000082e00000|100%| O|  |TAMS 0x0000000082e00000, 0x0000000082d00000| Untracked 
|  46|0x0000000082e00000, 0x0000000082f00000, 0x0000000082f00000|100%| O|  |TAMS 0x0000000082f00000, 0x0000000082e00000| Untracked 
|  47|0x0000000082f00000, 0x0000000083000000, 0x0000000083000000|100%| O|  |TAMS 0x0000000083000000, 0x0000000082f00000| Untracked 
|  48|0x0000000083000000, 0x0000000083100000, 0x0000000083100000|100%| O|  |TAMS 0x0000000083100000, 0x0000000083000000| Untracked 
|  49|0x0000000083100000, 0x0000000083200000, 0x0000000083200000|100%| O|  |TAMS 0x0000000083200000, 0x0000000083100000| Untracked 
|  50|0x0000000083200000, 0x0000000083300000, 0x0000000083300000|100%| O|  |TAMS 0x0000000083300000, 0x0000000083200000| Untracked 
|  51|0x0000000083300000, 0x0000000083400000, 0x0000000083400000|100%| O|  |TAMS 0x0000000083400000, 0x0000000083300000| Untracked 
|  52|0x0000000083400000, 0x0000000083500000, 0x0000000083500000|100%| O|  |TAMS 0x0000000083500000, 0x0000000083400000| Untracked 
|  53|0x0000000083500000, 0x0000000083600000, 0x0000000083600000|100%| O|  |TAMS 0x0000000083600000, 0x0000000083500000| Untracked 
|  54|0x0000000083600000, 0x0000000083700000, 0x0000000083700000|100%| O|  |TAMS 0x0000000083700000, 0x0000000083600000| Untracked 
|  55|0x0000000083700000, 0x0000000083800000, 0x0000000083800000|100%| O|  |TAMS 0x0000000083800000, 0x0000000083700000| Untracked 
|  56|0x0000000083800000, 0x0000000083900000, 0x0000000083900000|100%| O|  |TAMS 0x0000000083900000, 0x0000000083800000| Untracked 
|  57|0x0000000083900000, 0x0000000083a00000, 0x0000000083a00000|100%| O|  |TAMS 0x0000000083a00000, 0x0000000083900000| Untracked 
|  58|0x0000000083a00000, 0x0000000083b00000, 0x0000000083b00000|100%| O|  |TAMS 0x0000000083b00000, 0x0000000083a00000| Untracked 
|  59|0x0000000083b00000, 0x0000000083c00000, 0x0000000083c00000|100%| O|  |TAMS 0x0000000083c00000, 0x0000000083b00000| Untracked 
|  60|0x0000000083c00000, 0x0000000083d00000, 0x0000000083d00000|100%| O|  |TAMS 0x0000000083d00000, 0x0000000083c00000| Untracked 
|  61|0x0000000083d00000, 0x0000000083e00000, 0x0000000083e00000|100%| O|  |TAMS 0x0000000083e00000, 0x0000000083d00000| Untracked 
|  62|0x0000000083e00000, 0x0000000083f00000, 0x0000000083f00000|100%| O|  |TAMS 0x0000000083f00000, 0x0000000083e00000| Untracked 
|  63|0x0000000083f00000, 0x0000000084000000, 0x0000000084000000|100%|HS|  |TAMS 0x0000000083f00000, 0x0000000083f00000| Complete 
|  64|0x0000000084000000, 0x0000000084100000, 0x0000000084100000|100%| O|  |TAMS 0x0000000084100000, 0x0000000084000000| Complete 
|  65|0x0000000084100000, 0x0000000084200000, 0x0000000084200000|100%| O|  |TAMS 0x0000000084200000, 0x0000000084100000| Untracked 
|  66|0x0000000084200000, 0x0000000084300000, 0x0000000084300000|100%| O|  |TAMS 0x0000000084300000, 0x0000000084200000| Untracked 
|  67|0x0000000084300000, 0x0000000084400000, 0x0000000084400000|100%| O|  |TAMS 0x0000000084400000, 0x0000000084300000| Untracked 
|  68|0x0000000084400000, 0x0000000084500000, 0x0000000084500000|100%| O|  |TAMS 0x0000000084500000, 0x0000000084400000| Untracked 
|  69|0x0000000084500000, 0x0000000084600000, 0x0000000084600000|100%| O|  |TAMS 0x0000000084600000, 0x0000000084500000| Untracked 
|  70|0x0000000084600000, 0x0000000084700000, 0x0000000084700000|100%| O|  |TAMS 0x0000000084700000, 0x0000000084600000| Untracked 
|  71|0x0000000084700000, 0x0000000084800000, 0x0000000084800000|100%| O|  |TAMS 0x0000000084800000, 0x0000000084700000| Untracked 
|  72|0x0000000084800000, 0x0000000084900000, 0x0000000084900000|100%| O|  |TAMS 0x0000000084900000, 0x0000000084800000| Untracked 
|  73|0x0000000084900000, 0x0000000084a00000, 0x0000000084a00000|100%| O|  |TAMS 0x0000000084a00000, 0x0000000084900000| Untracked 
|  74|0x0000000084a00000, 0x0000000084b00000, 0x0000000084b00000|100%| O|  |TAMS 0x0000000084b00000, 0x0000000084a00000| Untracked 
|  75|0x0000000084b00000, 0x0000000084c00000, 0x0000000084c00000|100%| O|  |TAMS 0x0000000084c00000, 0x0000000084b00000| Untracked 
|  76|0x0000000084c00000, 0x0000000084d00000, 0x0000000084d00000|100%| O|  |TAMS 0x0000000084d00000, 0x0000000084c00000| Untracked 
|  77|0x0000000084d00000, 0x0000000084e00000, 0x0000000084e00000|100%| O|  |TAMS 0x0000000084e00000, 0x0000000084d00000| Untracked 
|  78|0x0000000084e00000, 0x0000000084f00000, 0x0000000084f00000|100%|HS|  |TAMS 0x0000000084e00000, 0x0000000084e00000| Complete 
|  79|0x0000000084f00000, 0x0000000085000000, 0x0000000085000000|100%| O|  |TAMS 0x0000000085000000, 0x0000000084f00000| Complete 
|  80|0x0000000085000000, 0x0000000085100000, 0x0000000085100000|100%|HS|  |TAMS 0x0000000085000000, 0x0000000085000000| Complete 
|  81|0x0000000085100000, 0x0000000085200000, 0x0000000085200000|100%|HS|  |TAMS 0x0000000085100000, 0x0000000085100000| Complete 
|  82|0x0000000085200000, 0x0000000085300000, 0x0000000085300000|100%|HS|  |TAMS 0x0000000085200000, 0x0000000085200000| Complete 
|  83|0x0000000085300000, 0x0000000085400000, 0x0000000085400000|100%|HS|  |TAMS 0x0000000085300000, 0x0000000085300000| Complete 
|  84|0x0000000085400000, 0x0000000085500000, 0x0000000085500000|100%|HS|  |TAMS 0x0000000085400000, 0x0000000085400000| Complete 
|  85|0x0000000085500000, 0x0000000085600000, 0x0000000085600000|100%|HS|  |TAMS 0x0000000085500000, 0x0000000085500000| Complete 
|  86|0x0000000085600000, 0x0000000085700000, 0x0000000085700000|100%|HS|  |TAMS 0x0000000085600000, 0x0000000085600000| Complete 
|  87|0x0000000085700000, 0x0000000085800000, 0x0000000085800000|100%|HS|  |TAMS 0x0000000085700000, 0x0000000085700000| Complete 
|  88|0x0000000085800000, 0x0000000085900000, 0x0000000085900000|100%|HS|  |TAMS 0x0000000085800000, 0x0000000085800000| Complete 
|  89|0x0000000085900000, 0x0000000085a00000, 0x0000000085a00000|100%|HS|  |TAMS 0x0000000085900000, 0x0000000085900000| Complete 
|  90|0x0000000085a00000, 0x0000000085a00000, 0x0000000085b00000|  0%| F|  |TAMS 0x0000000085a00000, 0x0000000085a00000| Untracked 
|  91|0x0000000085b00000, 0x0000000085b00000, 0x0000000085c00000|  0%| F|  |TAMS 0x0000000085b00000, 0x0000000085b00000| Untracked 
|  92|0x0000000085c00000, 0x0000000085c00000, 0x0000000085d00000|  0%| F|  |TAMS 0x0000000085c00000, 0x0000000085c00000| Untracked 
|  93|0x0000000085d00000, 0x0000000085d00000, 0x0000000085e00000|  0%| F|  |TAMS 0x0000000085d00000, 0x0000000085d00000| Untracked 
|  94|0x0000000085e00000, 0x0000000085e00000, 0x0000000085f00000|  0%| F|  |TAMS 0x0000000085e00000, 0x0000000085e00000| Untracked 
|  95|0x0000000085f00000, 0x0000000085f00000, 0x0000000086000000|  0%| F|  |TAMS 0x0000000085f00000, 0x0000000085f00000| Untracked 
|  96|0x0000000086000000, 0x0000000086000000, 0x0000000086100000|  0%| F|  |TAMS 0x0000000086000000, 0x0000000086000000| Untracked 
|  97|0x0000000086100000, 0x0000000086100000, 0x0000000086200000|  0%| F|  |TAMS 0x0000000086100000, 0x0000000086100000| Untracked 
|  98|0x0000000086200000, 0x0000000086200000, 0x0000000086300000|  0%| F|  |TAMS 0x0000000086200000, 0x0000000086200000| Untracked 
|  99|0x0000000086300000, 0x0000000086300000, 0x0000000086400000|  0%| F|  |TAMS 0x0000000086300000, 0x0000000086300000| Untracked 
| 100|0x0000000086400000, 0x0000000086400000, 0x0000000086500000|  0%| F|  |TAMS 0x0000000086400000, 0x0000000086400000| Untracked 
| 101|0x0000000086500000, 0x0000000086500000, 0x0000000086600000|  0%| F|  |TAMS 0x0000000086500000, 0x0000000086500000| Untracked 
| 102|0x0000000086600000, 0x0000000086600000, 0x0000000086700000|  0%| F|  |TAMS 0x0000000086600000, 0x0000000086600000| Untracked 
| 103|0x0000000086700000, 0x0000000086700000, 0x0000000086800000|  0%| F|  |TAMS 0x0000000086700000, 0x0000000086700000| Untracked 
| 104|0x0000000086800000, 0x0000000086800000, 0x0000000086900000|  0%| F|  |TAMS 0x0000000086800000, 0x0000000086800000| Untracked 
| 105|0x0000000086900000, 0x0000000086900000, 0x0000000086a00000|  0%| F|  |TAMS 0x0000000086900000, 0x0000000086900000| Untracked 
| 106|0x0000000086a00000, 0x0000000086a59ba0, 0x0000000086b00000| 35%| S|CS|TAMS 0x0000000086a00000, 0x0000000086a00000| Complete 
| 107|0x0000000086b00000, 0x0000000086c00000, 0x0000000086c00000|100%| S|CS|TAMS 0x0000000086b00000, 0x0000000086b00000| Complete 
| 108|0x0000000086c00000, 0x0000000086d00000, 0x0000000086d00000|100%| S|CS|TAMS 0x0000000086c00000, 0x0000000086c00000| Complete 
| 109|0x0000000086d00000, 0x0000000086e00000, 0x0000000086e00000|100%| S|CS|TAMS 0x0000000086d00000, 0x0000000086d00000| Complete 
| 110|0x0000000086e00000, 0x0000000086e00000, 0x0000000086f00000|  0%| F|  |TAMS 0x0000000086e00000, 0x0000000086e00000| Untracked 
| 111|0x0000000086f00000, 0x0000000086f00000, 0x0000000087000000|  0%| F|  |TAMS 0x0000000086f00000, 0x0000000086f00000| Untracked 
| 112|0x0000000087000000, 0x0000000087000000, 0x0000000087100000|  0%| F|  |TAMS 0x0000000087000000, 0x0000000087000000| Untracked 
| 113|0x0000000087100000, 0x0000000087100000, 0x0000000087200000|  0%| F|  |TAMS 0x0000000087100000, 0x0000000087100000| Untracked 
| 114|0x0000000087200000, 0x0000000087200000, 0x0000000087300000|  0%| F|  |TAMS 0x0000000087200000, 0x0000000087200000| Untracked 
| 115|0x0000000087300000, 0x0000000087300000, 0x0000000087400000|  0%| F|  |TAMS 0x0000000087300000, 0x0000000087300000| Untracked 
| 116|0x0000000087400000, 0x0000000087400000, 0x0000000087500000|  0%| F|  |TAMS 0x0000000087400000, 0x0000000087400000| Untracked 
| 117|0x0000000087500000, 0x0000000087500000, 0x0000000087600000|  0%| F|  |TAMS 0x0000000087500000, 0x0000000087500000| Untracked 
| 118|0x0000000087600000, 0x0000000087600000, 0x0000000087700000|  0%| F|  |TAMS 0x0000000087600000, 0x0000000087600000| Untracked 
| 119|0x0000000087700000, 0x0000000087700000, 0x0000000087800000|  0%| F|  |TAMS 0x0000000087700000, 0x0000000087700000| Untracked 
| 120|0x0000000087800000, 0x0000000087800000, 0x0000000087900000|  0%| F|  |TAMS 0x0000000087800000, 0x0000000087800000| Untracked 
| 121|0x0000000087900000, 0x0000000087900000, 0x0000000087a00000|  0%| F|  |TAMS 0x0000000087900000, 0x0000000087900000| Untracked 
| 122|0x0000000087a00000, 0x0000000087a00000, 0x0000000087b00000|  0%| F|  |TAMS 0x0000000087a00000, 0x0000000087a00000| Untracked 
| 123|0x0000000087b00000, 0x0000000087b00000, 0x0000000087c00000|  0%| F|  |TAMS 0x0000000087b00000, 0x0000000087b00000| Untracked 
| 124|0x0000000087c00000, 0x0000000087c00000, 0x0000000087d00000|  0%| F|  |TAMS 0x0000000087c00000, 0x0000000087c00000| Untracked 
| 125|0x0000000087d00000, 0x0000000087d00000, 0x0000000087e00000|  0%| F|  |TAMS 0x0000000087d00000, 0x0000000087d00000| Untracked 
| 126|0x0000000087e00000, 0x0000000087e00000, 0x0000000087f00000|  0%| F|  |TAMS 0x0000000087e00000, 0x0000000087e00000| Untracked 
| 127|0x0000000087f00000, 0x0000000087f00000, 0x0000000088000000|  0%| F|  |TAMS 0x0000000087f00000, 0x0000000087f00000| Untracked 
| 128|0x0000000088000000, 0x0000000088000000, 0x0000000088100000|  0%| F|  |TAMS 0x0000000088000000, 0x0000000088000000| Untracked 
| 129|0x0000000088100000, 0x0000000088100000, 0x0000000088200000|  0%| F|  |TAMS 0x0000000088100000, 0x0000000088100000| Untracked 
| 130|0x0000000088200000, 0x0000000088200000, 0x0000000088300000|  0%| F|  |TAMS 0x0000000088200000, 0x0000000088200000| Untracked 
| 131|0x0000000088300000, 0x0000000088300000, 0x0000000088400000|  0%| F|  |TAMS 0x0000000088300000, 0x0000000088300000| Untracked 
| 132|0x0000000088400000, 0x0000000088400000, 0x0000000088500000|  0%| F|  |TAMS 0x0000000088400000, 0x0000000088400000| Untracked 
| 133|0x0000000088500000, 0x0000000088500000, 0x0000000088600000|  0%| F|  |TAMS 0x0000000088500000, 0x0000000088500000| Untracked 
| 134|0x0000000088600000, 0x0000000088600000, 0x0000000088700000|  0%| F|  |TAMS 0x0000000088600000, 0x0000000088600000| Untracked 
| 135|0x0000000088700000, 0x0000000088700000, 0x0000000088800000|  0%| F|  |TAMS 0x0000000088700000, 0x0000000088700000| Untracked 
| 136|0x0000000088800000, 0x0000000088800000, 0x0000000088900000|  0%| F|  |TAMS 0x0000000088800000, 0x0000000088800000| Untracked 
| 137|0x0000000088900000, 0x0000000088900000, 0x0000000088a00000|  0%| F|  |TAMS 0x0000000088900000, 0x0000000088900000| Untracked 
| 138|0x0000000088a00000, 0x0000000088a00000, 0x0000000088b00000|  0%| F|  |TAMS 0x0000000088a00000, 0x0000000088a00000| Untracked 
| 139|0x0000000088b00000, 0x0000000088b00000, 0x0000000088c00000|  0%| F|  |TAMS 0x0000000088b00000, 0x0000000088b00000| Untracked 
| 140|0x0000000088c00000, 0x0000000088c00000, 0x0000000088d00000|  0%| F|  |TAMS 0x0000000088c00000, 0x0000000088c00000| Untracked 
| 141|0x0000000088d00000, 0x0000000088d00000, 0x0000000088e00000|  0%| F|  |TAMS 0x0000000088d00000, 0x0000000088d00000| Untracked 
| 142|0x0000000088e00000, 0x0000000088e00000, 0x0000000088f00000|  0%| F|  |TAMS 0x0000000088e00000, 0x0000000088e00000| Untracked 
| 143|0x0000000088f00000, 0x0000000088f00000, 0x0000000089000000|  0%| F|  |TAMS 0x0000000088f00000, 0x0000000088f00000| Untracked 
| 144|0x0000000089000000, 0x0000000089000000, 0x0000000089100000|  0%| F|  |TAMS 0x0000000089000000, 0x0000000089000000| Untracked 
| 145|0x0000000089100000, 0x0000000089100000, 0x0000000089200000|  0%| F|  |TAMS 0x0000000089100000, 0x0000000089100000| Untracked 
| 146|0x0000000089200000, 0x0000000089200000, 0x0000000089300000|  0%| F|  |TAMS 0x0000000089200000, 0x0000000089200000| Untracked 
| 147|0x0000000089300000, 0x0000000089300000, 0x0000000089400000|  0%| F|  |TAMS 0x0000000089300000, 0x0000000089300000| Untracked 
| 148|0x0000000089400000, 0x0000000089400000, 0x0000000089500000|  0%| F|  |TAMS 0x0000000089400000, 0x0000000089400000| Untracked 
| 149|0x0000000089500000, 0x0000000089500000, 0x0000000089600000|  0%| F|  |TAMS 0x0000000089500000, 0x0000000089500000| Untracked 
| 150|0x0000000089600000, 0x0000000089600000, 0x0000000089700000|  0%| F|  |TAMS 0x0000000089600000, 0x0000000089600000| Untracked 
| 151|0x0000000089700000, 0x0000000089700000, 0x0000000089800000|  0%| F|  |TAMS 0x0000000089700000, 0x0000000089700000| Untracked 
| 152|0x0000000089800000, 0x0000000089900000, 0x0000000089900000|100%| E|  |TAMS 0x0000000089800000, 0x0000000089800000| Complete 
| 153|0x0000000089900000, 0x0000000089a00000, 0x0000000089a00000|100%| E|CS|TAMS 0x0000000089900000, 0x0000000089900000| Complete 
| 154|0x0000000089a00000, 0x0000000089b00000, 0x0000000089b00000|100%| E|CS|TAMS 0x0000000089a00000, 0x0000000089a00000| Complete 
| 155|0x0000000089b00000, 0x0000000089c00000, 0x0000000089c00000|100%| E|CS|TAMS 0x0000000089b00000, 0x0000000089b00000| Complete 
| 156|0x0000000089c00000, 0x0000000089d00000, 0x0000000089d00000|100%| E|CS|TAMS 0x0000000089c00000, 0x0000000089c00000| Complete 
| 157|0x0000000089d00000, 0x0000000089e00000, 0x0000000089e00000|100%| E|CS|TAMS 0x0000000089d00000, 0x0000000089d00000| Complete 
| 158|0x0000000089e00000, 0x0000000089f00000, 0x0000000089f00000|100%| E|CS|TAMS 0x0000000089e00000, 0x0000000089e00000| Complete 
| 159|0x0000000089f00000, 0x000000008a000000, 0x000000008a000000|100%| E|CS|TAMS 0x0000000089f00000, 0x0000000089f00000| Complete 
| 160|0x000000008a000000, 0x000000008a100000, 0x000000008a100000|100%| E|CS|TAMS 0x000000008a000000, 0x000000008a000000| Complete 
| 161|0x000000008a100000, 0x000000008a200000, 0x000000008a200000|100%| E|CS|TAMS 0x000000008a100000, 0x000000008a100000| Complete 
| 162|0x000000008a200000, 0x000000008a300000, 0x000000008a300000|100%| E|CS|TAMS 0x000000008a200000, 0x000000008a200000| Complete 
| 163|0x000000008a300000, 0x000000008a400000, 0x000000008a400000|100%| E|CS|TAMS 0x000000008a300000, 0x000000008a300000| Complete 
| 164|0x000000008a400000, 0x000000008a500000, 0x000000008a500000|100%| E|CS|TAMS 0x000000008a400000, 0x000000008a400000| Complete 
| 165|0x000000008a500000, 0x000000008a600000, 0x000000008a600000|100%| E|CS|TAMS 0x000000008a500000, 0x000000008a500000| Complete 
| 166|0x000000008a600000, 0x000000008a700000, 0x000000008a700000|100%| E|CS|TAMS 0x000000008a600000, 0x000000008a600000| Complete 
| 167|0x000000008a700000, 0x000000008a800000, 0x000000008a800000|100%| E|CS|TAMS 0x000000008a700000, 0x000000008a700000| Complete 
| 168|0x000000008a800000, 0x000000008a900000, 0x000000008a900000|100%| E|CS|TAMS 0x000000008a800000, 0x000000008a800000| Complete 
| 169|0x000000008a900000, 0x000000008aa00000, 0x000000008aa00000|100%| E|CS|TAMS 0x000000008a900000, 0x000000008a900000| Complete 
| 170|0x000000008aa00000, 0x000000008ab00000, 0x000000008ab00000|100%| E|CS|TAMS 0x000000008aa00000, 0x000000008aa00000| Complete 
| 171|0x000000008ab00000, 0x000000008ac00000, 0x000000008ac00000|100%| E|CS|TAMS 0x000000008ab00000, 0x000000008ab00000| Complete 
| 172|0x000000008ac00000, 0x000000008ad00000, 0x000000008ad00000|100%| E|CS|TAMS 0x000000008ac00000, 0x000000008ac00000| Complete 
| 173|0x000000008ad00000, 0x000000008ae00000, 0x000000008ae00000|100%| E|CS|TAMS 0x000000008ad00000, 0x000000008ad00000| Complete 
| 174|0x000000008ae00000, 0x000000008af00000, 0x000000008af00000|100%| E|CS|TAMS 0x000000008ae00000, 0x000000008ae00000| Complete 
| 175|0x000000008af00000, 0x000000008b000000, 0x000000008b000000|100%| E|CS|TAMS 0x000000008af00000, 0x000000008af00000| Complete 
| 176|0x000000008b000000, 0x000000008b100000, 0x000000008b100000|100%| E|CS|TAMS 0x000000008b000000, 0x000000008b000000| Complete 
| 177|0x000000008b100000, 0x000000008b200000, 0x000000008b200000|100%| E|CS|TAMS 0x000000008b100000, 0x000000008b100000| Complete 
| 178|0x000000008b200000, 0x000000008b300000, 0x000000008b300000|100%| E|CS|TAMS 0x000000008b200000, 0x000000008b200000| Complete 
| 179|0x000000008b300000, 0x000000008b400000, 0x000000008b400000|100%| E|CS|TAMS 0x000000008b300000, 0x000000008b300000| Complete 
| 180|0x000000008b400000, 0x000000008b500000, 0x000000008b500000|100%| E|CS|TAMS 0x000000008b400000, 0x000000008b400000| Complete 
| 181|0x000000008b500000, 0x000000008b600000, 0x000000008b600000|100%| E|CS|TAMS 0x000000008b500000, 0x000000008b500000| Complete 
| 182|0x000000008b600000, 0x000000008b700000, 0x000000008b700000|100%| E|CS|TAMS 0x000000008b600000, 0x000000008b600000| Complete 
| 183|0x000000008b700000, 0x000000008b800000, 0x000000008b800000|100%| E|CS|TAMS 0x000000008b700000, 0x000000008b700000| Complete 
| 184|0x000000008b800000, 0x000000008b900000, 0x000000008b900000|100%| E|CS|TAMS 0x000000008b800000, 0x000000008b800000| Complete 
| 185|0x000000008b900000, 0x000000008ba00000, 0x000000008ba00000|100%| E|CS|TAMS 0x000000008b900000, 0x000000008b900000| Complete 
| 186|0x000000008ba00000, 0x000000008bb00000, 0x000000008bb00000|100%| E|CS|TAMS 0x000000008ba00000, 0x000000008ba00000| Complete 
| 187|0x000000008bb00000, 0x000000008bc00000, 0x000000008bc00000|100%| E|CS|TAMS 0x000000008bb00000, 0x000000008bb00000| Complete 
| 188|0x000000008bc00000, 0x000000008bd00000, 0x000000008bd00000|100%| E|CS|TAMS 0x000000008bc00000, 0x000000008bc00000| Complete 
| 189|0x000000008bd00000, 0x000000008be00000, 0x000000008be00000|100%| E|CS|TAMS 0x000000008bd00000, 0x000000008bd00000| Complete 
| 190|0x000000008be00000, 0x000000008bf00000, 0x000000008bf00000|100%| E|CS|TAMS 0x000000008be00000, 0x000000008be00000| Complete 
| 191|0x000000008bf00000, 0x000000008c000000, 0x000000008c000000|100%| E|CS|TAMS 0x000000008bf00000, 0x000000008bf00000| Complete 
| 192|0x000000008c000000, 0x000000008c100000, 0x000000008c100000|100%| E|CS|TAMS 0x000000008c000000, 0x000000008c000000| Complete 
| 193|0x000000008c100000, 0x000000008c200000, 0x000000008c200000|100%| E|CS|TAMS 0x000000008c100000, 0x000000008c100000| Complete 
| 194|0x000000008c200000, 0x000000008c300000, 0x000000008c300000|100%| E|CS|TAMS 0x000000008c200000, 0x000000008c200000| Complete 
| 195|0x000000008c300000, 0x000000008c400000, 0x000000008c400000|100%| E|CS|TAMS 0x000000008c300000, 0x000000008c300000| Complete 
| 196|0x000000008c400000, 0x000000008c500000, 0x000000008c500000|100%| E|CS|TAMS 0x000000008c400000, 0x000000008c400000| Complete 
| 197|0x000000008c500000, 0x000000008c600000, 0x000000008c600000|100%| E|CS|TAMS 0x000000008c500000, 0x000000008c500000| Complete 
| 198|0x000000008c600000, 0x000000008c700000, 0x000000008c700000|100%| E|CS|TAMS 0x000000008c600000, 0x000000008c600000| Complete 
| 199|0x000000008c700000, 0x000000008c800000, 0x000000008c800000|100%| E|CS|TAMS 0x000000008c700000, 0x000000008c700000| Complete 
| 200|0x000000008c800000, 0x000000008c900000, 0x000000008c900000|100%| E|CS|TAMS 0x000000008c800000, 0x000000008c800000| Complete 
| 201|0x000000008c900000, 0x000000008ca00000, 0x000000008ca00000|100%| E|CS|TAMS 0x000000008c900000, 0x000000008c900000| Complete 
| 202|0x000000008ca00000, 0x000000008cb00000, 0x000000008cb00000|100%| E|CS|TAMS 0x000000008ca00000, 0x000000008ca00000| Complete 
| 203|0x000000008cb00000, 0x000000008cc00000, 0x000000008cc00000|100%| E|CS|TAMS 0x000000008cb00000, 0x000000008cb00000| Complete 
| 204|0x000000008cc00000, 0x000000008cd00000, 0x000000008cd00000|100%| E|CS|TAMS 0x000000008cc00000, 0x000000008cc00000| Complete 
| 205|0x000000008cd00000, 0x000000008ce00000, 0x000000008ce00000|100%| E|CS|TAMS 0x000000008cd00000, 0x000000008cd00000| Complete 
| 206|0x000000008ce00000, 0x000000008cf00000, 0x000000008cf00000|100%| E|CS|TAMS 0x000000008ce00000, 0x000000008ce00000| Complete 
| 207|0x000000008cf00000, 0x000000008d000000, 0x000000008d000000|100%| E|CS|TAMS 0x000000008cf00000, 0x000000008cf00000| Complete 
| 208|0x000000008d000000, 0x000000008d100000, 0x000000008d100000|100%| E|CS|TAMS 0x000000008d000000, 0x000000008d000000| Complete 
| 209|0x000000008d100000, 0x000000008d200000, 0x000000008d200000|100%| E|CS|TAMS 0x000000008d100000, 0x000000008d100000| Complete 
| 210|0x000000008d200000, 0x000000008d300000, 0x000000008d300000|100%| E|CS|TAMS 0x000000008d200000, 0x000000008d200000| Complete 
| 211|0x000000008d300000, 0x000000008d400000, 0x000000008d400000|100%| E|CS|TAMS 0x000000008d300000, 0x000000008d300000| Complete 
| 212|0x000000008d400000, 0x000000008d500000, 0x000000008d500000|100%| E|CS|TAMS 0x000000008d400000, 0x000000008d400000| Complete 
| 213|0x000000008d500000, 0x000000008d600000, 0x000000008d600000|100%| E|CS|TAMS 0x000000008d500000, 0x000000008d500000| Complete 
| 214|0x000000008d600000, 0x000000008d700000, 0x000000008d700000|100%| E|CS|TAMS 0x000000008d600000, 0x000000008d600000| Complete 
| 215|0x000000008d700000, 0x000000008d800000, 0x000000008d800000|100%| E|CS|TAMS 0x000000008d700000, 0x000000008d700000| Complete 
| 216|0x000000008d800000, 0x000000008d900000, 0x000000008d900000|100%| E|CS|TAMS 0x000000008d800000, 0x000000008d800000| Complete 
| 217|0x000000008d900000, 0x000000008da00000, 0x000000008da00000|100%| E|CS|TAMS 0x000000008d900000, 0x000000008d900000| Complete 
| 218|0x000000008da00000, 0x000000008db00000, 0x000000008db00000|100%| E|CS|TAMS 0x000000008da00000, 0x000000008da00000| Complete 
| 219|0x000000008db00000, 0x000000008dc00000, 0x000000008dc00000|100%| E|CS|TAMS 0x000000008db00000, 0x000000008db00000| Complete 
| 220|0x000000008dc00000, 0x000000008dd00000, 0x000000008dd00000|100%| E|CS|TAMS 0x000000008dc00000, 0x000000008dc00000| Complete 
| 221|0x000000008dd00000, 0x000000008de00000, 0x000000008de00000|100%| E|CS|TAMS 0x000000008dd00000, 0x000000008dd00000| Complete 
| 222|0x000000008de00000, 0x000000008df00000, 0x000000008df00000|100%| E|CS|TAMS 0x000000008de00000, 0x000000008de00000| Complete 
| 223|0x000000008df00000, 0x000000008e000000, 0x000000008e000000|100%| E|CS|TAMS 0x000000008df00000, 0x000000008df00000| Complete 
| 224|0x000000008e000000, 0x000000008e100000, 0x000000008e100000|100%| E|  |TAMS 0x000000008e000000, 0x000000008e000000| Complete 
| 225|0x000000008e100000, 0x000000008e200000, 0x000000008e200000|100%| E|CS|TAMS 0x000000008e100000, 0x000000008e100000| Complete 
| 226|0x000000008e200000, 0x000000008e300000, 0x000000008e300000|100%| E|CS|TAMS 0x000000008e200000, 0x000000008e200000| Complete 
| 227|0x000000008e300000, 0x000000008e400000, 0x000000008e400000|100%| E|CS|TAMS 0x000000008e300000, 0x000000008e300000| Complete 
| 228|0x000000008e400000, 0x000000008e500000, 0x000000008e500000|100%| E|CS|TAMS 0x000000008e400000, 0x000000008e400000| Complete 
| 229|0x000000008e500000, 0x000000008e600000, 0x000000008e600000|100%| E|CS|TAMS 0x000000008e500000, 0x000000008e500000| Complete 
| 230|0x000000008e600000, 0x000000008e700000, 0x000000008e700000|100%| E|CS|TAMS 0x000000008e600000, 0x000000008e600000| Complete 
| 231|0x000000008e700000, 0x000000008e800000, 0x000000008e800000|100%| E|CS|TAMS 0x000000008e700000, 0x000000008e700000| Complete 
| 232|0x000000008e800000, 0x000000008e900000, 0x000000008e900000|100%| E|CS|TAMS 0x000000008e800000, 0x000000008e800000| Complete 
| 233|0x000000008e900000, 0x000000008ea00000, 0x000000008ea00000|100%| E|CS|TAMS 0x000000008e900000, 0x000000008e900000| Complete 
| 234|0x000000008ea00000, 0x000000008eb00000, 0x000000008eb00000|100%| E|CS|TAMS 0x000000008ea00000, 0x000000008ea00000| Complete 
| 235|0x000000008eb00000, 0x000000008ec00000, 0x000000008ec00000|100%| E|CS|TAMS 0x000000008eb00000, 0x000000008eb00000| Complete 
| 236|0x000000008ec00000, 0x000000008ed00000, 0x000000008ed00000|100%| E|CS|TAMS 0x000000008ec00000, 0x000000008ec00000| Complete 
| 237|0x000000008ed00000, 0x000000008ee00000, 0x000000008ee00000|100%| E|CS|TAMS 0x000000008ed00000, 0x000000008ed00000| Complete 
| 238|0x000000008ee00000, 0x000000008ef00000, 0x000000008ef00000|100%| E|CS|TAMS 0x000000008ee00000, 0x000000008ee00000| Complete 
| 239|0x000000008ef00000, 0x000000008f000000, 0x000000008f000000|100%| E|CS|TAMS 0x000000008ef00000, 0x000000008ef00000| Complete 
| 240|0x000000008f000000, 0x000000008f100000, 0x000000008f100000|100%| E|CS|TAMS 0x000000008f000000, 0x000000008f000000| Complete 
| 241|0x000000008f100000, 0x000000008f200000, 0x000000008f200000|100%| E|CS|TAMS 0x000000008f100000, 0x000000008f100000| Complete 
| 242|0x000000008f200000, 0x000000008f300000, 0x000000008f300000|100%| E|CS|TAMS 0x000000008f200000, 0x000000008f200000| Complete 
| 243|0x000000008f300000, 0x000000008f400000, 0x000000008f400000|100%| E|CS|TAMS 0x000000008f300000, 0x000000008f300000| Complete 
| 244|0x000000008f400000, 0x000000008f500000, 0x000000008f500000|100%| E|CS|TAMS 0x000000008f400000, 0x000000008f400000| Complete 
| 245|0x000000008f500000, 0x000000008f600000, 0x000000008f600000|100%| E|CS|TAMS 0x000000008f500000, 0x000000008f500000| Complete 
| 246|0x000000008f600000, 0x000000008f700000, 0x000000008f700000|100%| E|CS|TAMS 0x000000008f600000, 0x000000008f600000| Complete 
| 247|0x000000008f700000, 0x000000008f800000, 0x000000008f800000|100%| E|CS|TAMS 0x000000008f700000, 0x000000008f700000| Complete 
| 248|0x000000008f800000, 0x000000008f900000, 0x000000008f900000|100%| E|CS|TAMS 0x000000008f800000, 0x000000008f800000| Complete 
| 249|0x000000008f900000, 0x000000008fa00000, 0x000000008fa00000|100%| E|CS|TAMS 0x000000008f900000, 0x000000008f900000| Complete 
| 250|0x000000008fa00000, 0x000000008fb00000, 0x000000008fb00000|100%| E|CS|TAMS 0x000000008fa00000, 0x000000008fa00000| Complete 
| 251|0x000000008fb00000, 0x000000008fc00000, 0x000000008fc00000|100%| E|CS|TAMS 0x000000008fb00000, 0x000000008fb00000| Complete 
| 252|0x000000008fc00000, 0x000000008fd00000, 0x000000008fd00000|100%| E|CS|TAMS 0x000000008fc00000, 0x000000008fc00000| Complete 
| 253|0x000000008fd00000, 0x000000008fe00000, 0x000000008fe00000|100%| E|CS|TAMS 0x000000008fd00000, 0x000000008fd00000| Complete 
| 254|0x000000008fe00000, 0x000000008ff00000, 0x000000008ff00000|100%| E|CS|TAMS 0x000000008fe00000, 0x000000008fe00000| Complete 
| 255|0x000000008ff00000, 0x0000000090000000, 0x0000000090000000|100%| E|CS|TAMS 0x000000008ff00000, 0x000000008ff00000| Complete 
| 256|0x0000000090000000, 0x0000000090100000, 0x0000000090100000|100%| E|CS|TAMS 0x0000000090000000, 0x0000000090000000| Complete 
| 257|0x0000000090100000, 0x0000000090200000, 0x0000000090200000|100%| E|CS|TAMS 0x0000000090100000, 0x0000000090100000| Complete 
| 258|0x0000000090200000, 0x0000000090300000, 0x0000000090300000|100%| E|CS|TAMS 0x0000000090200000, 0x0000000090200000| Complete 
| 259|0x0000000090300000, 0x0000000090400000, 0x0000000090400000|100%| E|CS|TAMS 0x0000000090300000, 0x0000000090300000| Complete 
| 260|0x0000000090400000, 0x0000000090500000, 0x0000000090500000|100%| E|CS|TAMS 0x0000000090400000, 0x0000000090400000| Complete 
| 261|0x0000000090500000, 0x0000000090600000, 0x0000000090600000|100%| E|CS|TAMS 0x0000000090500000, 0x0000000090500000| Complete 
| 262|0x0000000090600000, 0x0000000090700000, 0x0000000090700000|100%| E|CS|TAMS 0x0000000090600000, 0x0000000090600000| Complete 
| 263|0x0000000090700000, 0x0000000090800000, 0x0000000090800000|100%| E|CS|TAMS 0x0000000090700000, 0x0000000090700000| Complete 
| 264|0x0000000090800000, 0x0000000090900000, 0x0000000090900000|100%| E|CS|TAMS 0x0000000090800000, 0x0000000090800000| Complete 
| 265|0x0000000090900000, 0x0000000090a00000, 0x0000000090a00000|100%| E|CS|TAMS 0x0000000090900000, 0x0000000090900000| Complete 
| 266|0x0000000090a00000, 0x0000000090b00000, 0x0000000090b00000|100%| E|CS|TAMS 0x0000000090a00000, 0x0000000090a00000| Complete 
| 267|0x0000000090b00000, 0x0000000090c00000, 0x0000000090c00000|100%| E|CS|TAMS 0x0000000090b00000, 0x0000000090b00000| Complete 
| 268|0x0000000090c00000, 0x0000000090d00000, 0x0000000090d00000|100%| E|CS|TAMS 0x0000000090c00000, 0x0000000090c00000| Complete 
| 269|0x0000000090d00000, 0x0000000090e00000, 0x0000000090e00000|100%| E|CS|TAMS 0x0000000090d00000, 0x0000000090d00000| Complete 
| 270|0x0000000090e00000, 0x0000000090f00000, 0x0000000090f00000|100%| E|CS|TAMS 0x0000000090e00000, 0x0000000090e00000| Complete 
| 271|0x0000000090f00000, 0x0000000091000000, 0x0000000091000000|100%| E|CS|TAMS 0x0000000090f00000, 0x0000000090f00000| Complete 
| 272|0x0000000091000000, 0x0000000091100000, 0x0000000091100000|100%| E|CS|TAMS 0x0000000091000000, 0x0000000091000000| Complete 
| 273|0x0000000091100000, 0x0000000091200000, 0x0000000091200000|100%| E|CS|TAMS 0x0000000091100000, 0x0000000091100000| Complete 
| 274|0x0000000091200000, 0x0000000091300000, 0x0000000091300000|100%| E|CS|TAMS 0x0000000091200000, 0x0000000091200000| Complete 
| 275|0x0000000091300000, 0x0000000091400000, 0x0000000091400000|100%| E|CS|TAMS 0x0000000091300000, 0x0000000091300000| Complete 
| 276|0x0000000091400000, 0x0000000091500000, 0x0000000091500000|100%| E|CS|TAMS 0x0000000091400000, 0x0000000091400000| Complete 
| 277|0x0000000091500000, 0x0000000091600000, 0x0000000091600000|100%| E|CS|TAMS 0x0000000091500000, 0x0000000091500000| Complete 
| 278|0x0000000091600000, 0x0000000091700000, 0x0000000091700000|100%| E|CS|TAMS 0x0000000091600000, 0x0000000091600000| Complete 
| 279|0x0000000091700000, 0x0000000091800000, 0x0000000091800000|100%| E|CS|TAMS 0x0000000091700000, 0x0000000091700000| Complete 
| 280|0x0000000091800000, 0x0000000091900000, 0x0000000091900000|100%| E|CS|TAMS 0x0000000091800000, 0x0000000091800000| Complete 
| 281|0x0000000091900000, 0x0000000091a00000, 0x0000000091a00000|100%| E|CS|TAMS 0x0000000091900000, 0x0000000091900000| Complete 
| 282|0x0000000091a00000, 0x0000000091b00000, 0x0000000091b00000|100%| E|CS|TAMS 0x0000000091a00000, 0x0000000091a00000| Complete 
| 283|0x0000000091b00000, 0x0000000091c00000, 0x0000000091c00000|100%| E|CS|TAMS 0x0000000091b00000, 0x0000000091b00000| Complete 
| 284|0x0000000091c00000, 0x0000000091d00000, 0x0000000091d00000|100%| E|CS|TAMS 0x0000000091c00000, 0x0000000091c00000| Complete 
| 285|0x0000000091d00000, 0x0000000091e00000, 0x0000000091e00000|100%| E|CS|TAMS 0x0000000091d00000, 0x0000000091d00000| Complete 
| 286|0x0000000091e00000, 0x0000000091f00000, 0x0000000091f00000|100%| E|CS|TAMS 0x0000000091e00000, 0x0000000091e00000| Complete 
| 287|0x0000000091f00000, 0x0000000092000000, 0x0000000092000000|100%| E|CS|TAMS 0x0000000091f00000, 0x0000000091f00000| Complete 

Card table byte_map: [0x00000244f28e0000,0x00000244f2ce0000] _byte_map_base: 0x00000244f24e0000

Marking Bits (Prev, Next): (CMBitMap*) 0x00000244db9ffb40, (CMBitMap*) 0x00000244db9ffb00
 Prev Bits: [0x00000244f50e0000, 0x00000244f70e0000)
 Next Bits: [0x00000244f30e0000, 0x00000244f50e0000)

Polling page: 0x00000244d97d0000

Metaspace:

Usage:
  Non-class:     66.77 MB used.
      Class:     10.81 MB used.
       Both:     77.58 MB used.

Virtual space:
  Non-class space:      128.00 MB reserved,      67.25 MB ( 53%) committed,  2 nodes.
      Class space:      416.00 MB reserved,      11.19 MB (  3%) committed,  1 nodes.
             Both:      544.00 MB reserved,      78.44 MB ( 14%) committed. 

Chunk freelists:
   Non-Class:  12.64 MB
       Class:  4.75 MB
        Both:  17.39 MB

MaxMetaspaceSize: 512.00 MB
CompressedClassSpaceSize: 416.00 MB
Initial GC threshold: 21.00 MB
Current GC threshold: 118.06 MB
CDS: on
MetaspaceReclaimPolicy: balanced
 - commit_granule_bytes: 65536.
 - commit_granule_words: 8192.
 - virtual_space_node_default_size: 8388608.
 - enlarge_chunks_in_place: 1.
 - new_chunks_are_fully_committed: 0.
 - uncommit_free_chunks: 1.
 - use_allocation_guard: 0.
 - handle_deallocations: 1.


Internal statistics:

num_allocs_failed_limit: 9.
num_arena_births: 1132.
num_arena_deaths: 0.
num_vsnodes_births: 3.
num_vsnodes_deaths: 0.
num_space_committed: 1255.
num_space_uncommitted: 0.
num_chunks_returned_to_freelist: 9.
num_chunks_taken_from_freelist: 4625.
num_chunk_merges: 9.
num_chunk_splits: 2946.
num_chunks_enlarged: 1850.
num_inconsistent_stats: 0.

CodeHeap 'non-profiled nmethods': size=120000Kb used=5766Kb max_used=5821Kb free=114233Kb
 bounds [0x00000244eafb0000, 0x00000244eb560000, 0x00000244f24e0000]
CodeHeap 'profiled nmethods': size=120000Kb used=17933Kb max_used=19299Kb free=102066Kb
 bounds [0x00000244e34e0000, 0x00000244e47c0000, 0x00000244eaa10000]
CodeHeap 'non-nmethods': size=5760Kb used=2393Kb max_used=2472Kb free=3366Kb
 bounds [0x00000244eaa10000, 0x00000244eaca0000, 0x00000244eafb0000]
 total_blobs=10545 nmethods=9620 adapters=837
 compilation: enabled
              stopped_count=0, restarted_count=0
 full_count=0

Compilation events (20 events):
Event: 27.338 Thread 0x00000244f95a2530 11214       3       org.objectweb.asm.SymbolTable::put (150 bytes)
Event: 27.339 Thread 0x00000244f95a2530 nmethod 11214 0x00000244e3848790 code [0x00000244e3848980, 0x00000244e38491f8]
Event: 27.339 Thread 0x00000244f95a2530 11215       1       org.objectweb.asm.SymbolTable::getMajorVersion (5 bytes)
Event: 27.339 Thread 0x00000244f95a2530 nmethod 11215 0x00000244eb00e810 code [0x00000244eb00e9a0, 0x00000244eb00ea78]
Event: 27.341 Thread 0x00000244f95a2530 11216       3       org.gradle.internal.instantiation.generator.AsmBackedClassGenerator$ClassBuilderImpl::applyConventionMappingToSetter (15 bytes)
Event: 27.341 Thread 0x00000244f95a2530 nmethod 11216 0x00000244e3cc5290 code [0x00000244e3cc5440, 0x00000244e3cc55e8]
Event: 27.343 Thread 0x00000244f95a2530 11217       3       org.objectweb.asm.Type::getDescriptor (18 bytes)
Event: 27.343 Thread 0x00000244f95a2530 nmethod 11217 0x00000244e3d8b410 code [0x00000244e3d8b600, 0x00000244e3d8ba38]
Event: 27.343 Thread 0x00000244f95a2530 11218       3       org.objectweb.asm.SymbolTable$Entry::<init> (17 bytes)
Event: 27.344 Thread 0x00000244f95a2530 nmethod 11218 0x00000244e3d70b10 code [0x00000244e3d70cc0, 0x00000244e3d70e48]
Event: 27.344 Thread 0x00000244f95a2530 11219       3       org.objectweb.asm.ByteVector::put12 (64 bytes)
Event: 27.344 Thread 0x00000244f95a2530 nmethod 11219 0x00000244e3ed7a90 code [0x00000244e3ed7c40, 0x00000244e3ed7e68]
Event: 27.345 Thread 0x00000244f95a2530 11220       3       org.gradle.internal.instantiation.generator.AsmBackedClassGenerator$ClassBuilderImpl::mixInDynamicAware (69 bytes)
Event: 27.346 Thread 0x00000244f95a2530 nmethod 11220 0x00000244e3df2a10 code [0x00000244e3df2cc0, 0x00000244e3df3b18]
Event: 27.348 Thread 0x00000244f95a2530 11221       3       org.objectweb.asm.Type::getArgumentTypes (94 bytes)
Event: 27.350 Thread 0x00000244f95a2530 nmethod 11221 0x00000244e3e3f790 code [0x00000244e3e3fae0, 0x00000244e3e411f8]
Event: 27.350 Thread 0x00000244f95a2530 11222       3       org.objectweb.asm.Type::getArgumentCount (67 bytes)
Event: 27.351 Thread 0x00000244f95a2530 nmethod 11222 0x00000244e378fb10 code [0x00000244e378fe40, 0x00000244e3791258]
Event: 27.351 Thread 0x00000244f95a2530 11223       3       org.objectweb.asm.Type::getInternalName (16 bytes)
Event: 27.351 Thread 0x00000244f95a2530 nmethod 11223 0x00000244e3e8d310 code [0x00000244e3e8d4c0, 0x00000244e3e8d608]

GC Heap History (20 events):
Event: 15.490 GC heap before
{Heap before GC invocations=14 (full 0):
 garbage-first heap   total 153600K, used 120055K [0x0000000080000000, 0x0000000100000000)
  region size 1024K, 87 young (89088K), 8 survivors (8192K)
 Metaspace       used 55199K, committed 55744K, reserved 491520K
  class space    used 7835K, committed 8064K, reserved 425984K
}
Event: 15.507 GC heap after
{Heap after GC invocations=15 (full 0):
 garbage-first heap   total 153600K, used 43238K [0x0000000080000000, 0x0000000100000000)
  region size 1024K, 10 young (10240K), 10 survivors (10240K)
 Metaspace       used 55199K, committed 55744K, reserved 491520K
  class space    used 7835K, committed 8064K, reserved 425984K
}
Event: 17.944 GC heap before
{Heap before GC invocations=15 (full 0):
 garbage-first heap   total 153600K, used 107750K [0x0000000080000000, 0x0000000100000000)
  region size 1024K, 63 young (64512K), 10 survivors (10240K)
 Metaspace       used 59907K, committed 60480K, reserved 491520K
  class space    used 8497K, committed 8768K, reserved 425984K
}
Event: 17.971 GC heap after
{Heap after GC invocations=16 (full 0):
 garbage-first heap   total 153600K, used 59978K [0x0000000080000000, 0x0000000100000000)
  region size 1024K, 5 young (5120K), 5 survivors (5120K)
 Metaspace       used 59907K, committed 60480K, reserved 491520K
  class space    used 8497K, committed 8768K, reserved 425984K
}
Event: 20.507 GC heap before
{Heap before GC invocations=17 (full 0):
 garbage-first heap   total 153600K, used 122442K [0x0000000080000000, 0x0000000100000000)
  region size 1024K, 66 young (67584K), 5 survivors (5120K)
 Metaspace       used 62841K, committed 63488K, reserved 491520K
  class space    used 8912K, committed 9216K, reserved 425984K
}
Event: 20.517 GC heap after
{Heap after GC invocations=18 (full 0):
 garbage-first heap   total 153600K, used 64074K [0x0000000080000000, 0x0000000100000000)
  region size 1024K, 9 young (9216K), 9 survivors (9216K)
 Metaspace       used 62841K, committed 63488K, reserved 491520K
  class space    used 8912K, committed 9216K, reserved 425984K
}
Event: 21.988 GC heap before
{Heap before GC invocations=18 (full 0):
 garbage-first heap   total 153600K, used 123466K [0x0000000080000000, 0x0000000100000000)
  region size 1024K, 67 young (68608K), 9 survivors (9216K)
 Metaspace       used 65909K, committed 66624K, reserved 491520K
  class space    used 9339K, committed 9664K, reserved 425984K
}
Event: 22.006 GC heap after
{Heap after GC invocations=19 (full 0):
 garbage-first heap   total 153600K, used 68030K [0x0000000080000000, 0x0000000100000000)
  region size 1024K, 6 young (6144K), 6 survivors (6144K)
 Metaspace       used 65909K, committed 66624K, reserved 491520K
  class space    used 9339K, committed 9664K, reserved 425984K
}
Event: 23.218 GC heap before
{Heap before GC invocations=19 (full 0):
 garbage-first heap   total 153600K, used 123326K [0x0000000080000000, 0x0000000100000000)
  region size 1024K, 60 young (61440K), 6 survivors (6144K)
 Metaspace       used 69744K, committed 70592K, reserved 491520K
  class space    used 9961K, committed 10368K, reserved 425984K
}
Event: 23.232 GC heap after
{Heap after GC invocations=20 (full 0):
 garbage-first heap   total 153600K, used 72525K [0x0000000080000000, 0x0000000100000000)
  region size 1024K, 6 young (6144K), 6 survivors (6144K)
 Metaspace       used 69744K, committed 70592K, reserved 491520K
  class space    used 9961K, committed 10368K, reserved 425984K
}
Event: 24.122 GC heap before
{Heap before GC invocations=20 (full 0):
 garbage-first heap   total 153600K, used 122701K [0x0000000080000000, 0x0000000100000000)
  region size 1024K, 55 young (56320K), 6 survivors (6144K)
 Metaspace       used 71447K, committed 72320K, reserved 491520K
  class space    used 10145K, committed 10560K, reserved 425984K
}
Event: 24.138 GC heap after
{Heap after GC invocations=21 (full 0):
 garbage-first heap   total 153600K, used 78618K [0x0000000080000000, 0x0000000100000000)
  region size 1024K, 7 young (7168K), 7 survivors (7168K)
 Metaspace       used 71447K, committed 72320K, reserved 491520K
  class space    used 10145K, committed 10560K, reserved 425984K
}
Event: 24.594 GC heap before
{Heap before GC invocations=21 (full 0):
 garbage-first heap   total 153600K, used 120602K [0x0000000080000000, 0x0000000100000000)
  region size 1024K, 49 young (50176K), 7 survivors (7168K)
 Metaspace       used 71659K, committed 72512K, reserved 491520K
  class space    used 10147K, committed 10560K, reserved 425984K
}
Event: 24.607 GC heap after
{Heap after GC invocations=22 (full 0):
 garbage-first heap   total 153600K, used 81222K [0x0000000080000000, 0x0000000100000000)
  region size 1024K, 5 young (5120K), 5 survivors (5120K)
 Metaspace       used 71659K, committed 72512K, reserved 491520K
  class space    used 10147K, committed 10560K, reserved 425984K
}
Event: 24.972 GC heap before
{Heap before GC invocations=23 (full 0):
 garbage-first heap   total 163840K, used 122182K [0x0000000080000000, 0x0000000100000000)
  region size 1024K, 46 young (47104K), 5 survivors (5120K)
 Metaspace       used 71690K, committed 72512K, reserved 491520K
  class space    used 10147K, committed 10560K, reserved 425984K
}
Event: 24.981 GC heap after
{Heap after GC invocations=24 (full 0):
 garbage-first heap   total 163840K, used 82586K [0x0000000080000000, 0x0000000100000000)
  region size 1024K, 4 young (4096K), 4 survivors (4096K)
 Metaspace       used 71690K, committed 72512K, reserved 491520K
  class space    used 10147K, committed 10560K, reserved 425984K
}
Event: 25.011 GC heap before
{Heap before GC invocations=24 (full 0):
 garbage-first heap   total 163840K, used 85658K [0x0000000080000000, 0x0000000100000000)
  region size 1024K, 8 young (8192K), 4 survivors (4096K)
 Metaspace       used 71691K, committed 72512K, reserved 491520K
  class space    used 10147K, committed 10560K, reserved 425984K
}
Event: 25.018 GC heap after
{Heap after GC invocations=25 (full 0):
 garbage-first heap   total 163840K, used 81920K [0x0000000080000000, 0x0000000100000000)
  region size 1024K, 1 young (1024K), 1 survivors (1024K)
 Metaspace       used 71691K, committed 72512K, reserved 491520K
  class space    used 10147K, committed 10560K, reserved 425984K
}
Event: 25.366 GC heap before
{Heap before GC invocations=25 (full 0):
 garbage-first heap   total 163840K, used 132096K [0x0000000080000000, 0x0000000100000000)
  region size 1024K, 50 young (51200K), 1 survivors (1024K)
 Metaspace       used 71693K, committed 72512K, reserved 491520K
  class space    used 10147K, committed 10560K, reserved 425984K
}
Event: 25.375 GC heap after
{Heap after GC invocations=26 (full 0):
 garbage-first heap   total 294912K, used 84326K [0x0000000080000000, 0x0000000100000000)
  region size 1024K, 4 young (4096K), 4 survivors (4096K)
 Metaspace       used 71693K, committed 72512K, reserved 491520K
  class space    used 10147K, committed 10560K, reserved 425984K
}

Dll operation events (15 events):
Event: 0.016 Loaded shared library C:\Program Files\Microsoft\jdk-17.0.13.11-hotspot\bin\java.dll
Event: 0.040 Loaded shared library C:\Program Files\Microsoft\jdk-17.0.13.11-hotspot\bin\jsvml.dll
Event: 0.122 Loaded shared library C:\Program Files\Microsoft\jdk-17.0.13.11-hotspot\bin\zip.dll
Event: 0.128 Loaded shared library C:\Program Files\Microsoft\jdk-17.0.13.11-hotspot\bin\instrument.dll
Event: 0.133 Loaded shared library C:\Program Files\Microsoft\jdk-17.0.13.11-hotspot\bin\net.dll
Event: 0.134 Loaded shared library C:\Program Files\Microsoft\jdk-17.0.13.11-hotspot\bin\nio.dll
Event: 0.137 Loaded shared library C:\Program Files\Microsoft\jdk-17.0.13.11-hotspot\bin\zip.dll
Event: 0.511 Loaded shared library C:\Program Files\Microsoft\jdk-17.0.13.11-hotspot\bin\jimage.dll
Event: 0.736 Loaded shared library C:\Program Files\Microsoft\jdk-17.0.13.11-hotspot\bin\verify.dll
Event: 0.950 Loaded shared library C:\Users\aliah\.gradle\native\c067742578af261105cb4f569cf0c3c89f3d7b1fecec35dd04571415982c5e48\windows-amd64\native-platform.dll
Event: 0.970 Loaded shared library C:\Users\aliah\.gradle\native\100fb08df4bc3b14c8652ba06237920a3bd2aa13389f12d3474272988ae205f9\windows-amd64\native-platform-file-events.dll
Event: 2.546 Loaded shared library C:\Program Files\Microsoft\jdk-17.0.13.11-hotspot\bin\management.dll
Event: 2.552 Loaded shared library C:\Program Files\Microsoft\jdk-17.0.13.11-hotspot\bin\management_ext.dll
Event: 2.833 Loaded shared library C:\Program Files\Microsoft\jdk-17.0.13.11-hotspot\bin\extnet.dll
Event: 3.128 Loaded shared library C:\Program Files\Microsoft\jdk-17.0.13.11-hotspot\bin\sunmscapi.dll

Deoptimization events (20 events):
Event: 27.089 Thread 0x000002449b05d890 DEOPT PACKING pc=0x00000244e3cbcd1c sp=0x000000897abee860
Event: 27.089 Thread 0x000002449b05d890 DEOPT UNPACKING pc=0x00000244eaa67143 sp=0x000000897abedce0 mode 0
Event: 27.090 Thread 0x000002449b05d890 DEOPT PACKING pc=0x00000244e3cbcd1c sp=0x000000897abeeab0
Event: 27.090 Thread 0x000002449b05d890 DEOPT UNPACKING pc=0x00000244eaa67143 sp=0x000000897abedf30 mode 0
Event: 27.101 Thread 0x000002449b05d890 Uncommon trap: trap_request=0xffffff45 fr.pc=0x00000244eb3266d0 relative=0x00000000000000b0
Event: 27.101 Thread 0x000002449b05d890 Uncommon trap: reason=unstable_if action=reinterpret pc=0x00000244eb3266d0 method=java.security.CodeSource.matchCerts(Ljava/security/CodeSource;Z)Z @ 11 c2
Event: 27.101 Thread 0x000002449b05d890 DEOPT PACKING pc=0x00000244eb3266d0 sp=0x000000897abed630
Event: 27.101 Thread 0x000002449b05d890 DEOPT UNPACKING pc=0x00000244eaa669a3 sp=0x000000897abed5c8 mode 2
Event: 27.235 Thread 0x000002449b05d890 Uncommon trap: trap_request=0xffffff45 fr.pc=0x00000244eb059458 relative=0x0000000000002a98
Event: 27.235 Thread 0x000002449b05d890 Uncommon trap: reason=unstable_if action=reinterpret pc=0x00000244eb059458 method=java.util.regex.Pattern.has(I)Z @ 6 c2
Event: 27.235 Thread 0x000002449b05d890 DEOPT PACKING pc=0x00000244eb059458 sp=0x000000897abf2620
Event: 27.235 Thread 0x000002449b05d890 DEOPT UNPACKING pc=0x00000244eaa669a3 sp=0x000000897abf25a0 mode 2
Event: 27.278 Thread 0x000002449b05d890 Uncommon trap: trap_request=0xffffff45 fr.pc=0x00000244eb431e90 relative=0x0000000000008e30
Event: 27.278 Thread 0x000002449b05d890 Uncommon trap: reason=unstable_if action=reinterpret pc=0x00000244eb431e90 method=org.gradle.internal.instantiation.generator.AbstractClassGenerator$PropertyMetadata.addGetter(Lorg/gradle/internal/instantiation/generator/AbstractClassGenerator$MethodMetad
Event: 27.278 Thread 0x000002449b05d890 DEOPT PACKING pc=0x00000244eb431e90 sp=0x000000897abf3620
Event: 27.278 Thread 0x000002449b05d890 DEOPT UNPACKING pc=0x00000244eaa669a3 sp=0x000000897abf3538 mode 2
Event: 27.285 Thread 0x000002449b05d890 Uncommon trap: trap_request=0xffffff45 fr.pc=0x00000244eb3f1b8c relative=0x00000000000006ac
Event: 27.285 Thread 0x000002449b05d890 Uncommon trap: reason=unstable_if action=reinterpret pc=0x00000244eb3f1b8c method=java.lang.CharacterDataLatin1.isUpperCase(I)Z @ 7 c2
Event: 27.285 Thread 0x000002449b05d890 DEOPT PACKING pc=0x00000244eb3f1b8c sp=0x000000897abf2640
Event: 27.285 Thread 0x000002449b05d890 DEOPT UNPACKING pc=0x00000244eaa669a3 sp=0x000000897abf24f8 mode 2

Classes loaded (20 events):
Event: 27.026 Loading class java/security/interfaces/XECKey
Event: 27.026 Loading class java/security/interfaces/XECKey done
Event: 27.026 Loading class sun/security/util/KeyUtil
Event: 27.026 Loading class sun/security/util/KeyUtil done
Event: 27.026 Loading class sun/security/util/Length
Event: 27.027 Loading class sun/security/util/Length done
Event: 27.027 Loading class javax/crypto/SecretKey
Event: 27.027 Loading class javax/crypto/SecretKey done
Event: 27.027 Loading class java/util/Base64
Event: 27.028 Loading class java/util/Base64 done
Event: 27.028 Loading class java/util/Base64$Decoder
Event: 27.028 Loading class java/util/Base64$Decoder done
Event: 27.028 Loading class java/util/Base64$Encoder
Event: 27.028 Loading class java/util/Base64$Encoder done
Event: 27.030 Loading class java/util/jar/JarVerifier$VerifierStream
Event: 27.030 Loading class java/util/jar/JarVerifier$VerifierStream done
Event: 27.030 Loading class sun/security/util/ManifestEntryVerifier$SunProviderHolder
Event: 27.030 Loading class sun/security/util/ManifestEntryVerifier$SunProviderHolder done
Event: 27.101 Loading class java/security/KeyStore$ProtectionParameter
Event: 27.101 Loading class java/security/KeyStore$ProtectionParameter done

Classes unloaded (0 events):
No events

Classes redefined (0 events):
No events

Internal exceptions (20 events):
Event: 23.727 Thread 0x000002449b05d890 Exception <a 'java/lang/ClassNotFoundException'{0x0000000087297c40}: org/gradle/api/internal/artifacts/dsl/DefaultRepositoryHandlerCustomizer> (0x0000000087297c40) 
thrown [s\src\hotspot\share\classfile\systemDictionary.cpp, line 256]
Event: 23.729 Thread 0x000002449b05d890 Exception <a 'java/lang/ClassNotFoundException'{0x00000000872d0310}: org/gradle/api/internal/artifacts/dsl/DefaultRepositoryHandler_DecoratedCustomizer> (0x00000000872d0310) 
thrown [s\src\hotspot\share\classfile\systemDictionary.cpp, line 256]
Event: 23.739 Thread 0x000002449b05d890 Exception <a 'java/lang/ClassNotFoundException'{0x0000000087175068}: org/gradle/api/internal/artifacts/dsl/dependencies/DefaultDependencyHandler_DecoratedBeanInfo> (0x0000000087175068) 
thrown [s\src\hotspot\share\classfile\systemDictionary.cpp, line 256]
Event: 23.740 Thread 0x000002449b05d890 Exception <a 'java/lang/ClassNotFoundException'{0x000000008718d520}: org/gradle/api/internal/artifacts/dsl/dependencies/DefaultDependencyHandlerBeanInfo> (0x000000008718d520) 
thrown [s\src\hotspot\share\classfile\systemDictionary.cpp, line 256]
Event: 23.741 Thread 0x000002449b05d890 Exception <a 'java/lang/ClassNotFoundException'{0x00000000871a4c98}: org/gradle/api/internal/artifacts/dsl/dependencies/DefaultDependencyHandlerCustomizer> (0x00000000871a4c98) 
thrown [s\src\hotspot\share\classfile\systemDictionary.cpp, line 256]
Event: 23.742 Thread 0x000002449b05d890 Exception <a 'java/lang/ClassNotFoundException'{0x00000000871e4888}: org/gradle/api/internal/artifacts/dsl/dependencies/DefaultDependencyHandler_DecoratedCustomizer> (0x00000000871e4888) 
thrown [s\src\hotspot\share\classfile\systemDictionary.cpp, line 256]
Event: 24.262 Thread 0x000002449dbd1590 Exception <a 'sun/nio/fs/WindowsException'{0x0000000088dd15a8}> (0x0000000088dd15a8) 
thrown [s\src\hotspot\share\prims\jni.cpp, line 516]
Event: 24.262 Thread 0x000002449dbd1590 Exception <a 'sun/nio/fs/WindowsException'{0x0000000088dd5440}> (0x0000000088dd5440) 
thrown [s\src\hotspot\share\prims\jni.cpp, line 516]
Event: 24.263 Thread 0x000002449dbd1590 Exception <a 'sun/nio/fs/WindowsException'{0x0000000088dd7700}> (0x0000000088dd7700) 
thrown [s\src\hotspot\share\prims\jni.cpp, line 516]
Event: 24.263 Thread 0x000002449dbd1590 Exception <a 'sun/nio/fs/WindowsException'{0x0000000088dd9668}> (0x0000000088dd9668) 
thrown [s\src\hotspot\share\prims\jni.cpp, line 516]
Event: 24.637 Thread 0x000002449c95d1b0 Implicit null exception at 0x00000244eb52ae4a to 0x00000244eb52b538
Event: 25.676 Thread 0x000002449b05d890 Exception <a 'java/lang/ClassNotFoundException'{0x00000000909ce578}: build_y4khev8a6w39xsonmyszzc9nBeanInfo> (0x00000000909ce578) 
thrown [s\src\hotspot\share\classfile\systemDictionary.cpp, line 256]
Event: 25.677 Thread 0x000002449b05d890 Exception <a 'java/lang/ClassNotFoundException'{0x00000000909d5798}: build_y4khev8a6w39xsonmyszzc9nCustomizer> (0x00000000909d5798) 
thrown [s\src\hotspot\share\classfile\systemDictionary.cpp, line 256]
Event: 25.795 Thread 0x000002449b05d890 Exception <a 'java/lang/ClassNotFoundException'{0x00000000902fc4c8}: org/gradle/api/internal/plugins/DefaultObjectConfigurationActionBeanInfo> (0x00000000902fc4c8) 
thrown [s\src\hotspot\share\classfile\systemDictionary.cpp, line 256]
Event: 25.796 Thread 0x000002449b05d890 Exception <a 'java/lang/ClassNotFoundException'{0x0000000090110db8}: org/gradle/api/internal/plugins/DefaultObjectConfigurationActionCustomizer> (0x0000000090110db8) 
thrown [s\src\hotspot\share\classfile\systemDictionary.cpp, line 256]
Event: 25.821 Thread 0x000002449b05d890 Exception <a 'java/lang/ClassNotFoundException'{0x000000008ff184a8}: build_355onqq6xzvp62zsbq3zgea6uBeanInfo> (0x000000008ff184a8) 
thrown [s\src\hotspot\share\classfile\systemDictionary.cpp, line 256]
Event: 25.822 Thread 0x000002449b05d890 Exception <a 'java/lang/ClassNotFoundException'{0x000000008ff253f8}: build_355onqq6xzvp62zsbq3zgea6uCustomizer> (0x000000008ff253f8) 
thrown [s\src\hotspot\share\classfile\systemDictionary.cpp, line 256]
Event: 26.967 Thread 0x000002449b05d890 Implicit null exception at 0x00000244eb1d748c to 0x00000244eb1d75c2
Event: 27.071 Thread 0x000002449b05d890 Implicit null exception at 0x00000244eb0854ca to 0x00000244eb085d54
Event: 27.103 Thread 0x000002449b05d890 Exception <a 'sun/nio/fs/WindowsException'{0x000000008b0c5438}> (0x000000008b0c5438) 
thrown [s\src\hotspot\share\prims\jni.cpp, line 516]

VM Operations (20 events):
Event: 25.222 Executing VM operation: HandshakeAllThreads
Event: 25.222 Executing VM operation: HandshakeAllThreads done
Event: 25.255 Executing VM operation: HandshakeAllThreads
Event: 25.264 Executing VM operation: HandshakeAllThreads done
Event: 25.366 Executing VM operation: G1CollectForAllocation
Event: 25.375 Executing VM operation: G1CollectForAllocation done
Event: 25.567 Executing VM operation: G1PauseRemark
Event: 25.573 Executing VM operation: G1PauseRemark done
Event: 25.653 Executing VM operation: G1PauseCleanup
Event: 25.653 Executing VM operation: G1PauseCleanup done
Event: 25.717 Executing VM operation: HandshakeAllThreads
Event: 25.717 Executing VM operation: HandshakeAllThreads done
Event: 26.732 Executing VM operation: Cleanup
Event: 26.733 Executing VM operation: Cleanup done
Event: 26.928 Executing VM operation: HandshakeAllThreads
Event: 26.928 Executing VM operation: HandshakeAllThreads done
Event: 26.979 Executing VM operation: HandshakeAllThreads
Event: 26.979 Executing VM operation: HandshakeAllThreads done
Event: 26.980 Executing VM operation: HandshakeAllThreads
Event: 26.980 Executing VM operation: HandshakeAllThreads done

Memory protections (0 events):
No events

Nmethod flushes (20 events):
Event: 25.280 Thread 0x00000244f95c16c0 flushing  nmethod 0x00000244e43b7a90
Event: 25.280 Thread 0x00000244f95c16c0 flushing  nmethod 0x00000244e43cbd10
Event: 25.280 Thread 0x00000244f95c16c0 flushing  nmethod 0x00000244e43ec410
Event: 25.280 Thread 0x00000244f95c16c0 flushing  nmethod 0x00000244e43edf90
Event: 25.280 Thread 0x00000244f95c16c0 flushing  nmethod 0x00000244e43f4d90
Event: 25.280 Thread 0x00000244f95c16c0 flushing  nmethod 0x00000244e43f8b90
Event: 25.280 Thread 0x00000244f95c16c0 flushing  nmethod 0x00000244e43feb10
Event: 25.280 Thread 0x00000244f95c16c0 flushing  nmethod 0x00000244e4401710
Event: 25.280 Thread 0x00000244f95c16c0 flushing  nmethod 0x00000244e4414c10
Event: 25.280 Thread 0x00000244f95c16c0 flushing  nmethod 0x00000244e4423a90
Event: 25.280 Thread 0x00000244f95c16c0 flushing  nmethod 0x00000244e4425590
Event: 25.280 Thread 0x00000244f95c16c0 flushing  nmethod 0x00000244e4481410
Event: 25.280 Thread 0x00000244f95c16c0 flushing  nmethod 0x00000244e4490510
Event: 25.281 Thread 0x00000244f95c16c0 flushing  nmethod 0x00000244e44c6390
Event: 25.281 Thread 0x00000244f95c16c0 flushing  nmethod 0x00000244e4516910
Event: 25.281 Thread 0x00000244f95c16c0 flushing  nmethod 0x00000244e453b810
Event: 25.282 Thread 0x00000244f95c16c0 flushing  nmethod 0x00000244e4643010
Event: 25.282 Thread 0x00000244f95c16c0 flushing  nmethod 0x00000244e46a3810
Event: 25.282 Thread 0x00000244f95c16c0 flushing  nmethod 0x00000244e46ba410
Event: 25.282 Thread 0x00000244f95c16c0 flushing  nmethod 0x00000244e4736190

Events (20 events):
Event: 23.104 Thread 0x000002449c95c280 Thread added: 0x000002449d0956a0
Event: 23.105 Thread 0x000002449c95c280 Thread added: 0x000002449d097f20
Event: 23.238 Thread 0x000002449b05d890 Thread added: 0x000002449d092910
Event: 23.239 Thread 0x000002449b05d890 Thread added: 0x000002449d092400
Event: 23.239 Thread 0x000002449b05d890 Thread added: 0x000002449d093d50
Event: 23.255 Thread 0x000002449b05d890 Thread added: 0x000002449d0919e0
Event: 23.255 Thread 0x000002449b05d890 Thread added: 0x000002449d092e20
Event: 23.256 Thread 0x000002449b05d890 Thread added: 0x000002449d0960c0
Event: 23.286 Thread 0x000002449b05d890 Thread added: 0x000002449d094260
Event: 23.286 Thread 0x000002449b05d890 Thread added: 0x000002449d094c80
Event: 23.286 Thread 0x000002449b05d890 Thread added: 0x000002449d098430
Event: 23.410 Thread 0x000002449b05d890 Thread added: 0x000002449d090fc0
Event: 23.650 Thread 0x000002449b05d890 Thread added: 0x000002449d093330
Event: 24.183 Thread 0x000002449dbd1aa0 Thread added: 0x000002449d097a10
Event: 24.183 Thread 0x000002449dbd1aa0 Thread added: 0x000002449d0965d0
Event: 24.183 Thread 0x000002449dbd1aa0 Thread added: 0x000002449d094770
Event: 24.197 Thread 0x000002449dbd1aa0 Thread added: 0x000002449d096ff0
Event: 25.666 Thread 0x000002449b05d890 Thread added: 0x000002449d0914d0
Event: 26.597 Thread 0x000002449dc275e0 Thread exited: 0x000002449dc275e0
Event: 26.778 Thread 0x00000244f95a2530 Thread added: 0x000002449c2d1b30


Dynamic libraries:
0x00007ff728960000 - 0x00007ff72896e000 	C:\Program Files\Microsoft\jdk-17.0.13.11-hotspot\bin\java.exe
0x00007ff8cad30000 - 0x00007ff8caf28000 	C:\WINDOWS\SYSTEM32\ntdll.dll
0x00007ff8c9a70000 - 0x00007ff8c9b32000 	C:\WINDOWS\System32\KERNEL32.DLL
0x00007ff8c84f0000 - 0x00007ff8c87ee000 	C:\WINDOWS\System32\KERNELBASE.dll
0x00007ff8c87f0000 - 0x00007ff8c88f0000 	C:\WINDOWS\System32\ucrtbase.dll
0x00007ff8c04d0000 - 0x00007ff8c04e7000 	C:\Program Files\Microsoft\jdk-17.0.13.11-hotspot\bin\jli.dll
0x00007ff8c04f0000 - 0x00007ff8c050d000 	C:\Program Files\Microsoft\jdk-17.0.13.11-hotspot\bin\VCRUNTIME140.dll
0x00007ff8c9c80000 - 0x00007ff8c9e1d000 	C:\WINDOWS\System32\USER32.dll
0x00007ff8c8c90000 - 0x00007ff8c8cb2000 	C:\WINDOWS\System32\win32u.dll
0x00007ff8afbc0000 - 0x00007ff8afe5a000 	C:\WINDOWS\WinSxS\amd64_microsoft.windows.common-controls_6595b64144ccf1df_6.0.19041.4355_none_60b8b9eb71f62e16\COMCTL32.dll
0x00007ff8c8e90000 - 0x00007ff8c8ebb000 	C:\WINDOWS\System32\GDI32.dll
0x00007ff8c9ec0000 - 0x00007ff8c9f5e000 	C:\WINDOWS\System32\msvcrt.dll
0x00007ff8c8af0000 - 0x00007ff8c8c07000 	C:\WINDOWS\System32\gdi32full.dll
0x00007ff8c8a50000 - 0x00007ff8c8aed000 	C:\WINDOWS\System32\msvcp_win.dll
0x00007ff8c9680000 - 0x00007ff8c96af000 	C:\WINDOWS\System32\IMM32.DLL
0x00007ff8c03e0000 - 0x00007ff8c03ec000 	C:\Program Files\Microsoft\jdk-17.0.13.11-hotspot\bin\vcruntime140_1.dll
0x00007ff8bd040000 - 0x00007ff8bd0cd000 	C:\Program Files\Microsoft\jdk-17.0.13.11-hotspot\bin\msvcp140.dll
0x00007ff873500000 - 0x00007ff874171000 	C:\Program Files\Microsoft\jdk-17.0.13.11-hotspot\bin\server\jvm.dll
0x00007ff8c95c0000 - 0x00007ff8c9671000 	C:\WINDOWS\System32\ADVAPI32.dll
0x00007ff8c9e20000 - 0x00007ff8c9ebf000 	C:\WINDOWS\System32\sechost.dll
0x00007ff8c9b50000 - 0x00007ff8c9c73000 	C:\WINDOWS\System32\RPCRT4.dll
0x00007ff8c8c10000 - 0x00007ff8c8c37000 	C:\WINDOWS\System32\bcrypt.dll
0x00007ff8ca450000 - 0x00007ff8ca4bb000 	C:\WINDOWS\System32\WS2_32.dll
0x00007ff8c7be0000 - 0x00007ff8c7c2b000 	C:\WINDOWS\SYSTEM32\POWRPROF.dll
0x00007ff8b3810000 - 0x00007ff8b3837000 	C:\WINDOWS\SYSTEM32\WINMM.dll
0x00007ff8c6af0000 - 0x00007ff8c6afa000 	C:\WINDOWS\SYSTEM32\VERSION.dll
0x00007ff8c7bc0000 - 0x00007ff8c7bd2000 	C:\WINDOWS\SYSTEM32\UMPDC.dll
0x00007ff8c6c40000 - 0x00007ff8c6c52000 	C:\WINDOWS\SYSTEM32\kernel.appcore.dll
0x00007ff8bfc30000 - 0x00007ff8bfc3a000 	C:\Program Files\Microsoft\jdk-17.0.13.11-hotspot\bin\jimage.dll
0x00007ff8c2de0000 - 0x00007ff8c2fc4000 	C:\WINDOWS\SYSTEM32\DBGHELP.DLL
0x00007ff8c2d20000 - 0x00007ff8c2d54000 	C:\WINDOWS\SYSTEM32\dbgcore.DLL
0x00007ff8c8cc0000 - 0x00007ff8c8d42000 	C:\WINDOWS\System32\bcryptPrimitives.dll
0x00007ff8bd8e0000 - 0x00007ff8bd8ee000 	C:\Program Files\Microsoft\jdk-17.0.13.11-hotspot\bin\instrument.dll
0x00007ff8bd860000 - 0x00007ff8bd885000 	C:\Program Files\Microsoft\jdk-17.0.13.11-hotspot\bin\java.dll
0x00007ff8acbb0000 - 0x00007ff8acc87000 	C:\Program Files\Microsoft\jdk-17.0.13.11-hotspot\bin\jsvml.dll
0x00007ff8ca4c0000 - 0x00007ff8cac2d000 	C:\WINDOWS\System32\SHELL32.dll
0x00007ff8c6290000 - 0x00007ff8c6a34000 	C:\WINDOWS\SYSTEM32\windows.storage.dll
0x00007ff8c96b0000 - 0x00007ff8c9a03000 	C:\WINDOWS\System32\combase.dll
0x00007ff8c7e00000 - 0x00007ff8c7e2e000 	C:\WINDOWS\SYSTEM32\Wldp.dll
0x00007ff8c8ff0000 - 0x00007ff8c90bd000 	C:\WINDOWS\System32\OLEAUT32.dll
0x00007ff8c8de0000 - 0x00007ff8c8e8d000 	C:\WINDOWS\System32\SHCORE.dll
0x00007ff8cac30000 - 0x00007ff8cac85000 	C:\WINDOWS\System32\shlwapi.dll
0x00007ff8c8300000 - 0x00007ff8c8324000 	C:\WINDOWS\SYSTEM32\profapi.dll
0x00007ff8ad520000 - 0x00007ff8ad538000 	C:\Program Files\Microsoft\jdk-17.0.13.11-hotspot\bin\zip.dll
0x00007ff8bcfd0000 - 0x00007ff8bcfea000 	C:\Program Files\Microsoft\jdk-17.0.13.11-hotspot\bin\net.dll
0x00007ff8c4960000 - 0x00007ff8c4a6d000 	C:\WINDOWS\SYSTEM32\WINHTTP.dll
0x00007ff8c7af0000 - 0x00007ff8c7b5a000 	C:\WINDOWS\system32\mswsock.dll
0x00007ff8ad7d0000 - 0x00007ff8ad7e6000 	C:\Program Files\Microsoft\jdk-17.0.13.11-hotspot\bin\nio.dll
0x00007ff8c5f60000 - 0x00007ff8c5f70000 	C:\Program Files\Microsoft\jdk-17.0.13.11-hotspot\bin\verify.dll
0x00007ff8bd0d0000 - 0x00007ff8bd0f7000 	C:\Users\aliah\.gradle\native\c067742578af261105cb4f569cf0c3c89f3d7b1fecec35dd04571415982c5e48\windows-amd64\native-platform.dll
0x00007ff894be0000 - 0x00007ff894d24000 	C:\Users\aliah\.gradle\native\100fb08df4bc3b14c8652ba06237920a3bd2aa13389f12d3474272988ae205f9\windows-amd64\native-platform-file-events.dll
0x00007ff8bd830000 - 0x00007ff8bd83a000 	C:\Program Files\Microsoft\jdk-17.0.13.11-hotspot\bin\management.dll
0x00007ff8bd820000 - 0x00007ff8bd82b000 	C:\Program Files\Microsoft\jdk-17.0.13.11-hotspot\bin\management_ext.dll
0x00007ff8c9b40000 - 0x00007ff8c9b48000 	C:\WINDOWS\System32\PSAPI.DLL
0x00007ff8c7d50000 - 0x00007ff8c7d68000 	C:\WINDOWS\SYSTEM32\CRYPTSP.dll
0x00007ff8c73b0000 - 0x00007ff8c73e4000 	C:\WINDOWS\system32\rsaenh.dll
0x00007ff8c82c0000 - 0x00007ff8c82ee000 	C:\WINDOWS\SYSTEM32\USERENV.dll
0x00007ff8c7d70000 - 0x00007ff8c7d7c000 	C:\WINDOWS\SYSTEM32\CRYPTBASE.dll
0x00007ff8c7770000 - 0x00007ff8c77ab000 	C:\WINDOWS\SYSTEM32\IPHLPAPI.DLL
0x00007ff8c9420000 - 0x00007ff8c9428000 	C:\WINDOWS\System32\NSI.dll
0x00007ff8be120000 - 0x00007ff8be137000 	C:\WINDOWS\SYSTEM32\dhcpcsvc6.DLL
0x00007ff8be4d0000 - 0x00007ff8be4ed000 	C:\WINDOWS\SYSTEM32\dhcpcsvc.DLL
0x00007ff8c77b0000 - 0x00007ff8c787a000 	C:\WINDOWS\SYSTEM32\DNSAPI.dll
0x00007ff8bd020000 - 0x00007ff8bd029000 	C:\Program Files\Microsoft\jdk-17.0.13.11-hotspot\bin\extnet.dll
0x00007ff8bd810000 - 0x00007ff8bd81e000 	C:\Program Files\Microsoft\jdk-17.0.13.11-hotspot\bin\sunmscapi.dll
0x00007ff8c88f0000 - 0x00007ff8c8a4c000 	C:\WINDOWS\System32\CRYPT32.dll
0x00007ff8c7e70000 - 0x00007ff8c7e97000 	C:\WINDOWS\SYSTEM32\ncrypt.dll
0x00007ff8c7e30000 - 0x00007ff8c7e6b000 	C:\WINDOWS\SYSTEM32\NTASN1.dll
0x00007ff8bd030000 - 0x00007ff8bd037000 	C:\WINDOWS\system32\wshunix.dll
0x00007ff8b0450000 - 0x00007ff8b0467000 	C:\WINDOWS\system32\napinsp.dll
0x00007ff8b0430000 - 0x00007ff8b044b000 	C:\WINDOWS\system32\pnrpnsp.dll
0x00007ff8c1e60000 - 0x00007ff8c1e75000 	C:\WINDOWS\system32\wshbth.dll
0x00007ff8c2a60000 - 0x00007ff8c2a7d000 	C:\WINDOWS\system32\NLAapi.dll
0x00007ff8b0410000 - 0x00007ff8b0422000 	C:\WINDOWS\System32\winrnr.dll
0x0000000066bf0000 - 0x0000000066c16000 	C:\Program Files\Bonjour\mdnsNSP.dll
0x00007ff8be110000 - 0x00007ff8be11a000 	C:\Windows\System32\rasadhlp.dll
0x00007ff8bc500000 - 0x00007ff8bc580000 	C:\WINDOWS\System32\fwpuclnt.dll

dbghelp: loaded successfully - version: 4.0.5 - missing functions: none
symbol engine: initialized successfully - sym options: 0x614 - pdb path: .;C:\Program Files\Microsoft\jdk-17.0.13.11-hotspot\bin;C:\WINDOWS\SYSTEM32;C:\WINDOWS\WinSxS\amd64_microsoft.windows.common-controls_6595b64144ccf1df_6.0.19041.4355_none_60b8b9eb71f62e16;C:\Program Files\Microsoft\jdk-17.0.13.11-hotspot\bin\server;C:\Users\aliah\.gradle\native\c067742578af261105cb4f569cf0c3c89f3d7b1fecec35dd04571415982c5e48\windows-amd64;C:\Users\aliah\.gradle\native\100fb08df4bc3b14c8652ba06237920a3bd2aa13389f12d3474272988ae205f9\windows-amd64;C:\Program Files\Bonjour

VM Arguments:
jvm_args: --add-opens=java.base/java.lang=ALL-UNNAMED --add-opens=java.base/java.lang.invoke=ALL-UNNAMED --add-opens=java.base/java.util=ALL-UNNAMED --add-opens=java.prefs/java.util.prefs=ALL-UNNAMED --add-exports=jdk.compiler/com.sun.tools.javac.api=ALL-UNNAMED --add-exports=jdk.compiler/com.sun.tools.javac.util=ALL-UNNAMED --add-opens=java.base/java.util=ALL-UNNAMED --add-opens=java.prefs/java.util.prefs=ALL-UNNAMED --add-opens=java.base/java.nio.charset=ALL-UNNAMED --add-opens=java.base/java.net=ALL-UNNAMED --add-opens=java.base/java.util.concurrent.atomic=ALL-UNNAMED --add-opens=java.xml/javax.xml.namespace=ALL-UNNAMED -XX:MaxMetaspaceSize=512m -Xmx2048m -Dfile.encoding=windows-1252 -Duser.country=US -Duser.language=en -Duser.variant -javaagent:C:\Users\aliah\.gradle\wrapper\dists\gradle-8.11.1-bin\bpt9gzteqjrbo1mjrsomdt32c\gradle-8.11.1\lib\agents\gradle-instrumentation-agent-8.11.1.jar 
java_command: org.gradle.launcher.daemon.bootstrap.GradleDaemon 8.11.1
java_class_path (initial): C:\Users\aliah\.gradle\wrapper\dists\gradle-8.11.1-bin\bpt9gzteqjrbo1mjrsomdt32c\gradle-8.11.1\lib\gradle-daemon-main-8.11.1.jar
Launcher Type: SUN_STANDARD

[Global flags]
     intx CICompilerCount                          = 3                                         {product} {ergonomic}
   size_t CompressedClassSpaceSize                 = 436207616                                 {product} {ergonomic}
     uint ConcGCThreads                            = 1                                         {product} {ergonomic}
     uint G1ConcRefinementThreads                  = 4                                         {product} {ergonomic}
   size_t G1HeapRegionSize                         = 1048576                                   {product} {ergonomic}
    uintx GCDrainStackTargetSize                   = 64                                        {product} {ergonomic}
   size_t InitialHeapSize                          = 132120576                                 {product} {ergonomic}
   size_t MarkStackSize                            = 4194304                                   {product} {ergonomic}
   size_t MaxHeapSize                              = 2147483648                                {product} {command line}
   size_t MaxMetaspaceSize                         = 536870912                                 {product} {command line}
   size_t MaxNewSize                               = 1287651328                                {product} {ergonomic}
   size_t MinHeapDeltaBytes                        = 1048576                                   {product} {ergonomic}
   size_t MinHeapSize                              = 8388608                                   {product} {ergonomic}
    uintx NonNMethodCodeHeapSize                   = 5832780                                {pd product} {ergonomic}
    uintx NonProfiledCodeHeapSize                  = 122912730                              {pd product} {ergonomic}
    uintx ProfiledCodeHeapSize                     = 122912730                              {pd product} {ergonomic}
    uintx ReservedCodeCacheSize                    = 251658240                              {pd product} {ergonomic}
     bool SegmentedCodeCache                       = true                                      {product} {ergonomic}
   size_t SoftMaxHeapSize                          = 2147483648                             {manageable} {ergonomic}
     bool UseCompressedClassPointers               = true                           {product lp64_product} {ergonomic}
     bool UseCompressedOops                        = true                           {product lp64_product} {ergonomic}
     bool UseG1GC                                  = true                                      {product} {ergonomic}
     bool UseLargePagesIndividualAllocation        = false                                  {pd product} {ergonomic}

Logging:
Log output configuration:
 #0: stdout all=warning uptime,level,tags
 #1: stderr all=off uptime,level,tags

Environment Variables:
JAVA_HOME=C:\Program Files\Microsoft\jdk-17.0.13.11-hotspot\
CLASSPATH=D:\React Native\MyProject\android\\gradle\wrapper\gradle-wrapper.jar
PATH=D:\React Native\MyProject\node_modules\.bin;D:\React Native\MyProject\node_modules\.bin;D:\React Native\node_modules\.bin;D:\node_modules\.bin;C:\Users\aliah\AppData\Roaming\npm\node_modules\npm\node_modules\@npmcli\run-script\lib\node-gyp-bin;D:\React Native\MyProject\node_modules\.bin;D:\React Native\MyProject\node_modules\.bin;D:\React Native\node_modules\.bin;D:\node_modules\.bin;C:\Users\aliah\AppData\Roaming\npm\node_modules\npm\node_modules\@npmcli\run-script\lib\node-gyp-bin;C:\Program Files\Microsoft\jdk-17.0.13.11-hotspot\bin;C:\WINDOWS\system32;C:\WINDOWS;C:\WINDOWS\System32\Wbem;C:\WINDOWS\System32\WindowsPowerShell\v1.0\;C:\WINDOWS\System32\OpenSSH\;C:\Program Files\nodejs\;C:\Program Files\Git\cmd;C:\Users\aliah\AppData\Local\Android\Sdk\emulator;C:\Users\aliah\AppData\Local\Android\Sdk;C:\Users\aliah\AppData\Local\Android\Sdk\platform-tools;C:\ProgramData\chocolatey\bin;D:\React Native\MyProject\android\gradle-8.11.1\bin;C:\Users\aliah\AppData\Local\Microsoft\WindowsApps;C:\Users\aliah\AppData\Local\Programs\Microsoft VS Code\bin;C:\Users\aliah\AppData\Roaming\npm;C:\Program Files\Microsoft\jdk-17.0.13.11-hotspot\bin;D:\React Native\MyProject\android\gradle-8.11.1\bin;
USERNAME=aliah
OS=Windows_NT
PROCESSOR_IDENTIFIER=Intel64 Family 6 Model 142 Stepping 9, GenuineIntel
TMP=C:\Users\aliah\AppData\Local\Temp
TEMP=C:\Users\aliah\AppData\Local\Temp



Periodic native trim disabled


---------------  S Y S T E M  ---------------

OS:
 Windows 10 , 64 bit Build 19041 (10.0.19041.5198)
OS uptime: 5 days 2:21 hours

CPU: total 4 (initial active 4) (2 cores per cpu, 2 threads per core) family 6 model 142 stepping 9 microcode 0xf0, cx8, cmov, fxsr, ht, mmx, 3dnowpref, sse, sse2, sse3, ssse3, sse4.1, sse4.2, popcnt, lzcnt, tsc, tscinvbit, avx, avx2, aes, erms, clmul, bmi1, bmi2, adx, fma, vzeroupper, clflush, clflushopt
Processor Information for the first 4 processors :
  Max Mhz: 2904, Current Mhz: 2703, Mhz Limit: 2700

Memory: 4k page, system-wide physical 8042M (542M free)
TotalPageFile size 12138M (AvailPageFile size 5M)
current process WorkingSet (physical memory assigned to process): 524M, peak: 524M
current process commit charge ("private bytes"): 563M, peak: 565M

vm_info: OpenJDK 64-Bit Server VM (17.0.13+11-LTS) for windows-amd64 JRE (17.0.13+11-LTS), built on Oct 11 2024 23:25:05 by "MicrosoftCorporation" with unknown MS VC++:1939

END.
