#
# There is insufficient memory for the Java Runtime Environment to continue.
# Native memory allocation (malloc) failed to allocate 170736 bytes. Error detail: Chunk::new
# Possible reasons:
#   The system is out of physical RAM or swap space
#   This process is running with CompressedOops enabled, and the Java Heap may be blocking the growth of the native heap
# Possible solutions:
#   Reduce memory load on the system
#   Increase physical memory or swap space
#   Check if swap backing store is full
#   Decrease Java heap size (-Xmx/-Xms)
#   Decrease number of Java threads
#   Decrease Java thread stack sizes (-Xss)
#   Set larger code cache with -XX:ReservedCodeCacheSize=
#   JVM is running with Unscaled Compressed Oops mode in which the Java heap is
#     placed in the first 4GB address space. The Java Heap base address is the
#     maximum limit for the native heap growth. Please use -XX:HeapBaseMinAddress
#     to set the Java Heap base and to place the Java Heap above 4GB virtual address.
# This output file may be truncated or incomplete.
#
#  Out of Memory Error (arena.cpp:191), pid=6004, tid=2656
#
# JRE version: OpenJDK Runtime Environment Microsoft-10376486 (17.0.13+11) (build 17.0.13+11-LTS)
# Java VM: OpenJDK 64-Bit Server VM Microsoft-10376486 (17.0.13+11-LTS, mixed mode, sharing, tiered, compressed oops, compressed class ptrs, g1 gc, windows-amd64)
# No core dump will be written. Minidumps are not enabled by default on client versions of Windows
#

---------------  S U M M A R Y ------------

Command Line: -Xmx64m -Xms64m -Dorg.gradle.appname=gradlew org.gradle.wrapper.GradleWrapperMain app:installDebug -PreactNativeDevServerPort=8081

Host: Intel(R) Core(TM) i7-7500U CPU @ 2.70GHz, 4 cores, 7G,  Windows 10 , 64 bit Build 19041 (10.0.19041.5198)
Time: Fri Jan 17 20:19:28 2025 Pakistan Standard Time elapsed time: 0.799762 seconds (0d 0h 0m 0s)

---------------  T H R E A D  ---------------

Current thread (0x000001b952aae340):  JavaThread "C2 CompilerThread0" daemon [_thread_in_native, id=2656, stack(0x00000023a6200000,0x00000023a6300000)]


Current CompileTask:
C2:    799  655       4       java.util.HashMap::put (13 bytes)

Stack: [0x00000023a6200000,0x00000023a6300000]
Native frames: (J=compiled Java code, j=interpreted, Vv=VM code, C=native code)
V  [jvm.dll+0x687fc9]
V  [jvm.dll+0x83eeb8]
V  [jvm.dll+0x840963]
V  [jvm.dll+0x840fd3]
V  [jvm.dll+0x24951f]
V  [jvm.dll+0xad0c4]
V  [jvm.dll+0xad75c]
V  [jvm.dll+0x2b0c2f]
V  [jvm.dll+0x58e059]
V  [jvm.dll+0x2237a2]
V  [jvm.dll+0x223b9f]
V  [jvm.dll+0x21c950]
V  [jvm.dll+0x219a7b]
V  [jvm.dll+0x1a5506]
V  [jvm.dll+0x22a1ca]
V  [jvm.dll+0x22830b]
V  [jvm.dll+0x7f4708]
V  [jvm.dll+0x7eea6c]
V  [jvm.dll+0x686ea7]
C  [ucrtbase.dll+0x21bb2]
C  [KERNEL32.DLL+0x17374]
C  [ntdll.dll+0x4cc91]


---------------  P R O C E S S  ---------------

Threads class SMR info:
_java_thread_list=0x000001b952de3c80, length=13, elements={
0x000001b9398eeda0, 0x000001b9399863d0, 0x000001b939987050, 0x000001b93999a900,
0x000001b93999c430, 0x000001b93999de00, 0x000001b9399a07d0, 0x000001b952aae340,
0x000001b952ab0d10, 0x000001b952ab1620, 0x000001b952bda400, 0x000001b952bdd9c0,
0x000001b952f3a1f0
}

Java Threads: ( => current thread )
  0x000001b9398eeda0 JavaThread "main" [_thread_in_vm, id=9988, stack(0x00000023a5500000,0x00000023a5600000)]
  0x000001b9399863d0 JavaThread "Reference Handler" daemon [_thread_blocked, id=12408, stack(0x00000023a5c00000,0x00000023a5d00000)]
  0x000001b939987050 JavaThread "Finalizer" daemon [_thread_blocked, id=1040, stack(0x00000023a5d00000,0x00000023a5e00000)]
  0x000001b93999a900 JavaThread "Signal Dispatcher" daemon [_thread_blocked, id=3300, stack(0x00000023a5e00000,0x00000023a5f00000)]
  0x000001b93999c430 JavaThread "Attach Listener" daemon [_thread_blocked, id=9852, stack(0x00000023a5f00000,0x00000023a6000000)]
  0x000001b93999de00 JavaThread "Service Thread" daemon [_thread_blocked, id=19888, stack(0x00000023a6000000,0x00000023a6100000)]
  0x000001b9399a07d0 JavaThread "Monitor Deflation Thread" daemon [_thread_blocked, id=8728, stack(0x00000023a6100000,0x00000023a6200000)]
=>0x000001b952aae340 JavaThread "C2 CompilerThread0" daemon [_thread_in_native, id=2656, stack(0x00000023a6200000,0x00000023a6300000)]
  0x000001b952ab0d10 JavaThread "C1 CompilerThread0" daemon [_thread_blocked, id=10940, stack(0x00000023a6300000,0x00000023a6400000)]
  0x000001b952ab1620 JavaThread "Sweeper thread" daemon [_thread_blocked, id=12988, stack(0x00000023a6400000,0x00000023a6500000)]
  0x000001b952bda400 JavaThread "Notification Thread" daemon [_thread_blocked, id=16856, stack(0x00000023a6500000,0x00000023a6600000)]
  0x000001b952bdd9c0 JavaThread "Common-Cleaner" daemon [_thread_blocked, id=2564, stack(0x00000023a6700000,0x00000023a6800000)]
  0x000001b952f3a1f0 JavaThread "C2 CompilerThread1" daemon [_thread_blocked, id=5040, stack(0x00000023a6b00000,0x00000023a6c00000)]

Other Threads:
  0x000001b939980e20 VMThread "VM Thread" [stack: 0x00000023a5b00000,0x00000023a5c00000] [id=18740]
  0x000001b952bdaef0 WatcherThread [stack: 0x00000023a6600000,0x00000023a6700000] [id=11568]
  0x000001b9399114b0 GCTaskThread "GC Thread#0" [stack: 0x00000023a5600000,0x00000023a5700000] [id=13528]
  0x000001b952ef7ae0 GCTaskThread "GC Thread#1" [stack: 0x00000023a6800000,0x00000023a6900000] [id=13968]
  0x000001b952de3350 GCTaskThread "GC Thread#2" [stack: 0x00000023a6900000,0x00000023a6a00000] [id=13828]
  0x000001b952de3610 GCTaskThread "GC Thread#3" [stack: 0x00000023a6a00000,0x00000023a6b00000] [id=16768]
  0x000001b939912b00 ConcurrentGCThread "G1 Main Marker" [stack: 0x00000023a5700000,0x00000023a5800000] [id=768]
  0x000001b939913420 ConcurrentGCThread "G1 Conc#0" [stack: 0x00000023a5800000,0x00000023a5900000] [id=12996]
  0x000001b939966350 ConcurrentGCThread "G1 Refine#0" [stack: 0x00000023a5900000,0x00000023a5a00000] [id=13832]
  0x000001b939966c80 ConcurrentGCThread "G1 Service" [stack: 0x00000023a5a00000,0x00000023a5b00000] [id=20452]

Threads with active compile tasks:
C2 CompilerThread0      824  655       4       java.util.HashMap::put (13 bytes)

VM state: not at safepoint (normal execution)

VM Mutex/Monitor currently owned by a thread:  ([mutex/lock_event])
[0x000001b9377d6600] Metaspace_lock - owner thread: 0x000001b9398eeda0

OutOfMemory and StackOverflow Exception counts:
OutOfMemoryError java_heap_errors=1
LinkageErrors=1

Heap address: 0x00000000fc000000, size: 64 MB, Compressed Oops mode: 32-bit

CDS archive(s) mapped at: [0x000001b953000000-0x000001b953bb0000-0x000001b953bb0000), size 12255232, SharedBaseAddress: 0x000001b953000000, ArchiveRelocationMode: 1.
Compressed class space mapped at: 0x000001b954000000-0x000001b994000000, reserved size: 1073741824
Narrow klass base: 0x000001b953000000, Narrow klass shift: 0, Narrow klass range: 0x100000000

GC Precious Log:
 CPUs: 4 total, 4 available
 Memory: 8042M
 Large Page Support: Disabled
 NUMA Support: Disabled
 Compressed Oops: Enabled (32-bit)
 Heap Region Size: 1M
 Heap Min Capacity: 64M
 Heap Initial Capacity: 64M
 Heap Max Capacity: 64M
 Pre-touch: Disabled
 Parallel Workers: 4
 Concurrent Workers: 1
 Concurrent Refinement Workers: 4
 Periodic GC: Disabled

Heap:
 garbage-first heap   total 65536K, used 12784K [0x00000000fc000000, 0x0000000100000000)
  region size 1024K, 15 young (15360K), 2 survivors (2048K)
 Metaspace       used 1900K, committed 1984K, reserved 1114112K
  class space    used 171K, committed 192K, reserved 1048576K

Heap Regions: E=young(eden), S=young(survivor), O=old, HS=humongous(starts), HC=humongous(continues), CS=collection set, F=free, OA=open archive, CA=closed archive, TAMS=top-at-mark-start (previous, next)
|   0|0x00000000fc000000, 0x00000000fc000000, 0x00000000fc100000|  0%| F|  |TAMS 0x00000000fc000000, 0x00000000fc000000| Untracked 
|   1|0x00000000fc100000, 0x00000000fc100000, 0x00000000fc200000|  0%| F|  |TAMS 0x00000000fc100000, 0x00000000fc100000| Untracked 
|   2|0x00000000fc200000, 0x00000000fc200000, 0x00000000fc300000|  0%| F|  |TAMS 0x00000000fc200000, 0x00000000fc200000| Untracked 
|   3|0x00000000fc300000, 0x00000000fc300000, 0x00000000fc400000|  0%| F|  |TAMS 0x00000000fc300000, 0x00000000fc300000| Untracked 
|   4|0x00000000fc400000, 0x00000000fc400000, 0x00000000fc500000|  0%| F|  |TAMS 0x00000000fc400000, 0x00000000fc400000| Untracked 
|   5|0x00000000fc500000, 0x00000000fc500000, 0x00000000fc600000|  0%| F|  |TAMS 0x00000000fc500000, 0x00000000fc500000| Untracked 
|   6|0x00000000fc600000, 0x00000000fc600000, 0x00000000fc700000|  0%| F|  |TAMS 0x00000000fc600000, 0x00000000fc600000| Untracked 
|   7|0x00000000fc700000, 0x00000000fc700000, 0x00000000fc800000|  0%| F|  |TAMS 0x00000000fc700000, 0x00000000fc700000| Untracked 
|   8|0x00000000fc800000, 0x00000000fc800000, 0x00000000fc900000|  0%| F|  |TAMS 0x00000000fc800000, 0x00000000fc800000| Untracked 
|   9|0x00000000fc900000, 0x00000000fc900000, 0x00000000fca00000|  0%| F|  |TAMS 0x00000000fc900000, 0x00000000fc900000| Untracked 
|  10|0x00000000fca00000, 0x00000000fca00000, 0x00000000fcb00000|  0%| F|  |TAMS 0x00000000fca00000, 0x00000000fca00000| Untracked 
|  11|0x00000000fcb00000, 0x00000000fcb00000, 0x00000000fcc00000|  0%| F|  |TAMS 0x00000000fcb00000, 0x00000000fcb00000| Untracked 
|  12|0x00000000fcc00000, 0x00000000fcc00000, 0x00000000fcd00000|  0%| F|  |TAMS 0x00000000fcc00000, 0x00000000fcc00000| Untracked 
|  13|0x00000000fcd00000, 0x00000000fcd00000, 0x00000000fce00000|  0%| F|  |TAMS 0x00000000fcd00000, 0x00000000fcd00000| Untracked 
|  14|0x00000000fce00000, 0x00000000fce00000, 0x00000000fcf00000|  0%| F|  |TAMS 0x00000000fce00000, 0x00000000fce00000| Untracked 
|  15|0x00000000fcf00000, 0x00000000fcf00000, 0x00000000fd000000|  0%| F|  |TAMS 0x00000000fcf00000, 0x00000000fcf00000| Untracked 
|  16|0x00000000fd000000, 0x00000000fd000000, 0x00000000fd100000|  0%| F|  |TAMS 0x00000000fd000000, 0x00000000fd000000| Untracked 
|  17|0x00000000fd100000, 0x00000000fd100000, 0x00000000fd200000|  0%| F|  |TAMS 0x00000000fd100000, 0x00000000fd100000| Untracked 
|  18|0x00000000fd200000, 0x00000000fd200000, 0x00000000fd300000|  0%| F|  |TAMS 0x00000000fd200000, 0x00000000fd200000| Untracked 
|  19|0x00000000fd300000, 0x00000000fd300000, 0x00000000fd400000|  0%| F|  |TAMS 0x00000000fd300000, 0x00000000fd300000| Untracked 
|  20|0x00000000fd400000, 0x00000000fd400000, 0x00000000fd500000|  0%| F|  |TAMS 0x00000000fd400000, 0x00000000fd400000| Untracked 
|  21|0x00000000fd500000, 0x00000000fd500000, 0x00000000fd600000|  0%| F|  |TAMS 0x00000000fd500000, 0x00000000fd500000| Untracked 
|  22|0x00000000fd600000, 0x00000000fd600000, 0x00000000fd700000|  0%| F|  |TAMS 0x00000000fd600000, 0x00000000fd600000| Untracked 
|  23|0x00000000fd700000, 0x00000000fd700000, 0x00000000fd800000|  0%| F|  |TAMS 0x00000000fd700000, 0x00000000fd700000| Untracked 
|  24|0x00000000fd800000, 0x00000000fd800000, 0x00000000fd900000|  0%| F|  |TAMS 0x00000000fd800000, 0x00000000fd800000| Untracked 
|  25|0x00000000fd900000, 0x00000000fd900000, 0x00000000fda00000|  0%| F|  |TAMS 0x00000000fd900000, 0x00000000fd900000| Untracked 
|  26|0x00000000fda00000, 0x00000000fda00000, 0x00000000fdb00000|  0%| F|  |TAMS 0x00000000fda00000, 0x00000000fda00000| Untracked 
|  27|0x00000000fdb00000, 0x00000000fdb00000, 0x00000000fdc00000|  0%| F|  |TAMS 0x00000000fdb00000, 0x00000000fdb00000| Untracked 
|  28|0x00000000fdc00000, 0x00000000fdc00000, 0x00000000fdd00000|  0%| F|  |TAMS 0x00000000fdc00000, 0x00000000fdc00000| Untracked 
|  29|0x00000000fdd00000, 0x00000000fdd00000, 0x00000000fde00000|  0%| F|  |TAMS 0x00000000fdd00000, 0x00000000fdd00000| Untracked 
|  30|0x00000000fde00000, 0x00000000fde00000, 0x00000000fdf00000|  0%| F|  |TAMS 0x00000000fde00000, 0x00000000fde00000| Untracked 
|  31|0x00000000fdf00000, 0x00000000fdf00000, 0x00000000fe000000|  0%| F|  |TAMS 0x00000000fdf00000, 0x00000000fdf00000| Untracked 
|  32|0x00000000fe000000, 0x00000000fe000000, 0x00000000fe100000|  0%| F|  |TAMS 0x00000000fe000000, 0x00000000fe000000| Untracked 
|  33|0x00000000fe100000, 0x00000000fe100000, 0x00000000fe200000|  0%| F|  |TAMS 0x00000000fe100000, 0x00000000fe100000| Untracked 
|  34|0x00000000fe200000, 0x00000000fe200000, 0x00000000fe300000|  0%| F|  |TAMS 0x00000000fe200000, 0x00000000fe200000| Untracked 
|  35|0x00000000fe300000, 0x00000000fe300000, 0x00000000fe400000|  0%| F|  |TAMS 0x00000000fe300000, 0x00000000fe300000| Untracked 
|  36|0x00000000fe400000, 0x00000000fe400000, 0x00000000fe500000|  0%| F|  |TAMS 0x00000000fe400000, 0x00000000fe400000| Untracked 
|  37|0x00000000fe500000, 0x00000000fe500000, 0x00000000fe600000|  0%| F|  |TAMS 0x00000000fe500000, 0x00000000fe500000| Untracked 
|  38|0x00000000fe600000, 0x00000000fe600000, 0x00000000fe700000|  0%| F|  |TAMS 0x00000000fe600000, 0x00000000fe600000| Untracked 
|  39|0x00000000fe700000, 0x00000000fe700000, 0x00000000fe800000|  0%| F|  |TAMS 0x00000000fe700000, 0x00000000fe700000| Untracked 
|  40|0x00000000fe800000, 0x00000000fe800000, 0x00000000fe900000|  0%| F|  |TAMS 0x00000000fe800000, 0x00000000fe800000| Untracked 
|  41|0x00000000fe900000, 0x00000000fe900000, 0x00000000fea00000|  0%| F|  |TAMS 0x00000000fe900000, 0x00000000fe900000| Untracked 
|  42|0x00000000fea00000, 0x00000000fea00000, 0x00000000feb00000|  0%| F|  |TAMS 0x00000000fea00000, 0x00000000fea00000| Untracked 
|  43|0x00000000feb00000, 0x00000000feb00000, 0x00000000fec00000|  0%| F|  |TAMS 0x00000000feb00000, 0x00000000feb00000| Untracked 
|  44|0x00000000fec00000, 0x00000000fec00000, 0x00000000fed00000|  0%| F|  |TAMS 0x00000000fec00000, 0x00000000fec00000| Untracked 
|  45|0x00000000fed00000, 0x00000000fed00000, 0x00000000fee00000|  0%| F|  |TAMS 0x00000000fed00000, 0x00000000fed00000| Untracked 
|  46|0x00000000fee00000, 0x00000000fee00000, 0x00000000fef00000|  0%| F|  |TAMS 0x00000000fee00000, 0x00000000fee00000| Untracked 
|  47|0x00000000fef00000, 0x00000000fef00000, 0x00000000ff000000|  0%| F|  |TAMS 0x00000000fef00000, 0x00000000fef00000| Untracked 
|  48|0x00000000ff000000, 0x00000000ff000000, 0x00000000ff100000|  0%| F|  |TAMS 0x00000000ff000000, 0x00000000ff000000| Untracked 
|  49|0x00000000ff100000, 0x00000000ff17c040, 0x00000000ff200000| 48%| S|CS|TAMS 0x00000000ff100000, 0x00000000ff100000| Complete 
|  50|0x00000000ff200000, 0x00000000ff300000, 0x00000000ff300000|100%| S|CS|TAMS 0x00000000ff200000, 0x00000000ff200000| Complete 
|  51|0x00000000ff300000, 0x00000000ff35c540, 0x00000000ff400000| 36%| E|  |TAMS 0x00000000ff300000, 0x00000000ff300000| Complete 
|  52|0x00000000ff400000, 0x00000000ff500000, 0x00000000ff500000|100%| E|CS|TAMS 0x00000000ff400000, 0x00000000ff400000| Complete 
|  53|0x00000000ff500000, 0x00000000ff600000, 0x00000000ff600000|100%| E|CS|TAMS 0x00000000ff500000, 0x00000000ff500000| Complete 
|  54|0x00000000ff600000, 0x00000000ff700000, 0x00000000ff700000|100%| E|  |TAMS 0x00000000ff600000, 0x00000000ff600000| Complete 
|  55|0x00000000ff700000, 0x00000000ff800000, 0x00000000ff800000|100%| E|CS|TAMS 0x00000000ff700000, 0x00000000ff700000| Complete 
|  56|0x00000000ff800000, 0x00000000ff900000, 0x00000000ff900000|100%| E|CS|TAMS 0x00000000ff800000, 0x00000000ff800000| Complete 
|  57|0x00000000ff900000, 0x00000000ffa00000, 0x00000000ffa00000|100%| E|CS|TAMS 0x00000000ff900000, 0x00000000ff900000| Complete 
|  58|0x00000000ffa00000, 0x00000000ffb00000, 0x00000000ffb00000|100%| E|CS|TAMS 0x00000000ffa00000, 0x00000000ffa00000| Complete 
|  59|0x00000000ffb00000, 0x00000000ffc00000, 0x00000000ffc00000|100%| E|CS|TAMS 0x00000000ffb00000, 0x00000000ffb00000| Complete 
|  60|0x00000000ffc00000, 0x00000000ffd00000, 0x00000000ffd00000|100%| E|CS|TAMS 0x00000000ffc00000, 0x00000000ffc00000| Complete 
|  61|0x00000000ffd00000, 0x00000000ffe00000, 0x00000000ffe00000|100%| E|CS|TAMS 0x00000000ffd00000, 0x00000000ffd00000| Complete 
|  62|0x00000000ffe00000, 0x00000000fff00000, 0x00000000fff00000|100%| E|CS|TAMS 0x00000000ffe00000, 0x00000000ffe00000| Complete 
|  63|0x00000000fff00000, 0x0000000100000000, 0x0000000100000000|100%| E|CS|TAMS 0x00000000fff00000, 0x00000000fff00000| Complete 

Card table byte_map: [0x000001b9396d0000,0x000001b9396f0000] _byte_map_base: 0x000001b938ef0000

Marking Bits (Prev, Next): (CMBitMap*) 0x000001b9399119d0, (CMBitMap*) 0x000001b939911a10
 Prev Bits: [0x000001b939710000, 0x000001b939810000)
 Next Bits: [0x000001b950430000, 0x000001b950530000)

Polling page: 0x000001b9376a0000

Metaspace:

Usage:
  Non-class:      1.69 MB used.
      Class:    171.20 KB used.
       Both:      1.86 MB used.

Virtual space:
  Non-class space:       64.00 MB reserved,       1.75 MB (  3%) committed,  1 nodes.
      Class space:        1.00 GB reserved,     192.00 KB ( <1%) committed,  1 nodes.
             Both:        1.06 GB reserved,       1.94 MB ( <1%) committed. 

Chunk freelists:
   Non-Class:  11.69 MB
       Class:  15.67 MB
        Both:  27.36 MB

MaxMetaspaceSize: unlimited
CompressedClassSpaceSize: 1.00 GB
Initial GC threshold: 21.00 MB
Current GC threshold: 21.00 MB
CDS: on
MetaspaceReclaimPolicy: balanced
 - commit_granule_bytes: 65536.
 - commit_granule_words: 8192.
 - virtual_space_node_default_size: 8388608.
 - enlarge_chunks_in_place: 1.
 - new_chunks_are_fully_committed: 0.
 - uncommit_free_chunks: 1.
 - use_allocation_guard: 0.
 - handle_deallocations: 1.


Internal statistics:

num_allocs_failed_limit: 0.
num_arena_births: 14.
num_arena_deaths: 0.
num_vsnodes_births: 2.
num_vsnodes_deaths: 0.
num_space_committed: 31.
num_space_uncommitted: 0.
num_chunks_returned_to_freelist: 0.
num_chunks_taken_from_freelist: 47.
num_chunk_merges: 0.
num_chunk_splits: 22.
num_chunks_enlarged: 14.
num_inconsistent_stats: 0.

CodeHeap 'non-profiled nmethods': size=120000Kb used=278Kb max_used=278Kb free=119721Kb
 bounds [0x000001b948f00000, 0x000001b949170000, 0x000001b950430000]
CodeHeap 'profiled nmethods': size=120000Kb used=1174Kb max_used=1174Kb free=118825Kb
 bounds [0x000001b941430000, 0x000001b9416a0000, 0x000001b948960000]
CodeHeap 'non-nmethods': size=5760Kb used=1121Kb max_used=1155Kb free=4638Kb
 bounds [0x000001b948960000, 0x000001b948bd0000, 0x000001b948f00000]
 total_blobs=1083 nmethods=681 adapters=315
 compilation: enabled
              stopped_count=0, restarted_count=0
 full_count=0

Compilation events (20 events):
Event: 0.790 Thread 0x000001b952ab0d10  660       3       java.lang.String::toLowerCase (8 bytes)
Event: 0.791 Thread 0x000001b952aae340 nmethod 651 0x000001b948f42110 code [0x000001b948f422a0, 0x000001b948f42518]
Event: 0.791 Thread 0x000001b952aae340  655       4       java.util.HashMap::put (13 bytes)
Event: 0.791 Thread 0x000001b952ab0d10 nmethod 660 0x000001b941543c90 code [0x000001b941543e60, 0x000001b9415441f8]
Event: 0.791 Thread 0x000001b952ab0d10  661       3       java.util.Locale::getDefault (4 bytes)
Event: 0.791 Thread 0x000001b952ab0d10 nmethod 661 0x000001b941544310 code [0x000001b9415444a0, 0x000001b941544598]
Event: 0.792 Thread 0x000001b952f3a1f0 nmethod 615 0x000001b948f42690 code [0x000001b948f428c0, 0x000001b948f43880]
Event: 0.792 Thread 0x000001b952f3a1f0  654 %     4       java.lang.StringCoding::hasNegatives @ 2 (25 bytes)
Event: 0.793 Thread 0x000001b952ab0d10  663       3       sun.nio.fs.NativeBuffers::releaseNativeBuffer (97 bytes)
Event: 0.794 Thread 0x000001b952ab0d10 nmethod 663 0x000001b941544610 code [0x000001b941544900, 0x000001b941545c18]
Event: 0.794 Thread 0x000001b952ab0d10  662       3       sun.nio.fs.NativeBuffer::release (5 bytes)
Event: 0.795 Thread 0x000001b952ab0d10 nmethod 662 0x000001b941546190 code [0x000001b941546320, 0x000001b941546448]
Event: 0.795 Thread 0x000001b952ab0d10  664   !   3       java.util.zip.Inflater::needsInput (55 bytes)
Event: 0.796 Thread 0x000001b952ab0d10 nmethod 664 0x000001b941546510 code [0x000001b9415466c0, 0x000001b941546a58]
Event: 0.796 Thread 0x000001b952ab0d10  665       3       java.io.WinNTFileSystem::normalizePrefix (132 bytes)
Event: 0.796 Thread 0x000001b952f3a1f0 nmethod 654% 0x000001b948f44510 code [0x000001b948f446a0, 0x000001b948f44938]
Event: 0.798 Thread 0x000001b952ab0d10 nmethod 665 0x000001b941546b90 code [0x000001b941546fc0, 0x000001b941548f68]
Event: 0.798 Thread 0x000001b952ab0d10  666       3       java.lang.StringBuilder::<init> (6 bytes)
Event: 0.798 Thread 0x000001b952ab0d10 nmethod 666 0x000001b941549b90 code [0x000001b941549d20, 0x000001b941549e68]
Event: 0.798 Thread 0x000001b952ab0d10  668       3       sun.net.util.IPAddressUtil::checkHostString (53 bytes)

GC Heap History (2 events):
Event: 0.626 GC heap before
{Heap before GC invocations=0 (full 0):
 garbage-first heap   total 65536K, used 13312K [0x00000000fc000000, 0x0000000100000000)
  region size 1024K, 13 young (13312K), 0 survivors (0K)
 Metaspace       used 1639K, committed 1792K, reserved 1114112K
  class space    used 157K, committed 192K, reserved 1048576K
}
Event: 0.629 GC heap after
{Heap after GC invocations=1 (full 0):
 garbage-first heap   total 65536K, used 1520K [0x00000000fc000000, 0x0000000100000000)
  region size 1024K, 2 young (2048K), 2 survivors (2048K)
 Metaspace       used 1639K, committed 1792K, reserved 1114112K
  class space    used 157K, committed 192K, reserved 1048576K
}

Dll operation events (7 events):
Event: 0.007 Loaded shared library C:\Program Files\Microsoft\jdk-17.0.13.11-hotspot\bin\java.dll
Event: 0.121 Loaded shared library C:\Program Files\Microsoft\jdk-17.0.13.11-hotspot\bin\jsvml.dll
Event: 0.200 Loaded shared library C:\Program Files\Microsoft\jdk-17.0.13.11-hotspot\bin\net.dll
Event: 0.203 Loaded shared library C:\Program Files\Microsoft\jdk-17.0.13.11-hotspot\bin\nio.dll
Event: 0.206 Loaded shared library C:\Program Files\Microsoft\jdk-17.0.13.11-hotspot\bin\zip.dll
Event: 0.211 Loaded shared library C:\Program Files\Microsoft\jdk-17.0.13.11-hotspot\bin\verify.dll
Event: 0.700 Loaded shared library C:\Program Files\Microsoft\jdk-17.0.13.11-hotspot\bin\jimage.dll

Deoptimization events (20 events):
Event: 0.745 Thread 0x000001b9398eeda0 Uncommon trap: trap_request=0xffffffde fr.pc=0x000001b948f334dc relative=0x000000000000083c
Event: 0.745 Thread 0x000001b9398eeda0 Uncommon trap: reason=class_check action=maybe_recompile pc=0x000001b948f334dc method=java.util.HashMap.putVal(ILjava/lang/Object;Ljava/lang/Object;ZZ)Ljava/lang/Object; @ 91 c2
Event: 0.745 Thread 0x000001b9398eeda0 DEOPT PACKING pc=0x000001b948f334dc sp=0x00000023a55fcd30
Event: 0.745 Thread 0x000001b9398eeda0 DEOPT UNPACKING pc=0x000001b9489b69a3 sp=0x00000023a55fcc68 mode 2
Event: 0.759 Thread 0x000001b9398eeda0 Uncommon trap: trap_request=0xffffffde fr.pc=0x000001b948f334dc relative=0x000000000000083c
Event: 0.759 Thread 0x000001b9398eeda0 Uncommon trap: reason=class_check action=maybe_recompile pc=0x000001b948f334dc method=java.util.HashMap.putVal(ILjava/lang/Object;Ljava/lang/Object;ZZ)Ljava/lang/Object; @ 91 c2
Event: 0.759 Thread 0x000001b9398eeda0 DEOPT PACKING pc=0x000001b948f334dc sp=0x00000023a55fcd30
Event: 0.759 Thread 0x000001b9398eeda0 DEOPT UNPACKING pc=0x000001b9489b69a3 sp=0x00000023a55fcc68 mode 2
Event: 0.761 Thread 0x000001b9398eeda0 Uncommon trap: trap_request=0xffffff45 fr.pc=0x000001b948f28b30 relative=0x0000000000000190
Event: 0.761 Thread 0x000001b9398eeda0 Uncommon trap: reason=unstable_if action=reinterpret pc=0x000001b948f28b30 method=java.util.zip.ZipFile$Source.isMetaName([BII)Z @ 43 c2
Event: 0.761 Thread 0x000001b9398eeda0 DEOPT PACKING pc=0x000001b948f28b30 sp=0x00000023a55fc310
Event: 0.761 Thread 0x000001b9398eeda0 DEOPT UNPACKING pc=0x000001b9489b69a3 sp=0x00000023a55fc2a0 mode 2
Event: 0.774 Thread 0x000001b9398eeda0 Uncommon trap: trap_request=0xffffffde fr.pc=0x000001b948f33568 relative=0x00000000000008c8
Event: 0.774 Thread 0x000001b9398eeda0 Uncommon trap: reason=class_check action=maybe_recompile pc=0x000001b948f33568 method=java.util.HashMap.putVal(ILjava/lang/Object;Ljava/lang/Object;ZZ)Ljava/lang/Object; @ 203 c2
Event: 0.774 Thread 0x000001b9398eeda0 DEOPT PACKING pc=0x000001b948f33568 sp=0x00000023a55fcd30
Event: 0.774 Thread 0x000001b9398eeda0 DEOPT UNPACKING pc=0x000001b9489b69a3 sp=0x00000023a55fcc68 mode 2
Event: 0.784 Thread 0x000001b9398eeda0 Uncommon trap: trap_request=0xffffffde fr.pc=0x000001b948f334dc relative=0x000000000000083c
Event: 0.784 Thread 0x000001b9398eeda0 Uncommon trap: reason=class_check action=maybe_recompile pc=0x000001b948f334dc method=java.util.HashMap.putVal(ILjava/lang/Object;Ljava/lang/Object;ZZ)Ljava/lang/Object; @ 91 c2
Event: 0.784 Thread 0x000001b9398eeda0 DEOPT PACKING pc=0x000001b948f334dc sp=0x00000023a55fcd30
Event: 0.784 Thread 0x000001b9398eeda0 DEOPT UNPACKING pc=0x000001b9489b69a3 sp=0x00000023a55fcc68 mode 2

Classes loaded (20 events):
Event: 0.325 Loading class jdk/internal/access/JavaIOFilePermissionAccess done
Event: 0.325 Loading class java/io/FilePermission$1 done
Event: 0.325 Loading class java/io/FilePermissionCollection
Event: 0.326 Loading class java/io/FilePermissionCollection done
Event: 0.326 Loading class java/util/Vector
Event: 0.326 Loading class java/util/Vector done
Event: 0.327 Loading class java/io/FilePermissionCollection$1
Event: 0.327 Loading class java/io/FilePermissionCollection$1 done
Event: 0.350 Loading class java/net/MalformedURLException
Event: 0.350 Loading class java/net/MalformedURLException done
Event: 0.352 Loading class java/io/FileFilter
Event: 0.352 Loading class java/io/FileFilter done
Event: 0.395 Loading class java/util/AbstractList$Itr
Event: 0.396 Loading class java/util/AbstractList$Itr done
Event: 0.427 Loading class java/lang/invoke/DirectMethodHandle$Special
Event: 0.427 Loading class java/lang/invoke/DirectMethodHandle$Special done
Event: 0.726 Loading class java/io/BufferedReader
Event: 0.727 Loading class java/io/BufferedReader done
Event: 0.727 Loading class sun/nio/cs/StreamDecoder
Event: 0.727 Loading class sun/nio/cs/StreamDecoder done

Classes unloaded (0 events):
No events

Classes redefined (0 events):
No events

Internal exceptions (1 events):
Event: 0.342 Thread 0x000001b9398eeda0 Exception <a 'java/lang/NoSuchMethodError'{0x00000000ffde1338}: 'int java.lang.invoke.DirectMethodHandle$Holder.invokeStaticInit(java.lang.Object, java.lang.Object)'> (0x00000000ffde1338) 
thrown [s\src\hotspot\share\interpreter\linkResolver.cpp, line 759]

VM Operations (4 events):
Event: 0.207 Executing VM operation: HandshakeAllThreads
Event: 0.207 Executing VM operation: HandshakeAllThreads done
Event: 0.626 Executing VM operation: G1CollectForAllocation
Event: 0.629 Executing VM operation: G1CollectForAllocation done

Memory protections (0 events):
No events

Nmethod flushes (0 events):
No events

Events (13 events):
Event: 0.122 Thread 0x000001b9398eeda0 Thread added: 0x000001b9398eeda0
Event: 0.130 Thread 0x000001b9398eeda0 Thread added: 0x000001b9399863d0
Event: 0.130 Thread 0x000001b9398eeda0 Thread added: 0x000001b939987050
Event: 0.159 Thread 0x000001b9398eeda0 Thread added: 0x000001b93999a900
Event: 0.159 Thread 0x000001b9398eeda0 Thread added: 0x000001b93999c430
Event: 0.160 Thread 0x000001b9398eeda0 Thread added: 0x000001b93999de00
Event: 0.160 Thread 0x000001b9398eeda0 Thread added: 0x000001b9399a07d0
Event: 0.160 Thread 0x000001b9398eeda0 Thread added: 0x000001b952aae340
Event: 0.161 Thread 0x000001b9398eeda0 Thread added: 0x000001b952ab0d10
Event: 0.161 Thread 0x000001b9398eeda0 Thread added: 0x000001b952ab1620
Event: 0.193 Thread 0x000001b9398eeda0 Thread added: 0x000001b952bda400
Event: 0.197 Thread 0x000001b9398eeda0 Thread added: 0x000001b952bdd9c0
Event: 0.654 Thread 0x000001b952ab0d10 Thread added: 0x000001b952f3a1f0


Dynamic libraries:
0x00007ff71eda0000 - 0x00007ff71edae000 	C:\Program Files\Microsoft\jdk-17.0.13.11-hotspot\bin\java.exe
0x00007ffd1f0d0000 - 0x00007ffd1f2c8000 	C:\WINDOWS\SYSTEM32\ntdll.dll
0x00007ffd1dd80000 - 0x00007ffd1de42000 	C:\WINDOWS\System32\KERNEL32.DLL
0x00007ffd1c840000 - 0x00007ffd1cb3e000 	C:\WINDOWS\System32\KERNELBASE.dll
0x00007ffd1cc80000 - 0x00007ffd1cd80000 	C:\WINDOWS\System32\ucrtbase.dll
0x00007ffd11060000 - 0x00007ffd11077000 	C:\Program Files\Microsoft\jdk-17.0.13.11-hotspot\bin\jli.dll
0x00007ffd06140000 - 0x00007ffd0615d000 	C:\Program Files\Microsoft\jdk-17.0.13.11-hotspot\bin\VCRUNTIME140.dll
0x00007ffd1e690000 - 0x00007ffd1e82d000 	C:\WINDOWS\System32\USER32.dll
0x00007ffd1c810000 - 0x00007ffd1c832000 	C:\WINDOWS\System32\win32u.dll
0x00007ffd1e1b0000 - 0x00007ffd1e1db000 	C:\WINDOWS\System32\GDI32.dll
0x00007ffd01fe0000 - 0x00007ffd0227a000 	C:\WINDOWS\WinSxS\amd64_microsoft.windows.common-controls_6595b64144ccf1df_6.0.19041.4355_none_60b8b9eb71f62e16\COMCTL32.dll
0x00007ffd1cee0000 - 0x00007ffd1cff7000 	C:\WINDOWS\System32\gdi32full.dll
0x00007ffd1d870000 - 0x00007ffd1d90e000 	C:\WINDOWS\System32\msvcrt.dll
0x00007ffd1d050000 - 0x00007ffd1d0ed000 	C:\WINDOWS\System32\msvcp_win.dll
0x00007ffd1de50000 - 0x00007ffd1de7f000 	C:\WINDOWS\System32\IMM32.DLL
0x00007ffd13af0000 - 0x00007ffd13afc000 	C:\Program Files\Microsoft\jdk-17.0.13.11-hotspot\bin\vcruntime140_1.dll
0x00007ffceff00000 - 0x00007ffceff8d000 	C:\Program Files\Microsoft\jdk-17.0.13.11-hotspot\bin\msvcp140.dll
0x00007ffcd1120000 - 0x00007ffcd1d91000 	C:\Program Files\Microsoft\jdk-17.0.13.11-hotspot\bin\server\jvm.dll
0x00007ffd1e090000 - 0x00007ffd1e141000 	C:\WINDOWS\System32\ADVAPI32.dll
0x00007ffd1ef90000 - 0x00007ffd1f02f000 	C:\WINDOWS\System32\sechost.dll
0x00007ffd1e430000 - 0x00007ffd1e553000 	C:\WINDOWS\System32\RPCRT4.dll
0x00007ffd1c7e0000 - 0x00007ffd1c807000 	C:\WINDOWS\System32\bcrypt.dll
0x00007ffd1e830000 - 0x00007ffd1e89b000 	C:\WINDOWS\System32\WS2_32.dll
0x00007ffd1bcb0000 - 0x00007ffd1bcfb000 	C:\WINDOWS\SYSTEM32\POWRPROF.dll
0x00007ffd062e0000 - 0x00007ffd06307000 	C:\WINDOWS\SYSTEM32\WINMM.dll
0x00007ffd0f560000 - 0x00007ffd0f56a000 	C:\WINDOWS\SYSTEM32\VERSION.dll
0x00007ffd1bb70000 - 0x00007ffd1bb82000 	C:\WINDOWS\SYSTEM32\UMPDC.dll
0x00007ffd1afe0000 - 0x00007ffd1aff2000 	C:\WINDOWS\SYSTEM32\kernel.appcore.dll
0x00007ffd11a10000 - 0x00007ffd11a1a000 	C:\Program Files\Microsoft\jdk-17.0.13.11-hotspot\bin\jimage.dll
0x00007ffd193a0000 - 0x00007ffd19584000 	C:\WINDOWS\SYSTEM32\DBGHELP.DLL
0x00007ffcfea80000 - 0x00007ffcfeab4000 	C:\WINDOWS\SYSTEM32\dbgcore.DLL
0x00007ffd1cb40000 - 0x00007ffd1cbc2000 	C:\WINDOWS\System32\bcryptPrimitives.dll
0x00007ffcfee00000 - 0x00007ffcfee25000 	C:\Program Files\Microsoft\jdk-17.0.13.11-hotspot\bin\java.dll
0x00007ffceec00000 - 0x00007ffceecd7000 	C:\Program Files\Microsoft\jdk-17.0.13.11-hotspot\bin\jsvml.dll
0x00007ffd1d0f0000 - 0x00007ffd1d85d000 	C:\WINDOWS\System32\SHELL32.dll
0x00007ffd1a7a0000 - 0x00007ffd1af44000 	C:\WINDOWS\SYSTEM32\windows.storage.dll
0x00007ffd1eae0000 - 0x00007ffd1ee33000 	C:\WINDOWS\System32\combase.dll
0x00007ffd1c1a0000 - 0x00007ffd1c1ce000 	C:\WINDOWS\SYSTEM32\Wldp.dll
0x00007ffd1eec0000 - 0x00007ffd1ef8d000 	C:\WINDOWS\System32\OLEAUT32.dll
0x00007ffd1e900000 - 0x00007ffd1e9ad000 	C:\WINDOWS\System32\SHCORE.dll
0x00007ffd1e150000 - 0x00007ffd1e1a5000 	C:\WINDOWS\System32\shlwapi.dll
0x00007ffd1c6a0000 - 0x00007ffd1c6c4000 	C:\WINDOWS\SYSTEM32\profapi.dll
0x00007ffd04bc0000 - 0x00007ffd04bda000 	C:\Program Files\Microsoft\jdk-17.0.13.11-hotspot\bin\net.dll
0x00007ffd19ad0000 - 0x00007ffd19bdd000 	C:\WINDOWS\SYSTEM32\WINHTTP.dll
0x00007ffd1bf00000 - 0x00007ffd1bf6a000 	C:\WINDOWS\system32\mswsock.dll
0x00007ffd029f0000 - 0x00007ffd02a06000 	C:\Program Files\Microsoft\jdk-17.0.13.11-hotspot\bin\nio.dll
0x00007ffcff6f0000 - 0x00007ffcff708000 	C:\Program Files\Microsoft\jdk-17.0.13.11-hotspot\bin\zip.dll
0x00007ffd171d0000 - 0x00007ffd171e0000 	C:\Program Files\Microsoft\jdk-17.0.13.11-hotspot\bin\verify.dll

dbghelp: loaded successfully - version: 4.0.5 - missing functions: none
symbol engine: initialized successfully - sym options: 0x614 - pdb path: .;C:\Program Files\Microsoft\jdk-17.0.13.11-hotspot\bin;C:\WINDOWS\SYSTEM32;C:\WINDOWS\WinSxS\amd64_microsoft.windows.common-controls_6595b64144ccf1df_6.0.19041.4355_none_60b8b9eb71f62e16;C:\Program Files\Microsoft\jdk-17.0.13.11-hotspot\bin\server

VM Arguments:
jvm_args: -Xmx64m -Xms64m -Dorg.gradle.appname=gradlew 
java_command: org.gradle.wrapper.GradleWrapperMain app:installDebug -PreactNativeDevServerPort=8081
java_class_path (initial): D:\React Native\MyProject\android\\gradle\wrapper\gradle-wrapper.jar
Launcher Type: SUN_STANDARD

[Global flags]
     intx CICompilerCount                          = 3                                         {product} {ergonomic}
     uint ConcGCThreads                            = 1                                         {product} {ergonomic}
     uint G1ConcRefinementThreads                  = 4                                         {product} {ergonomic}
   size_t G1HeapRegionSize                         = 1048576                                   {product} {ergonomic}
    uintx GCDrainStackTargetSize                   = 64                                        {product} {ergonomic}
   size_t InitialHeapSize                          = 67108864                                  {product} {command line}
   size_t MarkStackSize                            = 4194304                                   {product} {ergonomic}
   size_t MaxHeapSize                              = 67108864                                  {product} {command line}
   size_t MaxNewSize                               = 39845888                                  {product} {ergonomic}
   size_t MinHeapDeltaBytes                        = 1048576                                   {product} {ergonomic}
   size_t MinHeapSize                              = 67108864                                  {product} {command line}
    uintx NonNMethodCodeHeapSize                   = 5832780                                {pd product} {ergonomic}
    uintx NonProfiledCodeHeapSize                  = 122912730                              {pd product} {ergonomic}
    uintx ProfiledCodeHeapSize                     = 122912730                              {pd product} {ergonomic}
    uintx ReservedCodeCacheSize                    = 251658240                              {pd product} {ergonomic}
     bool SegmentedCodeCache                       = true                                      {product} {ergonomic}
   size_t SoftMaxHeapSize                          = 67108864                               {manageable} {ergonomic}
     bool UseCompressedClassPointers               = true                           {product lp64_product} {ergonomic}
     bool UseCompressedOops                        = true                           {product lp64_product} {ergonomic}
     bool UseG1GC                                  = true                                      {product} {ergonomic}
     bool UseLargePagesIndividualAllocation        = false                                  {pd product} {ergonomic}

Logging:
Log output configuration:
 #0: stdout all=warning uptime,level,tags
 #1: stderr all=off uptime,level,tags

Environment Variables:
JAVA_HOME=C:\Program Files\Microsoft\jdk-17.0.13.11-hotspot\
CLASSPATH=D:\React Native\MyProject\android\\gradle\wrapper\gradle-wrapper.jar
PATH=D:\React Native\MyProject\node_modules\.bin;D:\React Native\MyProject\node_modules\.bin;D:\React Native\node_modules\.bin;D:\node_modules\.bin;C:\Users\aliah\AppData\Roaming\npm\node_modules\npm\node_modules\@npmcli\run-script\lib\node-gyp-bin;C:\Program Files\Microsoft\jdk-17.0.13.11-hotspot\bin;C:\WINDOWS\system32;C:\WINDOWS;C:\WINDOWS\System32\Wbem;C:\WINDOWS\System32\WindowsPowerShell\v1.0\;C:\WINDOWS\System32\OpenSSH\;C:\Program Files\nodejs\;C:\Program Files\Git\cmd;C:\Users\aliah\AppData\Local\Android\Sdk\emulator;C:\Users\aliah\AppData\Local\Android\Sdk;C:\Users\aliah\AppData\Local\Android\Sdk\platform-tools;C:\ProgramData\chocolatey\bin;D:\React Native\MyProject\android\gradle-8.11.1\bin;C:\Users\aliah\AppData\Local\Microsoft\WindowsApps;C:\Users\aliah\AppData\Local\Programs\Microsoft VS Code\bin;C:\Users\aliah\AppData\Roaming\npm;C:\Program Files\Microsoft\jdk-17.0.13.11-hotspot\bin;D:\React Native\MyProject\android\gradle-8.11.1\bin;
USERNAME=aliah
OS=Windows_NT
PROCESSOR_IDENTIFIER=Intel64 Family 6 Model 142 Stepping 9, GenuineIntel
TMP=C:\Users\aliah\AppData\Local\Temp
TEMP=C:\Users\aliah\AppData\Local\Temp



Periodic native trim disabled


---------------  S Y S T E M  ---------------

OS:
 Windows 10 , 64 bit Build 19041 (10.0.19041.5198)
OS uptime: 8 days 10:09 hours

CPU: total 4 (initial active 4) (2 cores per cpu, 2 threads per core) family 6 model 142 stepping 9 microcode 0xf0, cx8, cmov, fxsr, ht, mmx, 3dnowpref, sse, sse2, sse3, ssse3, sse4.1, sse4.2, popcnt, lzcnt, tsc, tscinvbit, avx, avx2, aes, erms, clmul, bmi1, bmi2, adx, fma, vzeroupper, clflush, clflushopt
Processor Information for processor 0
  Max Mhz: 2904, Current Mhz: 1502, Mhz Limit: 2700
Processor Information for processor 1
  Max Mhz: 2904, Current Mhz: 2703, Mhz Limit: 2700
Processor Information for processor 2
  Max Mhz: 2904, Current Mhz: 1502, Mhz Limit: 2700
Processor Information for processor 3
  Max Mhz: 2904, Current Mhz: 1502, Mhz Limit: 2700

Memory: 4k page, system-wide physical 8042M (402M free)
TotalPageFile size 12138M (AvailPageFile size 5M)
current process WorkingSet (physical memory assigned to process): 60M, peak: 60M
current process commit charge ("private bytes"): 146M, peak: 146M

vm_info: OpenJDK 64-Bit Server VM (17.0.13+11-LTS) for windows-amd64 JRE (17.0.13+11-LTS), built on Oct 11 2024 23:25:05 by "MicrosoftCorporation" with unknown MS VC++:1939

END.
