#
# There is insufficient memory for the Java Runtime Environment to continue.
# Native memory allocation (malloc) failed to allocate 32744 bytes. Error detail: ChunkPool::allocate
# Possible reasons:
#   The system is out of physical RAM or swap space
#   This process is running with CompressedOops enabled, and the Java Heap may be blocking the growth of the native heap
# Possible solutions:
#   Reduce memory load on the system
#   Increase physical memory or swap space
#   Check if swap backing store is full
#   Decrease Java heap size (-Xmx/-Xms)
#   Decrease number of Java threads
#   Decrease Java thread stack sizes (-Xss)
#   Set larger code cache with -XX:ReservedCodeCacheSize=
#   JVM is running with Unscaled Compressed Oops mode in which the Java heap is
#     placed in the first 4GB address space. The Java Heap base address is the
#     maximum limit for the native heap growth. Please use -XX:HeapBaseMinAddress
#     to set the Java Heap base and to place the Java Heap above 4GB virtual address.
# This output file may be truncated or incomplete.
#
#  Out of Memory Error (arena.cpp:79), pid=18060, tid=8196
#
# JRE version: OpenJDK Runtime Environment Microsoft-10376486 (17.0.13+11) (build 17.0.13+11-LTS)
# Java VM: OpenJDK 64-Bit Server VM Microsoft-10376486 (17.0.13+11-LTS, mixed mode, sharing, tiered, compressed oops, compressed class ptrs, g1 gc, windows-amd64)
# No core dump will be written. Minidumps are not enabled by default on client versions of Windows
#

---------------  S U M M A R Y ------------

Command Line: -Xmx64m -Xms64m -Dorg.gradle.appname=gradlew org.gradle.wrapper.GradleWrapperMain app:installDebug -PreactNativeDevServerPort=8081

Host: Intel(R) Core(TM) i7-7500U CPU @ 2.70GHz, 4 cores, 7G,  Windows 10 , 64 bit Build 19041 (10.0.19041.5198)
Time: Wed Jan 29 19:43:20 2025 Pakistan Standard Time elapsed time: 33.141917 seconds (0d 0h 0m 33s)

---------------  T H R E A D  ---------------

Current thread (0x00000289d3631870):  JavaThread "C2 CompilerThread0" daemon [_thread_in_native, id=8196, stack(0x000000a9b6100000,0x000000a9b6200000)]


Current CompileTask:
C2:  33142 1781       4       org.gradle.internal.logging.text.AbstractLineChoppingStyledTextOutput$1::execute (9 bytes)

Stack: [0x000000a9b6100000,0x000000a9b6200000]
Native frames: (J=compiled Java code, j=interpreted, Vv=VM code, C=native code)
V  [jvm.dll+0x687fc9]
V  [jvm.dll+0x83eeb8]
V  [jvm.dll+0x840963]
V  [jvm.dll+0x840fd3]
V  [jvm.dll+0x24951f]
V  [jvm.dll+0xad2cc]
V  [jvm.dll+0xad75c]
V  [jvm.dll+0x8e450]
V  [jvm.dll+0x61336b]
V  [jvm.dll+0x61385f]
V  [jvm.dll+0x6134a7]
V  [jvm.dll+0x618b37]
V  [jvm.dll+0x619976]
V  [jvm.dll+0x617e3c]
V  [jvm.dll+0x21a5c0]
V  [jvm.dll+0x219b7f]
V  [jvm.dll+0x1a5506]
V  [jvm.dll+0x22a1ca]
V  [jvm.dll+0x22830b]
V  [jvm.dll+0x7f4708]
V  [jvm.dll+0x7eea6c]
V  [jvm.dll+0x686ea7]
C  [ucrtbase.dll+0x21bb2]
C  [KERNEL32.DLL+0x17374]
C  [ntdll.dll+0x4cc91]


---------------  P R O C E S S  ---------------

Threads class SMR info:
_java_thread_list=0x00000289ecb00a20, length=13, elements={
0x00000289d3582620, 0x00000289d3614080, 0x00000289d36153b0, 0x00000289d362a8d0,
0x00000289d362c310, 0x00000289d362e390, 0x00000289d362ec60, 0x00000289d3631870,
0x00000289d36329d0, 0x00000289d3639730, 0x00000289ec84a100, 0x00000289ec8532c0,
0x00000289f1b3a500
}

Java Threads: ( => current thread )
  0x00000289d3582620 JavaThread "main" [_thread_in_vm, id=15736, stack(0x000000a9b5400000,0x000000a9b5500000)]
  0x00000289d3614080 JavaThread "Reference Handler" daemon [_thread_blocked, id=9652, stack(0x000000a9b5b00000,0x000000a9b5c00000)]
  0x00000289d36153b0 JavaThread "Finalizer" daemon [_thread_blocked, id=7052, stack(0x000000a9b5c00000,0x000000a9b5d00000)]
  0x00000289d362a8d0 JavaThread "Signal Dispatcher" daemon [_thread_blocked, id=9908, stack(0x000000a9b5d00000,0x000000a9b5e00000)]
  0x00000289d362c310 JavaThread "Attach Listener" daemon [_thread_blocked, id=17476, stack(0x000000a9b5e00000,0x000000a9b5f00000)]
  0x00000289d362e390 JavaThread "Service Thread" daemon [_thread_blocked, id=13692, stack(0x000000a9b5f00000,0x000000a9b6000000)]
  0x00000289d362ec60 JavaThread "Monitor Deflation Thread" daemon [_thread_blocked, id=1172, stack(0x000000a9b6000000,0x000000a9b6100000)]
=>0x00000289d3631870 JavaThread "C2 CompilerThread0" daemon [_thread_in_native, id=8196, stack(0x000000a9b6100000,0x000000a9b6200000)]
  0x00000289d36329d0 JavaThread "C1 CompilerThread0" daemon [_thread_in_native, id=8996, stack(0x000000a9b6200000,0x000000a9b6300000)]
  0x00000289d3639730 JavaThread "Sweeper thread" daemon [_thread_blocked, id=15628, stack(0x000000a9b6300000,0x000000a9b6400000)]
  0x00000289ec84a100 JavaThread "Notification Thread" daemon [_thread_blocked, id=764, stack(0x000000a9b6400000,0x000000a9b6500000)]
  0x00000289ec8532c0 JavaThread "Common-Cleaner" daemon [_thread_blocked, id=10804, stack(0x000000a9b6600000,0x000000a9b6700000)]
  0x00000289f1b3a500 JavaThread "pool-1-thread-1" [_thread_blocked, id=12248, stack(0x000000a9b6b00000,0x000000a9b6c00000)]

Other Threads:
  0x00000289d360d730 VMThread "VM Thread" [stack: 0x000000a9b5a00000,0x000000a9b5b00000] [id=2796]
  0x00000289ec84f000 WatcherThread [stack: 0x000000a9b6500000,0x000000a9b6600000] [id=9456]
  0x00000289d35a1840 GCTaskThread "GC Thread#0" [stack: 0x000000a9b5500000,0x000000a9b5600000] [id=14792]
  0x00000289ec88d370 GCTaskThread "GC Thread#1" [stack: 0x000000a9b6700000,0x000000a9b6800000] [id=13896]
  0x00000289ec88e970 GCTaskThread "GC Thread#2" [stack: 0x000000a9b6800000,0x000000a9b6900000] [id=72]
  0x00000289ec88d8f0 GCTaskThread "GC Thread#3" [stack: 0x000000a9b6900000,0x000000a9b6a00000] [id=6204]
  0x00000289d35a2da0 ConcurrentGCThread "G1 Main Marker" [stack: 0x000000a9b5600000,0x000000a9b5700000] [id=15252]
  0x00000289d35a3d70 ConcurrentGCThread "G1 Conc#0" [stack: 0x000000a9b5700000,0x000000a9b5800000] [id=14672]
  0x00000289d35f32c0 ConcurrentGCThread "G1 Refine#0" [stack: 0x000000a9b5800000,0x000000a9b5900000] [id=13952]
  0x00000289d35f3b00 ConcurrentGCThread "G1 Service" [stack: 0x000000a9b5900000,0x000000a9b5a00000] [id=17456]

Threads with active compile tasks:
C2 CompilerThread0    33171 1781       4       org.gradle.internal.logging.text.AbstractLineChoppingStyledTextOutput$1::execute (9 bytes)
C1 CompilerThread0    33171 1787       3       sun.invoke.util.VerifyAccess::isMemberAccessible (338 bytes)

VM state: not at safepoint (normal execution)

VM Mutex/Monitor currently owned by a thread: None

Heap address: 0x00000000fc000000, size: 64 MB, Compressed Oops mode: 32-bit

CDS archive(s) mapped at: [0x0000028980000000-0x0000028980bb0000-0x0000028980bb0000), size 12255232, SharedBaseAddress: 0x0000028980000000, ArchiveRelocationMode: 1.
Compressed class space mapped at: 0x0000028981000000-0x00000289c1000000, reserved size: 1073741824
Narrow klass base: 0x0000028980000000, Narrow klass shift: 0, Narrow klass range: 0x100000000

GC Precious Log:
 CPUs: 4 total, 4 available
 Memory: 8042M
 Large Page Support: Disabled
 NUMA Support: Disabled
 Compressed Oops: Enabled (32-bit)
 Heap Region Size: 1M
 Heap Min Capacity: 64M
 Heap Initial Capacity: 64M
 Heap Max Capacity: 64M
 Pre-touch: Disabled
 Parallel Workers: 4
 Concurrent Workers: 1
 Concurrent Refinement Workers: 4
 Periodic GC: Disabled

Heap:
 garbage-first heap   total 65536K, used 40396K [0x00000000fc000000, 0x0000000100000000)
  region size 1024K, 34 young (34816K), 3 survivors (3072K)
 Metaspace       used 10116K, committed 10304K, reserved 1114112K
  class space    used 1346K, committed 1408K, reserved 1048576K

Heap Regions: E=young(eden), S=young(survivor), O=old, HS=humongous(starts), HC=humongous(continues), CS=collection set, F=free, OA=open archive, CA=closed archive, TAMS=top-at-mark-start (previous, next)
|   0|0x00000000fc000000, 0x00000000fc100000, 0x00000000fc100000|100%|HS|  |TAMS 0x00000000fc000000, 0x00000000fc000000| Complete 
|   1|0x00000000fc100000, 0x00000000fc200000, 0x00000000fc200000|100%|HC|  |TAMS 0x00000000fc100000, 0x00000000fc100000| Complete 
|   2|0x00000000fc200000, 0x00000000fc300000, 0x00000000fc300000|100%|HC|  |TAMS 0x00000000fc200000, 0x00000000fc200000| Complete 
|   3|0x00000000fc300000, 0x00000000fc400000, 0x00000000fc400000|100%| O|  |TAMS 0x00000000fc300000, 0x00000000fc300000| Untracked 
|   4|0x00000000fc400000, 0x00000000fc500000, 0x00000000fc500000|100%| O|  |TAMS 0x00000000fc400000, 0x00000000fc400000| Untracked 
|   5|0x00000000fc500000, 0x00000000fc600000, 0x00000000fc600000|100%| O|  |TAMS 0x00000000fc500000, 0x00000000fc500000| Untracked 
|   6|0x00000000fc600000, 0x00000000fc673200, 0x00000000fc700000| 44%| O|  |TAMS 0x00000000fc600000, 0x00000000fc600000| Untracked 
|   7|0x00000000fc700000, 0x00000000fc700000, 0x00000000fc800000|  0%| F|  |TAMS 0x00000000fc700000, 0x00000000fc700000| Untracked 
|   8|0x00000000fc800000, 0x00000000fc800000, 0x00000000fc900000|  0%| F|  |TAMS 0x00000000fc800000, 0x00000000fc800000| Untracked 
|   9|0x00000000fc900000, 0x00000000fc900000, 0x00000000fca00000|  0%| F|  |TAMS 0x00000000fc900000, 0x00000000fc900000| Untracked 
|  10|0x00000000fca00000, 0x00000000fca00000, 0x00000000fcb00000|  0%| F|  |TAMS 0x00000000fca00000, 0x00000000fca00000| Untracked 
|  11|0x00000000fcb00000, 0x00000000fcb00000, 0x00000000fcc00000|  0%| F|  |TAMS 0x00000000fcb00000, 0x00000000fcb00000| Untracked 
|  12|0x00000000fcc00000, 0x00000000fcc00000, 0x00000000fcd00000|  0%| F|  |TAMS 0x00000000fcc00000, 0x00000000fcc00000| Untracked 
|  13|0x00000000fcd00000, 0x00000000fcd00000, 0x00000000fce00000|  0%| F|  |TAMS 0x00000000fcd00000, 0x00000000fcd00000| Untracked 
|  14|0x00000000fce00000, 0x00000000fce00000, 0x00000000fcf00000|  0%| F|  |TAMS 0x00000000fce00000, 0x00000000fce00000| Untracked 
|  15|0x00000000fcf00000, 0x00000000fcf00000, 0x00000000fd000000|  0%| F|  |TAMS 0x00000000fcf00000, 0x00000000fcf00000| Untracked 
|  16|0x00000000fd000000, 0x00000000fd000000, 0x00000000fd100000|  0%| F|  |TAMS 0x00000000fd000000, 0x00000000fd000000| Untracked 
|  17|0x00000000fd100000, 0x00000000fd100000, 0x00000000fd200000|  0%| F|  |TAMS 0x00000000fd100000, 0x00000000fd100000| Untracked 
|  18|0x00000000fd200000, 0x00000000fd200000, 0x00000000fd300000|  0%| F|  |TAMS 0x00000000fd200000, 0x00000000fd200000| Untracked 
|  19|0x00000000fd300000, 0x00000000fd300000, 0x00000000fd400000|  0%| F|  |TAMS 0x00000000fd300000, 0x00000000fd300000| Untracked 
|  20|0x00000000fd400000, 0x00000000fd400000, 0x00000000fd500000|  0%| F|  |TAMS 0x00000000fd400000, 0x00000000fd400000| Untracked 
|  21|0x00000000fd500000, 0x00000000fd500000, 0x00000000fd600000|  0%| F|  |TAMS 0x00000000fd500000, 0x00000000fd500000| Untracked 
|  22|0x00000000fd600000, 0x00000000fd600000, 0x00000000fd700000|  0%| F|  |TAMS 0x00000000fd600000, 0x00000000fd600000| Untracked 
|  23|0x00000000fd700000, 0x00000000fd700000, 0x00000000fd800000|  0%| F|  |TAMS 0x00000000fd700000, 0x00000000fd700000| Untracked 
|  24|0x00000000fd800000, 0x00000000fd800000, 0x00000000fd900000|  0%| F|  |TAMS 0x00000000fd800000, 0x00000000fd800000| Untracked 
|  25|0x00000000fd900000, 0x00000000fd900000, 0x00000000fda00000|  0%| F|  |TAMS 0x00000000fd900000, 0x00000000fd900000| Untracked 
|  26|0x00000000fda00000, 0x00000000fda00000, 0x00000000fdb00000|  0%| F|  |TAMS 0x00000000fda00000, 0x00000000fda00000| Untracked 
|  27|0x00000000fdb00000, 0x00000000fdb00000, 0x00000000fdc00000|  0%| F|  |TAMS 0x00000000fdb00000, 0x00000000fdb00000| Untracked 
|  28|0x00000000fdc00000, 0x00000000fdc00000, 0x00000000fdd00000|  0%| F|  |TAMS 0x00000000fdc00000, 0x00000000fdc00000| Untracked 
|  29|0x00000000fdd00000, 0x00000000fdd00000, 0x00000000fde00000|  0%| F|  |TAMS 0x00000000fdd00000, 0x00000000fdd00000| Untracked 
|  30|0x00000000fde00000, 0x00000000fde80000, 0x00000000fdf00000| 50%| E|  |TAMS 0x00000000fde00000, 0x00000000fde00000| Complete 
|  31|0x00000000fdf00000, 0x00000000fe000000, 0x00000000fe000000|100%| E|CS|TAMS 0x00000000fdf00000, 0x00000000fdf00000| Complete 
|  32|0x00000000fe000000, 0x00000000fe100000, 0x00000000fe100000|100%| E|CS|TAMS 0x00000000fe000000, 0x00000000fe000000| Complete 
|  33|0x00000000fe100000, 0x00000000fe200000, 0x00000000fe200000|100%| E|CS|TAMS 0x00000000fe100000, 0x00000000fe100000| Complete 
|  34|0x00000000fe200000, 0x00000000fe300000, 0x00000000fe300000|100%| E|CS|TAMS 0x00000000fe200000, 0x00000000fe200000| Complete 
|  35|0x00000000fe300000, 0x00000000fe400000, 0x00000000fe400000|100%| E|CS|TAMS 0x00000000fe300000, 0x00000000fe300000| Complete 
|  36|0x00000000fe400000, 0x00000000fe500000, 0x00000000fe500000|100%| E|CS|TAMS 0x00000000fe400000, 0x00000000fe400000| Complete 
|  37|0x00000000fe500000, 0x00000000fe600000, 0x00000000fe600000|100%| E|CS|TAMS 0x00000000fe500000, 0x00000000fe500000| Complete 
|  38|0x00000000fe600000, 0x00000000fe700000, 0x00000000fe700000|100%| E|CS|TAMS 0x00000000fe600000, 0x00000000fe600000| Complete 
|  39|0x00000000fe700000, 0x00000000fe800000, 0x00000000fe800000|100%| E|CS|TAMS 0x00000000fe700000, 0x00000000fe700000| Complete 
|  40|0x00000000fe800000, 0x00000000fe900000, 0x00000000fe900000|100%| E|CS|TAMS 0x00000000fe800000, 0x00000000fe800000| Complete 
|  41|0x00000000fe900000, 0x00000000fea00000, 0x00000000fea00000|100%| S|CS|TAMS 0x00000000fe900000, 0x00000000fe900000| Complete 
|  42|0x00000000fea00000, 0x00000000feb00000, 0x00000000feb00000|100%| S|CS|TAMS 0x00000000fea00000, 0x00000000fea00000| Complete 
|  43|0x00000000feb00000, 0x00000000fec00000, 0x00000000fec00000|100%| S|CS|TAMS 0x00000000feb00000, 0x00000000feb00000| Complete 
|  44|0x00000000fec00000, 0x00000000fed00000, 0x00000000fed00000|100%| E|CS|TAMS 0x00000000fec00000, 0x00000000fec00000| Complete 
|  45|0x00000000fed00000, 0x00000000fee00000, 0x00000000fee00000|100%| E|CS|TAMS 0x00000000fed00000, 0x00000000fed00000| Complete 
|  46|0x00000000fee00000, 0x00000000fef00000, 0x00000000fef00000|100%| E|CS|TAMS 0x00000000fee00000, 0x00000000fee00000| Complete 
|  47|0x00000000fef00000, 0x00000000ff000000, 0x00000000ff000000|100%| E|CS|TAMS 0x00000000fef00000, 0x00000000fef00000| Complete 
|  48|0x00000000ff000000, 0x00000000ff100000, 0x00000000ff100000|100%| E|CS|TAMS 0x00000000ff000000, 0x00000000ff000000| Complete 
|  49|0x00000000ff100000, 0x00000000ff200000, 0x00000000ff200000|100%| E|CS|TAMS 0x00000000ff100000, 0x00000000ff100000| Complete 
|  50|0x00000000ff200000, 0x00000000ff300000, 0x00000000ff300000|100%| E|CS|TAMS 0x00000000ff200000, 0x00000000ff200000| Complete 
|  51|0x00000000ff300000, 0x00000000ff400000, 0x00000000ff400000|100%| E|CS|TAMS 0x00000000ff300000, 0x00000000ff300000| Complete 
|  52|0x00000000ff400000, 0x00000000ff500000, 0x00000000ff500000|100%| E|CS|TAMS 0x00000000ff400000, 0x00000000ff400000| Complete 
|  53|0x00000000ff500000, 0x00000000ff600000, 0x00000000ff600000|100%| E|CS|TAMS 0x00000000ff500000, 0x00000000ff500000| Complete 
|  54|0x00000000ff600000, 0x00000000ff700000, 0x00000000ff700000|100%| E|CS|TAMS 0x00000000ff600000, 0x00000000ff600000| Complete 
|  55|0x00000000ff700000, 0x00000000ff800000, 0x00000000ff800000|100%| E|CS|TAMS 0x00000000ff700000, 0x00000000ff700000| Complete 
|  56|0x00000000ff800000, 0x00000000ff900000, 0x00000000ff900000|100%| E|CS|TAMS 0x00000000ff800000, 0x00000000ff800000| Complete 
|  57|0x00000000ff900000, 0x00000000ffa00000, 0x00000000ffa00000|100%| E|CS|TAMS 0x00000000ff900000, 0x00000000ff900000| Complete 
|  58|0x00000000ffa00000, 0x00000000ffb00000, 0x00000000ffb00000|100%| E|CS|TAMS 0x00000000ffa00000, 0x00000000ffa00000| Complete 
|  59|0x00000000ffb00000, 0x00000000ffc00000, 0x00000000ffc00000|100%| E|CS|TAMS 0x00000000ffb00000, 0x00000000ffb00000| Complete 
|  60|0x00000000ffc00000, 0x00000000ffd00000, 0x00000000ffd00000|100%| E|CS|TAMS 0x00000000ffc00000, 0x00000000ffc00000| Complete 
|  61|0x00000000ffd00000, 0x00000000ffe00000, 0x00000000ffe00000|100%| E|CS|TAMS 0x00000000ffd00000, 0x00000000ffd00000| Complete 
|  62|0x00000000ffe00000, 0x00000000fff00000, 0x00000000fff00000|100%| E|CS|TAMS 0x00000000ffe00000, 0x00000000ffe00000| Complete 
|  63|0x00000000fff00000, 0x0000000100000000, 0x0000000100000000|100%| E|CS|TAMS 0x00000000fff00000, 0x00000000fff00000| Complete 

Card table byte_map: [0x00000289d3380000,0x00000289d33a0000] _byte_map_base: 0x00000289d2ba0000

Marking Bits (Prev, Next): (CMBitMap*) 0x00000289d35a1c70, (CMBitMap*) 0x00000289d35a1cb0
 Prev Bits: [0x00000289d33c0000, 0x00000289d34c0000)
 Next Bits: [0x00000289ea0c0000, 0x00000289ea1c0000)

Polling page: 0x00000289d1370000

Metaspace:

Usage:
  Non-class:      8.56 MB used.
      Class:      1.31 MB used.
       Both:      9.88 MB used.

Virtual space:
  Non-class space:       64.00 MB reserved,       8.69 MB ( 14%) committed,  1 nodes.
      Class space:        1.00 GB reserved,       1.38 MB ( <1%) committed,  1 nodes.
             Both:        1.06 GB reserved,      10.06 MB ( <1%) committed. 

Chunk freelists:
   Non-Class:  7.34 MB
       Class:  14.44 MB
        Both:  21.78 MB

MaxMetaspaceSize: unlimited
CompressedClassSpaceSize: 1.00 GB
Initial GC threshold: 21.00 MB
Current GC threshold: 21.00 MB
CDS: on
MetaspaceReclaimPolicy: balanced
 - commit_granule_bytes: 65536.
 - commit_granule_words: 8192.
 - virtual_space_node_default_size: 8388608.
 - enlarge_chunks_in_place: 1.
 - new_chunks_are_fully_committed: 0.
 - uncommit_free_chunks: 1.
 - use_allocation_guard: 0.
 - handle_deallocations: 1.


Internal statistics:

num_allocs_failed_limit: 0.
num_arena_births: 88.
num_arena_deaths: 0.
num_vsnodes_births: 2.
num_vsnodes_deaths: 0.
num_space_committed: 161.
num_space_uncommitted: 0.
num_chunks_returned_to_freelist: 0.
num_chunks_taken_from_freelist: 370.
num_chunk_merges: 0.
num_chunk_splits: 241.
num_chunks_enlarged: 197.
num_inconsistent_stats: 0.

CodeHeap 'non-profiled nmethods': size=120000Kb used=798Kb max_used=798Kb free=119201Kb
 bounds [0x00000289e2b90000, 0x00000289e2e00000, 0x00000289ea0c0000]
CodeHeap 'profiled nmethods': size=120000Kb used=3325Kb max_used=3325Kb free=116674Kb
 bounds [0x00000289db0c0000, 0x00000289db400000, 0x00000289e25f0000]
CodeHeap 'non-nmethods': size=5760Kb used=1177Kb max_used=1200Kb free=4582Kb
 bounds [0x00000289e25f0000, 0x00000289e2860000, 0x00000289e2b90000]
 total_blobs=2260 nmethods=1783 adapters=390
 compilation: enabled
              stopped_count=0, restarted_count=0
 full_count=0

Compilation events (20 events):
Event: 33.130 Thread 0x00000289d36329d0 1773       3       java.nio.CharBuffer::position (8 bytes)
Event: 33.130 Thread 0x00000289d36329d0 nmethod 1773 0x00000289db3fd710 code [0x00000289db3fd8a0, 0x00000289db3fd9e8]
Event: 33.130 Thread 0x00000289d36329d0 1774       3       java.nio.CharBuffer::position (6 bytes)
Event: 33.130 Thread 0x00000289d36329d0 nmethod 1774 0x00000289db3fda90 code [0x00000289db3fdc40, 0x00000289db3fdde8]
Event: 33.130 Thread 0x00000289d36329d0 1775       3       java.nio.ByteBuffer::array (35 bytes)
Event: 33.130 Thread 0x00000289d36329d0 nmethod 1775 0x00000289db3fde90 code [0x00000289db3fe060, 0x00000289db3fe318]
Event: 33.130 Thread 0x00000289d36329d0 1776       3       java.nio.ByteBuffer::clear (7 bytes)
Event: 33.131 Thread 0x00000289d36329d0 nmethod 1776 0x00000289db3fe490 code [0x00000289db3fe620, 0x00000289db3fe798]
Event: 33.131 Thread 0x00000289d36329d0 1777       3       java.nio.Buffer::clear (20 bytes)
Event: 33.131 Thread 0x00000289d36329d0 nmethod 1777 0x00000289db3fe890 code [0x00000289db3fea20, 0x00000289db3feb38]
Event: 33.131 Thread 0x00000289d3631870 1778       4       org.gradle.internal.logging.text.AbstractLineChoppingStyledTextOutput$StateContext::isCurrentCharEquals (70 bytes)
Event: 33.134 Thread 0x00000289d36329d0 1780       3       java.lang.StringCoding::implEncodeAsciiArray (47 bytes)
Event: 33.134 Thread 0x00000289d3631870 nmethod 1778 0x00000289e2c56910 code [0x00000289e2c56aa0, 0x00000289e2c56c08]
Event: 33.134 Thread 0x00000289d3631870 1779       4       org.gradle.internal.logging.text.AbstractLineChoppingStyledTextOutput$StateContext::hasChar (25 bytes)
Event: 33.134 Thread 0x00000289d36329d0 nmethod 1780 0x00000289db3fec10 code [0x00000289db3fedc0, 0x00000289db3feff8]
Event: 33.135 Thread 0x00000289d3631870 nmethod 1779 0x00000289e2c56d90 code [0x00000289e2c56f00, 0x00000289e2c56fb8]
Event: 33.135 Thread 0x00000289d3631870 1781       4       org.gradle.internal.logging.text.AbstractLineChoppingStyledTextOutput$1::execute (9 bytes)
Event: 33.140 Thread 0x00000289d36329d0 1783       1       java.lang.invoke.MethodHandleNatives::isPullModeBSM (2 bytes)
Event: 33.140 Thread 0x00000289d36329d0 nmethod 1783 0x00000289e2c57090 code [0x00000289e2c57220, 0x00000289e2c572d8]
Event: 33.140 Thread 0x00000289d36329d0 1784       1       java.lang.reflect.Constructor::getRoot (5 bytes)

GC Heap History (4 events):
Event: 0.518 GC heap before
{Heap before GC invocations=0 (full 0):
 garbage-first heap   total 65536K, used 13312K [0x00000000fc000000, 0x0000000100000000)
  region size 1024K, 13 young (13312K), 0 survivors (0K)
 Metaspace       used 1643K, committed 1792K, reserved 1114112K
  class space    used 156K, committed 192K, reserved 1048576K
}
Event: 0.523 GC heap after
{Heap after GC invocations=1 (full 0):
 garbage-first heap   total 65536K, used 1496K [0x00000000fc000000, 0x0000000100000000)
  region size 1024K, 2 young (2048K), 2 survivors (2048K)
 Metaspace       used 1643K, committed 1792K, reserved 1114112K
  class space    used 156K, committed 192K, reserved 1048576K
}
Event: 1.071 GC heap before
{Heap before GC invocations=1 (full 0):
 garbage-first heap   total 65536K, used 21976K [0x00000000fc000000, 0x0000000100000000)
  region size 1024K, 20 young (20480K), 2 survivors (2048K)
 Metaspace       used 2837K, committed 3008K, reserved 1114112K
  class space    used 307K, committed 384K, reserved 1048576K
}
Event: 1.079 GC heap after
{Heap after GC invocations=2 (full 0):
 garbage-first heap   total 65536K, used 9676K [0x00000000fc000000, 0x0000000100000000)
  region size 1024K, 3 young (3072K), 3 survivors (3072K)
 Metaspace       used 2837K, committed 3008K, reserved 1114112K
  class space    used 307K, committed 384K, reserved 1048576K
}

Dll operation events (12 events):
Event: 0.027 Loaded shared library C:\Program Files\Microsoft\jdk-17.0.13.11-hotspot\bin\java.dll
Event: 0.082 Loaded shared library C:\Program Files\Microsoft\jdk-17.0.13.11-hotspot\bin\jsvml.dll
Event: 0.189 Loaded shared library C:\Program Files\Microsoft\jdk-17.0.13.11-hotspot\bin\net.dll
Event: 0.191 Loaded shared library C:\Program Files\Microsoft\jdk-17.0.13.11-hotspot\bin\nio.dll
Event: 0.194 Loaded shared library C:\Program Files\Microsoft\jdk-17.0.13.11-hotspot\bin\zip.dll
Event: 0.198 Loaded shared library C:\Program Files\Microsoft\jdk-17.0.13.11-hotspot\bin\verify.dll
Event: 0.683 Loaded shared library C:\Program Files\Microsoft\jdk-17.0.13.11-hotspot\bin\jimage.dll
Event: 1.244 Loaded shared library C:\Program Files\Microsoft\jdk-17.0.13.11-hotspot\bin\management.dll
Event: 1.248 Loaded shared library C:\Program Files\Microsoft\jdk-17.0.13.11-hotspot\bin\management_ext.dll
Event: 1.409 Loaded shared library C:\Users\aliah\.gradle\native\c067742578af261105cb4f569cf0c3c89f3d7b1fecec35dd04571415982c5e48\windows-amd64\native-platform.dll
Event: 2.095 Loaded shared library C:\Program Files\Microsoft\jdk-17.0.13.11-hotspot\bin\extnet.dll
Event: 8.829 Loaded shared library C:\Program Files\Microsoft\jdk-17.0.13.11-hotspot\bin\sunmscapi.dll

Deoptimization events (20 events):
Event: 8.717 Thread 0x00000289f1b41930 DEOPT PACKING pc=0x00000289e2c2f8b4 sp=0x000000a9b6afebc0
Event: 8.717 Thread 0x00000289f1b41930 DEOPT UNPACKING pc=0x00000289e26469a3 sp=0x000000a9b6afeb98 mode 2
Event: 8.717 Thread 0x00000289f1b41930 Uncommon trap: trap_request=0xffffff45 fr.pc=0x00000289e2b9f304 relative=0x0000000000000084
Event: 8.717 Thread 0x00000289f1b41930 Uncommon trap: reason=unstable_if action=reinterpret pc=0x00000289e2b9f304 method=java.lang.String.codePointAt(I)I @ 4 c2
Event: 8.717 Thread 0x00000289f1b41930 DEOPT PACKING pc=0x00000289e2b9f304 sp=0x000000a9b6afed30
Event: 8.717 Thread 0x00000289f1b41930 DEOPT UNPACKING pc=0x00000289e26469a3 sp=0x000000a9b6afecc8 mode 2
Event: 8.802 Thread 0x00000289d3582620 DEOPT PACKING pc=0x00000289db3a79ca sp=0x000000a9b54fbcd0
Event: 8.802 Thread 0x00000289d3582620 DEOPT UNPACKING pc=0x00000289e2647143 sp=0x000000a9b54fb1e0 mode 0
Event: 33.126 Thread 0x00000289d3582620 Uncommon trap: trap_request=0xffffff45 fr.pc=0x00000289e2bc60cc relative=0x000000000000004c
Event: 33.126 Thread 0x00000289d3582620 Uncommon trap: reason=unstable_if action=reinterpret pc=0x00000289e2bc60cc method=java.net.URI.match(CJJ)Z @ 19 c2
Event: 33.126 Thread 0x00000289d3582620 DEOPT PACKING pc=0x00000289e2bc60cc sp=0x000000a9b54fcfc0
Event: 33.126 Thread 0x00000289d3582620 DEOPT UNPACKING pc=0x00000289e26469a3 sp=0x000000a9b54fcf48 mode 2
Event: 33.126 Thread 0x00000289d3582620 Uncommon trap: trap_request=0xffffff45 fr.pc=0x00000289e2c31a28 relative=0x0000000000000208
Event: 33.126 Thread 0x00000289d3582620 Uncommon trap: reason=unstable_if action=reinterpret pc=0x00000289e2c31a28 method=java.net.URI.match(CJJ)Z @ 19 c2
Event: 33.126 Thread 0x00000289d3582620 DEOPT PACKING pc=0x00000289e2c31a28 sp=0x000000a9b54fcf50
Event: 33.126 Thread 0x00000289d3582620 DEOPT UNPACKING pc=0x00000289e26469a3 sp=0x000000a9b54fce50 mode 2
Event: 33.126 Thread 0x00000289d3582620 Uncommon trap: trap_request=0xffffff45 fr.pc=0x00000289e2c34004 relative=0x00000000000001e4
Event: 33.126 Thread 0x00000289d3582620 Uncommon trap: reason=unstable_if action=reinterpret pc=0x00000289e2c34004 method=java.net.URI$Parser.scan(IILjava/lang/String;)I @ 26 c2
Event: 33.126 Thread 0x00000289d3582620 DEOPT PACKING pc=0x00000289e2c34004 sp=0x000000a9b54fd180
Event: 33.127 Thread 0x00000289d3582620 DEOPT UNPACKING pc=0x00000289e26469a3 sp=0x000000a9b54fd110 mode 2

Classes loaded (20 events):
Event: 33.116 Loading class sun/nio/fs/WindowsSecurityDescriptor
Event: 33.116 Loading class sun/nio/fs/WindowsSecurityDescriptor done
Event: 33.116 Loading class sun/nio/fs/WindowsChannelFactory
Event: 33.116 Loading class sun/nio/fs/WindowsChannelFactory done
Event: 33.116 Loading class sun/nio/fs/WindowsChannelFactory$1
Event: 33.116 Loading class sun/nio/fs/WindowsChannelFactory$1 done
Event: 33.116 Loading class sun/nio/fs/WindowsChannelFactory$Flags
Event: 33.116 Loading class sun/nio/fs/WindowsChannelFactory$Flags done
Event: 33.117 Loading class sun/nio/fs/WindowsChannelFactory$2
Event: 33.117 Loading class sun/nio/fs/WindowsChannelFactory$2 done
Event: 33.117 Loading class sun/nio/ch/FileChannelImpl$Closer
Event: 33.117 Loading class sun/nio/ch/FileChannelImpl$Closer done
Event: 33.118 Loading class java/util/stream/Streams$1
Event: 33.118 Loading class java/util/stream/Streams$1 done
Event: 33.122 Loading class java/nio/file/FileChannelLinesSpliterator$1
Event: 33.122 Loading class java/nio/file/FileChannelLinesSpliterator$1 done
Event: 33.122 Loading class java/nio/channels/Channels
Event: 33.122 Loading class java/nio/channels/Channels done
Event: 33.128 Loading class java/util/concurrent/ConcurrentLinkedQueue$Itr
Event: 33.128 Loading class java/util/concurrent/ConcurrentLinkedQueue$Itr done

Classes unloaded (0 events):
No events

Classes redefined (0 events):
No events

Internal exceptions (20 events):
Event: 1.373 Thread 0x00000289d3582620 Exception <a 'java/lang/NoSuchMethodError'{0x00000000ff830158}: 'java.lang.Object java.lang.invoke.DirectMethodHandle$Holder.invokeStatic(java.lang.Object, java.lang.Object, int)'> (0x00000000ff830158) 
thrown [s\src\hotspot\share\interpreter\linkResolver.cpp, line 759]
Event: 1.375 Thread 0x00000289d3582620 Exception <a 'java/lang/NoSuchMethodError'{0x00000000ff83be48}: 'void java.lang.invoke.DelegatingMethodHandle$Holder.delegate(java.lang.Object, java.lang.Object, int, java.lang.Object)'> (0x00000000ff83be48) 
thrown [s\src\hotspot\share\interpreter\linkResolver.cpp, line 759]
Event: 1.382 Thread 0x00000289d3582620 Exception <a 'java/lang/NoSuchMethodError'{0x00000000ff84f510}: 'java.lang.Object java.lang.invoke.Invokers$Holder.invokeExact_MT(java.lang.Object, java.lang.Object, java.lang.Object, java.lang.Object)'> (0x00000000ff84f510) 
thrown [s\src\hotspot\share\interpreter\linkResolver.cpp, line 759]
Event: 1.392 Thread 0x00000289d3582620 Exception <a 'java/lang/NoSuchMethodError'{0x00000000ff87b3b0}: 'java.lang.Object java.lang.invoke.DirectMethodHandle$Holder.invokeVirtual(java.lang.Object, java.lang.Object, java.lang.Object)'> (0x00000000ff87b3b0) 
thrown [s\src\hotspot\share\interpreter\linkResolver.cpp, line 759]
Event: 1.507 Thread 0x00000289d3582620 Exception <a 'java/lang/NoSuchMethodError'{0x00000000ff5b6ae0}: 'java.lang.Object java.lang.invoke.DirectMethodHandle$Holder.newInvokeSpecial(java.lang.Object, java.lang.Object, java.lang.Object, java.lang.Object, java.lang.Object)'> (0x00000000ff5b6ae0) 
thrown [s\src\hotspot\share\interpreter\linkResolver.cpp, line 759]
Event: 1.542 Thread 0x00000289d3582620 Exception <a 'java/lang/NoSuchMethodError'{0x00000000ff4c9b28}: 'void java.lang.invoke.DirectMethodHandle$Holder.invokeSpecial(java.lang.Object, java.lang.Object, java.lang.Object)'> (0x00000000ff4c9b28) 
thrown [s\src\hotspot\share\interpreter\linkResolver.cpp, line 759]
Event: 1.572 Thread 0x00000289d3582620 Exception <a 'java/lang/NoSuchMethodError'{0x00000000ff3b2808}: 'int java.lang.invoke.DirectMethodHandle$Holder.invokeVirtual(java.lang.Object, java.lang.Object, java.lang.Object)'> (0x00000000ff3b2808) 
thrown [s\src\hotspot\share\interpreter\linkResolver.cpp, line 759]
Event: 1.661 Thread 0x00000289d3582620 Exception <a 'java/lang/NoSuchMethodError'{0x00000000ff0822a0}: 'java.lang.Object java.lang.invoke.DirectMethodHandle$Holder.invokeSpecialIFC(java.lang.Object, java.lang.Object, java.lang.Object, java.lang.Object)'> (0x00000000ff0822a0) 
thrown [s\src\hotspot\share\interpreter\linkResolver.cpp, line 759]
Event: 1.741 Thread 0x00000289d3582620 Exception <a 'java/lang/NoSuchMethodError'{0x00000000fed4ed28}: 'java.lang.Object java.lang.invoke.DirectMethodHandle$Holder.invokeStaticInit(java.lang.Object, int, int, int, int)'> (0x00000000fed4ed28) 
thrown [s\src\hotspot\share\interpreter\linkResolver.cpp, line 759]
Event: 1.879 Thread 0x00000289d3582620 Exception <a 'java/lang/NoSuchMethodError'{0x00000000fed979b0}: 'java.lang.Object java.lang.invoke.DirectMethodHandle$Holder.invokeStaticInit(java.lang.Object, java.lang.Object, int, int, int, int)'> (0x00000000fed979b0) 
thrown [s\src\hotspot\share\interpreter\linkResolver.cpp, line 759]
Event: 2.099 Thread 0x00000289d3582620 Exception <a 'java/lang/NoSuchMethodError'{0x00000000fedcacd0}: 'void java.lang.invoke.DirectMethodHandle$Holder.invokeStatic(java.lang.Object, java.lang.Object, java.lang.Object)'> (0x00000000fedcacd0) 
thrown [s\src\hotspot\share\interpreter\linkResolver.cpp, line 759]
Event: 2.147 Thread 0x00000289d3582620 Implicit null exception at 0x00000289e2bd76f2 to 0x00000289e2bd7d0c
Event: 5.479 Thread 0x00000289f1b41930 Exception <a 'java/lang/NoSuchMethodError'{0x00000000fe28d5c0}: 'void java.lang.invoke.DirectMethodHandle$Holder.invokeStatic(java.lang.Object, long)'> (0x00000000fe28d5c0) 
thrown [s\src\hotspot\share\interpreter\linkResolver.cpp, line 759]
Event: 5.479 Thread 0x00000289f1b41930 Exception <a 'java/lang/NoSuchMethodError'{0x00000000fe292f18}: 'java.lang.Object java.lang.invoke.DirectMethodHandle$Holder.newInvokeSpecial(java.lang.Object, long)'> (0x00000000fe292f18) 
thrown [s\src\hotspot\share\interpreter\linkResolver.cpp, line 759]
Event: 5.485 Thread 0x00000289f1b41930 Exception <a 'java/lang/NoSuchMethodError'{0x00000000fe29dab0}: 'java.lang.Object java.lang.invoke.DirectMethodHandle$Holder.invokeStaticInit(java.lang.Object, java.lang.Object, long, java.lang.Object)'> (0x00000000fe29dab0) 
thrown [s\src\hotspot\share\interpreter\linkResolver.cpp, line 759]
Event: 5.488 Thread 0x00000289f1b41930 Exception <a 'java/lang/NoSuchMethodError'{0x00000000fe2a4138}: 'java.lang.Object java.lang.invoke.DirectMethodHandle$Holder.newInvokeSpecial(java.lang.Object, java.lang.Object, long)'> (0x00000000fe2a4138) 
thrown [s\src\hotspot\share\interpreter\linkResolver.cpp, line 759]
Event: 5.489 Thread 0x00000289f1b41930 Exception <a 'java/lang/NoSuchMethodError'{0x00000000fe2a8428}: 'java.lang.Object java.lang.invoke.Invokers$Holder.linkToTargetMethod(java.lang.Object, long, java.lang.Object)'> (0x00000000fe2a8428) 
thrown [s\src\hotspot\share\interpreter\linkResolver.cpp, line 759]
Event: 33.110 Thread 0x00000289d3582620 Exception <a 'sun/net/ConnectionResetException'{0x00000000fdf6b090}: Connection reset> (0x00000000fdf6b090) 
thrown [s\src\hotspot\share\prims\jni.cpp, line 535]
Event: 33.124 Thread 0x00000289d3582620 Exception <a 'java/lang/NoSuchMethodError'{0x00000000fdfbc230}: 'int java.lang.invoke.DirectMethodHandle$Holder.invokeVirtual(java.lang.Object, java.lang.Object)'> (0x00000000fdfbc230) 
thrown [s\src\hotspot\share\interpreter\linkResolver.cpp, line 759]
Event: 33.127 Thread 0x00000289d3582620 Exception <a 'java/io/IOException'{0x00000000fdfc7b60}: Connection reset by peer> (0x00000000fdfc7b60) 
thrown [s\src\hotspot\share\prims\jni.cpp, line 535]

VM Operations (20 events):
Event: 8.852 Executing VM operation: HandshakeAllThreads
Event: 8.852 Executing VM operation: HandshakeAllThreads done
Event: 8.929 Executing VM operation: HandshakeAllThreads
Event: 8.929 Executing VM operation: HandshakeAllThreads done
Event: 9.929 Executing VM operation: Cleanup
Event: 9.929 Executing VM operation: Cleanup done
Event: 26.076 Executing VM operation: Cleanup
Event: 26.076 Executing VM operation: Cleanup done
Event: 27.081 Executing VM operation: Cleanup
Event: 27.081 Executing VM operation: Cleanup done
Event: 28.097 Executing VM operation: Cleanup
Event: 28.097 Executing VM operation: Cleanup done
Event: 29.104 Executing VM operation: Cleanup
Event: 29.104 Executing VM operation: Cleanup done
Event: 30.118 Executing VM operation: Cleanup
Event: 30.118 Executing VM operation: Cleanup done
Event: 33.136 Executing VM operation: Cleanup
Event: 33.136 Executing VM operation: Cleanup done
Event: 33.136 Executing VM operation: HandshakeAllThreads
Event: 33.136 Executing VM operation: HandshakeAllThreads done

Memory protections (0 events):
No events

Nmethod flushes (0 events):
No events

Events (20 events):
Event: 0.137 Thread 0x00000289d3582620 Thread added: 0x00000289d362a8d0
Event: 0.138 Thread 0x00000289d3582620 Thread added: 0x00000289d362c310
Event: 0.138 Thread 0x00000289d3582620 Thread added: 0x00000289d362e390
Event: 0.138 Thread 0x00000289d3582620 Thread added: 0x00000289d362ec60
Event: 0.139 Thread 0x00000289d3582620 Thread added: 0x00000289d3631870
Event: 0.139 Thread 0x00000289d3582620 Thread added: 0x00000289d36329d0
Event: 0.140 Thread 0x00000289d3582620 Thread added: 0x00000289d3639730
Event: 0.182 Thread 0x00000289d3582620 Thread added: 0x00000289ec84a100
Event: 0.185 Thread 0x00000289d3582620 Thread added: 0x00000289ec8532c0
Event: 0.679 Thread 0x00000289d36329d0 Thread added: 0x00000289ec97ea20
Event: 1.443 Thread 0x00000289d3582620 Thread added: 0x00000289f1b3a500
Event: 1.841 Thread 0x00000289ec97ea20 Thread exited: 0x00000289ec97ea20
Event: 5.468 Thread 0x00000289d3582620 Thread added: 0x00000289f1b41930
Event: 5.496 Thread 0x00000289f1b41930 Thread added: 0x00000289ec96b360
Event: 5.497 Thread 0x00000289ec96b360 Thread exited: 0x00000289ec96b360
Event: 5.498 Thread 0x00000289f1b41930 Thread added: 0x00000289ec96b360
Event: 8.721 Thread 0x00000289f1b41930 Thread exited: 0x00000289f1b41930
Event: 8.721 Thread 0x00000289ec96b360 Thread exited: 0x00000289ec96b360
Event: 8.786 Thread 0x00000289d36329d0 Thread added: 0x00000289ecabd1d0
Event: 9.950 Thread 0x00000289ecabd1d0 Thread exited: 0x00000289ecabd1d0


Dynamic libraries:
0x00007ff728960000 - 0x00007ff72896e000 	C:\Program Files\Microsoft\jdk-17.0.13.11-hotspot\bin\java.exe
0x00007ff8cad30000 - 0x00007ff8caf28000 	C:\WINDOWS\SYSTEM32\ntdll.dll
0x00007ff8c9a70000 - 0x00007ff8c9b32000 	C:\WINDOWS\System32\KERNEL32.DLL
0x00007ff8c84f0000 - 0x00007ff8c87ee000 	C:\WINDOWS\System32\KERNELBASE.dll
0x00007ff8c87f0000 - 0x00007ff8c88f0000 	C:\WINDOWS\System32\ucrtbase.dll
0x00007ff8c04d0000 - 0x00007ff8c04e7000 	C:\Program Files\Microsoft\jdk-17.0.13.11-hotspot\bin\jli.dll
0x00007ff8c04f0000 - 0x00007ff8c050d000 	C:\Program Files\Microsoft\jdk-17.0.13.11-hotspot\bin\VCRUNTIME140.dll
0x00007ff8c9c80000 - 0x00007ff8c9e1d000 	C:\WINDOWS\System32\USER32.dll
0x00007ff8c8c90000 - 0x00007ff8c8cb2000 	C:\WINDOWS\System32\win32u.dll
0x00007ff8afbc0000 - 0x00007ff8afe5a000 	C:\WINDOWS\WinSxS\amd64_microsoft.windows.common-controls_6595b64144ccf1df_6.0.19041.4355_none_60b8b9eb71f62e16\COMCTL32.dll
0x00007ff8c8e90000 - 0x00007ff8c8ebb000 	C:\WINDOWS\System32\GDI32.dll
0x00007ff8c9ec0000 - 0x00007ff8c9f5e000 	C:\WINDOWS\System32\msvcrt.dll
0x00007ff8c8af0000 - 0x00007ff8c8c07000 	C:\WINDOWS\System32\gdi32full.dll
0x00007ff8c8a50000 - 0x00007ff8c8aed000 	C:\WINDOWS\System32\msvcp_win.dll
0x00007ff8c9680000 - 0x00007ff8c96af000 	C:\WINDOWS\System32\IMM32.DLL
0x00007ff8c03e0000 - 0x00007ff8c03ec000 	C:\Program Files\Microsoft\jdk-17.0.13.11-hotspot\bin\vcruntime140_1.dll
0x00007ff8bd040000 - 0x00007ff8bd0cd000 	C:\Program Files\Microsoft\jdk-17.0.13.11-hotspot\bin\msvcp140.dll
0x00007ff873500000 - 0x00007ff874171000 	C:\Program Files\Microsoft\jdk-17.0.13.11-hotspot\bin\server\jvm.dll
0x00007ff8c95c0000 - 0x00007ff8c9671000 	C:\WINDOWS\System32\ADVAPI32.dll
0x00007ff8c9e20000 - 0x00007ff8c9ebf000 	C:\WINDOWS\System32\sechost.dll
0x00007ff8c9b50000 - 0x00007ff8c9c73000 	C:\WINDOWS\System32\RPCRT4.dll
0x00007ff8c8c10000 - 0x00007ff8c8c37000 	C:\WINDOWS\System32\bcrypt.dll
0x00007ff8ca450000 - 0x00007ff8ca4bb000 	C:\WINDOWS\System32\WS2_32.dll
0x00007ff8c7be0000 - 0x00007ff8c7c2b000 	C:\WINDOWS\SYSTEM32\POWRPROF.dll
0x00007ff8b3810000 - 0x00007ff8b3837000 	C:\WINDOWS\SYSTEM32\WINMM.dll
0x00007ff8c6af0000 - 0x00007ff8c6afa000 	C:\WINDOWS\SYSTEM32\VERSION.dll
0x00007ff8c7bc0000 - 0x00007ff8c7bd2000 	C:\WINDOWS\SYSTEM32\UMPDC.dll
0x00007ff8c6c40000 - 0x00007ff8c6c52000 	C:\WINDOWS\SYSTEM32\kernel.appcore.dll
0x00007ff8bfc30000 - 0x00007ff8bfc3a000 	C:\Program Files\Microsoft\jdk-17.0.13.11-hotspot\bin\jimage.dll
0x00007ff8c2de0000 - 0x00007ff8c2fc4000 	C:\WINDOWS\SYSTEM32\DBGHELP.DLL
0x00007ff8c2d20000 - 0x00007ff8c2d54000 	C:\WINDOWS\SYSTEM32\dbgcore.DLL
0x00007ff8c8cc0000 - 0x00007ff8c8d42000 	C:\WINDOWS\System32\bcryptPrimitives.dll
0x00007ff8bd860000 - 0x00007ff8bd885000 	C:\Program Files\Microsoft\jdk-17.0.13.11-hotspot\bin\java.dll
0x00007ff8acbb0000 - 0x00007ff8acc87000 	C:\Program Files\Microsoft\jdk-17.0.13.11-hotspot\bin\jsvml.dll
0x00007ff8ca4c0000 - 0x00007ff8cac2d000 	C:\WINDOWS\System32\SHELL32.dll
0x00007ff8c6290000 - 0x00007ff8c6a34000 	C:\WINDOWS\SYSTEM32\windows.storage.dll
0x00007ff8c96b0000 - 0x00007ff8c9a03000 	C:\WINDOWS\System32\combase.dll
0x00007ff8c7e00000 - 0x00007ff8c7e2e000 	C:\WINDOWS\SYSTEM32\Wldp.dll
0x00007ff8c8ff0000 - 0x00007ff8c90bd000 	C:\WINDOWS\System32\OLEAUT32.dll
0x00007ff8c8de0000 - 0x00007ff8c8e8d000 	C:\WINDOWS\System32\SHCORE.dll
0x00007ff8cac30000 - 0x00007ff8cac85000 	C:\WINDOWS\System32\shlwapi.dll
0x00007ff8c8300000 - 0x00007ff8c8324000 	C:\WINDOWS\SYSTEM32\profapi.dll
0x00007ff8bcfd0000 - 0x00007ff8bcfea000 	C:\Program Files\Microsoft\jdk-17.0.13.11-hotspot\bin\net.dll
0x00007ff8c4960000 - 0x00007ff8c4a6d000 	C:\WINDOWS\SYSTEM32\WINHTTP.dll
0x00007ff8c7af0000 - 0x00007ff8c7b5a000 	C:\WINDOWS\system32\mswsock.dll
0x00007ff8ad7d0000 - 0x00007ff8ad7e6000 	C:\Program Files\Microsoft\jdk-17.0.13.11-hotspot\bin\nio.dll
0x00007ff8ad520000 - 0x00007ff8ad538000 	C:\Program Files\Microsoft\jdk-17.0.13.11-hotspot\bin\zip.dll
0x00007ff8c5f60000 - 0x00007ff8c5f70000 	C:\Program Files\Microsoft\jdk-17.0.13.11-hotspot\bin\verify.dll
0x00007ff8bd830000 - 0x00007ff8bd83a000 	C:\Program Files\Microsoft\jdk-17.0.13.11-hotspot\bin\management.dll
0x00007ff8bd820000 - 0x00007ff8bd82b000 	C:\Program Files\Microsoft\jdk-17.0.13.11-hotspot\bin\management_ext.dll
0x00007ff8c9b40000 - 0x00007ff8c9b48000 	C:\WINDOWS\System32\PSAPI.DLL
0x00007ff8bd0d0000 - 0x00007ff8bd0f7000 	C:\Users\aliah\.gradle\native\c067742578af261105cb4f569cf0c3c89f3d7b1fecec35dd04571415982c5e48\windows-amd64\native-platform.dll
0x00007ff8c7d50000 - 0x00007ff8c7d68000 	C:\WINDOWS\SYSTEM32\CRYPTSP.dll
0x00007ff8c73b0000 - 0x00007ff8c73e4000 	C:\WINDOWS\system32\rsaenh.dll
0x00007ff8c82c0000 - 0x00007ff8c82ee000 	C:\WINDOWS\SYSTEM32\USERENV.dll
0x00007ff8c7d70000 - 0x00007ff8c7d7c000 	C:\WINDOWS\SYSTEM32\CRYPTBASE.dll
0x00007ff8c7770000 - 0x00007ff8c77ab000 	C:\WINDOWS\SYSTEM32\IPHLPAPI.DLL
0x00007ff8c9420000 - 0x00007ff8c9428000 	C:\WINDOWS\System32\NSI.dll
0x00007ff8be120000 - 0x00007ff8be137000 	C:\WINDOWS\SYSTEM32\dhcpcsvc6.DLL
0x00007ff8be4d0000 - 0x00007ff8be4ed000 	C:\WINDOWS\SYSTEM32\dhcpcsvc.DLL
0x00007ff8c77b0000 - 0x00007ff8c787a000 	C:\WINDOWS\SYSTEM32\DNSAPI.dll
0x00007ff8bd020000 - 0x00007ff8bd029000 	C:\Program Files\Microsoft\jdk-17.0.13.11-hotspot\bin\extnet.dll
0x00007ff8bd810000 - 0x00007ff8bd81e000 	C:\Program Files\Microsoft\jdk-17.0.13.11-hotspot\bin\sunmscapi.dll
0x00007ff8c88f0000 - 0x00007ff8c8a4c000 	C:\WINDOWS\System32\CRYPT32.dll
0x00007ff8c7e70000 - 0x00007ff8c7e97000 	C:\WINDOWS\SYSTEM32\ncrypt.dll
0x00007ff8c7e30000 - 0x00007ff8c7e6b000 	C:\WINDOWS\SYSTEM32\NTASN1.dll
0x00007ff8bd030000 - 0x00007ff8bd037000 	C:\WINDOWS\system32\wshunix.dll

dbghelp: loaded successfully - version: 4.0.5 - missing functions: none
symbol engine: initialized successfully - sym options: 0x614 - pdb path: .;C:\Program Files\Microsoft\jdk-17.0.13.11-hotspot\bin;C:\WINDOWS\SYSTEM32;C:\WINDOWS\WinSxS\amd64_microsoft.windows.common-controls_6595b64144ccf1df_6.0.19041.4355_none_60b8b9eb71f62e16;C:\Program Files\Microsoft\jdk-17.0.13.11-hotspot\bin\server;C:\Users\aliah\.gradle\native\c067742578af261105cb4f569cf0c3c89f3d7b1fecec35dd04571415982c5e48\windows-amd64

VM Arguments:
jvm_args: -Xmx64m -Xms64m -Dorg.gradle.appname=gradlew 
java_command: org.gradle.wrapper.GradleWrapperMain app:installDebug -PreactNativeDevServerPort=8081
java_class_path (initial): D:\React Native\MyProject\android\\gradle\wrapper\gradle-wrapper.jar
Launcher Type: SUN_STANDARD

[Global flags]
     intx CICompilerCount                          = 3                                         {product} {ergonomic}
     uint ConcGCThreads                            = 1                                         {product} {ergonomic}
     uint G1ConcRefinementThreads                  = 4                                         {product} {ergonomic}
   size_t G1HeapRegionSize                         = 1048576                                   {product} {ergonomic}
    uintx GCDrainStackTargetSize                   = 64                                        {product} {ergonomic}
   size_t InitialHeapSize                          = 67108864                                  {product} {command line}
   size_t MarkStackSize                            = 4194304                                   {product} {ergonomic}
   size_t MaxHeapSize                              = 67108864                                  {product} {command line}
   size_t MaxNewSize                               = 39845888                                  {product} {ergonomic}
   size_t MinHeapDeltaBytes                        = 1048576                                   {product} {ergonomic}
   size_t MinHeapSize                              = 67108864                                  {product} {command line}
    uintx NonNMethodCodeHeapSize                   = 5832780                                {pd product} {ergonomic}
    uintx NonProfiledCodeHeapSize                  = 122912730                              {pd product} {ergonomic}
    uintx ProfiledCodeHeapSize                     = 122912730                              {pd product} {ergonomic}
    uintx ReservedCodeCacheSize                    = 251658240                              {pd product} {ergonomic}
     bool SegmentedCodeCache                       = true                                      {product} {ergonomic}
   size_t SoftMaxHeapSize                          = 67108864                               {manageable} {ergonomic}
     bool UseCompressedClassPointers               = true                           {product lp64_product} {ergonomic}
     bool UseCompressedOops                        = true                           {product lp64_product} {ergonomic}
     bool UseG1GC                                  = true                                      {product} {ergonomic}
     bool UseLargePagesIndividualAllocation        = false                                  {pd product} {ergonomic}

Logging:
Log output configuration:
 #0: stdout all=warning uptime,level,tags
 #1: stderr all=off uptime,level,tags

Environment Variables:
JAVA_HOME=C:\Program Files\Microsoft\jdk-17.0.13.11-hotspot\
CLASSPATH=D:\React Native\MyProject\android\\gradle\wrapper\gradle-wrapper.jar
PATH=D:\React Native\MyProject\node_modules\.bin;D:\React Native\MyProject\node_modules\.bin;D:\React Native\node_modules\.bin;D:\node_modules\.bin;C:\Users\aliah\AppData\Roaming\npm\node_modules\npm\node_modules\@npmcli\run-script\lib\node-gyp-bin;D:\React Native\MyProject\node_modules\.bin;D:\React Native\MyProject\node_modules\.bin;D:\React Native\node_modules\.bin;D:\node_modules\.bin;C:\Users\aliah\AppData\Roaming\npm\node_modules\npm\node_modules\@npmcli\run-script\lib\node-gyp-bin;C:\Program Files\Microsoft\jdk-17.0.13.11-hotspot\bin;C:\WINDOWS\system32;C:\WINDOWS;C:\WINDOWS\System32\Wbem;C:\WINDOWS\System32\WindowsPowerShell\v1.0\;C:\WINDOWS\System32\OpenSSH\;C:\Program Files\nodejs\;C:\Program Files\Git\cmd;C:\Users\aliah\AppData\Local\Android\Sdk\emulator;C:\Users\aliah\AppData\Local\Android\Sdk;C:\Users\aliah\AppData\Local\Android\Sdk\platform-tools;C:\ProgramData\chocolatey\bin;D:\React Native\MyProject\android\gradle-8.11.1\bin;C:\Users\aliah\AppData\Local\Microsoft\WindowsApps;C:\Users\aliah\AppData\Local\Programs\Microsoft VS Code\bin;C:\Users\aliah\AppData\Roaming\npm;C:\Program Files\Microsoft\jdk-17.0.13.11-hotspot\bin;D:\React Native\MyProject\android\gradle-8.11.1\bin;
USERNAME=aliah
OS=Windows_NT
PROCESSOR_IDENTIFIER=Intel64 Family 6 Model 142 Stepping 9, GenuineIntel
TMP=C:\Users\aliah\AppData\Local\Temp
TEMP=C:\Users\aliah\AppData\Local\Temp



Periodic native trim disabled


---------------  S Y S T E M  ---------------

OS:
 Windows 10 , 64 bit Build 19041 (10.0.19041.5198)
OS uptime: 5 days 2:21 hours

CPU: total 4 (initial active 4) (2 cores per cpu, 2 threads per core) family 6 model 142 stepping 9 microcode 0xf0, cx8, cmov, fxsr, ht, mmx, 3dnowpref, sse, sse2, sse3, ssse3, sse4.1, sse4.2, popcnt, lzcnt, tsc, tscinvbit, avx, avx2, aes, erms, clmul, bmi1, bmi2, adx, fma, vzeroupper, clflush, clflushopt
Processor Information for the first 4 processors :
  Max Mhz: 2904, Current Mhz: 2703, Mhz Limit: 2700

Memory: 4k page, system-wide physical 8042M (977M free)
TotalPageFile size 12138M (AvailPageFile size 467M)
current process WorkingSet (physical memory assigned to process): 99M, peak: 102M
current process commit charge ("private bytes"): 157M, peak: 161M

vm_info: OpenJDK 64-Bit Server VM (17.0.13+11-LTS) for windows-amd64 JRE (17.0.13+11-LTS), built on Oct 11 2024 23:25:05 by "MicrosoftCorporation" with unknown MS VC++:1939

END.
