#
# There is insufficient memory for the Java Runtime Environment to continue.
# Native memory allocation (malloc) failed to allocate 312944 bytes. Error detail: Chunk::new
# Possible reasons:
#   The system is out of physical RAM or swap space
#   This process is running with CompressedOops enabled, and the Java Heap may be blocking the growth of the native heap
# Possible solutions:
#   Reduce memory load on the system
#   Increase physical memory or swap space
#   Check if swap backing store is full
#   Decrease Java heap size (-Xmx/-Xms)
#   Decrease number of Java threads
#   Decrease Java thread stack sizes (-Xss)
#   Set larger code cache with -XX:ReservedCodeCacheSize=
#   JVM is running with Unscaled Compressed Oops mode in which the Java heap is
#     placed in the first 4GB address space. The Java Heap base address is the
#     maximum limit for the native heap growth. Please use -XX:HeapBaseMinAddress
#     to set the Java Heap base and to place the Java Heap above 4GB virtual address.
# This output file may be truncated or incomplete.
#
#  Out of Memory Error (arena.cpp:191), pid=5456, tid=8316
#
# JRE version: OpenJDK Runtime Environment Microsoft-10376486 (17.0.13+11) (build 17.0.13+11-LTS)
# Java VM: OpenJDK 64-Bit Server VM Microsoft-10376486 (17.0.13+11-LTS, mixed mode, sharing, tiered, compressed oops, compressed class ptrs, g1 gc, windows-amd64)
# No core dump will be written. Minidumps are not enabled by default on client versions of Windows
#

---------------  S U M M A R Y ------------

Command Line: -Xmx64m -Xms64m -Dorg.gradle.appname=gradlew org.gradle.wrapper.GradleWrapperMain app:installDebug -PreactNativeDevServerPort=8081

Host: Intel(R) Core(TM) i7-7500U CPU @ 2.70GHz, 4 cores, 7G,  Windows 10 , 64 bit Build 19041 (10.0.19041.5198)
Time: Wed Feb 12 19:35:24 2025 Pakistan Standard Time elapsed time: 131.502894 seconds (0d 0h 2m 11s)

---------------  T H R E A D  ---------------

Current thread (0x000001e8afebd040):  JavaThread "C2 CompilerThread0" daemon [_thread_in_native, id=8316, stack(0x0000004c95100000,0x0000004c95200000)]


Current CompileTask:
C2: 131502 1961 % !   4       java.io.BufferedReader::readLine @ 139 (327 bytes)

Stack: [0x0000004c95100000,0x0000004c95200000]
Native frames: (J=compiled Java code, j=interpreted, Vv=VM code, C=native code)
V  [jvm.dll+0x687fc9]
V  [jvm.dll+0x83eeb8]
V  [jvm.dll+0x840963]
V  [jvm.dll+0x840fd3]
V  [jvm.dll+0x24951f]
V  [jvm.dll+0xad0c4]
V  [jvm.dll+0xad75c]
V  [jvm.dll+0x36aafe]
V  [jvm.dll+0x335153]
V  [jvm.dll+0x3345ea]
V  [jvm.dll+0x21a748]
V  [jvm.dll+0x219b7f]
V  [jvm.dll+0x1a5506]
V  [jvm.dll+0x22a1ca]
V  [jvm.dll+0x22830b]
V  [jvm.dll+0x7f4708]
V  [jvm.dll+0x7eea6c]
V  [jvm.dll+0x686ea7]
C  [ucrtbase.dll+0x21bb2]
C  [KERNEL32.DLL+0x17374]
C  [ntdll.dll+0x4cc91]


---------------  P R O C E S S  ---------------

Threads class SMR info:
_java_thread_list=0x000001e8f5cbd9b0, length=13, elements={
0x000001e896d2edf0, 0x000001e8afe9ea00, 0x000001e8afe9fc90, 0x000001e8afeb5fd0,
0x000001e8afeb7ab0, 0x000001e8afebb990, 0x000001e8afebc350, 0x000001e8afebd040,
0x000001e8afebfb00, 0x000001e8aff40100, 0x000001e8f5053bc0, 0x000001e8f505b9a0,
0x000001e8f50b7950
}

Java Threads: ( => current thread )
  0x000001e896d2edf0 JavaThread "main" [_thread_blocked, id=2344, stack(0x0000004c94400000,0x0000004c94500000)]
  0x000001e8afe9ea00 JavaThread "Reference Handler" daemon [_thread_blocked, id=16096, stack(0x0000004c94b00000,0x0000004c94c00000)]
  0x000001e8afe9fc90 JavaThread "Finalizer" daemon [_thread_blocked, id=4176, stack(0x0000004c94c00000,0x0000004c94d00000)]
  0x000001e8afeb5fd0 JavaThread "Signal Dispatcher" daemon [_thread_blocked, id=12620, stack(0x0000004c94d00000,0x0000004c94e00000)]
  0x000001e8afeb7ab0 JavaThread "Attach Listener" daemon [_thread_blocked, id=9692, stack(0x0000004c94e00000,0x0000004c94f00000)]
  0x000001e8afebb990 JavaThread "Service Thread" daemon [_thread_blocked, id=8544, stack(0x0000004c94f00000,0x0000004c95000000)]
  0x000001e8afebc350 JavaThread "Monitor Deflation Thread" daemon [_thread_blocked, id=14296, stack(0x0000004c95000000,0x0000004c95100000)]
=>0x000001e8afebd040 JavaThread "C2 CompilerThread0" daemon [_thread_in_native, id=8316, stack(0x0000004c95100000,0x0000004c95200000)]
  0x000001e8afebfb00 JavaThread "C1 CompilerThread0" daemon [_thread_blocked, id=1704, stack(0x0000004c95200000,0x0000004c95300000)]
  0x000001e8aff40100 JavaThread "Sweeper thread" daemon [_thread_blocked, id=7664, stack(0x0000004c95300000,0x0000004c95400000)]
  0x000001e8f5053bc0 JavaThread "Notification Thread" daemon [_thread_blocked, id=9864, stack(0x0000004c95400000,0x0000004c95500000)]
  0x000001e8f505b9a0 JavaThread "Common-Cleaner" daemon [_thread_blocked, id=8960, stack(0x0000004c95600000,0x0000004c95700000)]
  0x000001e8f50b7950 JavaThread "Logging-Cleaner" [_thread_new, id=4048, stack(0x0000000000000000,0x0000000000000000)]

Other Threads:
  0x000001e8afe992d0 VMThread "VM Thread" [stack: 0x0000004c94a00000,0x0000004c94b00000] [id=11020]
  0x000001e8f50560b0 WatcherThread [stack: 0x0000004c95500000,0x0000004c95600000] [id=13380]
  0x000001e896d4e690 GCTaskThread "GC Thread#0" [stack: 0x0000004c94500000,0x0000004c94600000] [id=10420]
  0x000001e8f51c1300 GCTaskThread "GC Thread#1" [stack: 0x0000004c95900000,0x0000004c95a00000] [id=8824]
  0x000001e8f521f730 GCTaskThread "GC Thread#2" [stack: 0x0000004c95a00000,0x0000004c95b00000] [id=10008]
  0x000001e8f53fe820 GCTaskThread "GC Thread#3" [stack: 0x0000004c95b00000,0x0000004c95c00000] [id=13920]
  0x000001e896d4fde0 ConcurrentGCThread "G1 Main Marker" [stack: 0x0000004c94600000,0x0000004c94700000] [id=7448]
  0x000001e896d50800 ConcurrentGCThread "G1 Conc#0" [stack: 0x0000004c94700000,0x0000004c94800000] [id=16816]
  0x000001e896d9d260 ConcurrentGCThread "G1 Refine#0" [stack: 0x0000004c94800000,0x0000004c94900000] [id=16644]
  0x000001e896d9dc90 ConcurrentGCThread "G1 Service" [stack: 0x0000004c94900000,0x0000004c94a00000] [id=14228]

Threads with active compile tasks:
C2 CompilerThread0   131531 1961 % !   4       java.io.BufferedReader::readLine @ 139 (327 bytes)

VM state: not at safepoint (normal execution)

VM Mutex/Monitor currently owned by a thread: None

Heap address: 0x00000000fc000000, size: 64 MB, Compressed Oops mode: 32-bit

CDS archive(s) mapped at: [0x000001e8b0000000-0x000001e8b0bb0000-0x000001e8b0bb0000), size 12255232, SharedBaseAddress: 0x000001e8b0000000, ArchiveRelocationMode: 1.
Compressed class space mapped at: 0x000001e8b1000000-0x000001e8f1000000, reserved size: 1073741824
Narrow klass base: 0x000001e8b0000000, Narrow klass shift: 0, Narrow klass range: 0x100000000

GC Precious Log:
 CPUs: 4 total, 4 available
 Memory: 8042M
 Large Page Support: Disabled
 NUMA Support: Disabled
 Compressed Oops: Enabled (32-bit)
 Heap Region Size: 1M
 Heap Min Capacity: 64M
 Heap Initial Capacity: 64M
 Heap Max Capacity: 64M
 Pre-touch: Disabled
 Parallel Workers: 4
 Concurrent Workers: 1
 Concurrent Refinement Workers: 4
 Periodic GC: Disabled

Heap:
 garbage-first heap   total 65536K, used 40439K [0x00000000fc000000, 0x0000000100000000)
  region size 1024K, 34 young (34816K), 3 survivors (3072K)
 Metaspace       used 10715K, committed 10944K, reserved 1114112K
  class space    used 1410K, committed 1536K, reserved 1048576K

Heap Regions: E=young(eden), S=young(survivor), O=old, HS=humongous(starts), HC=humongous(continues), CS=collection set, F=free, OA=open archive, CA=closed archive, TAMS=top-at-mark-start (previous, next)
|   0|0x00000000fc000000, 0x00000000fc100000, 0x00000000fc100000|100%|HS|  |TAMS 0x00000000fc000000, 0x00000000fc000000| Complete 
|   1|0x00000000fc100000, 0x00000000fc200000, 0x00000000fc200000|100%|HC|  |TAMS 0x00000000fc100000, 0x00000000fc100000| Complete 
|   2|0x00000000fc200000, 0x00000000fc300000, 0x00000000fc300000|100%|HC|  |TAMS 0x00000000fc200000, 0x00000000fc200000| Complete 
|   3|0x00000000fc300000, 0x00000000fc400000, 0x00000000fc400000|100%| O|  |TAMS 0x00000000fc300000, 0x00000000fc300000| Untracked 
|   4|0x00000000fc400000, 0x00000000fc500000, 0x00000000fc500000|100%| O|  |TAMS 0x00000000fc400000, 0x00000000fc400000| Untracked 
|   5|0x00000000fc500000, 0x00000000fc600000, 0x00000000fc600000|100%| O|  |TAMS 0x00000000fc500000, 0x00000000fc500000| Untracked 
|   6|0x00000000fc600000, 0x00000000fc67de00, 0x00000000fc700000| 49%| O|  |TAMS 0x00000000fc600000, 0x00000000fc600000| Untracked 
|   7|0x00000000fc700000, 0x00000000fc700000, 0x00000000fc800000|  0%| F|  |TAMS 0x00000000fc700000, 0x00000000fc700000| Untracked 
|   8|0x00000000fc800000, 0x00000000fc800000, 0x00000000fc900000|  0%| F|  |TAMS 0x00000000fc800000, 0x00000000fc800000| Untracked 
|   9|0x00000000fc900000, 0x00000000fc900000, 0x00000000fca00000|  0%| F|  |TAMS 0x00000000fc900000, 0x00000000fc900000| Untracked 
|  10|0x00000000fca00000, 0x00000000fca00000, 0x00000000fcb00000|  0%| F|  |TAMS 0x00000000fca00000, 0x00000000fca00000| Untracked 
|  11|0x00000000fcb00000, 0x00000000fcb00000, 0x00000000fcc00000|  0%| F|  |TAMS 0x00000000fcb00000, 0x00000000fcb00000| Untracked 
|  12|0x00000000fcc00000, 0x00000000fcc00000, 0x00000000fcd00000|  0%| F|  |TAMS 0x00000000fcc00000, 0x00000000fcc00000| Untracked 
|  13|0x00000000fcd00000, 0x00000000fcd00000, 0x00000000fce00000|  0%| F|  |TAMS 0x00000000fcd00000, 0x00000000fcd00000| Untracked 
|  14|0x00000000fce00000, 0x00000000fce00000, 0x00000000fcf00000|  0%| F|  |TAMS 0x00000000fce00000, 0x00000000fce00000| Untracked 
|  15|0x00000000fcf00000, 0x00000000fcf00000, 0x00000000fd000000|  0%| F|  |TAMS 0x00000000fcf00000, 0x00000000fcf00000| Untracked 
|  16|0x00000000fd000000, 0x00000000fd000000, 0x00000000fd100000|  0%| F|  |TAMS 0x00000000fd000000, 0x00000000fd000000| Untracked 
|  17|0x00000000fd100000, 0x00000000fd100000, 0x00000000fd200000|  0%| F|  |TAMS 0x00000000fd100000, 0x00000000fd100000| Untracked 
|  18|0x00000000fd200000, 0x00000000fd200000, 0x00000000fd300000|  0%| F|  |TAMS 0x00000000fd200000, 0x00000000fd200000| Untracked 
|  19|0x00000000fd300000, 0x00000000fd300000, 0x00000000fd400000|  0%| F|  |TAMS 0x00000000fd300000, 0x00000000fd300000| Untracked 
|  20|0x00000000fd400000, 0x00000000fd400000, 0x00000000fd500000|  0%| F|  |TAMS 0x00000000fd400000, 0x00000000fd400000| Untracked 
|  21|0x00000000fd500000, 0x00000000fd500000, 0x00000000fd600000|  0%| F|  |TAMS 0x00000000fd500000, 0x00000000fd500000| Untracked 
|  22|0x00000000fd600000, 0x00000000fd600000, 0x00000000fd700000|  0%| F|  |TAMS 0x00000000fd600000, 0x00000000fd600000| Untracked 
|  23|0x00000000fd700000, 0x00000000fd700000, 0x00000000fd800000|  0%| F|  |TAMS 0x00000000fd700000, 0x00000000fd700000| Untracked 
|  24|0x00000000fd800000, 0x00000000fd800000, 0x00000000fd900000|  0%| F|  |TAMS 0x00000000fd800000, 0x00000000fd800000| Untracked 
|  25|0x00000000fd900000, 0x00000000fd900000, 0x00000000fda00000|  0%| F|  |TAMS 0x00000000fd900000, 0x00000000fd900000| Untracked 
|  26|0x00000000fda00000, 0x00000000fda00000, 0x00000000fdb00000|  0%| F|  |TAMS 0x00000000fda00000, 0x00000000fda00000| Untracked 
|  27|0x00000000fdb00000, 0x00000000fdb00000, 0x00000000fdc00000|  0%| F|  |TAMS 0x00000000fdb00000, 0x00000000fdb00000| Untracked 
|  28|0x00000000fdc00000, 0x00000000fdc00000, 0x00000000fdd00000|  0%| F|  |TAMS 0x00000000fdc00000, 0x00000000fdc00000| Untracked 
|  29|0x00000000fdd00000, 0x00000000fdd00000, 0x00000000fde00000|  0%| F|  |TAMS 0x00000000fdd00000, 0x00000000fdd00000| Untracked 
|  30|0x00000000fde00000, 0x00000000fdf00000, 0x00000000fdf00000|100%| E|  |TAMS 0x00000000fde00000, 0x00000000fde00000| Complete 
|  31|0x00000000fdf00000, 0x00000000fe000000, 0x00000000fe000000|100%| E|CS|TAMS 0x00000000fdf00000, 0x00000000fdf00000| Complete 
|  32|0x00000000fe000000, 0x00000000fe100000, 0x00000000fe100000|100%| E|CS|TAMS 0x00000000fe000000, 0x00000000fe000000| Complete 
|  33|0x00000000fe100000, 0x00000000fe200000, 0x00000000fe200000|100%| E|CS|TAMS 0x00000000fe100000, 0x00000000fe100000| Complete 
|  34|0x00000000fe200000, 0x00000000fe300000, 0x00000000fe300000|100%| E|CS|TAMS 0x00000000fe200000, 0x00000000fe200000| Complete 
|  35|0x00000000fe300000, 0x00000000fe400000, 0x00000000fe400000|100%| E|CS|TAMS 0x00000000fe300000, 0x00000000fe300000| Complete 
|  36|0x00000000fe400000, 0x00000000fe500000, 0x00000000fe500000|100%| E|CS|TAMS 0x00000000fe400000, 0x00000000fe400000| Complete 
|  37|0x00000000fe500000, 0x00000000fe600000, 0x00000000fe600000|100%| E|CS|TAMS 0x00000000fe500000, 0x00000000fe500000| Complete 
|  38|0x00000000fe600000, 0x00000000fe700000, 0x00000000fe700000|100%| E|CS|TAMS 0x00000000fe600000, 0x00000000fe600000| Complete 
|  39|0x00000000fe700000, 0x00000000fe800000, 0x00000000fe800000|100%| E|CS|TAMS 0x00000000fe700000, 0x00000000fe700000| Complete 
|  40|0x00000000fe800000, 0x00000000fe900000, 0x00000000fe900000|100%| E|CS|TAMS 0x00000000fe800000, 0x00000000fe800000| Complete 
|  41|0x00000000fe900000, 0x00000000fea00000, 0x00000000fea00000|100%| S|CS|TAMS 0x00000000fe900000, 0x00000000fe900000| Complete 
|  42|0x00000000fea00000, 0x00000000feb00000, 0x00000000feb00000|100%| S|CS|TAMS 0x00000000fea00000, 0x00000000fea00000| Complete 
|  43|0x00000000feb00000, 0x00000000fec00000, 0x00000000fec00000|100%| S|CS|TAMS 0x00000000feb00000, 0x00000000feb00000| Complete 
|  44|0x00000000fec00000, 0x00000000fed00000, 0x00000000fed00000|100%| E|CS|TAMS 0x00000000fec00000, 0x00000000fec00000| Complete 
|  45|0x00000000fed00000, 0x00000000fee00000, 0x00000000fee00000|100%| E|CS|TAMS 0x00000000fed00000, 0x00000000fed00000| Complete 
|  46|0x00000000fee00000, 0x00000000fef00000, 0x00000000fef00000|100%| E|CS|TAMS 0x00000000fee00000, 0x00000000fee00000| Complete 
|  47|0x00000000fef00000, 0x00000000ff000000, 0x00000000ff000000|100%| E|CS|TAMS 0x00000000fef00000, 0x00000000fef00000| Complete 
|  48|0x00000000ff000000, 0x00000000ff100000, 0x00000000ff100000|100%| E|CS|TAMS 0x00000000ff000000, 0x00000000ff000000| Complete 
|  49|0x00000000ff100000, 0x00000000ff200000, 0x00000000ff200000|100%| E|CS|TAMS 0x00000000ff100000, 0x00000000ff100000| Complete 
|  50|0x00000000ff200000, 0x00000000ff300000, 0x00000000ff300000|100%| E|CS|TAMS 0x00000000ff200000, 0x00000000ff200000| Complete 
|  51|0x00000000ff300000, 0x00000000ff400000, 0x00000000ff400000|100%| E|CS|TAMS 0x00000000ff300000, 0x00000000ff300000| Complete 
|  52|0x00000000ff400000, 0x00000000ff500000, 0x00000000ff500000|100%| E|CS|TAMS 0x00000000ff400000, 0x00000000ff400000| Complete 
|  53|0x00000000ff500000, 0x00000000ff600000, 0x00000000ff600000|100%| E|CS|TAMS 0x00000000ff500000, 0x00000000ff500000| Complete 
|  54|0x00000000ff600000, 0x00000000ff700000, 0x00000000ff700000|100%| E|CS|TAMS 0x00000000ff600000, 0x00000000ff600000| Complete 
|  55|0x00000000ff700000, 0x00000000ff800000, 0x00000000ff800000|100%| E|CS|TAMS 0x00000000ff700000, 0x00000000ff700000| Complete 
|  56|0x00000000ff800000, 0x00000000ff900000, 0x00000000ff900000|100%| E|CS|TAMS 0x00000000ff800000, 0x00000000ff800000| Complete 
|  57|0x00000000ff900000, 0x00000000ffa00000, 0x00000000ffa00000|100%| E|CS|TAMS 0x00000000ff900000, 0x00000000ff900000| Complete 
|  58|0x00000000ffa00000, 0x00000000ffb00000, 0x00000000ffb00000|100%| E|CS|TAMS 0x00000000ffa00000, 0x00000000ffa00000| Complete 
|  59|0x00000000ffb00000, 0x00000000ffc00000, 0x00000000ffc00000|100%| E|CS|TAMS 0x00000000ffb00000, 0x00000000ffb00000| Complete 
|  60|0x00000000ffc00000, 0x00000000ffd00000, 0x00000000ffd00000|100%| E|CS|TAMS 0x00000000ffc00000, 0x00000000ffc00000| Complete 
|  61|0x00000000ffd00000, 0x00000000ffe00000, 0x00000000ffe00000|100%| E|CS|TAMS 0x00000000ffd00000, 0x00000000ffd00000| Complete 
|  62|0x00000000ffe00000, 0x00000000fff00000, 0x00000000fff00000|100%| E|CS|TAMS 0x00000000ffe00000, 0x00000000ffe00000| Complete 
|  63|0x00000000fff00000, 0x0000000100000000, 0x0000000100000000|100%| E|CS|TAMS 0x00000000fff00000, 0x00000000fff00000| Complete 

Card table byte_map: [0x000001e896b50000,0x000001e896b70000] _byte_map_base: 0x000001e896370000

Marking Bits (Prev, Next): (CMBitMap*) 0x000001e896d4ecb0, (CMBitMap*) 0x000001e896d4ecf0
 Prev Bits: [0x000001e896b90000, 0x000001e896c90000)
 Next Bits: [0x000001e8ad870000, 0x000001e8ad970000)

Polling page: 0x000001e894d20000

Metaspace:

Usage:
  Non-class:      9.09 MB used.
      Class:      1.38 MB used.
       Both:     10.46 MB used.

Virtual space:
  Non-class space:       64.00 MB reserved,       9.19 MB ( 14%) committed,  1 nodes.
      Class space:        1.00 GB reserved,       1.50 MB ( <1%) committed,  1 nodes.
             Both:        1.06 GB reserved,      10.69 MB ( <1%) committed. 

Chunk freelists:
   Non-Class:  6.22 MB
       Class:  14.42 MB
        Both:  20.64 MB

MaxMetaspaceSize: unlimited
CompressedClassSpaceSize: 1.00 GB
Initial GC threshold: 21.00 MB
Current GC threshold: 21.00 MB
CDS: on
MetaspaceReclaimPolicy: balanced
 - commit_granule_bytes: 65536.
 - commit_granule_words: 8192.
 - virtual_space_node_default_size: 8388608.
 - enlarge_chunks_in_place: 1.
 - new_chunks_are_fully_committed: 0.
 - uncommit_free_chunks: 1.
 - use_allocation_guard: 0.
 - handle_deallocations: 1.


Internal statistics:

num_allocs_failed_limit: 0.
num_arena_births: 112.
num_arena_deaths: 0.
num_vsnodes_births: 2.
num_vsnodes_deaths: 0.
num_space_committed: 171.
num_space_uncommitted: 0.
num_chunks_returned_to_freelist: 0.
num_chunks_taken_from_freelist: 414.
num_chunk_merges: 0.
num_chunk_splits: 258.
num_chunks_enlarged: 202.
num_inconsistent_stats: 0.

CodeHeap 'non-profiled nmethods': size=120000Kb used=841Kb max_used=841Kb free=119158Kb
 bounds [0x000001e8a6340000, 0x000001e8a65b0000, 0x000001e8ad870000]
CodeHeap 'profiled nmethods': size=120000Kb used=3720Kb max_used=3720Kb free=116279Kb
 bounds [0x000001e89e870000, 0x000001e89ec20000, 0x000001e8a5da0000]
CodeHeap 'non-nmethods': size=5760Kb used=1179Kb max_used=1203Kb free=4580Kb
 bounds [0x000001e8a5da0000, 0x000001e8a6010000, 0x000001e8a6340000]
 total_blobs=2455 nmethods=1977 adapters=391
 compilation: enabled
              stopped_count=0, restarted_count=0
 full_count=0

Compilation events (20 events):
Event: 131.475 Thread 0x000001e8afebfb00 nmethod 1958 0x000001e8a6411310 code [0x000001e8a64114a0, 0x000001e8a6411578]
Event: 131.475 Thread 0x000001e8afebfb00 1959       3       jdk.internal.misc.CDS::isDumpingArchive (4 bytes)
Event: 131.475 Thread 0x000001e8afebfb00 nmethod 1959 0x000001e89ec07710 code [0x000001e89ec078a0, 0x000001e89ec07998]
Event: 131.476 Thread 0x000001e8afebd040 nmethod 1951 0x000001e8a6411610 code [0x000001e8a64117a0, 0x000001e8a64118e8]
Event: 131.477 Thread 0x000001e8afebfb00 1960       1       com.google.common.collect.EvictingQueue::delegate (5 bytes)
Event: 131.477 Thread 0x000001e8afebfb00 nmethod 1960 0x000001e8a6411a10 code [0x000001e8a6411ba0, 0x000001e8a6411c78]
Event: 131.477 Thread 0x000001e8afebd040 1961 % !   4       java.io.BufferedReader::readLine @ 139 (327 bytes)
Event: 131.481 Thread 0x000001e8afebfb00 1964       3       java.net.URI::match (56 bytes)
Event: 131.481 Thread 0x000001e8afebfb00 nmethod 1964 0x000001e89ec07a10 code [0x000001e89ec07bc0, 0x000001e89ec07e98]
Event: 131.481 Thread 0x000001e8afebfb00 1965       3       java.net.URI$Parser::scan (76 bytes)
Event: 131.482 Thread 0x000001e8afebfb00 nmethod 1965 0x000001e89ec07f10 code [0x000001e89ec08140, 0x000001e89ec08998]
Event: 131.485 Thread 0x000001e8afebfb00 1967       3       java.util.Arrays$ArrayItr::next (36 bytes)
Event: 131.485 Thread 0x000001e8afebfb00 nmethod 1967 0x000001e89ec08d90 code [0x000001e89ec08f40, 0x000001e89ec09188]
Event: 131.496 Thread 0x000001e8afebfb00 1970       3       jdk.internal.org.objectweb.asm.MethodWriter::visitMaxs (60 bytes)
Event: 131.496 Thread 0x000001e8afebfb00 nmethod 1970 0x000001e89ec09290 code [0x000001e89ec09460, 0x000001e89ec09718]
Event: 131.496 Thread 0x000001e8afebfb00 1975       3       jdk.internal.org.objectweb.asm.Handler::putExceptionTable (63 bytes)
Event: 131.497 Thread 0x000001e8afebfb00 nmethod 1975 0x000001e89ec09810 code [0x000001e89ec09a20, 0x000001e89ec09e88]
Event: 131.497 Thread 0x000001e8afebfb00 1974       3       jdk.internal.org.objectweb.asm.MethodWriter::putMethodInfo (1274 bytes)
Event: 131.501 Thread 0x000001e8afebfb00 nmethod 1974 0x000001e89ec0a190 code [0x000001e89ec0a860, 0x000001e89ec0cf28]
Event: 131.501 Thread 0x000001e8afebfb00 1977       2       org.gradle.internal.logging.text.AbstractLineChoppingStyledTextOutput$2::execute (77 bytes)

GC Heap History (4 events):
Event: 0.730 GC heap before
{Heap before GC invocations=0 (full 0):
 garbage-first heap   total 65536K, used 13312K [0x00000000fc000000, 0x0000000100000000)
  region size 1024K, 13 young (13312K), 0 survivors (0K)
 Metaspace       used 1647K, committed 1792K, reserved 1114112K
  class space    used 156K, committed 192K, reserved 1048576K
}
Event: 0.736 GC heap after
{Heap after GC invocations=1 (full 0):
 garbage-first heap   total 65536K, used 1496K [0x00000000fc000000, 0x0000000100000000)
  region size 1024K, 2 young (2048K), 2 survivors (2048K)
 Metaspace       used 1647K, committed 1792K, reserved 1114112K
  class space    used 156K, committed 192K, reserved 1048576K
}
Event: 1.328 GC heap before
{Heap before GC invocations=1 (full 0):
 garbage-first heap   total 65536K, used 21976K [0x00000000fc000000, 0x0000000100000000)
  region size 1024K, 20 young (20480K), 2 survivors (2048K)
 Metaspace       used 2834K, committed 3008K, reserved 1114112K
  class space    used 307K, committed 384K, reserved 1048576K
}
Event: 1.336 GC heap after
{Heap after GC invocations=2 (full 0):
 garbage-first heap   total 65536K, used 9719K [0x00000000fc000000, 0x0000000100000000)
  region size 1024K, 3 young (3072K), 3 survivors (3072K)
 Metaspace       used 2834K, committed 3008K, reserved 1114112K
  class space    used 307K, committed 384K, reserved 1048576K
}

Dll operation events (12 events):
Event: 0.010 Loaded shared library C:\Program Files\Microsoft\jdk-17.0.13.11-hotspot\bin\java.dll
Event: 0.068 Loaded shared library C:\Program Files\Microsoft\jdk-17.0.13.11-hotspot\bin\jsvml.dll
Event: 0.181 Loaded shared library C:\Program Files\Microsoft\jdk-17.0.13.11-hotspot\bin\net.dll
Event: 0.183 Loaded shared library C:\Program Files\Microsoft\jdk-17.0.13.11-hotspot\bin\nio.dll
Event: 0.188 Loaded shared library C:\Program Files\Microsoft\jdk-17.0.13.11-hotspot\bin\zip.dll
Event: 0.194 Loaded shared library C:\Program Files\Microsoft\jdk-17.0.13.11-hotspot\bin\verify.dll
Event: 0.851 Loaded shared library C:\Program Files\Microsoft\jdk-17.0.13.11-hotspot\bin\jimage.dll
Event: 1.523 Loaded shared library C:\Program Files\Microsoft\jdk-17.0.13.11-hotspot\bin\management.dll
Event: 1.525 Loaded shared library C:\Program Files\Microsoft\jdk-17.0.13.11-hotspot\bin\management_ext.dll
Event: 1.700 Loaded shared library C:\Users\aliah\.gradle\native\c067742578af261105cb4f569cf0c3c89f3d7b1fecec35dd04571415982c5e48\windows-amd64\native-platform.dll
Event: 2.795 Loaded shared library C:\Program Files\Microsoft\jdk-17.0.13.11-hotspot\bin\extnet.dll
Event: 6.769 Loaded shared library C:\Program Files\Microsoft\jdk-17.0.13.11-hotspot\bin\sunmscapi.dll

Deoptimization events (20 events):
Event: 75.276 Thread 0x000001e8f56d3e50 Uncommon trap: trap_request=0xffffff45 fr.pc=0x000001e8a64053e8 relative=0x0000000000000568
Event: 75.276 Thread 0x000001e8f56d3e50 Uncommon trap: reason=unstable_if action=reinterpret pc=0x000001e8a64053e8 method=org.gradle.internal.logging.text.AbstractLineChoppingStyledTextOutput$2.execute(Lorg/gradle/internal/logging/text/AbstractLineChoppingStyledTextOutput$StateContext;)V @ 34 c
Event: 75.276 Thread 0x000001e8f56d3e50 DEOPT PACKING pc=0x000001e8a64053e8 sp=0x0000004c95cfeb80
Event: 75.276 Thread 0x000001e8f56d3e50 DEOPT UNPACKING pc=0x000001e8a5df69a3 sp=0x0000004c95cfea08 mode 2
Event: 131.462 Thread 0x000001e896d2edf0 Uncommon trap: trap_request=0xffffff45 fr.pc=0x000001e8a6404988 relative=0x0000000000000168
Event: 131.462 Thread 0x000001e896d2edf0 Uncommon trap: reason=unstable_if action=reinterpret pc=0x000001e8a6404988 method=com.esotericsoftware.kryo.io.Input.require(I)I @ 180 c2
Event: 131.462 Thread 0x000001e896d2edf0 DEOPT PACKING pc=0x000001e8a6404988 sp=0x0000004c944fd040
Event: 131.462 Thread 0x000001e896d2edf0 DEOPT UNPACKING pc=0x000001e8a5df69a3 sp=0x0000004c944fcfe8 mode 2
Event: 131.481 Thread 0x000001e896d2edf0 Uncommon trap: trap_request=0xffffff45 fr.pc=0x000001e8a6377ecc relative=0x000000000000004c
Event: 131.481 Thread 0x000001e896d2edf0 Uncommon trap: reason=unstable_if action=reinterpret pc=0x000001e8a6377ecc method=java.net.URI.match(CJJ)Z @ 19 c2
Event: 131.481 Thread 0x000001e896d2edf0 DEOPT PACKING pc=0x000001e8a6377ecc sp=0x0000004c944fce90
Event: 131.481 Thread 0x000001e896d2edf0 DEOPT UNPACKING pc=0x000001e8a5df69a3 sp=0x0000004c944fce18 mode 2
Event: 131.481 Thread 0x000001e896d2edf0 Uncommon trap: trap_request=0xffffff45 fr.pc=0x000001e8a63dfd64 relative=0x00000000000001c4
Event: 131.481 Thread 0x000001e896d2edf0 Uncommon trap: reason=unstable_if action=reinterpret pc=0x000001e8a63dfd64 method=java.net.URI.match(CJJ)Z @ 19 c2
Event: 131.481 Thread 0x000001e896d2edf0 DEOPT PACKING pc=0x000001e8a63dfd64 sp=0x0000004c944fcde0
Event: 131.481 Thread 0x000001e896d2edf0 DEOPT UNPACKING pc=0x000001e8a5df69a3 sp=0x0000004c944fcce0 mode 2
Event: 131.481 Thread 0x000001e896d2edf0 Uncommon trap: trap_request=0xffffff45 fr.pc=0x000001e8a63e0404 relative=0x00000000000001e4
Event: 131.481 Thread 0x000001e896d2edf0 Uncommon trap: reason=unstable_if action=reinterpret pc=0x000001e8a63e0404 method=java.net.URI$Parser.scan(IILjava/lang/String;)I @ 26 c2
Event: 131.481 Thread 0x000001e896d2edf0 DEOPT PACKING pc=0x000001e8a63e0404 sp=0x0000004c944fcfc0
Event: 131.481 Thread 0x000001e896d2edf0 DEOPT UNPACKING pc=0x000001e8a5df69a3 sp=0x0000004c944fcf50 mode 2

Classes loaded (20 events):
Event: 131.467 Loading class sun/nio/fs/WindowsChannelFactory
Event: 131.467 Loading class sun/nio/fs/WindowsChannelFactory done
Event: 131.467 Loading class sun/nio/fs/WindowsChannelFactory$1
Event: 131.467 Loading class sun/nio/fs/WindowsChannelFactory$1 done
Event: 131.467 Loading class sun/nio/fs/WindowsChannelFactory$Flags
Event: 131.467 Loading class sun/nio/fs/WindowsChannelFactory$Flags done
Event: 131.467 Loading class sun/nio/fs/WindowsChannelFactory$2
Event: 131.468 Loading class sun/nio/fs/WindowsChannelFactory$2 done
Event: 131.468 Loading class sun/nio/ch/FileChannelImpl$Closer
Event: 131.468 Loading class sun/nio/ch/FileChannelImpl$Closer done
Event: 131.470 Loading class java/util/stream/Streams$1
Event: 131.470 Loading class java/util/stream/Streams$1 done
Event: 131.474 Loading class java/lang/invoke/MethodHandle$1
Event: 131.474 Loading class java/lang/invoke/MethodHandle$1 done
Event: 131.475 Loading class java/nio/file/FileChannelLinesSpliterator$1
Event: 131.476 Loading class java/nio/file/FileChannelLinesSpliterator$1 done
Event: 131.476 Loading class java/nio/channels/Channels
Event: 131.476 Loading class java/nio/channels/Channels done
Event: 131.483 Loading class java/util/concurrent/ConcurrentLinkedQueue$Itr
Event: 131.484 Loading class java/util/concurrent/ConcurrentLinkedQueue$Itr done

Classes unloaded (0 events):
No events

Classes redefined (0 events):
No events

Internal exceptions (20 events):
Event: 1.662 Thread 0x000001e896d2edf0 Exception <a 'java/lang/NoSuchMethodError'{0x00000000ff839a60}: 'void java.lang.invoke.DelegatingMethodHandle$Holder.delegate(java.lang.Object, java.lang.Object, int, java.lang.Object)'> (0x00000000ff839a60) 
thrown [s\src\hotspot\share\interpreter\linkResolver.cpp, line 759]
Event: 1.666 Thread 0x000001e896d2edf0 Exception <a 'java/lang/NoSuchMethodError'{0x00000000ff84d128}: 'java.lang.Object java.lang.invoke.Invokers$Holder.invokeExact_MT(java.lang.Object, java.lang.Object, java.lang.Object, java.lang.Object)'> (0x00000000ff84d128) 
thrown [s\src\hotspot\share\interpreter\linkResolver.cpp, line 759]
Event: 1.678 Thread 0x000001e896d2edf0 Exception <a 'java/lang/NoSuchMethodError'{0x00000000ff879060}: 'java.lang.Object java.lang.invoke.DirectMethodHandle$Holder.invokeVirtual(java.lang.Object, java.lang.Object, java.lang.Object)'> (0x00000000ff879060) 
thrown [s\src\hotspot\share\interpreter\linkResolver.cpp, line 759]
Event: 1.893 Thread 0x000001e896d2edf0 Exception <a 'java/lang/NoSuchMethodError'{0x00000000ff5b3cf0}: 'java.lang.Object java.lang.invoke.DirectMethodHandle$Holder.newInvokeSpecial(java.lang.Object, java.lang.Object, java.lang.Object, java.lang.Object, java.lang.Object)'> (0x00000000ff5b3cf0) 
thrown [s\src\hotspot\share\interpreter\linkResolver.cpp, line 759]
Event: 1.960 Thread 0x000001e896d2edf0 Exception <a 'java/lang/NoSuchMethodError'{0x00000000ff4c6d38}: 'void java.lang.invoke.DirectMethodHandle$Holder.invokeSpecial(java.lang.Object, java.lang.Object, java.lang.Object)'> (0x00000000ff4c6d38) 
thrown [s\src\hotspot\share\interpreter\linkResolver.cpp, line 759]
Event: 2.008 Thread 0x000001e896d2edf0 Exception <a 'java/lang/NoSuchMethodError'{0x00000000ff3afb28}: 'int java.lang.invoke.DirectMethodHandle$Holder.invokeVirtual(java.lang.Object, java.lang.Object, java.lang.Object)'> (0x00000000ff3afb28) 
thrown [s\src\hotspot\share\interpreter\linkResolver.cpp, line 759]
Event: 2.170 Thread 0x000001e896d2edf0 Exception <a 'java/lang/NoSuchMethodError'{0x00000000ff07e968}: 'java.lang.Object java.lang.invoke.DirectMethodHandle$Holder.invokeSpecialIFC(java.lang.Object, java.lang.Object, java.lang.Object, java.lang.Object)'> (0x00000000ff07e968) 
thrown [s\src\hotspot\share\interpreter\linkResolver.cpp, line 759]
Event: 2.303 Thread 0x000001e896d2edf0 Exception <a 'java/lang/NoSuchMethodError'{0x00000000fed4b908}: 'java.lang.Object java.lang.invoke.DirectMethodHandle$Holder.invokeStaticInit(java.lang.Object, int, int, int, int)'> (0x00000000fed4b908) 
thrown [s\src\hotspot\share\interpreter\linkResolver.cpp, line 759]
Event: 2.420 Thread 0x000001e896d2edf0 Exception <a 'java/lang/NoSuchMethodError'{0x00000000fed9d0f0}: 'java.lang.Object java.lang.invoke.DirectMethodHandle$Holder.invokeStaticInit(java.lang.Object, java.lang.Object, int, int, int, int)'> (0x00000000fed9d0f0) 
thrown [s\src\hotspot\share\interpreter\linkResolver.cpp, line 759]
Event: 2.798 Thread 0x000001e896d2edf0 Exception <a 'java/lang/NoSuchMethodError'{0x00000000fedd0410}: 'void java.lang.invoke.DirectMethodHandle$Holder.invokeStatic(java.lang.Object, java.lang.Object, java.lang.Object)'> (0x00000000fedd0410) 
thrown [s\src\hotspot\share\interpreter\linkResolver.cpp, line 759]
Event: 3.121 Thread 0x000001e8f60c7330 Exception <a 'java/lang/NoSuchMethodError'{0x00000000fe38d1c0}: 'void java.lang.invoke.DirectMethodHandle$Holder.invokeStatic(java.lang.Object, long)'> (0x00000000fe38d1c0) 
thrown [s\src\hotspot\share\interpreter\linkResolver.cpp, line 759]
Event: 3.122 Thread 0x000001e8f60c7330 Exception <a 'java/lang/NoSuchMethodError'{0x00000000fe392b18}: 'java.lang.Object java.lang.invoke.DirectMethodHandle$Holder.newInvokeSpecial(java.lang.Object, long)'> (0x00000000fe392b18) 
thrown [s\src\hotspot\share\interpreter\linkResolver.cpp, line 759]
Event: 3.129 Thread 0x000001e8f60c7330 Exception <a 'java/lang/NoSuchMethodError'{0x00000000fe39d6b0}: 'java.lang.Object java.lang.invoke.DirectMethodHandle$Holder.invokeStaticInit(java.lang.Object, java.lang.Object, long, java.lang.Object)'> (0x00000000fe39d6b0) 
thrown [s\src\hotspot\share\interpreter\linkResolver.cpp, line 759]
Event: 3.131 Thread 0x000001e8f60c7330 Exception <a 'java/lang/NoSuchMethodError'{0x00000000fe3a3d38}: 'java.lang.Object java.lang.invoke.DirectMethodHandle$Holder.newInvokeSpecial(java.lang.Object, java.lang.Object, long)'> (0x00000000fe3a3d38) 
thrown [s\src\hotspot\share\interpreter\linkResolver.cpp, line 759]
Event: 3.132 Thread 0x000001e8f60c7330 Exception <a 'java/lang/NoSuchMethodError'{0x00000000fe3a8028}: 'java.lang.Object java.lang.invoke.Invokers$Holder.linkToTargetMethod(java.lang.Object, long, java.lang.Object)'> (0x00000000fe3a8028) 
thrown [s\src\hotspot\share\interpreter\linkResolver.cpp, line 759]
Event: 131.407 Thread 0x000001e896d2edf0 Exception <a 'java/lang/NoSuchMethodError'{0x00000000fde291b0}: static Lnet/rubygrapefruit/platform/NativeException;.<clinit>()V> (0x00000000fde291b0) 
thrown [s\src\hotspot\share\prims\jni.cpp, line 1112]
Event: 131.462 Thread 0x000001e896d2edf0 Exception <a 'sun/net/ConnectionResetException'{0x00000000fde39740}: Connection reset> (0x00000000fde39740) 
thrown [s\src\hotspot\share\prims\jni.cpp, line 535]
Event: 131.479 Thread 0x000001e896d2edf0 Exception <a 'java/lang/NoSuchMethodError'{0x00000000fde86c80}: 'int java.lang.invoke.DirectMethodHandle$Holder.invokeVirtual(java.lang.Object, java.lang.Object)'> (0x00000000fde86c80) 
thrown [s\src\hotspot\share\interpreter\linkResolver.cpp, line 759]
Event: 131.482 Thread 0x000001e896d2edf0 Exception <a 'java/io/IOException'{0x00000000fde925b0}: Connection reset by peer> (0x00000000fde925b0) 
thrown [s\src\hotspot\share\prims\jni.cpp, line 535]
Event: 131.495 Thread 0x000001e896d2edf0 Exception <a 'java/lang/NoSuchMethodError'{0x00000000fdecc3d0}: 'void java.lang.invoke.DirectMethodHandle$Holder.invokeStatic(java.lang.Object, int, java.lang.Object)'> (0x00000000fdecc3d0) 
thrown [s\src\hotspot\share\interpreter\linkResolver.cpp, line 759]

VM Operations (20 events):
Event: 85.463 Executing VM operation: Cleanup
Event: 85.463 Executing VM operation: Cleanup done
Event: 90.517 Executing VM operation: Cleanup
Event: 90.517 Executing VM operation: Cleanup done
Event: 116.707 Executing VM operation: Cleanup
Event: 116.707 Executing VM operation: Cleanup done
Event: 120.476 Executing VM operation: HandshakeAllThreads
Event: 120.476 Executing VM operation: HandshakeAllThreads done
Event: 122.483 Executing VM operation: Cleanup
Event: 122.483 Executing VM operation: Cleanup done
Event: 125.516 Executing VM operation: Cleanup
Event: 125.516 Executing VM operation: Cleanup done
Event: 131.487 Executing VM operation: HandshakeAllThreads
Event: 131.487 Executing VM operation: HandshakeAllThreads done
Event: 131.487 Executing VM operation: Cleanup
Event: 131.487 Executing VM operation: Cleanup done
Event: 131.488 Executing VM operation: HandshakeAllThreads
Event: 131.488 Executing VM operation: HandshakeAllThreads done
Event: 131.494 Executing VM operation: HandshakeAllThreads
Event: 131.494 Executing VM operation: HandshakeAllThreads done

Memory protections (0 events):
No events

Nmethod flushes (0 events):
No events

Events (20 events):
Event: 0.110 Thread 0x000001e896d2edf0 Thread added: 0x000001e8afebb990
Event: 0.110 Thread 0x000001e896d2edf0 Thread added: 0x000001e8afebc350
Event: 0.110 Thread 0x000001e896d2edf0 Thread added: 0x000001e8afebd040
Event: 0.115 Thread 0x000001e896d2edf0 Thread added: 0x000001e8afebfb00
Event: 0.119 Thread 0x000001e896d2edf0 Thread added: 0x000001e8aff40100
Event: 0.170 Thread 0x000001e896d2edf0 Thread added: 0x000001e8f5053bc0
Event: 0.174 Thread 0x000001e896d2edf0 Thread added: 0x000001e8f505b9a0
Event: 0.532 Thread 0x000001e8afebfb00 Thread added: 0x000001e8f519da30
Event: 1.746 Thread 0x000001e896d2edf0 Thread added: 0x000001e8f56d3e50
Event: 2.190 Thread 0x000001e8f519da30 Thread exited: 0x000001e8f519da30
Event: 2.907 Thread 0x000001e8afebfb00 Thread added: 0x000001e8f60b34e0
Event: 3.106 Thread 0x000001e896d2edf0 Thread added: 0x000001e8f60c7330
Event: 3.134 Thread 0x000001e8f60c7330 Thread added: 0x000001e8f617f370
Event: 3.136 Thread 0x000001e8f60c7330 Thread added: 0x000001e8f5f23cd0
Event: 3.139 Thread 0x000001e8f617f370 Thread exited: 0x000001e8f617f370
Event: 3.646 Thread 0x000001e8f60b34e0 Thread exited: 0x000001e8f60b34e0
Event: 6.640 Thread 0x000001e8f5f23cd0 Thread exited: 0x000001e8f5f23cd0
Event: 6.645 Thread 0x000001e8f60c7330 Thread exited: 0x000001e8f60c7330
Event: 6.727 Thread 0x000001e8afebfb00 Thread added: 0x000001e8f60c7330
Event: 7.457 Thread 0x000001e8f60c7330 Thread exited: 0x000001e8f60c7330


Dynamic libraries:
0x00007ff62a300000 - 0x00007ff62a30e000 	C:\Program Files\Microsoft\jdk-17.0.13.11-hotspot\bin\java.exe
0x00007fff7e1f0000 - 0x00007fff7e3e8000 	C:\WINDOWS\SYSTEM32\ntdll.dll
0x00007fff7c200000 - 0x00007fff7c2c2000 	C:\WINDOWS\System32\KERNEL32.DLL
0x00007fff7ba80000 - 0x00007fff7bd7f000 	C:\WINDOWS\System32\KERNELBASE.dll
0x00007fff7bf60000 - 0x00007fff7c060000 	C:\WINDOWS\System32\ucrtbase.dll
0x00007fff72ce0000 - 0x00007fff72cf7000 	C:\Program Files\Microsoft\jdk-17.0.13.11-hotspot\bin\jli.dll
0x00007fff7dd60000 - 0x00007fff7defd000 	C:\WINDOWS\System32\USER32.dll
0x00007fff7bea0000 - 0x00007fff7bec2000 	C:\WINDOWS\System32\win32u.dll
0x00007fff7d8d0000 - 0x00007fff7d8fb000 	C:\WINDOWS\System32\GDI32.dll
0x00007fff7bd80000 - 0x00007fff7be97000 	C:\WINDOWS\System32\gdi32full.dll
0x00007fff7b9e0000 - 0x00007fff7ba7d000 	C:\WINDOWS\System32\msvcp_win.dll
0x00007fff69670000 - 0x00007fff6968d000 	C:\Program Files\Microsoft\jdk-17.0.13.11-hotspot\bin\VCRUNTIME140.dll
0x00007fff606f0000 - 0x00007fff6098a000 	C:\WINDOWS\WinSxS\amd64_microsoft.windows.common-controls_6595b64144ccf1df_6.0.19041.4355_none_60b8b9eb71f62e16\COMCTL32.dll
0x00007fff7dcc0000 - 0x00007fff7dd5e000 	C:\WINDOWS\System32\msvcrt.dll
0x00007fff7dad0000 - 0x00007fff7daff000 	C:\WINDOWS\System32\IMM32.DLL
0x00007fff77870000 - 0x00007fff7787c000 	C:\Program Files\Microsoft\jdk-17.0.13.11-hotspot\bin\vcruntime140_1.dll
0x00007fff436f0000 - 0x00007fff4377d000 	C:\Program Files\Microsoft\jdk-17.0.13.11-hotspot\bin\msvcp140.dll
0x00007fff21250000 - 0x00007fff21ec1000 	C:\Program Files\Microsoft\jdk-17.0.13.11-hotspot\bin\server\jvm.dll
0x00007fff7c2d0000 - 0x00007fff7c381000 	C:\WINDOWS\System32\ADVAPI32.dll
0x00007fff7d900000 - 0x00007fff7d99f000 	C:\WINDOWS\System32\sechost.dll
0x00007fff7d9a0000 - 0x00007fff7dac3000 	C:\WINDOWS\System32\RPCRT4.dll
0x00007fff7c1d0000 - 0x00007fff7c1f7000 	C:\WINDOWS\System32\bcrypt.dll
0x00007fff7ccb0000 - 0x00007fff7cd1b000 	C:\WINDOWS\System32\WS2_32.dll
0x00007fff7ace0000 - 0x00007fff7ad2b000 	C:\WINDOWS\SYSTEM32\POWRPROF.dll
0x00007fff646e0000 - 0x00007fff64707000 	C:\WINDOWS\SYSTEM32\WINMM.dll
0x00007fff6d6b0000 - 0x00007fff6d6ba000 	C:\WINDOWS\SYSTEM32\VERSION.dll
0x00007fff7ac80000 - 0x00007fff7ac92000 	C:\WINDOWS\SYSTEM32\UMPDC.dll
0x00007fff7a310000 - 0x00007fff7a322000 	C:\WINDOWS\SYSTEM32\kernel.appcore.dll
0x00007fff73540000 - 0x00007fff7354a000 	C:\Program Files\Microsoft\jdk-17.0.13.11-hotspot\bin\jimage.dll
0x00007fff77210000 - 0x00007fff773f4000 	C:\WINDOWS\SYSTEM32\DBGHELP.DLL
0x00007fff5d520000 - 0x00007fff5d554000 	C:\WINDOWS\SYSTEM32\dbgcore.DLL
0x00007fff7bed0000 - 0x00007fff7bf52000 	C:\WINDOWS\System32\bcryptPrimitives.dll
0x00007fff548f0000 - 0x00007fff54915000 	C:\Program Files\Microsoft\jdk-17.0.13.11-hotspot\bin\java.dll
0x00007fff2b590000 - 0x00007fff2b667000 	C:\Program Files\Microsoft\jdk-17.0.13.11-hotspot\bin\jsvml.dll
0x00007fff7c390000 - 0x00007fff7cafe000 	C:\WINDOWS\System32\SHELL32.dll
0x00007fff798b0000 - 0x00007fff7a054000 	C:\WINDOWS\SYSTEM32\windows.storage.dll
0x00007fff7d3e0000 - 0x00007fff7d735000 	C:\WINDOWS\System32\combase.dll
0x00007fff7b2b0000 - 0x00007fff7b2df000 	C:\WINDOWS\SYSTEM32\Wldp.dll
0x00007fff7e030000 - 0x00007fff7e0fd000 	C:\WINDOWS\System32\OLEAUT32.dll
0x00007fff7d740000 - 0x00007fff7d7ed000 	C:\WINDOWS\System32\SHCORE.dll
0x00007fff7cd80000 - 0x00007fff7cdd5000 	C:\WINDOWS\System32\shlwapi.dll
0x00007fff7b7b0000 - 0x00007fff7b7d4000 	C:\WINDOWS\SYSTEM32\profapi.dll
0x00007fff670e0000 - 0x00007fff670fa000 	C:\Program Files\Microsoft\jdk-17.0.13.11-hotspot\bin\net.dll
0x00007fff788c0000 - 0x00007fff789cd000 	C:\WINDOWS\SYSTEM32\WINHTTP.dll
0x00007fff7b010000 - 0x00007fff7b07a000 	C:\WINDOWS\system32\mswsock.dll
0x00007fff63cc0000 - 0x00007fff63cd6000 	C:\Program Files\Microsoft\jdk-17.0.13.11-hotspot\bin\nio.dll
0x00007fff5f9c0000 - 0x00007fff5f9d8000 	C:\Program Files\Microsoft\jdk-17.0.13.11-hotspot\bin\zip.dll
0x00007fff77850000 - 0x00007fff77860000 	C:\Program Files\Microsoft\jdk-17.0.13.11-hotspot\bin\verify.dll
0x00007fff72b50000 - 0x00007fff72b5a000 	C:\Program Files\Microsoft\jdk-17.0.13.11-hotspot\bin\management.dll
0x00007fff72470000 - 0x00007fff7247b000 	C:\Program Files\Microsoft\jdk-17.0.13.11-hotspot\bin\management_ext.dll
0x00007fff7e180000 - 0x00007fff7e188000 	C:\WINDOWS\System32\PSAPI.DLL
0x00007fff6ff50000 - 0x00007fff6ff77000 	C:\Users\aliah\.gradle\native\c067742578af261105cb4f569cf0c3c89f3d7b1fecec35dd04571415982c5e48\windows-amd64\native-platform.dll
0x00007fff7b200000 - 0x00007fff7b218000 	C:\WINDOWS\SYSTEM32\CRYPTSP.dll
0x00007fff7a8c0000 - 0x00007fff7a8f4000 	C:\WINDOWS\system32\rsaenh.dll
0x00007fff7b770000 - 0x00007fff7b79e000 	C:\WINDOWS\SYSTEM32\USERENV.dll
0x00007fff7b220000 - 0x00007fff7b22c000 	C:\WINDOWS\SYSTEM32\CRYPTBASE.dll
0x00007fff7aca0000 - 0x00007fff7acdb000 	C:\WINDOWS\SYSTEM32\IPHLPAPI.DLL
0x00007fff7db90000 - 0x00007fff7db98000 	C:\WINDOWS\System32\NSI.dll
0x00007fff737d0000 - 0x00007fff737e7000 	C:\WINDOWS\SYSTEM32\dhcpcsvc6.DLL
0x00007fff73e10000 - 0x00007fff73e2d000 	C:\WINDOWS\SYSTEM32\dhcpcsvc.DLL
0x00007fff7ad30000 - 0x00007fff7adfa000 	C:\WINDOWS\SYSTEM32\DNSAPI.dll
0x00007fff70b70000 - 0x00007fff70b79000 	C:\Program Files\Microsoft\jdk-17.0.13.11-hotspot\bin\extnet.dll
0x00007fff72390000 - 0x00007fff7239e000 	C:\Program Files\Microsoft\jdk-17.0.13.11-hotspot\bin\sunmscapi.dll
0x00007fff7b880000 - 0x00007fff7b9dc000 	C:\WINDOWS\System32\CRYPT32.dll
0x00007fff7b320000 - 0x00007fff7b347000 	C:\WINDOWS\SYSTEM32\ncrypt.dll
0x00007fff7b2e0000 - 0x00007fff7b31b000 	C:\WINDOWS\SYSTEM32\NTASN1.dll
0x00007fff71140000 - 0x00007fff71147000 	C:\WINDOWS\system32\wshunix.dll

dbghelp: loaded successfully - version: 4.0.5 - missing functions: none
symbol engine: initialized successfully - sym options: 0x614 - pdb path: .;C:\Program Files\Microsoft\jdk-17.0.13.11-hotspot\bin;C:\WINDOWS\SYSTEM32;C:\WINDOWS\WinSxS\amd64_microsoft.windows.common-controls_6595b64144ccf1df_6.0.19041.4355_none_60b8b9eb71f62e16;C:\Program Files\Microsoft\jdk-17.0.13.11-hotspot\bin\server;C:\Users\aliah\.gradle\native\c067742578af261105cb4f569cf0c3c89f3d7b1fecec35dd04571415982c5e48\windows-amd64

VM Arguments:
jvm_args: -Xmx64m -Xms64m -Dorg.gradle.appname=gradlew 
java_command: org.gradle.wrapper.GradleWrapperMain app:installDebug -PreactNativeDevServerPort=8081
java_class_path (initial): D:\React Native\MyProject\android\\gradle\wrapper\gradle-wrapper.jar
Launcher Type: SUN_STANDARD

[Global flags]
     intx CICompilerCount                          = 3                                         {product} {ergonomic}
     uint ConcGCThreads                            = 1                                         {product} {ergonomic}
     uint G1ConcRefinementThreads                  = 4                                         {product} {ergonomic}
   size_t G1HeapRegionSize                         = 1048576                                   {product} {ergonomic}
    uintx GCDrainStackTargetSize                   = 64                                        {product} {ergonomic}
   size_t InitialHeapSize                          = 67108864                                  {product} {command line}
   size_t MarkStackSize                            = 4194304                                   {product} {ergonomic}
   size_t MaxHeapSize                              = 67108864                                  {product} {command line}
   size_t MaxNewSize                               = 39845888                                  {product} {ergonomic}
   size_t MinHeapDeltaBytes                        = 1048576                                   {product} {ergonomic}
   size_t MinHeapSize                              = 67108864                                  {product} {command line}
    uintx NonNMethodCodeHeapSize                   = 5832780                                {pd product} {ergonomic}
    uintx NonProfiledCodeHeapSize                  = 122912730                              {pd product} {ergonomic}
    uintx ProfiledCodeHeapSize                     = 122912730                              {pd product} {ergonomic}
    uintx ReservedCodeCacheSize                    = 251658240                              {pd product} {ergonomic}
     bool SegmentedCodeCache                       = true                                      {product} {ergonomic}
   size_t SoftMaxHeapSize                          = 67108864                               {manageable} {ergonomic}
     bool UseCompressedClassPointers               = true                           {product lp64_product} {ergonomic}
     bool UseCompressedOops                        = true                           {product lp64_product} {ergonomic}
     bool UseG1GC                                  = true                                      {product} {ergonomic}
     bool UseLargePagesIndividualAllocation        = false                                  {pd product} {ergonomic}

Logging:
Log output configuration:
 #0: stdout all=warning uptime,level,tags
 #1: stderr all=off uptime,level,tags

Environment Variables:
JAVA_HOME=C:\Program Files\Microsoft\jdk-17.0.13.11-hotspot\
CLASSPATH=D:\React Native\MyProject\android\\gradle\wrapper\gradle-wrapper.jar
PATH=D:\React Native\MyProject\node_modules\.bin;D:\React Native\MyProject\node_modules\.bin;D:\React Native\node_modules\.bin;D:\node_modules\.bin;C:\Users\aliah\AppData\Roaming\npm\node_modules\npm\node_modules\@npmcli\run-script\lib\node-gyp-bin;D:\React Native\MyProject\node_modules\.bin;D:\React Native\node_modules\.bin;D:\node_modules\.bin;C:\Users\aliah\AppData\Roaming\npm\node_modules\npm\node_modules\@npmcli\run-script\lib\node-gyp-bin;C:\Program Files\Microsoft\jdk-17.0.13.11-hotspot\bin;C:\WINDOWS\system32;C:\WINDOWS;C:\WINDOWS\System32\Wbem;C:\WINDOWS\System32\WindowsPowerShell\v1.0\;C:\WINDOWS\System32\OpenSSH\;C:\Program Files\nodejs\;C:\Program Files\Git\cmd;C:\Users\aliah\AppData\Local\Android\Sdk\emulator;C:\Users\aliah\AppData\Local\Android\Sdk;C:\Users\aliah\AppData\Local\Android\Sdk\platform-tools;C:\ProgramData\chocolatey\bin;D:\React Native\MyProject\android\gradle-8.11.1\bin;C:\Users\aliah\AppData\Local\Microsoft\WindowsApps;C:\Users\aliah\AppData\Local\Programs\Microsoft VS Code\bin;C:\Users\aliah\AppData\Roaming\npm;C:\Program Files\Microsoft\jdk-17.0.13.11-hotspot\bin;D:\React Native\MyProject\android\gradle-8.11.1\bin;
USERNAME=aliah
OS=Windows_NT
PROCESSOR_IDENTIFIER=Intel64 Family 6 Model 142 Stepping 9, GenuineIntel
TMP=C:\Users\aliah\AppData\Local\Temp
TEMP=C:\Users\aliah\AppData\Local\Temp



Periodic native trim disabled


---------------  S Y S T E M  ---------------

OS:
 Windows 10 , 64 bit Build 19041 (10.0.19041.5198)
OS uptime: 1 days 21:31 hours

CPU: total 4 (initial active 4) (2 cores per cpu, 2 threads per core) family 6 model 142 stepping 9 microcode 0xf0, cx8, cmov, fxsr, ht, mmx, 3dnowpref, sse, sse2, sse3, ssse3, sse4.1, sse4.2, popcnt, lzcnt, tsc, tscinvbit, avx, avx2, aes, erms, clmul, bmi1, bmi2, adx, fma, vzeroupper, clflush, clflushopt
Processor Information for the first 4 processors :
  Max Mhz: 2904, Current Mhz: 2703, Mhz Limit: 2700

Memory: 4k page, system-wide physical 8042M (610M free)
TotalPageFile size 12138M (AvailPageFile size 7M)
current process WorkingSet (physical memory assigned to process): 103M, peak: 103M
current process commit charge ("private bytes"): 161M, peak: 161M

vm_info: OpenJDK 64-Bit Server VM (17.0.13+11-LTS) for windows-amd64 JRE (17.0.13+11-LTS), built on Oct 11 2024 23:25:05 by "MicrosoftCorporation" with unknown MS VC++:1939

END.
