#
# There is insufficient memory for the Java Runtime Environment to continue.
# Native memory allocation (malloc) failed to allocate 97616 bytes. Error detail: Chunk::new
# Possible reasons:
#   The system is out of physical RAM or swap space
#   This process is running with CompressedOops enabled, and the Java Heap may be blocking the growth of the native heap
# Possible solutions:
#   Reduce memory load on the system
#   Increase physical memory or swap space
#   Check if swap backing store is full
#   Decrease Java heap size (-Xmx/-Xms)
#   Decrease number of Java threads
#   Decrease Java thread stack sizes (-Xss)
#   Set larger code cache with -XX:ReservedCodeCacheSize=
#
#  
#
# -Xmx64m -Xms64m -Dorg.gradle.appname=gradlew org.gradle.wrapper.GradleWrapperMain app:installDebug -PreactNativeDevServerPort=8081

Host: Intel(R) Core(TM) i7-7500U CPU @ 2.70GHz, 4 cores, 7G,  Windows 10 , 64 bit Build 19041 (10.0.19041.5198)
Time: Mon Jan 13 20:37:12 2025 Pakistan Standard Time elapsed time: 65.624449 seconds (0d 0h 1m 5s)

---------------  T H R E A D  ---------------

Current thread (0x000002894c9bf9d0):  JavaThread "C2 CompilerThread0" daemon [_thread_in_native, id=12556, stack(0x000000e3ca700000,0x000000e3ca800000)]


Current CompileTask:
C2:  65624 1787       4       org.gradle.internal.logging.text.AbstractLineChoppingStyledTextOutput$2::execute (77 bytes)

Stack: [0x000000e3ca700000,0x000000e3ca800000]
Native frames: (J=compiled Java code, j=interpreted, Vv=VM code, C=native code)
V  [jvm.dll+0x687fc9]
V  [jvm.dll+0x83eeb8]
V  [jvm.dll+0x840963]
V  [jvm.dll+0x840fd3]
V  [jvm.dll+0x24951f]
V  [jvm.dll+0xad0c4]
V  [jvm.dll+0xad75c]
V  [jvm.dll+0x2b0c2f]
V  [jvm.dll+0x58e059]
V  [jvm.dll+0x2237a2]
V  [jvm.dll+0x21c359]
V  [jvm.dll+0x219a7b]
V  [jvm.dll+0x1a5506]
V  [jvm.dll+0x22a1ca]
V  [jvm.dll+0x22830b]
V  [jvm.dll+0x7f4708]
V  [jvm.dll+0x7eea6c]
V  [jvm.dll+0x686ea7]
C  [ucrtbase.dll+0x21bb2]
C  [KERNEL32.DLL+0x17374]
C  [ntdll.dll+0x4cc91]


---------------  P R O C E S S  ---------------

Threads class SMR info:
_java_thread_list=0x0000028992b4e930, length=13, elements={
0x000002893382ed50, 0x000002894c9a0310, 0x000002894c9a1190, 0x000002894c9b8ec0,
0x000002894c9bc8a0, 0x000002894c9be270, 0x000002894c9bec30, 0x000002894c9bf9d0,
0x000002894ca2d660, 0x000002894ca32430, 0x000002894caf3170, 0x000002894caf6d20,
0x0000028992b6e500
}

Java Threads: ( => current thread )
  0x000002893382ed50 JavaThread "main" [_thread_in_native, id=9288, stack(0x000000e3c9900000,0x000000e3c9a00000)]
  0x000002894c9a0310 JavaThread "Reference Handler" daemon [_thread_blocked, id=15716, stack(0x000000e3ca000000,0x000000e3ca100000)]
  0x000002894c9a1190 JavaThread "Finalizer" daemon [_thread_blocked, id=17236, stack(0x000000e3ca100000,0x000000e3ca200000)]
  0x000002894c9b8ec0 JavaThread "Signal Dispatcher" daemon [_thread_blocked, id=6252, stack(0x000000e3ca300000,0x000000e3ca400000)]
  0x000002894c9bc8a0 JavaThread "Attach Listener" daemon [_thread_blocked, id=15128, stack(0x000000e3ca400000,0x000000e3ca500000)]
  0x000002894c9be270 JavaThread "Service Thread" daemon [_thread_blocked, id=19364, stack(0x000000e3ca500000,0x000000e3ca600000)]
  0x000002894c9bec30 JavaThread "Monitor Deflation Thread" daemon [_thread_blocked, id=14464, stack(0x000000e3ca600000,0x000000e3ca700000)]
=>0x000002894c9bf9d0 JavaThread "C2 CompilerThread0" daemon [_thread_in_native, id=12556, stack(0x000000e3ca700000,0x000000e3ca800000)]
  0x000002894ca2d660 JavaThread "C1 CompilerThread0" daemon [_thread_blocked, id=3116, stack(0x000000e3ca800000,0x000000e3ca900000)]
  0x000002894ca32430 JavaThread "Sweeper thread" daemon [_thread_blocked, id=448, stack(0x000000e3ca900000,0x000000e3caa00000)]
  0x000002894caf3170 JavaThread "Notification Thread" daemon [_thread_blocked, id=2988, stack(0x000000e3caa00000,0x000000e3cab00000)]
  0x000002894caf6d20 JavaThread "Common-Cleaner" daemon [_thread_blocked, id=14456, stack(0x000000e3cac00000,0x000000e3cad00000)]
  0x0000028992b6e500 JavaThread "pool-1-thread-1" [_thread_blocked, id=6824, stack(0x000000e3cb100000,0x000000e3cb200000)]

Other Threads:
  0x000002894c99ac10 VMThread "VM Thread" [stack: 0x000000e3c9f00000,0x000000e3ca000000] [id=6820]
  0x000002894caf5660 WatcherThread [stack: 0x000000e3cab00000,0x000000e3cac00000] [id=17184]
  0x000002893384f5f0 GCTaskThread "GC Thread#0" [stack: 0x000000e3c9a00000,0x000000e3c9b00000] [id=9404]
  0x000002894cd39cc0 GCTaskThread "GC Thread#1" [stack: 0x000000e3cad00000,0x000000e3cae00000] [id=18264]
  0x000002894cd65600 GCTaskThread "GC Thread#2" [stack: 0x000000e3cae00000,0x000000e3caf00000] [id=9904]
  0x000002894cd658c0 GCTaskThread "GC Thread#3" [stack: 0x000000e3caf00000,0x000000e3cb000000] [id=14896]
  0x0000028933850d40 ConcurrentGCThread "G1 Main Marker" [stack: 0x000000e3c9b00000,0x000000e3c9c00000] [id=8000]
  0x0000028933851760 ConcurrentGCThread "G1 Conc#0" [stack: 0x000000e3c9c00000,0x000000e3c9d00000] [id=17836]
  0x000002893389e1c0 ConcurrentGCThread "G1 Refine#0" [stack: 0x000000e3c9d00000,0x000000e3c9e00000] [id=19052]
  0x000002893389ebf0 ConcurrentGCThread "G1 Service" [stack: 0x000000e3c9e00000,0x000000e3c9f00000] [id=19352]

Threads with active compile tasks:
C2 CompilerThread0    65653 1787       4       org.gradle.internal.logging.text.AbstractLineChoppingStyledTextOutput$2::execute (77 bytes)

VM state: not at safepoint (normal execution)

VM Mutex/Monitor currently owned by a thread: None

Heap address: 0x00000000fc000000, size: 64 MB, Compressed Oops mode: 32-bit

CDS archive(s) mapped at: [0x000002894d000000-0x000002894dbb0000-0x000002894dbb0000), size 12255232, SharedBaseAddress: 0x000002894d000000, ArchiveRelocationMode: 1.
Compressed class space mapped at: 0x000002894e000000-0x000002898e000000, reserved size: 1073741824
Narrow klass base: 0x000002894d000000, Narrow klass shift: 0, Narrow klass range: 0x100000000

GC Precious Log:
 CPUs: 4 total, 4 available
 Memory: 8042M
 Large Page Support: Disabled
 NUMA Support: Disabled
 Compressed Oops: Enabled (32-bit)
 Heap Region Size: 1M
 Heap Min Capacity: 64M
 Heap Initial Capacity: 64M
 Heap Max Capacity: 64M
 Pre-touch: Disabled
 Parallel Workers: 4
 Concurrent Workers: 1
 Concurrent Refinement Workers: 4
 Periodic GC: Disabled

Heap:
 garbage-first heap   total 65536K, used 39253K [0x00000000fc000000, 0x0000000100000000)
  region size 1024K, 33 young (33792K), 3 survivors (3072K)
 Metaspace       used 10062K, committed 10240K, reserved 1114112K
  class space    used 1317K, committed 1408K, reserved 1048576K

Heap Regions: E=young(eden), S=young(survivor), O=old, HS=humongous(starts), HC=humongous(continues), CS=collection set, F=free, OA=open archive, CA=closed archive, TAMS=top-at-mark-start (previous, next)
|   0|0x00000000fc000000, 0x00000000fc100000, 0x00000000fc100000|100%|HS|  |TAMS 0x00000000fc000000, 0x00000000fc000000| Complete 
|   1|0x00000000fc100000, 0x00000000fc200000, 0x00000000fc200000|100%|HC|  |TAMS 0x00000000fc100000, 0x00000000fc100000| Complete 
|   2|0x00000000fc200000, 0x00000000fc300000, 0x00000000fc300000|100%|HC|  |TAMS 0x00000000fc200000, 0x00000000fc200000| Complete 
|   3|0x00000000fc300000, 0x00000000fc400000, 0x00000000fc400000|100%| O|  |TAMS 0x00000000fc300000, 0x00000000fc300000| Untracked 
|   4|0x00000000fc400000, 0x00000000fc500000, 0x00000000fc500000|100%| O|  |TAMS 0x00000000fc400000, 0x00000000fc400000| Untracked 
|   5|0x00000000fc500000, 0x00000000fc600000, 0x00000000fc600000|100%| O|  |TAMS 0x00000000fc500000, 0x00000000fc500000| Untracked 
|   6|0x00000000fc600000, 0x00000000fc655600, 0x00000000fc700000| 33%| O|  |TAMS 0x00000000fc600000, 0x00000000fc600000| Untracked 
|   7|0x00000000fc700000, 0x00000000fc700000, 0x00000000fc800000|  0%| F|  |TAMS 0x00000000fc700000, 0x00000000fc700000| Untracked 
|   8|0x00000000fc800000, 0x00000000fc800000, 0x00000000fc900000|  0%| F|  |TAMS 0x00000000fc800000, 0x00000000fc800000| Untracked 
|   9|0x00000000fc900000, 0x00000000fc900000, 0x00000000fca00000|  0%| F|  |TAMS 0x00000000fc900000, 0x00000000fc900000| Untracked 
|  10|0x00000000fca00000, 0x00000000fca00000, 0x00000000fcb00000|  0%| F|  |TAMS 0x00000000fca00000, 0x00000000fca00000| Untracked 
|  11|0x00000000fcb00000, 0x00000000fcb00000, 0x00000000fcc00000|  0%| F|  |TAMS 0x00000000fcb00000, 0x00000000fcb00000| Untracked 
|  12|0x00000000fcc00000, 0x00000000fcc00000, 0x00000000fcd00000|  0%| F|  |TAMS 0x00000000fcc00000, 0x00000000fcc00000| Untracked 
|  13|0x00000000fcd00000, 0x00000000fcd00000, 0x00000000fce00000|  0%| F|  |TAMS 0x00000000fcd00000, 0x00000000fcd00000| Untracked 
|  14|0x00000000fce00000, 0x00000000fce00000, 0x00000000fcf00000|  0%| F|  |TAMS 0x00000000fce00000, 0x00000000fce00000| Untracked 
|  15|0x00000000fcf00000, 0x00000000fcf00000, 0x00000000fd000000|  0%| F|  |TAMS 0x00000000fcf00000, 0x00000000fcf00000| Untracked 
|  16|0x00000000fd000000, 0x00000000fd000000, 0x00000000fd100000|  0%| F|  |TAMS 0x00000000fd000000, 0x00000000fd000000| Untracked 
|  17|0x00000000fd100000, 0x00000000fd100000, 0x00000000fd200000|  0%| F|  |TAMS 0x00000000fd100000, 0x00000000fd100000| Untracked 
|  18|0x00000000fd200000, 0x00000000fd200000, 0x00000000fd300000|  0%| F|  |TAMS 0x00000000fd200000, 0x00000000fd200000| Untracked 
|  19|0x00000000fd300000, 0x00000000fd300000, 0x00000000fd400000|  0%| F|  |TAMS 0x00000000fd300000, 0x00000000fd300000| Untracked 
|  20|0x00000000fd400000, 0x00000000fd400000, 0x00000000fd500000|  0%| F|  |TAMS 0x00000000fd400000, 0x00000000fd400000| Untracked 
|  21|0x00000000fd500000, 0x00000000fd500000, 0x00000000fd600000|  0%| F|  |TAMS 0x00000000fd500000, 0x00000000fd500000| Untracked 
|  22|0x00000000fd600000, 0x00000000fd600000, 0x00000000fd700000|  0%| F|  |TAMS 0x00000000fd600000, 0x00000000fd600000| Untracked 
|  23|0x00000000fd700000, 0x00000000fd700000, 0x00000000fd800000|  0%| F|  |TAMS 0x00000000fd700000, 0x00000000fd700000| Untracked 
|  24|0x00000000fd800000, 0x00000000fd800000, 0x00000000fd900000|  0%| F|  |TAMS 0x00000000fd800000, 0x00000000fd800000| Untracked 
|  25|0x00000000fd900000, 0x00000000fd900000, 0x00000000fda00000|  0%| F|  |TAMS 0x00000000fd900000, 0x00000000fd900000| Untracked 
|  26|0x00000000fda00000, 0x00000000fda00000, 0x00000000fdb00000|  0%| F|  |TAMS 0x00000000fda00000, 0x00000000fda00000| Untracked 
|  27|0x00000000fdb00000, 0x00000000fdb00000, 0x00000000fdc00000|  0%| F|  |TAMS 0x00000000fdb00000, 0x00000000fdb00000| Untracked 
|  28|0x00000000fdc00000, 0x00000000fdc00000, 0x00000000fdd00000|  0%| F|  |TAMS 0x00000000fdc00000, 0x00000000fdc00000| Untracked 
|  29|0x00000000fdd00000, 0x00000000fdd00000, 0x00000000fde00000|  0%| F|  |TAMS 0x00000000fdd00000, 0x00000000fdd00000| Untracked 
|  30|0x00000000fde00000, 0x00000000fde00000, 0x00000000fdf00000|  0%| F|  |TAMS 0x00000000fde00000, 0x00000000fde00000| Untracked 
|  31|0x00000000fdf00000, 0x00000000fdf599c8, 0x00000000fe000000| 35%| E|  |TAMS 0x00000000fdf00000, 0x00000000fdf00000| Complete 
|  32|0x00000000fe000000, 0x00000000fe100000, 0x00000000fe100000|100%| E|CS|TAMS 0x00000000fe000000, 0x00000000fe000000| Complete 
|  33|0x00000000fe100000, 0x00000000fe200000, 0x00000000fe200000|100%| E|CS|TAMS 0x00000000fe100000, 0x00000000fe100000| Complete 
|  34|0x00000000fe200000, 0x00000000fe300000, 0x00000000fe300000|100%| E|CS|TAMS 0x00000000fe200000, 0x00000000fe200000| Complete 
|  35|0x00000000fe300000, 0x00000000fe400000, 0x00000000fe400000|100%| E|CS|TAMS 0x00000000fe300000, 0x00000000fe300000| Complete 
|  36|0x00000000fe400000, 0x00000000fe500000, 0x00000000fe500000|100%| E|CS|TAMS 0x00000000fe400000, 0x00000000fe400000| Complete 
|  37|0x00000000fe500000, 0x00000000fe600000, 0x00000000fe600000|100%| E|CS|TAMS 0x00000000fe500000, 0x00000000fe500000| Complete 
|  38|0x00000000fe600000, 0x00000000fe700000, 0x00000000fe700000|100%| E|CS|TAMS 0x00000000fe600000, 0x00000000fe600000| Complete 
|  39|0x00000000fe700000, 0x00000000fe800000, 0x00000000fe800000|100%| E|CS|TAMS 0x00000000fe700000, 0x00000000fe700000| Complete 
|  40|0x00000000fe800000, 0x00000000fe900000, 0x00000000fe900000|100%| E|CS|TAMS 0x00000000fe800000, 0x00000000fe800000| Complete 
|  41|0x00000000fe900000, 0x00000000fea00000, 0x00000000fea00000|100%| S|CS|TAMS 0x00000000fe900000, 0x00000000fe900000| Complete 
|  42|0x00000000fea00000, 0x00000000feb00000, 0x00000000feb00000|100%| S|CS|TAMS 0x00000000fea00000, 0x00000000fea00000| Complete 
|  43|0x00000000feb00000, 0x00000000fec00000, 0x00000000fec00000|100%| S|CS|TAMS 0x00000000feb00000, 0x00000000feb00000| Complete 
|  44|0x00000000fec00000, 0x00000000fed00000, 0x00000000fed00000|100%| E|CS|TAMS 0x00000000fec00000, 0x00000000fec00000| Complete 
|  45|0x00000000fed00000, 0x00000000fee00000, 0x00000000fee00000|100%| E|CS|TAMS 0x00000000fed00000, 0x00000000fed00000| Complete 
|  46|0x00000000fee00000, 0x00000000fef00000, 0x00000000fef00000|100%| E|CS|TAMS 0x00000000fee00000, 0x00000000fee00000| Complete 
|  47|0x00000000fef00000, 0x00000000ff000000, 0x00000000ff000000|100%| E|CS|TAMS 0x00000000fef00000, 0x00000000fef00000| Complete 
|  48|0x00000000ff000000, 0x00000000ff100000, 0x00000000ff100000|100%| E|CS|TAMS 0x00000000ff000000, 0x00000000ff000000| Complete 
|  49|0x00000000ff100000, 0x00000000ff200000, 0x00000000ff200000|100%| E|CS|TAMS 0x00000000ff100000, 0x00000000ff100000| Complete 
|  50|0x00000000ff200000, 0x00000000ff300000, 0x00000000ff300000|100%| E|CS|TAMS 0x00000000ff200000, 0x00000000ff200000| Complete 
|  51|0x00000000ff300000, 0x00000000ff400000, 0x00000000ff400000|100%| E|CS|TAMS 0x00000000ff300000, 0x00000000ff300000| Complete 
|  52|0x00000000ff400000, 0x00000000ff500000, 0x00000000ff500000|100%| E|CS|TAMS 0x00000000ff400000, 0x00000000ff400000| Complete 
|  53|0x00000000ff500000, 0x00000000ff600000, 0x00000000ff600000|100%| E|CS|TAMS 0x00000000ff500000, 0x00000000ff500000| Complete 
|  54|0x00000000ff600000, 0x00000000ff700000, 0x00000000ff700000|100%| E|CS|TAMS 0x00000000ff600000, 0x00000000ff600000| Complete 
|  55|0x00000000ff700000, 0x00000000ff800000, 0x00000000ff800000|100%| E|CS|TAMS 0x00000000ff700000, 0x00000000ff700000| Complete 
|  56|0x00000000ff800000, 0x00000000ff900000, 0x00000000ff900000|100%| E|CS|TAMS 0x00000000ff800000, 0x00000000ff800000| Complete 
|  57|0x00000000ff900000, 0x00000000ffa00000, 0x00000000ffa00000|100%| E|CS|TAMS 0x00000000ff900000, 0x00000000ff900000| Complete 
|  58|0x00000000ffa00000, 0x00000000ffb00000, 0x00000000ffb00000|100%| E|CS|TAMS 0x00000000ffa00000, 0x00000000ffa00000| Complete 
|  59|0x00000000ffb00000, 0x00000000ffc00000, 0x00000000ffc00000|100%| E|CS|TAMS 0x00000000ffb00000, 0x00000000ffb00000| Complete 
|  60|0x00000000ffc00000, 0x00000000ffd00000, 0x00000000ffd00000|100%| E|CS|TAMS 0x00000000ffc00000, 0x00000000ffc00000| Complete 
|  61|0x00000000ffd00000, 0x00000000ffe00000, 0x00000000ffe00000|100%| E|CS|TAMS 0x00000000ffd00000, 0x00000000ffd00000| Complete 
|  62|0x00000000ffe00000, 0x00000000fff00000, 0x00000000fff00000|100%| E|CS|TAMS 0x00000000ffe00000, 0x00000000ffe00000| Complete 
|  63|0x00000000fff00000, 0x0000000100000000, 0x0000000100000000|100%| E|CS|TAMS 0x00000000fff00000, 0x00000000fff00000| Complete 

Card table byte_map: [0x0000028931720000,0x0000028931740000] _byte_map_base: 0x0000028930f40000

Marking Bits (Prev, Next): (CMBitMap*) 0x000002893384fc10, (CMBitMap*) 0x000002893384fc50
 Prev Bits: [0x0000028933630000, 0x0000028933730000)
 Next Bits: [0x000002894a370000, 0x000002894a470000)

Polling page: 0x00000289315d0000

Metaspace:

Usage:
  Non-class:      8.54 MB used.
      Class:      1.29 MB used.
       Both:      9.83 MB used.

Virtual space:
  Non-class space:       64.00 MB reserved,       8.62 MB ( 13%) committed,  1 nodes.
      Class space:        1.00 GB reserved,       1.38 MB ( <1%) committed,  1 nodes.
             Both:        1.06 GB reserved,      10.00 MB ( <1%) committed. 

Chunk freelists:
   Non-Class:  7.38 MB
       Class:  14.45 MB
        Both:  21.83 MB

MaxMetaspaceSize: unlimited
CompressedClassSpaceSize: 1.00 GB
Initial GC threshold: 21.00 MB
Current GC threshold: 21.00 MB
CDS: on
MetaspaceReclaimPolicy: balanced
 - commit_granule_bytes: 65536.
 - commit_granule_words: 8192.
 - virtual_space_node_default_size: 8388608.
 - enlarge_chunks_in_place: 1.
 - new_chunks_are_fully_committed: 0.
 - uncommit_free_chunks: 1.
 - use_allocation_guard: 0.
 - handle_deallocations: 1.


Internal statistics:

num_allocs_failed_limit: 0.
num_arena_births: 84.
num_arena_deaths: 0.
num_vsnodes_births: 2.
num_vsnodes_deaths: 0.
num_space_committed: 160.
num_space_uncommitted: 0.
num_chunks_returned_to_freelist: 0.
num_chunks_taken_from_freelist: 360.
num_chunk_merges: 0.
num_chunk_splits: 243.
num_chunks_enlarged: 195.
num_inconsistent_stats: 0.

CodeHeap 'non-profiled nmethods': size=120000Kb used=799Kb max_used=799Kb free=119200Kb
 bounds [0x0000028942e40000, 0x00000289430b0000, 0x000002894a370000]
CodeHeap 'profiled nmethods': size=120000Kb used=3450Kb max_used=3450Kb free=116549Kb
 bounds [0x000002893b370000, 0x000002893b6d0000, 0x00000289428a0000]
CodeHeap 'non-nmethods': size=5760Kb used=1177Kb max_used=1199Kb free=4582Kb
 bounds [0x00000289428a0000, 0x0000028942b10000, 0x0000028942e40000]
 total_blobs=2278 nmethods=1802 adapters=389
 compilation: enabled
              stopped_count=0, restarted_count=0
 full_count=0

Compilation events (20 events):
Event: 65.480 Thread 0x000002894ca2d660 nmethod 1777 0x000002893b6bf010 code [0x000002893b6bf260, 0x000002893b6bfa38]
Event: 65.495 Thread 0x000002894ca2d660 1778       3       org.gradle.internal.operations.BuildOperationCategory::values (10 bytes)
Event: 65.495 Thread 0x000002894ca2d660 nmethod 1778 0x000002893b6bfe10 code [0x000002893b6bffc0, 0x000002893b6c0268]
Event: 65.495 Thread 0x000002894ca2d660 1779       3       org.gradle.internal.logging.events.ProgressStartEvent::<init> (74 bytes)
Event: 65.496 Thread 0x000002894ca2d660 nmethod 1779 0x000002893b6c0310 code [0x000002893b6c04e0, 0x000002893b6c0af8]
Event: 65.496 Thread 0x000002894ca2d660 1780       3       org.gradle.internal.logging.serializer.ProgressStartEventSerializer::read (6 bytes)
Event: 65.496 Thread 0x000002894ca2d660 nmethod 1780 0x000002893b6c0c90 code [0x000002893b6c0e40, 0x000002893b6c0f88]
Event: 65.496 Thread 0x000002894ca2d660 1781       3       org.gradle.internal.logging.serializer.ProgressStartEventSerializer::read (337 bytes)
Event: 65.497 Thread 0x000002894ca2d660 nmethod 1781 0x000002893b6c1010 code [0x000002893b6c13e0, 0x000002893b6c3288]
Event: 65.507 Thread 0x000002894ca2d660 1782       3       org.gradle.internal.logging.events.ProgressCompleteEvent::<init> (27 bytes)
Event: 65.508 Thread 0x000002894ca2d660 nmethod 1782 0x000002893b6c3c90 code [0x000002893b6c3e40, 0x000002893b6c40d8]
Event: 65.525 Thread 0x000002894ca2d660 1783       3       org.gradle.internal.logging.serializer.ProgressCompleteEventSerializer::read (6 bytes)
Event: 65.525 Thread 0x000002894ca2d660 nmethod 1783 0x000002893b6c4210 code [0x000002893b6c43c0, 0x000002893b6c4508]
Event: 65.525 Thread 0x000002894ca2d660 1784       3       org.gradle.internal.logging.serializer.ProgressCompleteEventSerializer::read (51 bytes)
Event: 65.526 Thread 0x000002894ca2d660 nmethod 1784 0x000002893b6c4590 code [0x000002893b6c47c0, 0x000002893b6c50a8]
Event: 65.548 Thread 0x000002894ca2d660 1785       3       java.util.ArrayList::toArray (12 bytes)
Event: 65.549 Thread 0x000002894ca2d660 nmethod 1785 0x000002893b6c5390 code [0x000002893b6c5540, 0x000002893b6c5728]
Event: 65.609 Thread 0x000002894c9bf9d0 1786       4       org.gradle.internal.logging.text.AbstractLineChoppingStyledTextOutput$1::execute (140 bytes)
Event: 65.620 Thread 0x000002894c9bf9d0 nmethod 1786 0x0000028942f07110 code [0x0000028942f072e0, 0x0000028942f079c8]
Event: 65.620 Thread 0x000002894c9bf9d0 1787       4       org.gradle.internal.logging.text.AbstractLineChoppingStyledTextOutput$2::execute (77 bytes)

GC Heap History (4 events):
Event: 0.822 GC heap before
{Heap before GC invocations=0 (full 0):
 garbage-first heap   total 65536K, used 13312K [0x00000000fc000000, 0x0000000100000000)
  region size 1024K, 13 young (13312K), 0 survivors (0K)
 Metaspace       used 1673K, committed 1792K, reserved 1114112K
  class space    used 156K, committed 192K, reserved 1048576K
}
Event: 0.836 GC heap after
{Heap after GC invocations=1 (full 0):
 garbage-first heap   total 65536K, used 1472K [0x00000000fc000000, 0x0000000100000000)
  region size 1024K, 2 young (2048K), 2 survivors (2048K)
 Metaspace       used 1673K, committed 1792K, reserved 1114112K
  class space    used 156K, committed 192K, reserved 1048576K
}
Event: 1.598 GC heap before
{Heap before GC invocations=1 (full 0):
 garbage-first heap   total 65536K, used 21952K [0x00000000fc000000, 0x0000000100000000)
  region size 1024K, 20 young (20480K), 2 survivors (2048K)
 Metaspace       used 2881K, committed 3008K, reserved 1114112K
  class space    used 309K, committed 384K, reserved 1048576K
}
Event: 1.605 GC heap after
{Heap after GC invocations=2 (full 0):
 garbage-first heap   total 65536K, used 9557K [0x00000000fc000000, 0x0000000100000000)
  region size 1024K, 3 young (3072K), 3 survivors (3072K)
 Metaspace       used 2881K, committed 3008K, reserved 1114112K
  class space    used 309K, committed 384K, reserved 1048576K
}

Dll operation events (12 events):
Event: 0.009 Loaded shared library C:\Program Files\Microsoft\jdk-17.0.13.11-hotspot\bin\java.dll
Event: 0.032 Loaded shared library C:\Program Files\Microsoft\jdk-17.0.13.11-hotspot\bin\jsvml.dll
Event: 0.111 Loaded shared library C:\Program Files\Microsoft\jdk-17.0.13.11-hotspot\bin\net.dll
Event: 0.113 Loaded shared library C:\Program Files\Microsoft\jdk-17.0.13.11-hotspot\bin\nio.dll
Event: 0.118 Loaded shared library C:\Program Files\Microsoft\jdk-17.0.13.11-hotspot\bin\zip.dll
Event: 0.124 Loaded shared library C:\Program Files\Microsoft\jdk-17.0.13.11-hotspot\bin\verify.dll
Event: 0.944 Loaded shared library C:\Program Files\Microsoft\jdk-17.0.13.11-hotspot\bin\jimage.dll
Event: 1.746 Loaded shared library C:\Program Files\Microsoft\jdk-17.0.13.11-hotspot\bin\management.dll
Event: 1.748 Loaded shared library C:\Program Files\Microsoft\jdk-17.0.13.11-hotspot\bin\management_ext.dll
Event: 1.896 Loaded shared library C:\Users\aliah\.gradle\native\c067742578af261105cb4f569cf0c3c89f3d7b1fecec35dd04571415982c5e48\windows-amd64\native-platform.dll
Event: 2.469 Loaded shared library C:\Program Files\Microsoft\jdk-17.0.13.11-hotspot\bin\extnet.dll
Event: 7.657 Loaded shared library C:\Program Files\Microsoft\jdk-17.0.13.11-hotspot\bin\sunmscapi.dll

Deoptimization events (20 events):
Event: 3.143 Thread 0x0000028992e49020 Uncommon trap: trap_request=0xffffff6e fr.pc=0x0000028942ec95b4 relative=0x0000000000000414
Event: 3.143 Thread 0x0000028992e49020 Uncommon trap: reason=loop_limit_check action=maybe_recompile pc=0x0000028942ec95b4 method=java.lang.StringLatin1.indexOf([BI[BII)I @ 37 c2
Event: 3.143 Thread 0x0000028992e49020 DEOPT PACKING pc=0x0000028942ec95b4 sp=0x000000e3cb0feb80
Event: 3.143 Thread 0x0000028992e49020 DEOPT UNPACKING pc=0x00000289428f69a3 sp=0x000000e3cb0feb08 mode 2
Event: 3.143 Thread 0x0000028992e49020 Uncommon trap: trap_request=0xffffff45 fr.pc=0x0000028942e81968 relative=0x0000000000000528
Event: 3.143 Thread 0x0000028992e49020 Uncommon trap: reason=unstable_if action=reinterpret pc=0x0000028942e81968 method=java.lang.AbstractStringBuilder.putStringAt(ILjava/lang/String;II)V @ 8 c2
Event: 3.143 Thread 0x0000028992e49020 DEOPT PACKING pc=0x0000028942e81968 sp=0x000000e3cb0fec40
Event: 3.143 Thread 0x0000028992e49020 DEOPT UNPACKING pc=0x00000289428f69a3 sp=0x000000e3cb0feac8 mode 2
Event: 3.143 Thread 0x0000028992e49020 Uncommon trap: trap_request=0xffffff45 fr.pc=0x0000028942e825d0 relative=0x0000000000000510
Event: 3.143 Thread 0x0000028992e49020 Uncommon trap: reason=unstable_if action=reinterpret pc=0x0000028942e825d0 method=java.lang.AbstractStringBuilder.putStringAt(ILjava/lang/String;II)V @ 8 c2
Event: 3.143 Thread 0x0000028992e49020 DEOPT PACKING pc=0x0000028942e825d0 sp=0x000000e3cb0febd0
Event: 3.143 Thread 0x0000028992e49020 DEOPT UNPACKING pc=0x00000289428f69a3 sp=0x000000e3cb0feac0 mode 2
Event: 3.143 Thread 0x0000028992e49020 Uncommon trap: trap_request=0xffffff45 fr.pc=0x0000028942ed6fa0 relative=0x0000000000000400
Event: 3.143 Thread 0x0000028992e49020 Uncommon trap: reason=unstable_if action=reinterpret pc=0x0000028942ed6fa0 method=java.lang.AbstractStringBuilder.isLatin1()Z @ 10 c2
Event: 3.143 Thread 0x0000028992e49020 DEOPT PACKING pc=0x0000028942ed6fa0 sp=0x000000e3cb0fec50
Event: 3.143 Thread 0x0000028992e49020 DEOPT UNPACKING pc=0x00000289428f69a3 sp=0x000000e3cb0febd0 mode 2
Event: 7.566 Thread 0x0000028992e49020 Uncommon trap: trap_request=0xffffff45 fr.pc=0x0000028942e4ed04 relative=0x0000000000000084
Event: 7.566 Thread 0x0000028992e49020 Uncommon trap: reason=unstable_if action=reinterpret pc=0x0000028942e4ed04 method=java.lang.String.codePointAt(I)I @ 4 c2
Event: 7.566 Thread 0x0000028992e49020 DEOPT PACKING pc=0x0000028942e4ed04 sp=0x000000e3cb0febc0
Event: 7.566 Thread 0x0000028992e49020 DEOPT UNPACKING pc=0x00000289428f69a3 sp=0x000000e3cb0feb58 mode 2

Classes loaded (20 events):
Event: 7.678 Loading class sun/nio/ch/SourceChannelImpl
Event: 7.678 Loading class java/nio/channels/Pipe$SourceChannel
Event: 7.678 Loading class java/nio/channels/Pipe$SourceChannel done
Event: 7.679 Loading class sun/nio/ch/SourceChannelImpl done
Event: 7.679 Loading class sun/nio/ch/SinkChannelImpl
Event: 7.679 Loading class java/nio/channels/Pipe$SinkChannel
Event: 7.679 Loading class java/nio/channels/Pipe$SinkChannel done
Event: 7.679 Loading class sun/nio/ch/SinkChannelImpl done
Event: 7.680 Loading class sun/nio/ch/SelectionKeyImpl
Event: 7.680 Loading class java/nio/channels/spi/AbstractSelectionKey
Event: 7.680 Loading class java/nio/channels/SelectionKey
Event: 7.680 Loading class java/nio/channels/SelectionKey done
Event: 7.680 Loading class java/nio/channels/spi/AbstractSelectionKey done
Event: 7.680 Loading class sun/nio/ch/SelectionKeyImpl done
Event: 7.680 Loading class java/lang/invoke/ConstantBootstraps
Event: 7.680 Loading class java/lang/invoke/ConstantBootstraps done
Event: 7.706 Loading class java/nio/channels/spi/AbstractSelector$1
Event: 7.706 Loading class java/nio/channels/spi/AbstractSelector$1 done
Event: 7.785 Loading class java/util/concurrent/Executors$FinalizableDelegatedExecutorService
Event: 7.785 Loading class java/util/concurrent/Executors$FinalizableDelegatedExecutorService done

Classes unloaded (0 events):
No events

Classes redefined (0 events):
No events

Internal exceptions (20 events):
Event: 1.794 Thread 0x000002893382ed50 Implicit null exception at 0x0000028942e9bb0f to 0x0000028942e9c080
Event: 1.794 Thread 0x000002893382ed50 Implicit null exception at 0x0000028942e8cc0f to 0x0000028942e8d198
Event: 1.825 Thread 0x000002893382ed50 Exception <a 'java/lang/NoClassDefFoundError'{0x00000000ff960a18}: org/slf4j/impl/StaticMarkerBinder> (0x00000000ff960a18) 
thrown [s\src\hotspot\share\classfile\systemDictionary.cpp, line 245]
Event: 1.863 Thread 0x000002893382ed50 Exception <a 'java/lang/NoSuchMethodError'{0x00000000ff810ba8}: 'java.lang.Object java.lang.invoke.Invokers$Holder.invoker(java.lang.Object, java.lang.Object, java.lang.Object)'> (0x00000000ff810ba8) 
thrown [s\src\hotspot\share\interpreter\linkResolver.cpp, line 759]
Event: 1.865 Thread 0x000002893382ed50 Exception <a 'java/lang/NoSuchMethodError'{0x00000000ff819d80}: 'java.lang.Object java.lang.invoke.DirectMethodHandle$Holder.invokeStatic(java.lang.Object, java.lang.Object, int)'> (0x00000000ff819d80) 
thrown [s\src\hotspot\share\interpreter\linkResolver.cpp, line 759]
Event: 1.869 Thread 0x000002893382ed50 Exception <a 'java/lang/NoSuchMethodError'{0x00000000ff825a70}: 'void java.lang.invoke.DelegatingMethodHandle$Holder.delegate(java.lang.Object, java.lang.Object, int, java.lang.Object)'> (0x00000000ff825a70) 
thrown [s\src\hotspot\share\interpreter\linkResolver.cpp, line 759]
Event: 1.873 Thread 0x000002893382ed50 Exception <a 'java/lang/NoSuchMethodError'{0x00000000ff839138}: 'java.lang.Object java.lang.invoke.Invokers$Holder.invokeExact_MT(java.lang.Object, java.lang.Object, java.lang.Object, java.lang.Object)'> (0x00000000ff839138) 
thrown [s\src\hotspot\share\interpreter\linkResolver.cpp, line 759]
Event: 1.878 Thread 0x000002893382ed50 Exception <a 'java/lang/NoSuchMethodError'{0x00000000ff85e700}: 'java.lang.Object java.lang.invoke.DirectMethodHandle$Holder.invokeVirtual(java.lang.Object, java.lang.Object, java.lang.Object)'> (0x00000000ff85e700) 
thrown [s\src\hotspot\share\interpreter\linkResolver.cpp, line 759]
Event: 1.995 Thread 0x000002893382ed50 Exception <a 'java/lang/NoSuchMethodError'{0x00000000ff5a2990}: 'java.lang.Object java.lang.invoke.DirectMethodHandle$Holder.newInvokeSpecial(java.lang.Object, java.lang.Object, java.lang.Object, java.lang.Object, java.lang.Object)'> (0x00000000ff5a2990) 
thrown [s\src\hotspot\share\interpreter\linkResolver.cpp, line 759]
Event: 2.035 Thread 0x000002893382ed50 Exception <a 'java/lang/NoSuchMethodError'{0x00000000ff4b6908}: 'void java.lang.invoke.DirectMethodHandle$Holder.invokeSpecial(java.lang.Object, java.lang.Object, java.lang.Object)'> (0x00000000ff4b6908) 
thrown [s\src\hotspot\share\interpreter\linkResolver.cpp, line 759]
Event: 2.067 Thread 0x000002893382ed50 Exception <a 'java/lang/NoSuchMethodError'{0x00000000ff39f540}: 'int java.lang.invoke.DirectMethodHandle$Holder.invokeVirtual(java.lang.Object, java.lang.Object, java.lang.Object)'> (0x00000000ff39f540) 
thrown [s\src\hotspot\share\interpreter\linkResolver.cpp, line 759]
Event: 2.138 Thread 0x000002893382ed50 Exception <a 'java/lang/NoSuchMethodError'{0x00000000ff06fc68}: 'java.lang.Object java.lang.invoke.DirectMethodHandle$Holder.invokeSpecialIFC(java.lang.Object, java.lang.Object, java.lang.Object, java.lang.Object)'> (0x00000000ff06fc68) 
thrown [s\src\hotspot\share\interpreter\linkResolver.cpp, line 759]
Event: 2.218 Thread 0x000002893382ed50 Exception <a 'java/lang/NoSuchMethodError'{0x00000000fed3d620}: 'java.lang.Object java.lang.invoke.DirectMethodHandle$Holder.invokeStaticInit(java.lang.Object, int, int, int, int)'> (0x00000000fed3d620) 
thrown [s\src\hotspot\share\interpreter\linkResolver.cpp, line 759]
Event: 2.282 Thread 0x000002893382ed50 Exception <a 'java/lang/NoSuchMethodError'{0x00000000fed94798}: 'java.lang.Object java.lang.invoke.DirectMethodHandle$Holder.invokeStaticInit(java.lang.Object, java.lang.Object, int, int, int, int)'> (0x00000000fed94798) 
thrown [s\src\hotspot\share\interpreter\linkResolver.cpp, line 759]
Event: 2.471 Thread 0x000002893382ed50 Exception <a 'java/lang/NoSuchMethodError'{0x00000000fedc7ab8}: 'void java.lang.invoke.DirectMethodHandle$Holder.invokeStatic(java.lang.Object, java.lang.Object, java.lang.Object)'> (0x00000000fedc7ab8) 
thrown [s\src\hotspot\share\interpreter\linkResolver.cpp, line 759]
Event: 3.077 Thread 0x0000028992e49020 Exception <a 'java/lang/NoSuchMethodError'{0x00000000fe38d3c0}: 'void java.lang.invoke.DirectMethodHandle$Holder.invokeStatic(java.lang.Object, long)'> (0x00000000fe38d3c0) 
thrown [s\src\hotspot\share\interpreter\linkResolver.cpp, line 759]
Event: 3.078 Thread 0x0000028992e49020 Exception <a 'java/lang/NoSuchMethodError'{0x00000000fe392d18}: 'java.lang.Object java.lang.invoke.DirectMethodHandle$Holder.newInvokeSpecial(java.lang.Object, long)'> (0x00000000fe392d18) 
thrown [s\src\hotspot\share\interpreter\linkResolver.cpp, line 759]
Event: 3.080 Thread 0x0000028992e49020 Exception <a 'java/lang/NoSuchMethodError'{0x00000000fe39d8b0}: 'java.lang.Object java.lang.invoke.DirectMethodHandle$Holder.invokeStaticInit(java.lang.Object, java.lang.Object, long, java.lang.Object)'> (0x00000000fe39d8b0) 
thrown [s\src\hotspot\share\interpreter\linkResolver.cpp, line 759]
Event: 3.081 Thread 0x0000028992e49020 Exception <a 'java/lang/NoSuchMethodError'{0x00000000fe3a3f38}: 'java.lang.Object java.lang.invoke.DirectMethodHandle$Holder.newInvokeSpecial(java.lang.Object, java.lang.Object, long)'> (0x00000000fe3a3f38) 
thrown [s\src\hotspot\share\interpreter\linkResolver.cpp, line 759]
Event: 3.081 Thread 0x0000028992e49020 Exception <a 'java/lang/NoSuchMethodError'{0x00000000fe3a8228}: 'java.lang.Object java.lang.invoke.Invokers$Holder.linkToTargetMethod(java.lang.Object, long, java.lang.Object)'> (0x00000000fe3a8228) 
thrown [s\src\hotspot\share\interpreter\linkResolver.cpp, line 759]

VM Operations (20 events):
Event: 31.979 Executing VM operation: Cleanup
Event: 31.979 Executing VM operation: Cleanup done
Event: 32.982 Executing VM operation: Cleanup
Event: 32.982 Executing VM operation: Cleanup done
Event: 34.989 Executing VM operation: Cleanup
Event: 34.989 Executing VM operation: Cleanup done
Event: 55.130 Executing VM operation: Cleanup
Event: 55.130 Executing VM operation: Cleanup done
Event: 58.166 Executing VM operation: Cleanup
Event: 58.166 Executing VM operation: Cleanup done
Event: 60.175 Executing VM operation: Cleanup
Event: 60.175 Executing VM operation: Cleanup done
Event: 60.342 Executing VM operation: HandshakeAllThreads
Event: 60.342 Executing VM operation: HandshakeAllThreads done
Event: 61.345 Executing VM operation: Cleanup
Event: 61.345 Executing VM operation: Cleanup done
Event: 64.360 Executing VM operation: Cleanup
Event: 64.360 Executing VM operation: Cleanup done
Event: 65.367 Executing VM operation: Cleanup
Event: 65.367 Executing VM operation: Cleanup done

Memory protections (0 events):
No events

Nmethod flushes (0 events):
No events

Events (20 events):
Event: 0.051 Thread 0x000002893382ed50 Thread added: 0x000002894c9b8ec0
Event: 0.051 Thread 0x000002893382ed50 Thread added: 0x000002894c9bc8a0
Event: 0.051 Thread 0x000002893382ed50 Thread added: 0x000002894c9be270
Event: 0.051 Thread 0x000002893382ed50 Thread added: 0x000002894c9bec30
Event: 0.051 Thread 0x000002893382ed50 Thread added: 0x000002894c9bf9d0
Event: 0.059 Thread 0x000002893382ed50 Thread added: 0x000002894ca2d660
Event: 0.060 Thread 0x000002893382ed50 Thread added: 0x000002894ca32430
Event: 0.102 Thread 0x000002893382ed50 Thread added: 0x000002894caf3170
Event: 0.106 Thread 0x000002893382ed50 Thread added: 0x000002894caf6d20
Event: 0.935 Thread 0x000002894ca2d660 Thread added: 0x000002894cb31190
Event: 1.932 Thread 0x000002893382ed50 Thread added: 0x0000028992b6e500
Event: 2.465 Thread 0x000002894cb31190 Thread exited: 0x000002894cb31190
Event: 3.065 Thread 0x000002893382ed50 Thread added: 0x0000028992e49020
Event: 3.096 Thread 0x0000028992e49020 Thread added: 0x0000028992ded990
Event: 3.098 Thread 0x0000028992e49020 Thread added: 0x0000028992dede70
Event: 3.138 Thread 0x0000028992ded990 Thread exited: 0x0000028992ded990
Event: 7.569 Thread 0x0000028992e49020 Thread exited: 0x0000028992e49020
Event: 7.570 Thread 0x0000028992dede70 Thread exited: 0x0000028992dede70
Event: 7.630 Thread 0x000002894ca2d660 Thread added: 0x0000028992ded990
Event: 7.779 Thread 0x0000028992ded990 Thread exited: 0x0000028992ded990


Dynamic libraries:
0x00007ff728180000 - 0x00007ff72818e000 	C:\Program Files\Microsoft\jdk-17.0.13.11-hotspot\bin\java.exe
0x00007ffd1f0d0000 - 0x00007ffd1f2c8000 	C:\WINDOWS\SYSTEM32\ntdll.dll
0x00007ffd1dd80000 - 0x00007ffd1de42000 	C:\WINDOWS\System32\KERNEL32.DLL
0x00007ffd1c840000 - 0x00007ffd1cb3e000 	C:\WINDOWS\System32\KERNELBASE.dll
0x00007ffd1cc80000 - 0x00007ffd1cd80000 	C:\WINDOWS\System32\ucrtbase.dll
0x00007ffd11810000 - 0x00007ffd11827000 	C:\Program Files\Microsoft\jdk-17.0.13.11-hotspot\bin\jli.dll
0x00007ffd1e690000 - 0x00007ffd1e82d000 	C:\WINDOWS\System32\USER32.dll
0x00007ffd1c810000 - 0x00007ffd1c832000 	C:\WINDOWS\System32\win32u.dll
0x00007ffd1e1b0000 - 0x00007ffd1e1db000 	C:\WINDOWS\System32\GDI32.dll
0x00007ffd1cee0000 - 0x00007ffd1cff7000 	C:\WINDOWS\System32\gdi32full.dll
0x00007ffd1d050000 - 0x00007ffd1d0ed000 	C:\WINDOWS\System32\msvcp_win.dll
0x00007ffd01fe0000 - 0x00007ffd0227a000 	C:\WINDOWS\WinSxS\amd64_microsoft.windows.common-controls_6595b64144ccf1df_6.0.19041.4355_none_60b8b9eb71f62e16\COMCTL32.dll
0x00007ffd1d870000 - 0x00007ffd1d90e000 	C:\WINDOWS\System32\msvcrt.dll
0x00007ffd17280000 - 0x00007ffd1729d000 	C:\Program Files\Microsoft\jdk-17.0.13.11-hotspot\bin\VCRUNTIME140.dll
0x00007ffd1de50000 - 0x00007ffd1de7f000 	C:\WINDOWS\System32\IMM32.DLL
0x00007ffd17920000 - 0x00007ffd1792c000 	C:\Program Files\Microsoft\jdk-17.0.13.11-hotspot\bin\vcruntime140_1.dll
0x00007ffcfdd20000 - 0x00007ffcfddad000 	C:\Program Files\Microsoft\jdk-17.0.13.11-hotspot\bin\msvcp140.dll
0x00007ffcc9920000 - 0x00007ffcca591000 	C:\Program Files\Microsoft\jdk-17.0.13.11-hotspot\bin\server\jvm.dll
0x00007ffd1e090000 - 0x00007ffd1e141000 	C:\WINDOWS\System32\ADVAPI32.dll
0x00007ffd1ef90000 - 0x00007ffd1f02f000 	C:\WINDOWS\System32\sechost.dll
0x00007ffd1e430000 - 0x00007ffd1e553000 	C:\WINDOWS\System32\RPCRT4.dll
0x00007ffd1c7e0000 - 0x00007ffd1c807000 	C:\WINDOWS\System32\bcrypt.dll
0x00007ffd1e830000 - 0x00007ffd1e89b000 	C:\WINDOWS\System32\WS2_32.dll
0x00007ffd1bcb0000 - 0x00007ffd1bcfb000 	C:\WINDOWS\SYSTEM32\POWRPROF.dll
0x00007ffd062e0000 - 0x00007ffd06307000 	C:\WINDOWS\SYSTEM32\WINMM.dll
0x00007ffd0f560000 - 0x00007ffd0f56a000 	C:\WINDOWS\SYSTEM32\VERSION.dll
0x00007ffd1bb70000 - 0x00007ffd1bb82000 	C:\WINDOWS\SYSTEM32\UMPDC.dll
0x00007ffd1afe0000 - 0x00007ffd1aff2000 	C:\WINDOWS\SYSTEM32\kernel.appcore.dll
0x00007ffd172f0000 - 0x00007ffd172fa000 	C:\Program Files\Microsoft\jdk-17.0.13.11-hotspot\bin\jimage.dll
0x00007ffd193a0000 - 0x00007ffd19584000 	C:\WINDOWS\SYSTEM32\DBGHELP.DLL
0x00007ffcfea80000 - 0x00007ffcfeab4000 	C:\WINDOWS\SYSTEM32\dbgcore.DLL
0x00007ffd1cb40000 - 0x00007ffd1cbc2000 	C:\WINDOWS\System32\bcryptPrimitives.dll
0x00007ffd06fc0000 - 0x00007ffd06fe5000 	C:\Program Files\Microsoft\jdk-17.0.13.11-hotspot\bin\java.dll
0x00007ffcfdbc0000 - 0x00007ffcfdc97000 	C:\Program Files\Microsoft\jdk-17.0.13.11-hotspot\bin\jsvml.dll
0x00007ffd1d0f0000 - 0x00007ffd1d85d000 	C:\WINDOWS\System32\SHELL32.dll
0x00007ffd1a7a0000 - 0x00007ffd1af44000 	C:\WINDOWS\SYSTEM32\windows.storage.dll
0x00007ffd1eae0000 - 0x00007ffd1ee33000 	C:\WINDOWS\System32\combase.dll
0x00007ffd1c1a0000 - 0x00007ffd1c1ce000 	C:\WINDOWS\SYSTEM32\Wldp.dll
0x00007ffd1eec0000 - 0x00007ffd1ef8d000 	C:\WINDOWS\System32\OLEAUT32.dll
0x00007ffd1e900000 - 0x00007ffd1e9ad000 	C:\WINDOWS\System32\SHCORE.dll
0x00007ffd1e150000 - 0x00007ffd1e1a5000 	C:\WINDOWS\System32\shlwapi.dll
0x00007ffd1c6a0000 - 0x00007ffd1c6c4000 	C:\WINDOWS\SYSTEM32\profapi.dll
0x00007ffd117a0000 - 0x00007ffd117ba000 	C:\Program Files\Microsoft\jdk-17.0.13.11-hotspot\bin\net.dll
0x00007ffd19ad0000 - 0x00007ffd19bdd000 	C:\WINDOWS\SYSTEM32\WINHTTP.dll
0x00007ffd1bf00000 - 0x00007ffd1bf6a000 	C:\WINDOWS\system32\mswsock.dll
0x00007ffd06b40000 - 0x00007ffd06b56000 	C:\Program Files\Microsoft\jdk-17.0.13.11-hotspot\bin\nio.dll
0x00007ffd06b20000 - 0x00007ffd06b38000 	C:\Program Files\Microsoft\jdk-17.0.13.11-hotspot\bin\zip.dll
0x00007ffd172b0000 - 0x00007ffd172c0000 	C:\Program Files\Microsoft\jdk-17.0.13.11-hotspot\bin\verify.dll
0x00007ffd154b0000 - 0x00007ffd154ba000 	C:\Program Files\Microsoft\jdk-17.0.13.11-hotspot\bin\management.dll
0x00007ffd149e0000 - 0x00007ffd149eb000 	C:\Program Files\Microsoft\jdk-17.0.13.11-hotspot\bin\management_ext.dll
0x00007ffd1d860000 - 0x00007ffd1d868000 	C:\WINDOWS\System32\PSAPI.DLL
0x00007ffcff4d0000 - 0x00007ffcff4f7000 	C:\Users\aliah\.gradle\native\c067742578af261105cb4f569cf0c3c89f3d7b1fecec35dd04571415982c5e48\windows-amd64\native-platform.dll
0x00007ffd1c0f0000 - 0x00007ffd1c108000 	C:\WINDOWS\SYSTEM32\CRYPTSP.dll
0x00007ffd1b7b0000 - 0x00007ffd1b7e4000 	C:\WINDOWS\system32\rsaenh.dll
0x00007ffd1c660000 - 0x00007ffd1c68e000 	C:\WINDOWS\SYSTEM32\USERENV.dll
0x00007ffd1c110000 - 0x00007ffd1c11c000 	C:\WINDOWS\SYSTEM32\CRYPTBASE.dll
0x00007ffd1bb90000 - 0x00007ffd1bbcb000 	C:\WINDOWS\SYSTEM32\IPHLPAPI.DLL
0x00007ffd1e680000 - 0x00007ffd1e688000 	C:\WINDOWS\System32\NSI.dll
0x00007ffd13500000 - 0x00007ffd13517000 	C:\WINDOWS\SYSTEM32\dhcpcsvc6.DLL
0x00007ffd136b0000 - 0x00007ffd136cd000 	C:\WINDOWS\SYSTEM32\dhcpcsvc.DLL
0x00007ffd1bbd0000 - 0x00007ffd1bc9a000 	C:\WINDOWS\SYSTEM32\DNSAPI.dll
0x00007ffd141c0000 - 0x00007ffd141c9000 	C:\Program Files\Microsoft\jdk-17.0.13.11-hotspot\bin\extnet.dll
0x00007ffd11750000 - 0x00007ffd1175e000 	C:\Program Files\Microsoft\jdk-17.0.13.11-hotspot\bin\sunmscapi.dll
0x00007ffd1cd80000 - 0x00007ffd1cedc000 	C:\WINDOWS\System32\CRYPT32.dll
0x00007ffd1c210000 - 0x00007ffd1c237000 	C:\WINDOWS\SYSTEM32\ncrypt.dll
0x00007ffd1c1d0000 - 0x00007ffd1c20b000 	C:\WINDOWS\SYSTEM32\NTASN1.dll
0x00007ffd11450000 - 0x00007ffd11457000 	C:\WINDOWS\system32\wshunix.dll

dbghelp: loaded successfully - version: 4.0.5 - missing functions: none
symbol engine: initialized successfully - sym options: 0x614 - pdb path: .;C:\Program Files\Microsoft\jdk-17.0.13.11-hotspot\bin;C:\WINDOWS\SYSTEM32;C:\WINDOWS\WinSxS\amd64_microsoft.windows.common-controls_6595b64144ccf1df_6.0.19041.4355_none_60b8b9eb71f62e16;C:\Program Files\Microsoft\jdk-17.0.13.11-hotspot\bin\server;C:\Users\aliah\.gradle\native\c067742578af261105cb4f569cf0c3c89f3d7b1fecec35dd04571415982c5e48\windows-amd64

VM Arguments:
jvm_args: -Xmx64m -Xms64m -Dorg.gradle.appname=gradlew 
java_command: org.gradle.wrapper.GradleWrapperMain app:installDebug -PreactNativeDevServerPort=8081
java_class_path (initial): D:\React Native\MyProject\android\\gradle\wrapper\gradle-wrapper.jar
Launcher Type: SUN_STANDARD

[Global flags]
     intx CICompilerCount                          = 3                                         {product} {ergonomic}
     uint ConcGCThreads                            = 1                                         {product} {ergonomic}
     uint G1ConcRefinementThreads                  = 4                                         {product} {ergonomic}
   size_t G1HeapRegionSize                         = 1048576                                   {product} {ergonomic}
    uintx GCDrainStackTargetSize                   = 64                                        {product} {ergonomic}
   size_t InitialHeapSize                          = 67108864                                  {product} {command line}
   size_t MarkStackSize                            = 4194304                                   {product} {ergonomic}
   size_t MaxHeapSize                              = 67108864                                  {product} {command line}
   size_t MaxNewSize                               = 39845888                                  {product} {ergonomic}
   size_t MinHeapDeltaBytes                        = 1048576                                   {product} {ergonomic}
   size_t MinHeapSize                              = 67108864                                  {product} {command line}
    uintx NonNMethodCodeHeapSize                   = 5832780                                {pd product} {ergonomic}
    uintx NonProfiledCodeHeapSize                  = 122912730                              {pd product} {ergonomic}
    uintx ProfiledCodeHeapSize                     = 122912730                              {pd product} {ergonomic}
    uintx ReservedCodeCacheSize                    = 251658240                              {pd product} {ergonomic}
     bool SegmentedCodeCache                       = true                                      {product} {ergonomic}
   size_t SoftMaxHeapSize                          = 67108864                               {manageable} {ergonomic}
     bool UseCompressedClassPointers               = true                           {product lp64_product} {ergonomic}
     bool UseCompressedOops                        = true                           {product lp64_product} {ergonomic}
     bool UseG1GC                                  = true                                      {product} {ergonomic}
     bool UseLargePagesIndividualAllocation        = false                                  {pd product} {ergonomic}

Logging:
Log output configuration:
 #0: stdout all=warning uptime,level,tags
 #1: stderr all=off uptime,level,tags

Environment Variables:
JAVA_HOME=C:\Program Files\Microsoft\jdk-17.0.13.11-hotspot\
CLASSPATH=D:\React Native\MyProject\android\\gradle\wrapper\gradle-wrapper.jar
PATH=D:\React Native\MyProject\node_modules\.bin;D:\React Native\MyProject\node_modules\.bin;D:\React Native\node_modules\.bin;D:\node_modules\.bin;C:\Users\aliah\AppData\Roaming\npm\node_modules\npm\node_modules\@npmcli\run-script\lib\node-gyp-bin;D:\React Native\MyProject\node_modules\.bin;D:\React Native\node_modules\.bin;D:\node_modules\.bin;C:\Users\aliah\AppData\Roaming\npm\node_modules\npm\node_modules\@npmcli\run-script\lib\node-gyp-bin;C:\Program Files\Microsoft\jdk-17.0.13.11-hotspot\bin;C:\WINDOWS\system32;C:\WINDOWS;C:\WINDOWS\System32\Wbem;C:\WINDOWS\System32\WindowsPowerShell\v1.0\;C:\WINDOWS\System32\OpenSSH\;C:\Program Files\nodejs\;C:\Program Files\Git\cmd;C:\Users\aliah\AppData\Local\Android\Sdk\emulator;C:\Users\aliah\AppData\Local\Android\Sdk;C:\Users\aliah\AppData\Local\Android\Sdk\platform-tools;C:\ProgramData\chocolatey\bin;D:\React Native\MyProject\android\gradle-8.11.1\bin;C:\Users\aliah\AppData\Local\Microsoft\WindowsApps;C:\Users\aliah\AppData\Local\Programs\Microsoft VS Code\bin;C:\Users\aliah\AppData\Roaming\npm;C:\Program Files\Microsoft\jdk-17.0.13.11-hotspot\bin;D:\React Native\MyProject\android\gradle-8.11.1\bin;
USERNAME=aliah
OS=Windows_NT
PROCESSOR_IDENTIFIER=Intel64 Family 6 Model 142 Stepping 9, GenuineIntel
TMP=C:\Users\aliah\AppData\Local\Temp
TEMP=C:\Users\aliah\AppData\Local\Temp



Periodic native trim disabled


---------------  S Y S T E M  ---------------

OS:
 Windows 10 , 64 bit Build 19041 (10.0.19041.5198)
OS uptime: 4 days 10:26 hours

CPU: total 4 (initial active 4) (2 cores per cpu, 2 threads per core) family 6 model 142 stepping 9 microcode 0xf0, cx8, cmov, fxsr, ht, mmx, 3dnowpref, sse, sse2, sse3, ssse3, sse4.1, sse4.2, popcnt, lzcnt, tsc, tscinvbit, avx, avx2, aes, erms, clmul, bmi1, bmi2, adx, fma, vzeroupper, clflush, clflushopt
Processor Information for the first 4 processors :
  Max Mhz: 2904, Current Mhz: 2703, Mhz Limit: 2700

Memory: 4k page, system-wide physical 8042M (437M free)
TotalPageFile size 12138M (AvailPageFile size 0M)
current process WorkingSet (physical memory assigned to process): 96M, peak: 99M
current process commit charge ("private bytes"): 157M, peak: 162M

vm_info: OpenJDK 64-Bit Server VM (17.0.13+11-LTS) for windows-amd64 JRE (17.0.13+11-LTS), built on Oct 11 2024 23:25:05 by "MicrosoftCorporation" with unknown MS VC++:1939

END.
