#
# There is insufficient memory for the Java Runtime Environment to continue.
# Native memory allocation (malloc) failed to allocate 312896 bytes. Error detail: Chunk::new
# Possible reasons:
#   The system is out of physical RAM or swap space
#   This process is running with CompressedOops enabled, and the Java Heap may be blocking the growth of the native heap
# Possible solutions:
#   Reduce memory load on the system
#   Increase physical memory or swap space
#   Check if swap backing store is full
#   Decrease Java heap size (-Xmx/-Xms)
#   Decrease number of Java threads
#   Decrease Java thread stack sizes (-Xss)
#   Set larger code cache with -XX:ReservedCodeCacheSize=
#   JVM is running with Unscaled Compressed Oops mode in which the Java heap is
#     placed in the first 4GB address space. The Java Heap base address is the
#     maximum limit for the native heap growth. Please use -XX:HeapBaseMinAddress
#     to set the Java Heap base and to place the Java Heap above 4GB virtual address.
# This output file may be truncated or incomplete.
#
#  Out of Memory Error (arena.cpp:191), pid=14848, tid=11612
#
# JRE version: OpenJDK Runtime Environment Microsoft-10376486 (17.0.13+11) (build 17.0.13+11-LTS)
# Java VM: OpenJDK 64-Bit Server VM Microsoft-10376486 (17.0.13+11-LTS, mixed mode, sharing, tiered, compressed oops, compressed class ptrs, g1 gc, windows-amd64)
# No core dump will be written. Minidumps are not enabled by default on client versions of Windows
#

---------------  S U M M A R Y ------------

Command Line: -Xmx64m -Xms64m -Dorg.gradle.appname=gradlew org.gradle.wrapper.GradleWrapperMain app:installDebug -PreactNativeDevServerPort=8081

Host: Intel(R) Core(TM) i7-7500U CPU @ 2.70GHz, 4 cores, 7G,  Windows 10 , 64 bit Build 19041 (10.0.19041.5198)
Time: Sat Feb  1 15:48:26 2025 Pakistan Standard Time elapsed time: 1.085739 seconds (0d 0h 0m 1s)

---------------  T H R E A D  ---------------

Current thread (0x00000291b8a22560):  JavaThread "C2 CompilerThread1" daemon [_thread_in_native, id=11612, stack(0x000000beb0500000,0x000000beb0600000)]


Current CompileTask:
C2:   1086  947       4       jdk.internal.util.jar.JarIndex::get (49 bytes)

Stack: [0x000000beb0500000,0x000000beb0600000]
Native frames: (J=compiled Java code, j=interpreted, Vv=VM code, C=native code)
V  [jvm.dll+0x687fc9]
V  [jvm.dll+0x83eeb8]
V  [jvm.dll+0x840963]
V  [jvm.dll+0x840fd3]
V  [jvm.dll+0x24951f]
V  [jvm.dll+0xad0c4]
V  [jvm.dll+0xad75c]
V  [jvm.dll+0x2b0c2f]
V  [jvm.dll+0x58e059]
V  [jvm.dll+0x2237a2]
V  [jvm.dll+0x21c544]
V  [jvm.dll+0x219a7b]
V  [jvm.dll+0x1a5506]
V  [jvm.dll+0x22a1ca]
V  [jvm.dll+0x22830b]
V  [jvm.dll+0x7f4708]
V  [jvm.dll+0x7eea6c]
V  [jvm.dll+0x686ea7]
C  [ucrtbase.dll+0x21bb2]
C  [KERNEL32.DLL+0x17374]
C  [ntdll.dll+0x4cc91]


---------------  P R O C E S S  ---------------

Threads class SMR info:
_java_thread_list=0x00000291b8a49f00, length=13, elements={
0x000002919d38c180, 0x000002919f628120, 0x000002919f629a50, 0x000002919f63eac0,
0x000002919f6405a0, 0x000002919f644630, 0x000002919f6476b0, 0x00000291b8736310,
0x00000291b8757030, 0x00000291b875dd60, 0x00000291b888c3e0, 0x00000291b8889650,
0x00000291b8a22560
}

Java Threads: ( => current thread )
  0x000002919d38c180 JavaThread "main" [_thread_in_Java, id=12112, stack(0x000000beaf200000,0x000000beaf300000)]
  0x000002919f628120 JavaThread "Reference Handler" daemon [_thread_blocked, id=10660, stack(0x000000beaf900000,0x000000beafa00000)]
  0x000002919f629a50 JavaThread "Finalizer" daemon [_thread_blocked, id=4688, stack(0x000000beafa00000,0x000000beafb00000)]
  0x000002919f63eac0 JavaThread "Signal Dispatcher" daemon [_thread_blocked, id=6400, stack(0x000000beafb00000,0x000000beafc00000)]
  0x000002919f6405a0 JavaThread "Attach Listener" daemon [_thread_blocked, id=7988, stack(0x000000beafc00000,0x000000beafd00000)]
  0x000002919f644630 JavaThread "Service Thread" daemon [_thread_blocked, id=15316, stack(0x000000beafd00000,0x000000beafe00000)]
  0x000002919f6476b0 JavaThread "Monitor Deflation Thread" daemon [_thread_blocked, id=8828, stack(0x000000beafe00000,0x000000beaff00000)]
  0x00000291b8736310 JavaThread "C2 CompilerThread0" daemon [_thread_in_native, id=13492, stack(0x000000beaff00000,0x000000beb0000000)]
  0x00000291b8757030 JavaThread "C1 CompilerThread0" daemon [_thread_blocked, id=17588, stack(0x000000beb0000000,0x000000beb0100000)]
  0x00000291b875dd60 JavaThread "Sweeper thread" daemon [_thread_blocked, id=14180, stack(0x000000beb0100000,0x000000beb0200000)]
  0x00000291b888c3e0 JavaThread "Notification Thread" daemon [_thread_blocked, id=17916, stack(0x000000beb0200000,0x000000beb0300000)]
  0x00000291b8889650 JavaThread "Common-Cleaner" daemon [_thread_blocked, id=14532, stack(0x000000beb0400000,0x000000beb0500000)]
=>0x00000291b8a22560 JavaThread "C2 CompilerThread1" daemon [_thread_in_native, id=11612, stack(0x000000beb0500000,0x000000beb0600000)]

Other Threads:
  0x000002919f622b10 VMThread "VM Thread" [stack: 0x000000beaf800000,0x000000beaf900000] [id=11280]
  0x00000291b888f110 WatcherThread [stack: 0x000000beb0300000,0x000000beb0400000] [id=14252]
  0x000002919f5b7ad0 GCTaskThread "GC Thread#0" [stack: 0x000000beaf300000,0x000000beaf400000] [id=6396]
  0x00000291b88a16a0 GCTaskThread "GC Thread#1" [stack: 0x000000beb0600000,0x000000beb0700000] [id=5352]
  0x00000291b88a1ee0 GCTaskThread "GC Thread#2" [stack: 0x000000beb0700000,0x000000beb0800000] [id=10560]
  0x00000291b88a2f60 GCTaskThread "GC Thread#3" [stack: 0x000000beb0800000,0x000000beb0900000] [id=6692]
  0x000002919f5b9130 ConcurrentGCThread "G1 Main Marker" [stack: 0x000000beaf400000,0x000000beaf500000] [id=6416]
  0x000002919f5ba200 ConcurrentGCThread "G1 Conc#0" [stack: 0x000000beaf500000,0x000000beaf600000] [id=16056]
  0x000002919f607e30 ConcurrentGCThread "G1 Refine#0" [stack: 0x000000beaf600000,0x000000beaf700000] [id=9188]
  0x00000291fec497f0 ConcurrentGCThread "G1 Refine#1" [stack: 0x000000beb0900000,0x000000beb0a00000] [id=3236]
  0x000002919f608770 ConcurrentGCThread "G1 Service" [stack: 0x000000beaf700000,0x000000beaf800000] [id=5820]

Threads with active compile tasks:
C2 CompilerThread0     1131  945   !   4       jdk.internal.loader.URLClassPath$JarLoader::getResource (354 bytes)
C2 CompilerThread1     1131  947       4       jdk.internal.util.jar.JarIndex::get (49 bytes)

VM state: not at safepoint (normal execution)

VM Mutex/Monitor currently owned by a thread: None

Heap address: 0x00000000fc000000, size: 64 MB, Compressed Oops mode: 32-bit

CDS archive(s) mapped at: [0x00000291b9000000-0x00000291b9bb0000-0x00000291b9bb0000), size 12255232, SharedBaseAddress: 0x00000291b9000000, ArchiveRelocationMode: 1.
Compressed class space mapped at: 0x00000291ba000000-0x00000291fa000000, reserved size: 1073741824
Narrow klass base: 0x00000291b9000000, Narrow klass shift: 0, Narrow klass range: 0x100000000

GC Precious Log:
 CPUs: 4 total, 4 available
 Memory: 8042M
 Large Page Support: Disabled
 NUMA Support: Disabled
 Compressed Oops: Enabled (32-bit)
 Heap Region Size: 1M
 Heap Min Capacity: 64M
 Heap Initial Capacity: 64M
 Heap Max Capacity: 64M
 Pre-touch: Disabled
 Parallel Workers: 4
 Concurrent Workers: 1
 Concurrent Refinement Workers: 4
 Periodic GC: Disabled

Heap:
 garbage-first heap   total 65536K, used 16170K [0x00000000fc000000, 0x0000000100000000)
  region size 1024K, 10 young (10240K), 3 survivors (3072K)
 Metaspace       used 4773K, committed 4928K, reserved 1114112K
  class space    used 597K, committed 704K, reserved 1048576K

Heap Regions: E=young(eden), S=young(survivor), O=old, HS=humongous(starts), HC=humongous(continues), CS=collection set, F=free, OA=open archive, CA=closed archive, TAMS=top-at-mark-start (previous, next)
|   0|0x00000000fc000000, 0x00000000fc100000, 0x00000000fc100000|100%|HS|  |TAMS 0x00000000fc000000, 0x00000000fc000000| Complete 
|   1|0x00000000fc100000, 0x00000000fc200000, 0x00000000fc200000|100%|HC|  |TAMS 0x00000000fc100000, 0x00000000fc100000| Complete 
|   2|0x00000000fc200000, 0x00000000fc300000, 0x00000000fc300000|100%|HC|  |TAMS 0x00000000fc200000, 0x00000000fc200000| Complete 
|   3|0x00000000fc300000, 0x00000000fc400000, 0x00000000fc400000|100%| O|  |TAMS 0x00000000fc300000, 0x00000000fc300000| Untracked 
|   4|0x00000000fc400000, 0x00000000fc500000, 0x00000000fc500000|100%| O|  |TAMS 0x00000000fc400000, 0x00000000fc400000| Untracked 
|   5|0x00000000fc500000, 0x00000000fc600000, 0x00000000fc600000|100%| O|  |TAMS 0x00000000fc500000, 0x00000000fc500000| Untracked 
|   6|0x00000000fc600000, 0x00000000fc6caa00, 0x00000000fc700000| 79%| O|  |TAMS 0x00000000fc600000, 0x00000000fc600000| Untracked 
|   7|0x00000000fc700000, 0x00000000fc700000, 0x00000000fc800000|  0%| F|  |TAMS 0x00000000fc700000, 0x00000000fc700000| Untracked 
|   8|0x00000000fc800000, 0x00000000fc800000, 0x00000000fc900000|  0%| F|  |TAMS 0x00000000fc800000, 0x00000000fc800000| Untracked 
|   9|0x00000000fc900000, 0x00000000fc900000, 0x00000000fca00000|  0%| F|  |TAMS 0x00000000fc900000, 0x00000000fc900000| Untracked 
|  10|0x00000000fca00000, 0x00000000fca00000, 0x00000000fcb00000|  0%| F|  |TAMS 0x00000000fca00000, 0x00000000fca00000| Untracked 
|  11|0x00000000fcb00000, 0x00000000fcb00000, 0x00000000fcc00000|  0%| F|  |TAMS 0x00000000fcb00000, 0x00000000fcb00000| Untracked 
|  12|0x00000000fcc00000, 0x00000000fcc00000, 0x00000000fcd00000|  0%| F|  |TAMS 0x00000000fcc00000, 0x00000000fcc00000| Untracked 
|  13|0x00000000fcd00000, 0x00000000fcd00000, 0x00000000fce00000|  0%| F|  |TAMS 0x00000000fcd00000, 0x00000000fcd00000| Untracked 
|  14|0x00000000fce00000, 0x00000000fce00000, 0x00000000fcf00000|  0%| F|  |TAMS 0x00000000fce00000, 0x00000000fce00000| Untracked 
|  15|0x00000000fcf00000, 0x00000000fcf00000, 0x00000000fd000000|  0%| F|  |TAMS 0x00000000fcf00000, 0x00000000fcf00000| Untracked 
|  16|0x00000000fd000000, 0x00000000fd000000, 0x00000000fd100000|  0%| F|  |TAMS 0x00000000fd000000, 0x00000000fd000000| Untracked 
|  17|0x00000000fd100000, 0x00000000fd100000, 0x00000000fd200000|  0%| F|  |TAMS 0x00000000fd100000, 0x00000000fd100000| Untracked 
|  18|0x00000000fd200000, 0x00000000fd200000, 0x00000000fd300000|  0%| F|  |TAMS 0x00000000fd200000, 0x00000000fd200000| Untracked 
|  19|0x00000000fd300000, 0x00000000fd300000, 0x00000000fd400000|  0%| F|  |TAMS 0x00000000fd300000, 0x00000000fd300000| Untracked 
|  20|0x00000000fd400000, 0x00000000fd400000, 0x00000000fd500000|  0%| F|  |TAMS 0x00000000fd400000, 0x00000000fd400000| Untracked 
|  21|0x00000000fd500000, 0x00000000fd500000, 0x00000000fd600000|  0%| F|  |TAMS 0x00000000fd500000, 0x00000000fd500000| Untracked 
|  22|0x00000000fd600000, 0x00000000fd600000, 0x00000000fd700000|  0%| F|  |TAMS 0x00000000fd600000, 0x00000000fd600000| Untracked 
|  23|0x00000000fd700000, 0x00000000fd700000, 0x00000000fd800000|  0%| F|  |TAMS 0x00000000fd700000, 0x00000000fd700000| Untracked 
|  24|0x00000000fd800000, 0x00000000fd800000, 0x00000000fd900000|  0%| F|  |TAMS 0x00000000fd800000, 0x00000000fd800000| Untracked 
|  25|0x00000000fd900000, 0x00000000fd900000, 0x00000000fda00000|  0%| F|  |TAMS 0x00000000fd900000, 0x00000000fd900000| Untracked 
|  26|0x00000000fda00000, 0x00000000fda00000, 0x00000000fdb00000|  0%| F|  |TAMS 0x00000000fda00000, 0x00000000fda00000| Untracked 
|  27|0x00000000fdb00000, 0x00000000fdb00000, 0x00000000fdc00000|  0%| F|  |TAMS 0x00000000fdb00000, 0x00000000fdb00000| Untracked 
|  28|0x00000000fdc00000, 0x00000000fdc00000, 0x00000000fdd00000|  0%| F|  |TAMS 0x00000000fdc00000, 0x00000000fdc00000| Untracked 
|  29|0x00000000fdd00000, 0x00000000fdd00000, 0x00000000fde00000|  0%| F|  |TAMS 0x00000000fdd00000, 0x00000000fdd00000| Untracked 
|  30|0x00000000fde00000, 0x00000000fde00000, 0x00000000fdf00000|  0%| F|  |TAMS 0x00000000fde00000, 0x00000000fde00000| Untracked 
|  31|0x00000000fdf00000, 0x00000000fdf00000, 0x00000000fe000000|  0%| F|  |TAMS 0x00000000fdf00000, 0x00000000fdf00000| Untracked 
|  32|0x00000000fe000000, 0x00000000fe000000, 0x00000000fe100000|  0%| F|  |TAMS 0x00000000fe000000, 0x00000000fe000000| Untracked 
|  33|0x00000000fe100000, 0x00000000fe100000, 0x00000000fe200000|  0%| F|  |TAMS 0x00000000fe100000, 0x00000000fe100000| Untracked 
|  34|0x00000000fe200000, 0x00000000fe200000, 0x00000000fe300000|  0%| F|  |TAMS 0x00000000fe200000, 0x00000000fe200000| Untracked 
|  35|0x00000000fe300000, 0x00000000fe300000, 0x00000000fe400000|  0%| F|  |TAMS 0x00000000fe300000, 0x00000000fe300000| Untracked 
|  36|0x00000000fe400000, 0x00000000fe400000, 0x00000000fe500000|  0%| F|  |TAMS 0x00000000fe400000, 0x00000000fe400000| Untracked 
|  37|0x00000000fe500000, 0x00000000fe500000, 0x00000000fe600000|  0%| F|  |TAMS 0x00000000fe500000, 0x00000000fe500000| Untracked 
|  38|0x00000000fe600000, 0x00000000fe600000, 0x00000000fe700000|  0%| F|  |TAMS 0x00000000fe600000, 0x00000000fe600000| Untracked 
|  39|0x00000000fe700000, 0x00000000fe700000, 0x00000000fe800000|  0%| F|  |TAMS 0x00000000fe700000, 0x00000000fe700000| Untracked 
|  40|0x00000000fe800000, 0x00000000fe800000, 0x00000000fe900000|  0%| F|  |TAMS 0x00000000fe800000, 0x00000000fe800000| Untracked 
|  41|0x00000000fe900000, 0x00000000fea00000, 0x00000000fea00000|100%| S|CS|TAMS 0x00000000fe900000, 0x00000000fe900000| Complete 
|  42|0x00000000fea00000, 0x00000000feb00000, 0x00000000feb00000|100%| S|CS|TAMS 0x00000000fea00000, 0x00000000fea00000| Complete 
|  43|0x00000000feb00000, 0x00000000fec00000, 0x00000000fec00000|100%| S|CS|TAMS 0x00000000feb00000, 0x00000000feb00000| Complete 
|  44|0x00000000fec00000, 0x00000000fec00000, 0x00000000fed00000|  0%| F|  |TAMS 0x00000000fec00000, 0x00000000fec00000| Untracked 
|  45|0x00000000fed00000, 0x00000000fed00000, 0x00000000fee00000|  0%| F|  |TAMS 0x00000000fed00000, 0x00000000fed00000| Untracked 
|  46|0x00000000fee00000, 0x00000000fee00000, 0x00000000fef00000|  0%| F|  |TAMS 0x00000000fee00000, 0x00000000fee00000| Untracked 
|  47|0x00000000fef00000, 0x00000000fef00000, 0x00000000ff000000|  0%| F|  |TAMS 0x00000000fef00000, 0x00000000fef00000| Untracked 
|  48|0x00000000ff000000, 0x00000000ff000000, 0x00000000ff100000|  0%| F|  |TAMS 0x00000000ff000000, 0x00000000ff000000| Untracked 
|  49|0x00000000ff100000, 0x00000000ff100000, 0x00000000ff200000|  0%| F|  |TAMS 0x00000000ff100000, 0x00000000ff100000| Untracked 
|  50|0x00000000ff200000, 0x00000000ff200000, 0x00000000ff300000|  0%| F|  |TAMS 0x00000000ff200000, 0x00000000ff200000| Untracked 
|  51|0x00000000ff300000, 0x00000000ff300000, 0x00000000ff400000|  0%| F|  |TAMS 0x00000000ff300000, 0x00000000ff300000| Untracked 
|  52|0x00000000ff400000, 0x00000000ff400000, 0x00000000ff500000|  0%| F|  |TAMS 0x00000000ff400000, 0x00000000ff400000| Untracked 
|  53|0x00000000ff500000, 0x00000000ff500000, 0x00000000ff600000|  0%| F|  |TAMS 0x00000000ff500000, 0x00000000ff500000| Untracked 
|  54|0x00000000ff600000, 0x00000000ff600000, 0x00000000ff700000|  0%| F|  |TAMS 0x00000000ff600000, 0x00000000ff600000| Untracked 
|  55|0x00000000ff700000, 0x00000000ff700000, 0x00000000ff800000|  0%| F|  |TAMS 0x00000000ff700000, 0x00000000ff700000| Untracked 
|  56|0x00000000ff800000, 0x00000000ff800000, 0x00000000ff900000|  0%| F|  |TAMS 0x00000000ff800000, 0x00000000ff800000| Untracked 
|  57|0x00000000ff900000, 0x00000000ffa00000, 0x00000000ffa00000|100%| E|  |TAMS 0x00000000ff900000, 0x00000000ff900000| Complete 
|  58|0x00000000ffa00000, 0x00000000ffb00000, 0x00000000ffb00000|100%| E|CS|TAMS 0x00000000ffa00000, 0x00000000ffa00000| Complete 
|  59|0x00000000ffb00000, 0x00000000ffc00000, 0x00000000ffc00000|100%| E|CS|TAMS 0x00000000ffb00000, 0x00000000ffb00000| Complete 
|  60|0x00000000ffc00000, 0x00000000ffd00000, 0x00000000ffd00000|100%| E|CS|TAMS 0x00000000ffc00000, 0x00000000ffc00000| Complete 
|  61|0x00000000ffd00000, 0x00000000ffe00000, 0x00000000ffe00000|100%| E|CS|TAMS 0x00000000ffd00000, 0x00000000ffd00000| Complete 
|  62|0x00000000ffe00000, 0x00000000fff00000, 0x00000000fff00000|100%| E|CS|TAMS 0x00000000ffe00000, 0x00000000ffe00000| Complete 
|  63|0x00000000fff00000, 0x0000000100000000, 0x0000000100000000|100%| E|CS|TAMS 0x00000000fff00000, 0x00000000fff00000| Complete 

Card table byte_map: [0x000002919d580000,0x000002919d5a0000] _byte_map_base: 0x000002919cda0000

Marking Bits (Prev, Next): (CMBitMap*) 0x000002919f5b8000, (CMBitMap*) 0x000002919f5b8040
 Prev Bits: [0x000002919f390000, 0x000002919f490000)
 Next Bits: [0x00000291b60d0000, 0x00000291b61d0000)

Polling page: 0x000002919d260000

Metaspace:

Usage:
  Non-class:      4.09 MB used.
      Class:    601.45 KB used.
       Both:      4.68 MB used.

Virtual space:
  Non-class space:       64.00 MB reserved,       4.12 MB (  6%) committed,  1 nodes.
      Class space:        1.00 GB reserved,     704.00 KB ( <1%) committed,  1 nodes.
             Both:        1.06 GB reserved,       4.81 MB ( <1%) committed. 

Chunk freelists:
   Non-Class:  10.08 MB
       Class:  15.36 MB
        Both:  25.44 MB

MaxMetaspaceSize: unlimited
CompressedClassSpaceSize: 1.00 GB
Initial GC threshold: 21.00 MB
Current GC threshold: 21.00 MB
CDS: on
MetaspaceReclaimPolicy: balanced
 - commit_granule_bytes: 65536.
 - commit_granule_words: 8192.
 - virtual_space_node_default_size: 8388608.
 - enlarge_chunks_in_place: 1.
 - new_chunks_are_fully_committed: 0.
 - uncommit_free_chunks: 1.
 - use_allocation_guard: 0.
 - handle_deallocations: 1.


Internal statistics:

num_allocs_failed_limit: 0.
num_arena_births: 22.
num_arena_deaths: 0.
num_vsnodes_births: 2.
num_vsnodes_deaths: 0.
num_space_committed: 77.
num_space_uncommitted: 0.
num_chunks_returned_to_freelist: 0.
num_chunks_taken_from_freelist: 138.
num_chunk_merges: 0.
num_chunk_splits: 91.
num_chunks_enlarged: 80.
num_inconsistent_stats: 0.

CodeHeap 'non-profiled nmethods': size=120000Kb used=468Kb max_used=468Kb free=119531Kb
 bounds [0x00000291aeba0000, 0x00000291aee10000, 0x00000291b60d0000]
CodeHeap 'profiled nmethods': size=120000Kb used=1863Kb max_used=1863Kb free=118136Kb
 bounds [0x00000291a70d0000, 0x00000291a7340000, 0x00000291ae600000]
CodeHeap 'non-nmethods': size=5760Kb used=1135Kb max_used=1182Kb free=4624Kb
 bounds [0x00000291ae600000, 0x00000291ae870000, 0x00000291aeba0000]
 total_blobs=1395 nmethods=975 adapters=333
 compilation: enabled
              stopped_count=0, restarted_count=0
 full_count=0

Compilation events (20 events):
Event: 1.068 Thread 0x00000291b8757030 nmethod 943 0x00000291a728f390 code [0x00000291a728f540, 0x00000291a728f708]
Event: 1.068 Thread 0x00000291b8757030  944       3       java.lang.ClassLoader::preDefineClass (118 bytes)
Event: 1.069 Thread 0x00000291b8757030 nmethod 944 0x00000291a728f810 code [0x00000291a728fb80, 0x00000291a7290e18]
Event: 1.070 Thread 0x00000291b8a22560  947       4       jdk.internal.util.jar.JarIndex::get (49 bytes)
Event: 1.071 Thread 0x00000291b8757030  948       3       java.util.WeakHashMap::getTable (9 bytes)
Event: 1.072 Thread 0x00000291b8757030 nmethod 948 0x00000291a7291510 code [0x00000291a72916a0, 0x00000291a72917e8]
Event: 1.075 Thread 0x00000291b8757030  950   !   3       java.lang.invoke.MemberName::clone (14 bytes)
Event: 1.075 Thread 0x00000291b8757030 nmethod 950 0x00000291a7291890 code [0x00000291a7291a60, 0x00000291a7291dd8]
Event: 1.075 Thread 0x00000291b8757030  952       3       jdk.internal.org.objectweb.asm.Label::resolve (219 bytes)
Event: 1.075 Thread 0x00000291b8757030 nmethod 952 0x00000291a7291f90 code [0x00000291a7292160, 0x00000291a7292658]
Event: 1.075 Thread 0x00000291b8757030  951       3       jdk.internal.org.objectweb.asm.Label::<init> (5 bytes)
Event: 1.076 Thread 0x00000291b8757030 nmethod 951 0x00000291a7292910 code [0x00000291a7292aa0, 0x00000291a7292bf8]
Event: 1.081 Thread 0x00000291b8757030  954       3       java.util.ImmutableCollections$Set12::iterator (9 bytes)
Event: 1.081 Thread 0x00000291b8757030 nmethod 954 0x00000291a7292c90 code [0x00000291a7292e40, 0x00000291a7293138]
Event: 1.081 Thread 0x00000291b8757030  955       3       java.lang.invoke.LambdaForm::forceInterpretation (14 bytes)
Event: 1.081 Thread 0x00000291b8757030 nmethod 955 0x00000291a7293210 code [0x00000291a72933a0, 0x00000291a72934f8]
Event: 1.081 Thread 0x00000291b8757030  956       3       java.lang.invoke.Invokers$Holder::linkToTargetMethod (8 bytes)
Event: 1.081 Thread 0x00000291b8757030 nmethod 956 0x00000291a7293590 code [0x00000291a7293740, 0x00000291a72939d8]
Event: 1.082 Thread 0x00000291b8757030  957       3       java.lang.invoke.LambdaForm$MH/0x00000291ba004000::invoke (8 bytes)
Event: 1.082 Thread 0x00000291b8757030 nmethod 957 0x00000291a7293a90 code [0x00000291a7293c20, 0x00000291a7293e58]

GC Heap History (4 events):
Event: 0.469 GC heap before
{Heap before GC invocations=0 (full 0):
 garbage-first heap   total 65536K, used 13312K [0x00000000fc000000, 0x0000000100000000)
  region size 1024K, 13 young (13312K), 0 survivors (0K)
 Metaspace       used 1648K, committed 1792K, reserved 1114112K
  class space    used 156K, committed 192K, reserved 1048576K
}
Event: 0.473 GC heap after
{Heap after GC invocations=1 (full 0):
 garbage-first heap   total 65536K, used 1488K [0x00000000fc000000, 0x0000000100000000)
  region size 1024K, 2 young (2048K), 2 survivors (2048K)
 Metaspace       used 1648K, committed 1792K, reserved 1114112K
  class space    used 156K, committed 192K, reserved 1048576K
}
Event: 0.888 GC heap before
{Heap before GC invocations=1 (full 0):
 garbage-first heap   total 65536K, used 21968K [0x00000000fc000000, 0x0000000100000000)
  region size 1024K, 20 young (20480K), 2 survivors (2048K)
 Metaspace       used 2838K, committed 3008K, reserved 1114112K
  class space    used 307K, committed 384K, reserved 1048576K
}
Event: 0.896 GC heap after
{Heap after GC invocations=2 (full 0):
 garbage-first heap   total 65536K, used 10026K [0x00000000fc000000, 0x0000000100000000)
  region size 1024K, 3 young (3072K), 3 survivors (3072K)
 Metaspace       used 2838K, committed 3008K, reserved 1114112K
  class space    used 307K, committed 384K, reserved 1048576K
}

Dll operation events (9 events):
Event: 0.021 Loaded shared library C:\Program Files\Microsoft\jdk-17.0.13.11-hotspot\bin\java.dll
Event: 0.070 Loaded shared library C:\Program Files\Microsoft\jdk-17.0.13.11-hotspot\bin\jsvml.dll
Event: 0.179 Loaded shared library C:\Program Files\Microsoft\jdk-17.0.13.11-hotspot\bin\net.dll
Event: 0.181 Loaded shared library C:\Program Files\Microsoft\jdk-17.0.13.11-hotspot\bin\nio.dll
Event: 0.185 Loaded shared library C:\Program Files\Microsoft\jdk-17.0.13.11-hotspot\bin\zip.dll
Event: 0.189 Loaded shared library C:\Program Files\Microsoft\jdk-17.0.13.11-hotspot\bin\verify.dll
Event: 0.559 Loaded shared library C:\Program Files\Microsoft\jdk-17.0.13.11-hotspot\bin\jimage.dll
Event: 1.034 Loaded shared library C:\Program Files\Microsoft\jdk-17.0.13.11-hotspot\bin\management.dll
Event: 1.037 Loaded shared library C:\Program Files\Microsoft\jdk-17.0.13.11-hotspot\bin\management_ext.dll

Deoptimization events (20 events):
Event: 0.995 Thread 0x000002919d38c180 Uncommon trap: reason=class_check action=maybe_recompile pc=0x00000291aebcfc70 method=java.util.regex.Matcher.match(II)Z @ 121 c2
Event: 0.995 Thread 0x000002919d38c180 DEOPT PACKING pc=0x00000291aebcfc70 sp=0x000000beaf2fde30
Event: 0.995 Thread 0x000002919d38c180 DEOPT UNPACKING pc=0x00000291ae6569a3 sp=0x000000beaf2fdd80 mode 2
Event: 0.995 Thread 0x000002919d38c180 Uncommon trap: trap_request=0xffffffde fr.pc=0x00000291aebcfc70 relative=0x0000000000000390
Event: 0.995 Thread 0x000002919d38c180 Uncommon trap: reason=class_check action=maybe_recompile pc=0x00000291aebcfc70 method=java.util.regex.Matcher.match(II)Z @ 121 c2
Event: 0.995 Thread 0x000002919d38c180 DEOPT PACKING pc=0x00000291aebcfc70 sp=0x000000beaf2fdcb0
Event: 0.995 Thread 0x000002919d38c180 DEOPT UNPACKING pc=0x00000291ae6569a3 sp=0x000000beaf2fdc00 mode 2
Event: 0.995 Thread 0x000002919d38c180 Uncommon trap: trap_request=0xffffffde fr.pc=0x00000291aebcfc70 relative=0x0000000000000390
Event: 0.995 Thread 0x000002919d38c180 Uncommon trap: reason=class_check action=maybe_recompile pc=0x00000291aebcfc70 method=java.util.regex.Matcher.match(II)Z @ 121 c2
Event: 0.995 Thread 0x000002919d38c180 DEOPT PACKING pc=0x00000291aebcfc70 sp=0x000000beaf2fdcb0
Event: 0.995 Thread 0x000002919d38c180 DEOPT UNPACKING pc=0x00000291ae6569a3 sp=0x000000beaf2fdc00 mode 2
Event: 0.995 Thread 0x000002919d38c180 Uncommon trap: trap_request=0xffffffde fr.pc=0x00000291aebc0bac relative=0x00000000000003cc
Event: 0.995 Thread 0x000002919d38c180 Uncommon trap: reason=class_check action=maybe_recompile pc=0x00000291aebc0bac method=java.util.regex.Matcher.match(II)Z @ 121 c2
Event: 0.995 Thread 0x000002919d38c180 DEOPT PACKING pc=0x00000291aebc0bac sp=0x000000beaf2fdc40
Event: 0.995 Thread 0x000002919d38c180 DEOPT UNPACKING pc=0x00000291ae6569a3 sp=0x000000beaf2fdc00 mode 2
Event: 1.004 Thread 0x000002919d38c180 DEOPT PACKING pc=0x00000291a71dffe4 sp=0x000000beaf2fbe80
Event: 1.004 Thread 0x000002919d38c180 DEOPT UNPACKING pc=0x00000291ae657143 sp=0x000000beaf2fb340 mode 0
Event: 1.083 Thread 0x000002919d38c180 Uncommon trap: trap_request=0xffffff45 fr.pc=0x00000291aec12560 relative=0x00000000000002c0
Event: 1.083 Thread 0x000002919d38c180 Uncommon trap: reason=unstable_if action=reinterpret pc=0x00000291aec12560 method=java.lang.String.startsWith(Ljava/lang/String;I)Z @ 14 c2
Event: 1.083 Thread 0x000002919d38c180 DEOPT PACKING pc=0x00000291aec12560 sp=0x000000beaf2fd960

Classes loaded (20 events):
Event: 1.043 Loading class java/lang/management/DefaultPlatformMBeanProvider$10
Event: 1.043 Loading class java/lang/management/DefaultPlatformMBeanProvider$10 done
Event: 1.043 Loading class java/lang/management/DefaultPlatformMBeanProvider$11
Event: 1.043 Loading class java/lang/management/DefaultPlatformMBeanProvider$11 done
Event: 1.043 Loading class jdk/management/jfr/FlightRecorderMXBean
Event: 1.043 Loading class jdk/management/jfr/FlightRecorderMXBean done
Event: 1.043 Loading class jdk/management/jfr/internal/FlightRecorderMXBeanProvider$SingleMBeanComponent
Event: 1.043 Loading class jdk/management/jfr/internal/FlightRecorderMXBeanProvider$SingleMBeanComponent done
Event: 1.045 Loading class java/util/stream/ReduceOps$2
Event: 1.045 Loading class java/util/stream/ReduceOps$2 done
Event: 1.045 Loading class java/util/stream/ReduceOps$2ReducingSink
Event: 1.045 Loading class java/util/stream/ReduceOps$2ReducingSink done
Event: 1.046 Loading class sun/management/RuntimeImpl
Event: 1.046 Loading class sun/management/RuntimeImpl done
Event: 1.046 Loading class java/util/Collections$2
Event: 1.046 Loading class java/util/Collections$2 done
Event: 1.048 Loading class sun/management/Util
Event: 1.049 Loading class sun/management/Util done
Event: 1.049 Loading class java/lang/management/ManagementPermission
Event: 1.049 Loading class java/lang/management/ManagementPermission done

Classes unloaded (0 events):
No events

Classes redefined (0 events):
No events

Internal exceptions (3 events):
Event: 0.283 Thread 0x000002919d38c180 Exception <a 'java/lang/NoSuchMethodError'{0x00000000ffde0de0}: 'int java.lang.invoke.DirectMethodHandle$Holder.invokeStaticInit(java.lang.Object, java.lang.Object)'> (0x00000000ffde0de0) 
thrown [s\src\hotspot\share\interpreter\linkResolver.cpp, line 759]
Event: 1.033 Thread 0x000002919d38c180 Exception <a 'java/lang/NoSuchMethodError'{0x00000000ffb890a0}: 'java.lang.Object java.lang.invoke.DirectMethodHandle$Holder.invokeStaticInit(java.lang.Object)'> (0x00000000ffb890a0) 
thrown [s\src\hotspot\share\interpreter\linkResolver.cpp, line 759]
Event: 1.046 Thread 0x000002919d38c180 Exception <a 'java/lang/NoSuchMethodError'{0x00000000ffba40f0}: 'int java.lang.invoke.DirectMethodHandle$Holder.invokeSpecial(java.lang.Object, java.lang.Object, java.lang.Object)'> (0x00000000ffba40f0) 
thrown [s\src\hotspot\share\interpreter\linkResolver.cpp, line 759]

VM Operations (8 events):
Event: 0.186 Executing VM operation: HandshakeAllThreads
Event: 0.186 Executing VM operation: HandshakeAllThreads done
Event: 0.469 Executing VM operation: G1CollectForAllocation
Event: 0.473 Executing VM operation: G1CollectForAllocation done
Event: 0.888 Executing VM operation: G1CollectForAllocation
Event: 0.896 Executing VM operation: G1CollectForAllocation done
Event: 1.060 Executing VM operation: HandshakeAllThreads
Event: 1.060 Executing VM operation: HandshakeAllThreads done

Memory protections (0 events):
No events

Nmethod flushes (0 events):
No events

Events (13 events):
Event: 0.071 Thread 0x000002919d38c180 Thread added: 0x000002919d38c180
Event: 0.080 Thread 0x000002919d38c180 Thread added: 0x000002919f628120
Event: 0.080 Thread 0x000002919d38c180 Thread added: 0x000002919f629a50
Event: 0.107 Thread 0x000002919d38c180 Thread added: 0x000002919f63eac0
Event: 0.108 Thread 0x000002919d38c180 Thread added: 0x000002919f6405a0
Event: 0.108 Thread 0x000002919d38c180 Thread added: 0x000002919f644630
Event: 0.108 Thread 0x000002919d38c180 Thread added: 0x000002919f6476b0
Event: 0.109 Thread 0x000002919d38c180 Thread added: 0x00000291b8736310
Event: 0.109 Thread 0x000002919d38c180 Thread added: 0x00000291b8757030
Event: 0.110 Thread 0x000002919d38c180 Thread added: 0x00000291b875dd60
Event: 0.170 Thread 0x000002919d38c180 Thread added: 0x00000291b888c3e0
Event: 0.175 Thread 0x000002919d38c180 Thread added: 0x00000291b8889650
Event: 0.468 Thread 0x00000291b8757030 Thread added: 0x00000291b8a22560


Dynamic libraries:
0x00007ff6f7740000 - 0x00007ff6f774e000 	C:\Program Files\Microsoft\jdk-17.0.13.11-hotspot\bin\java.exe
0x00007ff8cad30000 - 0x00007ff8caf28000 	C:\WINDOWS\SYSTEM32\ntdll.dll
0x00007ff8c9a70000 - 0x00007ff8c9b32000 	C:\WINDOWS\System32\KERNEL32.DLL
0x00007ff8c84f0000 - 0x00007ff8c87ee000 	C:\WINDOWS\System32\KERNELBASE.dll
0x00007ff8c87f0000 - 0x00007ff8c88f0000 	C:\WINDOWS\System32\ucrtbase.dll
0x00007ff8aa420000 - 0x00007ff8aa43d000 	C:\Program Files\Microsoft\jdk-17.0.13.11-hotspot\bin\VCRUNTIME140.dll
0x00007ff8a9590000 - 0x00007ff8a95a7000 	C:\Program Files\Microsoft\jdk-17.0.13.11-hotspot\bin\jli.dll
0x00007ff8c9c80000 - 0x00007ff8c9e1d000 	C:\WINDOWS\System32\USER32.dll
0x00007ff8c8c90000 - 0x00007ff8c8cb2000 	C:\WINDOWS\System32\win32u.dll
0x00007ff8c8e90000 - 0x00007ff8c8ebb000 	C:\WINDOWS\System32\GDI32.dll
0x00007ff8afbc0000 - 0x00007ff8afe5a000 	C:\WINDOWS\WinSxS\amd64_microsoft.windows.common-controls_6595b64144ccf1df_6.0.19041.4355_none_60b8b9eb71f62e16\COMCTL32.dll
0x00007ff8c8af0000 - 0x00007ff8c8c07000 	C:\WINDOWS\System32\gdi32full.dll
0x00007ff8c9ec0000 - 0x00007ff8c9f5e000 	C:\WINDOWS\System32\msvcrt.dll
0x00007ff8c8a50000 - 0x00007ff8c8aed000 	C:\WINDOWS\System32\msvcp_win.dll
0x00007ff8c9680000 - 0x00007ff8c96af000 	C:\WINDOWS\System32\IMM32.DLL
0x00007ff8c4f60000 - 0x00007ff8c4f6c000 	C:\Program Files\Microsoft\jdk-17.0.13.11-hotspot\bin\vcruntime140_1.dll
0x00007ff88fad0000 - 0x00007ff88fb5d000 	C:\Program Files\Microsoft\jdk-17.0.13.11-hotspot\bin\msvcp140.dll
0x00007ff87f210000 - 0x00007ff87fe81000 	C:\Program Files\Microsoft\jdk-17.0.13.11-hotspot\bin\server\jvm.dll
0x00007ff8c95c0000 - 0x00007ff8c9671000 	C:\WINDOWS\System32\ADVAPI32.dll
0x00007ff8c9e20000 - 0x00007ff8c9ebf000 	C:\WINDOWS\System32\sechost.dll
0x00007ff8c9b50000 - 0x00007ff8c9c73000 	C:\WINDOWS\System32\RPCRT4.dll
0x00007ff8c8c10000 - 0x00007ff8c8c37000 	C:\WINDOWS\System32\bcrypt.dll
0x00007ff8ca450000 - 0x00007ff8ca4bb000 	C:\WINDOWS\System32\WS2_32.dll
0x00007ff8c7be0000 - 0x00007ff8c7c2b000 	C:\WINDOWS\SYSTEM32\POWRPROF.dll
0x00007ff8b3810000 - 0x00007ff8b3837000 	C:\WINDOWS\SYSTEM32\WINMM.dll
0x00007ff8c6af0000 - 0x00007ff8c6afa000 	C:\WINDOWS\SYSTEM32\VERSION.dll
0x00007ff8c7bc0000 - 0x00007ff8c7bd2000 	C:\WINDOWS\SYSTEM32\UMPDC.dll
0x00007ff8c6c40000 - 0x00007ff8c6c52000 	C:\WINDOWS\SYSTEM32\kernel.appcore.dll
0x00007ff8bd090000 - 0x00007ff8bd09a000 	C:\Program Files\Microsoft\jdk-17.0.13.11-hotspot\bin\jimage.dll
0x00007ff8c2de0000 - 0x00007ff8c2fc4000 	C:\WINDOWS\SYSTEM32\DBGHELP.DLL
0x00007ff8c2d20000 - 0x00007ff8c2d54000 	C:\WINDOWS\SYSTEM32\dbgcore.DLL
0x00007ff8c8cc0000 - 0x00007ff8c8d42000 	C:\WINDOWS\System32\bcryptPrimitives.dll
0x00007ff89bd70000 - 0x00007ff89bd95000 	C:\Program Files\Microsoft\jdk-17.0.13.11-hotspot\bin\java.dll
0x00007ff88de80000 - 0x00007ff88df57000 	C:\Program Files\Microsoft\jdk-17.0.13.11-hotspot\bin\jsvml.dll
0x00007ff8ca4c0000 - 0x00007ff8cac2d000 	C:\WINDOWS\System32\SHELL32.dll
0x00007ff8c6290000 - 0x00007ff8c6a34000 	C:\WINDOWS\SYSTEM32\windows.storage.dll
0x00007ff8c96b0000 - 0x00007ff8c9a03000 	C:\WINDOWS\System32\combase.dll
0x00007ff8c7e00000 - 0x00007ff8c7e2e000 	C:\WINDOWS\SYSTEM32\Wldp.dll
0x00007ff8c8ff0000 - 0x00007ff8c90bd000 	C:\WINDOWS\System32\OLEAUT32.dll
0x00007ff8c8de0000 - 0x00007ff8c8e8d000 	C:\WINDOWS\System32\SHCORE.dll
0x00007ff8cac30000 - 0x00007ff8cac85000 	C:\WINDOWS\System32\shlwapi.dll
0x00007ff8c8300000 - 0x00007ff8c8324000 	C:\WINDOWS\SYSTEM32\profapi.dll
0x00007ff8a8ee0000 - 0x00007ff8a8efa000 	C:\Program Files\Microsoft\jdk-17.0.13.11-hotspot\bin\net.dll
0x00007ff8c4960000 - 0x00007ff8c4a6d000 	C:\WINDOWS\SYSTEM32\WINHTTP.dll
0x00007ff8c7af0000 - 0x00007ff8c7b5a000 	C:\WINDOWS\system32\mswsock.dll
0x00007ff8a7920000 - 0x00007ff8a7936000 	C:\Program Files\Microsoft\jdk-17.0.13.11-hotspot\bin\nio.dll
0x00007ff8a71f0000 - 0x00007ff8a7208000 	C:\Program Files\Microsoft\jdk-17.0.13.11-hotspot\bin\zip.dll
0x00007ff8c03e0000 - 0x00007ff8c03f0000 	C:\Program Files\Microsoft\jdk-17.0.13.11-hotspot\bin\verify.dll
0x00007ff8b1c40000 - 0x00007ff8b1c4a000 	C:\Program Files\Microsoft\jdk-17.0.13.11-hotspot\bin\management.dll
0x00007ff8b1260000 - 0x00007ff8b126b000 	C:\Program Files\Microsoft\jdk-17.0.13.11-hotspot\bin\management_ext.dll
0x00007ff8c9b40000 - 0x00007ff8c9b48000 	C:\WINDOWS\System32\PSAPI.DLL

dbghelp: loaded successfully - version: 4.0.5 - missing functions: none
symbol engine: initialized successfully - sym options: 0x614 - pdb path: .;C:\Program Files\Microsoft\jdk-17.0.13.11-hotspot\bin;C:\WINDOWS\SYSTEM32;C:\WINDOWS\WinSxS\amd64_microsoft.windows.common-controls_6595b64144ccf1df_6.0.19041.4355_none_60b8b9eb71f62e16;C:\Program Files\Microsoft\jdk-17.0.13.11-hotspot\bin\server

VM Arguments:
jvm_args: -Xmx64m -Xms64m -Dorg.gradle.appname=gradlew 
java_command: org.gradle.wrapper.GradleWrapperMain app:installDebug -PreactNativeDevServerPort=8081
java_class_path (initial): D:\React Native\MyProject\android\\gradle\wrapper\gradle-wrapper.jar
Launcher Type: SUN_STANDARD

[Global flags]
     intx CICompilerCount                          = 3                                         {product} {ergonomic}
     uint ConcGCThreads                            = 1                                         {product} {ergonomic}
     uint G1ConcRefinementThreads                  = 4                                         {product} {ergonomic}
   size_t G1HeapRegionSize                         = 1048576                                   {product} {ergonomic}
    uintx GCDrainStackTargetSize                   = 64                                        {product} {ergonomic}
   size_t InitialHeapSize                          = 67108864                                  {product} {command line}
   size_t MarkStackSize                            = 4194304                                   {product} {ergonomic}
   size_t MaxHeapSize                              = 67108864                                  {product} {command line}
   size_t MaxNewSize                               = 39845888                                  {product} {ergonomic}
   size_t MinHeapDeltaBytes                        = 1048576                                   {product} {ergonomic}
   size_t MinHeapSize                              = 67108864                                  {product} {command line}
    uintx NonNMethodCodeHeapSize                   = 5832780                                {pd product} {ergonomic}
    uintx NonProfiledCodeHeapSize                  = 122912730                              {pd product} {ergonomic}
    uintx ProfiledCodeHeapSize                     = 122912730                              {pd product} {ergonomic}
    uintx ReservedCodeCacheSize                    = 251658240                              {pd product} {ergonomic}
     bool SegmentedCodeCache                       = true                                      {product} {ergonomic}
   size_t SoftMaxHeapSize                          = 67108864                               {manageable} {ergonomic}
     bool UseCompressedClassPointers               = true                           {product lp64_product} {ergonomic}
     bool UseCompressedOops                        = true                           {product lp64_product} {ergonomic}
     bool UseG1GC                                  = true                                      {product} {ergonomic}
     bool UseLargePagesIndividualAllocation        = false                                  {pd product} {ergonomic}

Logging:
Log output configuration:
 #0: stdout all=warning uptime,level,tags
 #1: stderr all=off uptime,level,tags

Environment Variables:
JAVA_HOME=C:\Program Files\Microsoft\jdk-17.0.13.11-hotspot\
CLASSPATH=D:\React Native\MyProject\android\\gradle\wrapper\gradle-wrapper.jar
PATH=D:\React Native\MyProject\node_modules\.bin;D:\React Native\MyProject\node_modules\.bin;D:\React Native\node_modules\.bin;D:\node_modules\.bin;C:\Users\aliah\AppData\Roaming\npm\node_modules\npm\node_modules\@npmcli\run-script\lib\node-gyp-bin;D:\React Native\MyProject\node_modules\.bin;D:\React Native\node_modules\.bin;D:\node_modules\.bin;C:\Users\aliah\AppData\Roaming\npm\node_modules\npm\node_modules\@npmcli\run-script\lib\node-gyp-bin;C:\Program Files\Microsoft\jdk-17.0.13.11-hotspot\bin;C:\WINDOWS\system32;C:\WINDOWS;C:\WINDOWS\System32\Wbem;C:\WINDOWS\System32\WindowsPowerShell\v1.0\;C:\WINDOWS\System32\OpenSSH\;C:\Program Files\nodejs\;C:\Program Files\Git\cmd;C:\Users\aliah\AppData\Local\Android\Sdk\emulator;C:\Users\aliah\AppData\Local\Android\Sdk;C:\Users\aliah\AppData\Local\Android\Sdk\platform-tools;C:\ProgramData\chocolatey\bin;D:\React Native\MyProject\android\gradle-8.11.1\bin;C:\Users\aliah\AppData\Local\Microsoft\WindowsApps;C:\Users\aliah\AppData\Local\Programs\Microsoft VS Code\bin;C:\Users\aliah\AppData\Roaming\npm;C:\Program Files\Microsoft\jdk-17.0.13.11-hotspot\bin;D:\React Native\MyProject\android\gradle-8.11.1\bin;
USERNAME=aliah
OS=Windows_NT
PROCESSOR_IDENTIFIER=Intel64 Family 6 Model 142 Stepping 9, GenuineIntel
TMP=C:\Users\aliah\AppData\Local\Temp
TEMP=C:\Users\aliah\AppData\Local\Temp



Periodic native trim disabled


---------------  S Y S T E M  ---------------

OS:
 Windows 10 , 64 bit Build 19041 (10.0.19041.5198)
OS uptime: 7 days 22:26 hours

CPU: total 4 (initial active 4) (2 cores per cpu, 2 threads per core) family 6 model 142 stepping 9 microcode 0xf0, cx8, cmov, fxsr, ht, mmx, 3dnowpref, sse, sse2, sse3, ssse3, sse4.1, sse4.2, popcnt, lzcnt, tsc, tscinvbit, avx, avx2, aes, erms, clmul, bmi1, bmi2, adx, fma, vzeroupper, clflush, clflushopt
Processor Information for the first 4 processors :
  Max Mhz: 2904, Current Mhz: 2703, Mhz Limit: 2700

Memory: 4k page, system-wide physical 8042M (441M free)
TotalPageFile size 12138M (AvailPageFile size 12M)
current process WorkingSet (physical memory assigned to process): 85M, peak: 85M
current process commit charge ("private bytes"): 155M, peak: 155M

vm_info: OpenJDK 64-Bit Server VM (17.0.13+11-LTS) for windows-amd64 JRE (17.0.13+11-LTS), built on Oct 11 2024 23:25:05 by "MicrosoftCorporation" with unknown MS VC++:1939

END.
